
> doctor-appointment-saas@0.1.0 test:run
> vitest run


[1m[7m[36m RUN [39m[27m[22m [36mv2.1.9 [39m[90mC:/Users/DELL/Desktop/a2a-dr.-gemini-intake-agent[39m

 [32mΓ£ô[39m __tests__/properties/appointment-slot-availability.property.test.ts [2m([22m[2m9 tests[22m[2m)[22m[33m 767[2mms[22m[39m
 [32mΓ£ô[39m __tests__/properties/message-access-control.property.test.ts [2m([22m[2m12 tests[22m[2m)[22m[33m 1332[2mms[22m[39m
   [33m[2mΓ£ô[22m[39m Property 7: Message Access Control[2m > [22mPatient Access[2m > [22mfor any connection, the patient SHALL be able to send messages [33m312[2mms[22m[39m
 [32mΓ£ô[39m __tests__/properties/data-preservation.property.test.ts [2m([22m[2m5 tests[22m[2m)[22m[33m 2835[2mms[22m[39m
   [33m[2mΓ£ô[22m[39m Property 14: Data Preservation[2m > [22mpreserves all existing appointment fields when adding Stream columns [33m802[2mms[22m[39m
   [33m[2mΓ£ô[22m[39m Property 14: Data Preservation[2m > [22mmaintains database relationships after Stream migration [33m785[2mms[22m[39m
   [33m[2mΓ£ô[22m[39m Property 14: Data Preservation[2m > [22mpreserves appointment metadata during Stream field addition [33m522[2mms[22m[39m
   [33m[2mΓ£ô[22m[39m Property 14: Data Preservation[2m > [22mmaintains data integrity across multiple appointment updates [33m469[2mms[22m[39m
 [32mΓ£ô[39m __tests__/properties/status-change-side-effects.property.test.ts [2m([22m[2m13 tests[22m[2m)[22m[33m 1614[2mms[22m[39m
node.exe : [90mstderr[2m | 
__tests__/properties/stream-error-handling.property.test.ts[2m > 
[22m[2mProperty 15: Error Handling[2m > [22m[2mRequirement 7.2: 
Retry mechanisms with exponential backoff[2m > [22m[2mretryWithBackoff 
retries the correct number of times on failure
At line:1 char:1
+ & "C:\Program Files\nodejs/node.exe" "C:\Program Files\nodejs/node_mo 
...
+ ~~~~~~~~~~~~~~~~~~~~~~~~~~~~~~~~~~~~~~~~~~~~~~~~~~~~~~~~~~~~~~~~~~~~~
    + CategoryInfo          : NotSpecified: ([90mstderr[2m...imes on fa 
   ilure:String) [], RemoteException
    + FullyQualifiedErrorId : NativeCommandError
 
[22m[39mUnhandled error: StreamError: Unable to connect to the video 
service. Please check your internet connection and try again.
    at toStreamError [90m(C:\Users\DELL\Desktop\a2a-dr.-gemini-intake-age
nt\[39msrc\server\services\stream-error-handler.ts:337:10[90m)[39m
    at logStreamError [90m(C:\Users\DELL\Desktop\a2a-dr.-gemini-intake-ag
ent\[39msrc\server\services\stream-error-handler.ts:352:23[90m)[39m
    at Module.retryWithBackoff [90m(C:\Users\DELL\Desktop\a2a-dr.-gemini-
intake-agent\[39msrc\server\services\stream-error-handler.ts:236:7[90m)
[39m
[90m    at processTicksAndRejections 
(node:internal/process/task_queues:103:5)[39m {
  code: [32m'STREAM_CONNECTION_FAILED'[39m,
  originalError: Error: Always fails
      at [90mC:\Users\DELL\Desktop\a2a-dr.-gemini-intake-agent\[39m__tes
ts__\properties\stream-error-handling.property.test.ts:212:21
      at mockCall [90m(file:///C:/Users/DELL/Desktop/a2a-dr.-gemini-intak
e-agent/[39mnode_modules/[4m@vitest/spy[24m/dist/index.js:61:17[90m)[
39m
      at spy [90m(file:///C:/Users/DELL/Desktop/a2a-dr.-gemini-intake-age
nt/[39mnode_modules/[4mtinyspy[24m/dist/index.js:45:80[90m)[39m
      at Module.retryWithBackoff [90m(C:\Users\DELL\Desktop\a2a-dr.-gemin
i-intake-agent\[39msrc\server\services\stream-error-handler.ts:219:20[90
m)[39m
      at [90mC:\Users\DELL\Desktop\a2a-dr.-gemini-intake-agent\[39m__tes
ts__\properties\stream-error-handling.property.test.ts:221:26
      at AsyncProperty.predicate [90m(file:///C:/Users/DELL/Desktop/a2a-d
r.-gemini-intake-agent/[39mnode_modules/[4mfast-check[24m/lib/esm/check
/property/AsyncProperty.js:14:59[90m)[39m
      at AsyncProperty.run [90m(file:///C:/Users/DELL/Desktop/a2a-dr.-gem
ini-intake-agent/[39mnode_modules/[4mfast-check[24m/lib/esm/check/prope
rty/AsyncProperty.generic.js:46:39[90m)[39m
      at asyncRunIt [90m(file:///C:/Users/DELL/Desktop/a2a-dr.-gemini-int
ake-agent/[39mnode_modules/[4mfast-check[24m/lib/esm/check/runner/Runne
r.js:33:36[90m)[39m
  [90m    at processTicksAndRejections 
(node:internal/process/task_queues:103:5)[39m
      at [90mC:\Users\DELL\Desktop\a2a-dr.-gemini-intake-agent\[39m__tes
ts__\properties\stream-error-handling.property.test.ts:205:7,
  retryable: [33mtrue[39m,
  fallbackOptions: [
    {
      id: [32m'retry'[39m,
      label: [32m'Try Again'[39m,
      description: [32m'Attempt to reconnect to the video service'[39m,
      action: [32m'retry'[39m
    },
    {
      id: [32m'refresh'[39m,
      label: [32m'Refresh Page'[39m,
      description: [32m'Reload the page to reset the connection'[39m,
      action: [32m'refresh'[39m
    }
  ]
}
Unexpected error: {
  code: [32m'INTERNAL_ERROR'[39m,
  message: [32m'Something went wrong. Please try again later.'[39m,
  context: {
    streamErrorCode: [32m'STREAM_CONNECTION_FAILED'[39m,
    retryable: [33mtrue[39m,
    originalMessage: [32m'Always fails'[39m,
    context: [32m'retry'[39m,
    attempt: [33m1[39m,
    maxRetries: [33m1[39m,
    delayMs: [33m10.947267293335427[39m
  },
  stack: [32m'Error: Unable to connect to the video service. Please 
check your internet connection and try again.\n'[39m +
    [32m'    at toStreamError (C:\\Users\\DELL\\Desktop\\a2a-dr.-gemini-i
ntake-agent\\src\\server\\services\\stream-error-handler.ts:337:10)\n'[39
m +
    [32m'    at logStreamError (C:\\Users\\DELL\\Desktop\\a2a-dr.-gemini-
intake-agent\\src\\server\\services\\stream-error-handler.ts:352:23)\n'[3
9m +
    [32m'    at Module.retryWithBackoff (C:\\Users\\DELL\\Desktop\\a2a-dr
.-gemini-intake-agent\\src\\server\\services\\stream-error-handler.ts:236:
7)\n'[39m +
    [32m'    at processTicksAndRejections 
(node:internal/process/task_queues:103:5)'[39m
}

[90mstderr[2m | 
__tests__/properties/stream-error-handling.property.test.ts[2m > 
[22m[2mProperty 15: Error Handling[2m > [22m[2mRequirement 7.2: 
Retry mechanisms with exponential backoff[2m > [22m[2mretryWithBackoff 
retries the correct number of times on failure
[22m[39mUnhandled error: StreamError: Unable to connect to the video 
service. Please check your internet connection and try again.
    at toStreamError [90m(C:\Users\DELL\Desktop\a2a-dr.-gemini-intake-age
nt\[39msrc\server\services\stream-error-handler.ts:337:10[90m)[39m
    at logStreamError [90m(C:\Users\DELL\Desktop\a2a-dr.-gemini-intake-ag
ent\[39msrc\server\services\stream-error-handler.ts:352:23[90m)[39m
    at Module.retryWithBackoff [90m(C:\Users\DELL\Desktop\a2a-dr.-gemini-
intake-agent\[39msrc\server\services\stream-error-handler.ts:236:7[90m)
[39m {
  code: [32m'STREAM_CONNECTION_FAILED'[39m,
  originalError: Error: Always fails
      at [90mC:\Users\DELL\Desktop\a2a-dr.-gemini-intake-agent\[39m__tes
ts__\properties\stream-error-handling.property.test.ts:212:21
      at mockCall [90m(file:///C:/Users/DELL/Desktop/a2a-dr.-gemini-intak
e-agent/[39mnode_modules/[4m@vitest/spy[24m/dist/index.js:61:17[90m)[
39m
      at spy [90m(file:///C:/Users/DELL/Desktop/a2a-dr.-gemini-intake-age
nt/[39mnode_modules/[4mtinyspy[24m/dist/index.js:45:80[90m)[39m
      at Module.retryWithBackoff [90m(C:\Users\DELL\Desktop\a2a-dr.-gemin
i-intake-agent\[39msrc\server\services\stream-error-handler.ts:219:20[90
m)[39m
      at [90mC:\Users\DELL\Desktop\a2a-dr.-gemini-intake-agent\[39m__tes
ts__\properties\stream-error-handling.property.test.ts:221:26
      at AsyncProperty.predicate [90m(file:///C:/Users/DELL/Desktop/a2a-d
r.-gemini-intake-agent/[39mnode_modules/[4mfast-check[24m/lib/esm/check
/property/AsyncProperty.js:14:59[90m)[39m
      at AsyncProperty.run [90m(file:///C:/Users/DELL/Desktop/a2a-dr.-gem
ini-intake-agent/[39mnode_modules/[4mfast-check[24m/lib/esm/check/prope
rty/AsyncProperty.generic.js:46:39[90m)[39m
      at asyncRunIt [90m(file:///C:/Users/DELL/Desktop/a2a-dr.-gemini-int
ake-agent/[39mnode_modules/[4mfast-check[24m/lib/esm/check/runner/Runne
r.js:33:36[90m)[39m
      at [90mC:\Users\DELL\Desktop\a2a-dr.-gemini-intake-agent\[39m__tes
ts__\properties\stream-error-handling.property.test.ts:205:7
      at [90mfile:///C:/Users/DELL/Desktop/a2a-dr.-gemini-intake-agent/[
39mnode_modules/[4m@vitest/runner[24m/dist/index.js:533:5,
  retryable: [33mtrue[39m,
  fallbackOptions: [
    {
      id: [32m'retry'[39m,
      label: [32m'Try Again'[39m,
      description: [32m'Attempt to reconnect to the video service'[39m,
      action: [32m'retry'[39m
    },
    {
      id: [32m'refresh'[39m,
      label: [32m'Refresh Page'[39m,
      description: [32m'Reload the page to reset the connection'[39m,
      action: [32m'refresh'[39m
    }
  ]
}
Unexpected error: {
  code: [32m'INTERNAL_ERROR'[39m,
  message: [32m'Something went wrong. Please try again later.'[39m,
  context: {
    streamErrorCode: [32m'STREAM_CONNECTION_FAILED'[39m,
    retryable: [33mtrue[39m,
    originalMessage: [32m'Always fails'[39m,
    context: [32m'retry'[39m,
    attempt: [33m1[39m,
    maxRetries: [33m1[39m,
    delayMs: [33m9.330327883449826[39m
  },
  stack: [32m'Error: Unable to connect to the video service. Please 
check your internet connection and try again.\n'[39m +
    [32m'    at toStreamError (C:\\Users\\DELL\\Desktop\\a2a-dr.-gemini-i
ntake-agent\\src\\server\\services\\stream-error-handler.ts:337:10)\n'[39
m +
    [32m'    at logStreamError (C:\\Users\\DELL\\Desktop\\a2a-dr.-gemini-
intake-agent\\src\\server\\services\\stream-error-handler.ts:352:23)\n'[3
9m +
    [32m'    at Module.retryWithBackoff (C:\\Users\\DELL\\Desktop\\a2a-dr
.-gemini-intake-agent\\src\\server\\services\\stream-error-handler.ts:236:
7)'[39m
}

[90mstderr[2m | 
__tests__/properties/stream-error-handling.property.test.ts[2m > 
[22m[2mProperty 15: Error Handling[2m > [22m[2mRequirement 7.2: 
Retry mechanisms with exponential backoff[2m > [22m[2mretryWithBackoff 
retries the correct number of times on failure
[22m[39mUnhandled error: StreamError: Unable to connect to the video 
service. Please check your internet connection and try again.
    at toStreamError [90m(C:\Users\DELL\Desktop\a2a-dr.-gemini-intake-age
nt\[39msrc\server\services\stream-error-handler.ts:337:10[90m)[39m
    at logStreamError [90m(C:\Users\DELL\Desktop\a2a-dr.-gemini-intake-ag
ent\[39msrc\server\services\stream-error-handler.ts:352:23[90m)[39m
    at Module.retryWithBackoff [90m(C:\Users\DELL\Desktop\a2a-dr.-gemini-
intake-agent\[39msrc\server\services\stream-error-handler.ts:236:7[90m)
[39m {
  code: [32m'STREAM_CONNECTION_FAILED'[39m,
  originalError: Error: Always fails
      at [90mC:\Users\DELL\Desktop\a2a-dr.-gemini-intake-agent\[39m__tes
ts__\properties\stream-error-handling.property.test.ts:212:21
      at mockCall [90m(file:///C:/Users/DELL/Desktop/a2a-dr.-gemini-intak
e-agent/[39mnode_modules/[4m@vitest/spy[24m/dist/index.js:61:17[90m)[
39m
      at spy [90m(file:///C:/Users/DELL/Desktop/a2a-dr.-gemini-intake-age
nt/[39mnode_modules/[4mtinyspy[24m/dist/index.js:45:80[90m)[39m
      at Module.retryWithBackoff [90m(C:\Users\DELL\Desktop\a2a-dr.-gemin
i-intake-agent\[39msrc\server\services\stream-error-handler.ts:219:20[90
m)[39m
      at [90mC:\Users\DELL\Desktop\a2a-dr.-gemini-intake-agent\[39m__tes
ts__\properties\stream-error-handling.property.test.ts:221:26
      at AsyncProperty.predicate [90m(file:///C:/Users/DELL/Desktop/a2a-d
r.-gemini-intake-agent/[39mnode_modules/[4mfast-check[24m/lib/esm/check
/property/AsyncProperty.js:14:59[90m)[39m
      at AsyncProperty.run [90m(file:///C:/Users/DELL/Desktop/a2a-dr.-gem
ini-intake-agent/[39mnode_modules/[4mfast-check[24m/lib/esm/check/prope
rty/AsyncProperty.generic.js:46:39[90m)[39m
      at asyncRunIt [90m(file:///C:/Users/DELL/Desktop/a2a-dr.-gemini-int
ake-agent/[39mnode_modules/[4mfast-check[24m/lib/esm/check/runner/Runne
r.js:33:36[90m)[39m
      at [90mC:\Users\DELL\Desktop\a2a-dr.-gemini-intake-agent\[39m__tes
ts__\properties\stream-error-handling.property.test.ts:205:7
      at [90mfile:///C:/Users/DELL/Desktop/a2a-dr.-gemini-intake-agent/[
39mnode_modules/[4m@vitest/runner[24m/dist/index.js:533:5,
  retryable: [33mtrue[39m,
  fallbackOptions: [
    {
      id: [32m'retry'[39m,
      label: [32m'Try Again'[39m,
      description: [32m'Attempt to reconnect to the video service'[39m,
      action: [32m'retry'[39m
    },
    {
      id: [32m'refresh'[39m,
      label: [32m'Refresh Page'[39m,
      description: [32m'Reload the page to reset the connection'[39m,
      action: [32m'refresh'[39m
    }
  ]
}
Unexpected error: {
  code: [32m'INTERNAL_ERROR'[39m,
  message: [32m'Something went wrong. Please try again later.'[39m,
  context: {
    streamErrorCode: [32m'STREAM_CONNECTION_FAILED'[39m,
    retryable: [33mtrue[39m,
    originalMessage: [32m'Always fails'[39m,
    context: [32m'retry'[39m,
    attempt: [33m1[39m,
    maxRetries: [33m1[39m,
    delayMs: [33m10.263154418973386[39m
  },
  stack: [32m'Error: Unable to connect to the video service. Please 
check your internet connection and try again.\n'[39m +
    [32m'    at toStreamError (C:\\Users\\DELL\\Desktop\\a2a-dr.-gemini-i
ntake-agent\\src\\server\\services\\stream-error-handler.ts:337:10)\n'[39
m +
    [32m'    at logStreamError (C:\\Users\\DELL\\Desktop\\a2a-dr.-gemini-
intake-agent\\src\\server\\services\\stream-error-handler.ts:352:23)\n'[3
9m +
    [32m'    at Module.retryWithBackoff (C:\\Users\\DELL\\Desktop\\a2a-dr
.-gemini-intake-agent\\src\\server\\services\\stream-error-handler.ts:236:
7)'[39m
}

[90mstderr[2m | 
__tests__/properties/stream-error-handling.property.test.ts[2m > 
[22m[2mProperty 15: Error Handling[2m > [22m[2mRequirement 7.2: 
Retry mechanisms with exponential backoff[2m > [22m[2mretryWithBackoff 
retries the correct number of times on failure
[22m[39mUnhandled error: StreamError: Unable to connect to the video 
service. Please check your internet connection and try again.
    at toStreamError [90m(C:\Users\DELL\Desktop\a2a-dr.-gemini-intake-age
nt\[39msrc\server\services\stream-error-handler.ts:337:10[90m)[39m
    at logStreamError [90m(C:\Users\DELL\Desktop\a2a-dr.-gemini-intake-ag
ent\[39msrc\server\services\stream-error-handler.ts:352:23[90m)[39m
    at Module.retryWithBackoff [90m(C:\Users\DELL\Desktop\a2a-dr.-gemini-
intake-agent\[39msrc\server\services\stream-error-handler.ts:236:7[90m)
[39m {
  code: [32m'STREAM_CONNECTION_FAILED'[39m,
  originalError: Error: Always fails
      at [90mC:\Users\DELL\Desktop\a2a-dr.-gemini-intake-agent\[39m__tes
ts__\properties\stream-error-handling.property.test.ts:212:21
      at mockCall [90m(file:///C:/Users/DELL/Desktop/a2a-dr.-gemini-intak
e-agent/[39mnode_modules/[4m@vitest/spy[24m/dist/index.js:61:17[90m)[
39m
      at spy [90m(file:///C:/Users/DELL/Desktop/a2a-dr.-gemini-intake-age
nt/[39mnode_modules/[4mtinyspy[24m/dist/index.js:45:80[90m)[39m
      at Module.retryWithBackoff [90m(C:\Users\DELL\Desktop\a2a-dr.-gemin
i-intake-agent\[39msrc\server\services\stream-error-handler.ts:219:20[90
m)[39m
      at [90mC:\Users\DELL\Desktop\a2a-dr.-gemini-intake-agent\[39m__tes
ts__\properties\stream-error-handling.property.test.ts:221:26
      at AsyncProperty.predicate [90m(file:///C:/Users/DELL/Desktop/a2a-d
r.-gemini-intake-agent/[39mnode_modules/[4mfast-check[24m/lib/esm/check
/property/AsyncProperty.js:14:59[90m)[39m
      at AsyncProperty.run [90m(file:///C:/Users/DELL/Desktop/a2a-dr.-gem
ini-intake-agent/[39mnode_modules/[4mfast-check[24m/lib/esm/check/prope
rty/AsyncProperty.generic.js:46:39[90m)[39m
      at asyncRunIt [90m(file:///C:/Users/DELL/Desktop/a2a-dr.-gemini-int
ake-agent/[39mnode_modules/[4mfast-check[24m/lib/esm/check/runner/Runne
r.js:33:36[90m)[39m
      at [90mC:\Users\DELL\Desktop\a2a-dr.-gemini-intake-agent\[39m__tes
ts__\properties\stream-error-handling.property.test.ts:205:7
      at [90mfile:///C:/Users/DELL/Desktop/a2a-dr.-gemini-intake-agent/[
39mnode_modules/[4m@vitest/runner[24m/dist/index.js:533:5,
  retryable: [33mtrue[39m,
  fallbackOptions: [
    {
      id: [32m'retry'[39m,
      label: [32m'Try Again'[39m,
      description: [32m'Attempt to reconnect to the video service'[39m,
      action: [32m'retry'[39m
    },
    {
      id: [32m'refresh'[39m,
      label: [32m'Refresh Page'[39m,
      description: [32m'Reload the page to reset the connection'[39m,
      action: [32m'refresh'[39m
    }
  ]
}
Unexpected error: {
  code: [32m'INTERNAL_ERROR'[39m,
  message: [32m'Something went wrong. Please try again later.'[39m,
  context: {
    streamErrorCode: [32m'STREAM_CONNECTION_FAILED'[39m,
    retryable: [33mtrue[39m,
    originalMessage: [32m'Always fails'[39m,
    context: [32m'retry'[39m,
    attempt: [33m1[39m,
    maxRetries: [33m3[39m,
    delayMs: [33m10.782439335953674[39m
  },
  stack: [32m'Error: Unable to connect to the video service. Please 
check your internet connection and try again.\n'[39m +
    [32m'    at toStreamError (C:\\Users\\DELL\\Desktop\\a2a-dr.-gemini-i
ntake-agent\\src\\server\\services\\stream-error-handler.ts:337:10)\n'[39
m +
    [32m'    at logStreamError (C:\\Users\\DELL\\Desktop\\a2a-dr.-gemini-
intake-agent\\src\\server\\services\\stream-error-handler.ts:352:23)\n'[3
9m +
    [32m'    at Module.retryWithBackoff (C:\\Users\\DELL\\Desktop\\a2a-dr
.-gemini-intake-agent\\src\\server\\services\\stream-error-handler.ts:236:
7)'[39m
}

[90mstderr[2m | 
__tests__/properties/stream-error-handling.property.test.ts[2m > 
[22m[2mProperty 15: Error Handling[2m > [22m[2mRequirement 7.2: 
Retry mechanisms with exponential backoff[2m > [22m[2mretryWithBackoff 
retries the correct number of times on failure
[22m[39mUnhandled error: StreamError: Unable to connect to the video 
service. Please check your internet connection and try again.
    at toStreamError [90m(C:\Users\DELL\Desktop\a2a-dr.-gemini-intake-age
nt\[39msrc\server\services\stream-error-handler.ts:337:10[90m)[39m
    at logStreamError [90m(C:\Users\DELL\Desktop\a2a-dr.-gemini-intake-ag
ent\[39msrc\server\services\stream-error-handler.ts:352:23[90m)[39m
    at Module.retryWithBackoff [90m(C:\Users\DELL\Desktop\a2a-dr.-gemini-
intake-agent\[39msrc\server\services\stream-error-handler.ts:236:7[90m)
[39m
    at [90mC:\Users\DELL\Desktop\a2a-dr.-gemini-intake-agent\[39m__tests
__\properties\stream-error-handling.property.test.ts:221:13
    at AsyncProperty.run [90m(file:///C:/Users/DELL/Desktop/a2a-dr.-gemin
i-intake-agent/[39mnode_modules/[4mfast-check[24m/lib/esm/check/propert
y/AsyncProperty.generic.js:46:28[90m)[39m
    at asyncRunIt [90m(file:///C:/Users/DELL/Desktop/a2a-dr.-gemini-intak
e-agent/[39mnode_modules/[4mfast-check[24m/lib/esm/check/runner/Runner.
js:33:21[90m)[39m
    at [90mC:\Users\DELL\Desktop\a2a-dr.-gemini-intake-agent\[39m__tests
__\properties\stream-error-handling.property.test.ts:205:7
    at [90mfile:///C:/Users/DELL/Desktop/a2a-dr.-gemini-intake-agent/[39
mnode_modules/[4m@vitest/runner[24m/dist/index.js:533:5
    at runTest [90m(file:///C:/Users/DELL/Desktop/a2a-dr.-gemini-intake-a
gent/[39mnode_modules/[4m@vitest/runner[24m/dist/index.js:1056:11[90m)
[39m
    at runSuite [90m(file:///C:/Users/DELL/Desktop/a2a-dr.-gemini-intake-
agent/[39mnode_modules/[4m@vitest/runner[24m/dist/index.js:1205:15[90m
)[39m {
  code: [32m'STREAM_CONNECTION_FAILED'[39m,
  originalError: Error: Always fails
      at [90mC:\Users\DELL\Desktop\a2a-dr.-gemini-intake-agent\[39m__tes
ts__\properties\stream-error-handling.property.test.ts:212:21
      at mockCall [90m(file:///C:/Users/DELL/Desktop/a2a-dr.-gemini-intak
e-agent/[39mnode_modules/[4m@vitest/spy[24m/dist/index.js:61:17[90m)[
39m
      at spy [90m(file:///C:/Users/DELL/Desktop/a2a-dr.-gemini-intake-age
nt/[39mnode_modules/[4mtinyspy[24m/dist/index.js:45:80[90m)[39m
      at Module.retryWithBackoff [90m(C:\Users\DELL\Desktop\a2a-dr.-gemin
i-intake-agent\[39msrc\server\services\stream-error-handler.ts:219:20[90
m)[39m
      at [90mC:\Users\DELL\Desktop\a2a-dr.-gemini-intake-agent\[39m__tes
ts__\properties\stream-error-handling.property.test.ts:221:13
      at AsyncProperty.run [90m(file:///C:/Users/DELL/Desktop/a2a-dr.-gem
ini-intake-agent/[39mnode_modules/[4mfast-check[24m/lib/esm/check/prope
rty/AsyncProperty.generic.js:46:28[90m)[39m
      at asyncRunIt [90m(file:///C:/Users/DELL/Desktop/a2a-dr.-gemini-int
ake-agent/[39mnode_modules/[4mfast-check[24m/lib/esm/check/runner/Runne
r.js:33:21[90m)[39m
      at [90mC:\Users\DELL\Desktop\a2a-dr.-gemini-intake-agent\[39m__tes
ts__\properties\stream-error-handling.property.test.ts:205:7
      at [90mfile:///C:/Users/DELL/Desktop/a2a-dr.-gemini-intake-agent/[
39mnode_modules/[4m@vitest/runner[24m/dist/index.js:533:5
      at runTest [90m(file:///C:/Users/DELL/Desktop/a2a-dr.-gemini-intake
-agent/[39mnode_modules/[4m@vitest/runner[24m/dist/index.js:1056:11[90
m)[39m,
  retryable: [33mtrue[39m,
  fallbackOptions: [
    {
      id: [32m'retry'[39m,
      label: [32m'Try Again'[39m,
      description: [32m'Attempt to reconnect to the video service'[39m,
      action: [32m'retry'[39m
    },
    {
      id: [32m'refresh'[39m,
      label: [32m'Refresh Page'[39m,
      description: [32m'Reload the page to reset the connection'[39m,
      action: [32m'refresh'[39m
    }
  ]
}
Unexpected error: {
  code: [32m'INTERNAL_ERROR'[39m,
  message: [32m'Something went wrong. Please try again later.'[39m,
  context: {
    streamErrorCode: [32m'STREAM_CONNECTION_FAILED'[39m,
    retryable: [33mtrue[39m,
    originalMessage: [32m'Always fails'[39m,
    context: [32m'retry'[39m,
    attempt: [33m2[39m,
    maxRetries: [33m3[39m,
    delayMs: [33m21.913541674604122[39m
  },
  stack: [32m'Error: Unable to connect to the video service. Please 
check your internet connection and try again.\n'[39m +
    [32m'    at toStreamError (C:\\Users\\DELL\\Desktop\\a2a-dr.-gemini-i
ntake-agent\\src\\server\\services\\stream-error-handler.ts:337:10)\n'[39
m +
    [32m'    at logStreamError (C:\\Users\\DELL\\Desktop\\a2a-dr.-gemini-
intake-agent\\src\\server\\services\\stream-error-handler.ts:352:23)\n'[3
9m +
    [32m'    at Module.retryWithBackoff (C:\\Users\\DELL\\Desktop\\a2a-dr
.-gemini-intake-agent\\src\\server\\services\\stream-error-handler.ts:236:
7)\n'[39m +
    [32m'    at C:\\Users\\DELL\\Desktop\\a2a-dr.-gemini-intake-agent\\__
tests__\\properties\\stream-error-handling.property.test.ts:221:13\n'[39m
 +
    [32m'    at AsyncProperty.run (file:///C:/Users/DELL/Desktop/a2a-dr.-
gemini-intake-agent/node_modules/fast-check/lib/esm/check/property/AsyncPr
operty.generic.js:46:28)\n'[39m +
    [32m'    at asyncRunIt (file:///C:/Users/DELL/Desktop/a2a-dr.-gemini-
intake-agent/node_modules/fast-check/lib/esm/check/runner/Runner.js:33:21)
\n'[39m +
    [32m'    at C:\\Users\\DELL\\Desktop\\a2a-dr.-gemini-intake-agent\\__
tests__\\properties\\stream-error-handling.property.test.ts:205:7\n'[39m 
+
    [32m'    at file:///C:/Users/DELL/Desktop/a2a-dr.-gemini-intake-agent
/node_modules/@vitest/runner/dist/index.js:533:5\n'[39m +
    [32m'    at runTest (file:///C:/Users/DELL/Desktop/a2a-dr.-gemini-int
ake-agent/node_modules/@vitest/runner/dist/index.js:1056:11)\n'[39m +
    [32m'    at runSuite (file:///C:/Users/DELL/Desktop/a2a-dr.-gemini-in
take-agent/node_modules/@vitest/runner/dist/index.js:1205:15)'[39m
}

[90mstderr[2m | 
__tests__/properties/stream-error-handling.property.test.ts[2m > 
[22m[2mProperty 15: Error Handling[2m > [22m[2mRequirement 7.2: 
Retry mechanisms with exponential backoff[2m > [22m[2mretryWithBackoff 
retries the correct number of times on failure
[22m[39mUnhandled error: StreamError: Unable to connect to the video 
service. Please check your internet connection and try again.
    at toStreamError [90m(C:\Users\DELL\Desktop\a2a-dr.-gemini-intake-age
nt\[39msrc\server\services\stream-error-handler.ts:337:10[90m)[39m
    at logStreamError [90m(C:\Users\DELL\Desktop\a2a-dr.-gemini-intake-ag
ent\[39msrc\server\services\stream-error-handler.ts:352:23[90m)[39m
    at Module.retryWithBackoff [90m(C:\Users\DELL\Desktop\a2a-dr.-gemini-
intake-agent\[39msrc\server\services\stream-error-handler.ts:236:7[90m)
[39m
    at [90mC:\Users\DELL\Desktop\a2a-dr.-gemini-intake-agent\[39m__tests
__\properties\stream-error-handling.property.test.ts:221:13
    at AsyncProperty.run [90m(file:///C:/Users/DELL/Desktop/a2a-dr.-gemin
i-intake-agent/[39mnode_modules/[4mfast-check[24m/lib/esm/check/propert
y/AsyncProperty.generic.js:46:28[90m)[39m
    at asyncRunIt [90m(file:///C:/Users/DELL/Desktop/a2a-dr.-gemini-intak
e-agent/[39mnode_modules/[4mfast-check[24m/lib/esm/check/runner/Runner.
js:33:21[90m)[39m
    at [90mC:\Users\DELL\Desktop\a2a-dr.-gemini-intake-agent\[39m__tests
__\properties\stream-error-handling.property.test.ts:205:7
    at [90mfile:///C:/Users/DELL/Desktop/a2a-dr.-gemini-intake-agent/[39
mnode_modules/[4m@vitest/runner[24m/dist/index.js:533:5
    at runTest [90m(file:///C:/Users/DELL/Desktop/a2a-dr.-gemini-intake-a
gent/[39mnode_modules/[4m@vitest/runner[24m/dist/index.js:1056:11[90m)
[39m
    at runSuite [90m(file:///C:/Users/DELL/Desktop/a2a-dr.-gemini-intake-
agent/[39mnode_modules/[4m@vitest/runner[24m/dist/index.js:1205:15[90m
)[39m {
  code: [32m'STREAM_CONNECTION_FAILED'[39m,
  originalError: Error: Always fails
      at [90mC:\Users\DELL\Desktop\a2a-dr.-gemini-intake-agent\[39m__tes
ts__\properties\stream-error-handling.property.test.ts:212:21
      at mockCall [90m(file:///C:/Users/DELL/Desktop/a2a-dr.-gemini-intak
e-agent/[39mnode_modules/[4m@vitest/spy[24m/dist/index.js:61:17[90m)[
39m
      at spy [90m(file:///C:/Users/DELL/Desktop/a2a-dr.-gemini-intake-age
nt/[39mnode_modules/[4mtinyspy[24m/dist/index.js:45:80[90m)[39m
      at Module.retryWithBackoff [90m(C:\Users\DELL\Desktop\a2a-dr.-gemin
i-intake-agent\[39msrc\server\services\stream-error-handler.ts:219:20[90
m)[39m
      at [90mC:\Users\DELL\Desktop\a2a-dr.-gemini-intake-agent\[39m__tes
ts__\properties\stream-error-handling.property.test.ts:221:13
      at AsyncProperty.run [90m(file:///C:/Users/DELL/Desktop/a2a-dr.-gem
ini-intake-agent/[39mnode_modules/[4mfast-check[24m/lib/esm/check/prope
rty/AsyncProperty.generic.js:46:28[90m)[39m
      at asyncRunIt [90m(file:///C:/Users/DELL/Desktop/a2a-dr.-gemini-int
ake-agent/[39mnode_modules/[4mfast-check[24m/lib/esm/check/runner/Runne
r.js:33:21[90m)[39m
      at [90mC:\Users\DELL\Desktop\a2a-dr.-gemini-intake-agent\[39m__tes
ts__\properties\stream-error-handling.property.test.ts:205:7
      at [90mfile:///C:/Users/DELL/Desktop/a2a-dr.-gemini-intake-agent/[
39mnode_modules/[4m@vitest/runner[24m/dist/index.js:533:5
      at runTest [90m(file:///C:/Users/DELL/Desktop/a2a-dr.-gemini-intake
-agent/[39mnode_modules/[4m@vitest/runner[24m/dist/index.js:1056:11[90
m)[39m,
  retryable: [33mtrue[39m,
  fallbackOptions: [
    {
      id: [32m'retry'[39m,
      label: [32m'Try Again'[39m,
      description: [32m'Attempt to reconnect to the video service'[39m,
      action: [32m'retry'[39m
    },
    {
      id: [32m'refresh'[39m,
      label: [32m'Refresh Page'[39m,
      description: [32m'Reload the page to reset the connection'[39m,
      action: [32m'refresh'[39m
    }
  ]
}
Unexpected error: {
  code: [32m'INTERNAL_ERROR'[39m,
  message: [32m'Something went wrong. Please try again later.'[39m,
  context: {
    streamErrorCode: [32m'STREAM_CONNECTION_FAILED'[39m,
    retryable: [33mtrue[39m,
    originalMessage: [32m'Always fails'[39m,
    context: [32m'retry'[39m,
    attempt: [33m3[39m,
    maxRetries: [33m3[39m,
    delayMs: [33m38.31896813361505[39m
  },
  stack: [32m'Error: Unable to connect to the video service. Please 
check your internet connection and try again.\n'[39m +
    [32m'    at toStreamError (C:\\Users\\DELL\\Desktop\\a2a-dr.-gemini-i
ntake-agent\\src\\server\\services\\stream-error-handler.ts:337:10)\n'[39
m +
    [32m'    at logStreamError (C:\\Users\\DELL\\Desktop\\a2a-dr.-gemini-
intake-agent\\src\\server\\services\\stream-error-handler.ts:352:23)\n'[3
9m +
    [32m'    at Module.retryWithBackoff (C:\\Users\\DELL\\Desktop\\a2a-dr
.-gemini-intake-agent\\src\\server\\services\\stream-error-handler.ts:236:
7)\n'[39m +
    [32m'    at C:\\Users\\DELL\\Desktop\\a2a-dr.-gemini-intake-agent\\__
tests__\\properties\\stream-error-handling.property.test.ts:221:13\n'[39m
 +
    [32m'    at AsyncProperty.run (file:///C:/Users/DELL/Desktop/a2a-dr.-
gemini-intake-agent/node_modules/fast-check/lib/esm/check/property/AsyncPr
operty.generic.js:46:28)\n'[39m +
    [32m'    at asyncRunIt (file:///C:/Users/DELL/Desktop/a2a-dr.-gemini-
intake-agent/node_modules/fast-check/lib/esm/check/runner/Runner.js:33:21)
\n'[39m +
    [32m'    at C:\\Users\\DELL\\Desktop\\a2a-dr.-gemini-intake-agent\\__
tests__\\properties\\stream-error-handling.property.test.ts:205:7\n'[39m 
+
    [32m'    at file:///C:/Users/DELL/Desktop/a2a-dr.-gemini-intake-agent
/node_modules/@vitest/runner/dist/index.js:533:5\n'[39m +
    [32m'    at runTest (file:///C:/Users/DELL/Desktop/a2a-dr.-gemini-int
ake-agent/node_modules/@vitest/runner/dist/index.js:1056:11)\n'[39m +
    [32m'    at runSuite (file:///C:/Users/DELL/Desktop/a2a-dr.-gemini-in
take-agent/node_modules/@vitest/runner/dist/index.js:1205:15)'[39m
}

[90mstderr[2m | 
__tests__/properties/stream-error-handling.property.test.ts[2m > 
[22m[2mProperty 15: Error Handling[2m > [22m[2mRequirement 7.2: 
Retry mechanisms with exponential backoff[2m > [22m[2mretryWithBackoff 
retries the correct number of times on failure
[22m[39mUnhandled error: StreamError: Unable to connect to the video 
service. Please check your internet connection and try again.
    at toStreamError [90m(C:\Users\DELL\Desktop\a2a-dr.-gemini-intake-age
nt\[39msrc\server\services\stream-error-handler.ts:337:10[90m)[39m
    at logStreamError [90m(C:\Users\DELL\Desktop\a2a-dr.-gemini-intake-ag
ent\[39msrc\server\services\stream-error-handler.ts:352:23[90m)[39m
    at Module.retryWithBackoff [90m(C:\Users\DELL\Desktop\a2a-dr.-gemini-
intake-agent\[39msrc\server\services\stream-error-handler.ts:236:7[90m)
[39m {
  code: [32m'STREAM_CONNECTION_FAILED'[39m,
  originalError: Error: Always fails
      at [90mC:\Users\DELL\Desktop\a2a-dr.-gemini-intake-agent\[39m__tes
ts__\properties\stream-error-handling.property.test.ts:212:21
      at mockCall [90m(file:///C:/Users/DELL/Desktop/a2a-dr.-gemini-intak
e-agent/[39mnode_modules/[4m@vitest/spy[24m/dist/index.js:61:17[90m)[
39m
      at spy [90m(file:///C:/Users/DELL/Desktop/a2a-dr.-gemini-intake-age
nt/[39mnode_modules/[4mtinyspy[24m/dist/index.js:45:80[90m)[39m
      at Module.retryWithBackoff [90m(C:\Users\DELL\Desktop\a2a-dr.-gemin
i-intake-agent\[39msrc\server\services\stream-error-handler.ts:219:20[90
m)[39m
      at [90mC:\Users\DELL\Desktop\a2a-dr.-gemini-intake-agent\[39m__tes
ts__\properties\stream-error-handling.property.test.ts:221:26
      at AsyncProperty.predicate [90m(file:///C:/Users/DELL/Desktop/a2a-d
r.-gemini-intake-agent/[39mnode_modules/[4mfast-check[24m/lib/esm/check
/property/AsyncProperty.js:14:59[90m)[39m
      at AsyncProperty.run [90m(file:///C:/Users/DELL/Desktop/a2a-dr.-gem
ini-intake-agent/[39mnode_modules/[4mfast-check[24m/lib/esm/check/prope
rty/AsyncProperty.generic.js:46:39[90m)[39m
      at asyncRunIt [90m(file:///C:/Users/DELL/Desktop/a2a-dr.-gemini-int
ake-agent/[39mnode_modules/[4mfast-check[24m/lib/esm/check/runner/Runne
r.js:33:36[90m)[39m
      at [90mC:\Users\DELL\Desktop\a2a-dr.-gemini-intake-agent\[39m__tes
ts__\properties\stream-error-handling.property.test.ts:205:7
      at [90mfile:///C:/Users/DELL/Desktop/a2a-dr.-gemini-intake-agent/[
39mnode_modules/[4m@vitest/runner[24m/dist/index.js:533:5,
  retryable: [33mtrue[39m,
  fallbackOptions: [
    {
      id: [32m'retry'[39m,
      label: [32m'Try Again'[39m,
      description: [32m'Attempt to reconnect to the video service'[39m,
      action: [32m'retry'[39m
    },
    {
      id: [32m'refresh'[39m,
      label: [32m'Refresh Page'[39m,
      description: [32m'Reload the page to reset the connection'[39m,
      action: [32m'refresh'[39m
    }
  ]
}
Unexpected error: {
  code: [32m'INTERNAL_ERROR'[39m,
  message: [32m'Something went wrong. Please try again later.'[39m,
  context: {
    streamErrorCode: [32m'STREAM_CONNECTION_FAILED'[39m,
    retryable: [33mtrue[39m,
    originalMessage: [32m'Always fails'[39m,
    context: [32m'retry'[39m,
    attempt: [33m1[39m,
    maxRetries: [33m3[39m,
    delayMs: [33m9.02248184628656[39m
  },
  stack: [32m'Error: Unable to connect to the video service. Please 
check your internet connection and try again.\n'[39m +
    [32m'    at toStreamError (C:\\Users\\DELL\\Desktop\\a2a-dr.-gemini-i
ntake-agent\\src\\server\\services\\stream-error-handler.ts:337:10)\n'[39
m +
    [32m'    at logStreamError (C:\\Users\\DELL\\Desktop\\a2a-dr.-gemini-
intake-agent\\src\\server\\services\\stream-error-handler.ts:352:23)\n'[3
9m +
    [32m'    at Module.retryWithBackoff (C:\\Users\\DELL\\Desktop\\a2a-dr
.-gemini-intake-agent\\src\\server\\services\\stream-error-handler.ts:236:
7)'[39m
}

[90mstderr[2m | 
__tests__/properties/stream-error-handling.property.test.ts[2m > 
[22m[2mProperty 15: Error Handling[2m > [22m[2mRequirement 7.2: 
Retry mechanisms with exponential backoff[2m > [22m[2mretryWithBackoff 
retries the correct number of times on failure
[22m[39mUnhandled error: StreamError: Unable to connect to the video 
service. Please check your internet connection and try again.
    at toStreamError [90m(C:\Users\DELL\Desktop\a2a-dr.-gemini-intake-age
nt\[39msrc\server\services\stream-error-handler.ts:337:10[90m)[39m
    at logStreamError [90m(C:\Users\DELL\Desktop\a2a-dr.-gemini-intake-ag
ent\[39msrc\server\services\stream-error-handler.ts:352:23[90m)[39m
    at Module.retryWithBackoff [90m(C:\Users\DELL\Desktop\a2a-dr.-gemini-
intake-agent\[39msrc\server\services\stream-error-handler.ts:236:7[90m)
[39m
    at [90mC:\Users\DELL\Desktop\a2a-dr.-gemini-intake-agent\[39m__tests
__\properties\stream-error-handling.property.test.ts:221:13
    at AsyncProperty.run [90m(file:///C:/Users/DELL/Desktop/a2a-dr.-gemin
i-intake-agent/[39mnode_modules/[4mfast-check[24m/lib/esm/check/propert
y/AsyncProperty.generic.js:46:28[90m)[39m
    at asyncRunIt [90m(file:///C:/Users/DELL/Desktop/a2a-dr.-gemini-intak
e-agent/[39mnode_modules/[4mfast-check[24m/lib/esm/check/runner/Runner.
js:33:21[90m)[39m
    at [90mC:\Users\DELL\Desktop\a2a-dr.-gemini-intake-agent\[39m__tests
__\properties\stream-error-handling.property.test.ts:205:7
    at [90mfile:///C:/Users/DELL/Desktop/a2a-dr.-gemini-intake-agent/[39
mnode_modules/[4m@vitest/runner[24m/dist/index.js:533:5
    at runTest [90m(file:///C:/Users/DELL/Desktop/a2a-dr.-gemini-intake-a
gent/[39mnode_modules/[4m@vitest/runner[24m/dist/index.js:1056:11[90m)
[39m
    at runSuite [90m(file:///C:/Users/DELL/Desktop/a2a-dr.-gemini-intake-
agent/[39mnode_modules/[4m@vitest/runner[24m/dist/index.js:1205:15[90m
)[39m {
  code: [32m'STREAM_CONNECTION_FAILED'[39m,
  originalError: Error: Always fails
      at [90mC:\Users\DELL\Desktop\a2a-dr.-gemini-intake-agent\[39m__tes
ts__\properties\stream-error-handling.property.test.ts:212:21
      at mockCall [90m(file:///C:/Users/DELL/Desktop/a2a-dr.-gemini-intak
e-agent/[39mnode_modules/[4m@vitest/spy[24m/dist/index.js:61:17[90m)[
39m
      at spy [90m(file:///C:/Users/DELL/Desktop/a2a-dr.-gemini-intake-age
nt/[39mnode_modules/[4mtinyspy[24m/dist/index.js:45:80[90m)[39m
      at Module.retryWithBackoff [90m(C:\Users\DELL\Desktop\a2a-dr.-gemin
i-intake-agent\[39msrc\server\services\stream-error-handler.ts:219:20[90
m)[39m
      at [90mC:\Users\DELL\Desktop\a2a-dr.-gemini-intake-agent\[39m__tes
ts__\properties\stream-error-handling.property.test.ts:221:13
      at AsyncProperty.run [90m(file:///C:/Users/DELL/Desktop/a2a-dr.-gem
ini-intake-agent/[39mnode_modules/[4mfast-check[24m/lib/esm/check/prope
rty/AsyncProperty.generic.js:46:28[90m)[39m
      at asyncRunIt [90m(file:///C:/Users/DELL/Desktop/a2a-dr.-gemini-int
ake-agent/[39mnode_modules/[4mfast-check[24m/lib/esm/check/runner/Runne
r.js:33:21[90m)[39m
      at [90mC:\Users\DELL\Desktop\a2a-dr.-gemini-intake-agent\[39m__tes
ts__\properties\stream-error-handling.property.test.ts:205:7
      at [90mfile:///C:/Users/DELL/Desktop/a2a-dr.-gemini-intake-agent/[
39mnode_modules/[4m@vitest/runner[24m/dist/index.js:533:5
      at runTest [90m(file:///C:/Users/DELL/Desktop/a2a-dr.-gemini-intake
-agent/[39mnode_modules/[4m@vitest/runner[24m/dist/index.js:1056:11[90
m)[39m,
  retryable: [33mtrue[39m,
  fallbackOptions: [
    {
      id: [32m'retry'[39m,
      label: [32m'Try Again'[39m,
      description: [32m'Attempt to reconnect to the video service'[39m,
      action: [32m'retry'[39m
    },
    {
      id: [32m'refresh'[39m,
      label: [32m'Refresh Page'[39m,
      description: [32m'Reload the page to reset the connection'[39m,
      action: [32m'refresh'[39m
    }
  ]
}
Unexpected error: {
  code: [32m'INTERNAL_ERROR'[39m,
  message: [32m'Something went wrong. Please try again later.'[39m,
  context: {
    streamErrorCode: [32m'STREAM_CONNECTION_FAILED'[39m,
    retryable: [33mtrue[39m,
    originalMessage: [32m'Always fails'[39m,
    context: [32m'retry'[39m,
    attempt: [33m2[39m,
    maxRetries: [33m3[39m,
    delayMs: [33m21.047274373144226[39m
  },
  stack: [32m'Error: Unable to connect to the video service. Please 
check your internet connection and try again.\n'[39m +
    [32m'    at toStreamError (C:\\Users\\DELL\\Desktop\\a2a-dr.-gemini-i
ntake-agent\\src\\server\\services\\stream-error-handler.ts:337:10)\n'[39
m +
    [32m'    at logStreamError (C:\\Users\\DELL\\Desktop\\a2a-dr.-gemini-
intake-agent\\src\\server\\services\\stream-error-handler.ts:352:23)\n'[3
9m +
 [32mΓ£ô[39m __tests__/properties/ai-response-structure.property.test.ts [2m([22m[2m15 tests[22m[2m)[22m[33m 1710[2mms[22m[39m
    [32m'    at Module.retryWithBackoff (C:\\Users\\DELL\\Desktop\\a2a-dr
.-gemini-intake-agent\\src\\server\\services\\stream-error-handler.ts:236:
7)\n'[39m +
    [32m'    at C:\\Users\\DELL\\Desktop\\a2a-dr.-gemini-intake-agent\\__
tests__\\properties\\stream-error-handling.property.test.ts:221:13\n'[39m
 +
    [32m'    at AsyncProperty.run (file:///C:/Users/DELL/Desktop/a2a-dr.-
gemini-intake-agent/node_modules/fast-check/lib/esm/check/property/AsyncPr
operty.generic.js:46:28)\n'[39m +
    [32m'    at asyncRunIt (file:///C:/Users/DELL/Desktop/a2a-dr.-gemini-
intake-agent/node_modules/fast-check/lib/esm/check/runner/Runner.js:33:21)
\n'[39m +
    [32m'    at C:\\Users\\DELL\\Desktop\\a2a-dr.-gemini-intake-agent\\__
tests__\\properties\\stream-error-handling.property.test.ts:205:7\n'[39m 
+
    [32m'    at file:///C:/Users/DELL/Desktop/a2a-dr.-gemini-intake-agent
/node_modules/@vitest/runner/dist/index.js:533:5\n'[39m +
    [32m'    at runTest (file:///C:/Users/DELL/Desktop/a2a-dr.-gemini-int
ake-agent/node_modules/@vitest/runner/dist/index.js:1056:11)\n'[39m +
    [32m'    at runSuite (file:///C:/Users/DELL/Desktop/a2a-dr.-gemini-in
take-agent/node_modules/@vitest/runner/dist/index.js:1205:15)'[39m
}

[90mstderr[2m | 
__tests__/properties/stream-error-handling.property.test.ts[2m > 
[22m[2mProperty 15: Error Handling[2m > [22m[2mRequirement 7.2: 
Retry mechanisms with exponential backoff[2m > [22m[2mretryWithBackoff 
retries the correct number of times on failure
[22m[39mUnhandled error: StreamError: Unable to connect to the video 
service. Please check your internet connection and try again.
    at toStreamError [90m(C:\Users\DELL\Desktop\a2a-dr.-gemini-intake-age
nt\[39msrc\server\services\stream-error-handler.ts:337:10[90m)[39m
    at logStreamError [90m(C:\Users\DELL\Desktop\a2a-dr.-gemini-intake-ag
ent\[39msrc\server\services\stream-error-handler.ts:352:23[90m)[39m
    at Module.retryWithBackoff [90m(C:\Users\DELL\Desktop\a2a-dr.-gemini-
intake-agent\[39msrc\server\services\stream-error-handler.ts:236:7[90m)
[39m
    at [90mC:\Users\DELL\Desktop\a2a-dr.-gemini-intake-agent\[39m__tests
__\properties\stream-error-handling.property.test.ts:221:13
    at AsyncProperty.run [90m(file:///C:/Users/DELL/Desktop/a2a-dr.-gemin
i-intake-agent/[39mnode_modules/[4mfast-check[24m/lib/esm/check/propert
y/AsyncProperty.generic.js:46:28[90m)[39m
    at asyncRunIt [90m(file:///C:/Users/DELL/Desktop/a2a-dr.-gemini-intak
e-agent/[39mnode_modules/[4mfast-check[24m/lib/esm/check/runner/Runner.
js:33:21[90m)[39m
    at [90mC:\Users\DELL\Desktop\a2a-dr.-gemini-intake-agent\[39m__tests
__\properties\stream-error-handling.property.test.ts:205:7
    at [90mfile:///C:/Users/DELL/Desktop/a2a-dr.-gemini-intake-agent/[39
mnode_modules/[4m@vitest/runner[24m/dist/index.js:533:5
    at runTest [90m(file:///C:/Users/DELL/Desktop/a2a-dr.-gemini-intake-a
gent/[39mnode_modules/[4m@vitest/runner[24m/dist/index.js:1056:11[90m)
[39m
    at runSuite [90m(file:///C:/Users/DELL/Desktop/a2a-dr.-gemini-intake-
agent/[39mnode_modules/[4m@vitest/runner[24m/dist/index.js:1205:15[90m
)[39m {
  code: [32m'STREAM_CONNECTION_FAILED'[39m,
  originalError: Error: Always fails
      at [90mC:\Users\DELL\Desktop\a2a-dr.-gemini-intake-agent\[39m__tes
ts__\properties\stream-error-handling.property.test.ts:212:21
      at mockCall [90m(file:///C:/Users/DELL/Desktop/a2a-dr.-gemini-intak
e-agent/[39mnode_modules/[4m@vitest/spy[24m/dist/index.js:61:17[90m)[
39m
      at spy [90m(file:///C:/Users/DELL/Desktop/a2a-dr.-gemini-intake-age
nt/[39mnode_modules/[4mtinyspy[24m/dist/index.js:45:80[90m)[39m
      at Module.retryWithBackoff [90m(C:\Users\DELL\Desktop\a2a-dr.-gemin
i-intake-agent\[39msrc\server\services\stream-error-handler.ts:219:20[90
m)[39m
      at [90mC:\Users\DELL\Desktop\a2a-dr.-gemini-intake-agent\[39m__tes
ts__\properties\stream-error-handling.property.test.ts:221:13
      at AsyncProperty.run [90m(file:///C:/Users/DELL/Desktop/a2a-dr.-gem
ini-intake-agent/[39mnode_modules/[4mfast-check[24m/lib/esm/check/prope
rty/AsyncProperty.generic.js:46:28[90m)[39m
      at asyncRunIt [90m(file:///C:/Users/DELL/Desktop/a2a-dr.-gemini-int
ake-agent/[39mnode_modules/[4mfast-check[24m/lib/esm/check/runner/Runne
r.js:33:21[90m)[39m
      at [90mC:\Users\DELL\Desktop\a2a-dr.-gemini-intake-agent\[39m__tes
ts__\properties\stream-error-handling.property.test.ts:205:7
      at [90mfile:///C:/Users/DELL/Desktop/a2a-dr.-gemini-intake-agent/[
39mnode_modules/[4m@vitest/runner[24m/dist/index.js:533:5
      at runTest [90m(file:///C:/Users/DELL/Desktop/a2a-dr.-gemini-intake
-agent/[39mnode_modules/[4m@vitest/runner[24m/dist/index.js:1056:11[90
m)[39m,
  retryable: [33mtrue[39m,
  fallbackOptions: [
    {
      id: [32m'retry'[39m,
      label: [32m'Try Again'[39m,
      description: [32m'Attempt to reconnect to the video service'[39m,
      action: [32m'retry'[39m
    },
    {
      id: [32m'refresh'[39m,
      label: [32m'Refresh Page'[39m,
      description: [32m'Reload the page to reset the connection'[39m,
      action: [32m'refresh'[39m
    }
  ]
}
Unexpected error: {
  code: [32m'INTERNAL_ERROR'[39m,
  message: [32m'Something went wrong. Please try again later.'[39m,
  context: {
    streamErrorCode: [32m'STREAM_CONNECTION_FAILED'[39m,
    retryable: [33mtrue[39m,
    originalMessage: [32m'Always fails'[39m,
    context: [32m'retry'[39m,
    attempt: [33m3[39m,
    maxRetries: [33m3[39m,
    delayMs: [33m42.078711207641156[39m
  },
  stack: [32m'Error: Unable to connect to the video service. Please 
check your internet connection and try again.\n'[39m +
    [32m'    at toStreamError (C:\\Users\\DELL\\Desktop\\a2a-dr.-gemini-i
ntake-agent\\src\\server\\services\\stream-error-handler.ts:337:10)\n'[39
m +
    [32m'    at logStreamError (C:\\Users\\DELL\\Desktop\\a2a-dr.-gemini-
intake-agent\\src\\server\\services\\stream-error-handler.ts:352:23)\n'[3
9m +
    [32m'    at Module.retryWithBackoff (C:\\Users\\DELL\\Desktop\\a2a-dr
.-gemini-intake-agent\\src\\server\\services\\stream-error-handler.ts:236:
7)\n'[39m +
    [32m'    at C:\\Users\\DELL\\Desktop\\a2a-dr.-gemini-intake-agent\\__
tests__\\properties\\stream-error-handling.property.test.ts:221:13\n'[39m
 +
    [32m'    at AsyncProperty.run (file:///C:/Users/DELL/Desktop/a2a-dr.-
gemini-intake-agent/node_modules/fast-check/lib/esm/check/property/AsyncPr
operty.generic.js:46:28)\n'[39m +
    [32m'    at asyncRunIt (file:///C:/Users/DELL/Desktop/a2a-dr.-gemini-
intake-agent/node_modules/fast-check/lib/esm/check/runner/Runner.js:33:21)
\n'[39m +
    [32m'    at C:\\Users\\DELL\\Desktop\\a2a-dr.-gemini-intake-agent\\__
tests__\\properties\\stream-error-handling.property.test.ts:205:7\n'[39m 
+
    [32m'    at file:///C:/Users/DELL/Desktop/a2a-dr.-gemini-intake-agent
/node_modules/@vitest/runner/dist/index.js:533:5\n'[39m +
    [32m'    at runTest (file:///C:/Users/DELL/Desktop/a2a-dr.-gemini-int
ake-agent/node_modules/@vitest/runner/dist/index.js:1056:11)\n'[39m +
    [32m'    at runSuite (file:///C:/Users/DELL/Desktop/a2a-dr.-gemini-in
take-agent/node_modules/@vitest/runner/dist/index.js:1205:15)'[39m
}

[90mstderr[2m | 
__tests__/properties/stream-error-handling.property.test.ts[2m > 
[22m[2mProperty 15: Error Handling[2m > [22m[2mRequirement 7.2: 
Retry mechanisms with exponential backoff[2m > [22m[2mretryWithBackoff 
retries the correct number of times on failure
[22m[39mUnhandled error: StreamError: Unable to connect to the video 
service. Please check your internet connection and try again.
    at toStreamError [90m(C:\Users\DELL\Desktop\a2a-dr.-gemini-intake-age
nt\[39msrc\server\services\stream-error-handler.ts:337:10[90m)[39m
    at logStreamError [90m(C:\Users\DELL\Desktop\a2a-dr.-gemini-intake-ag
ent\[39msrc\server\services\stream-error-handler.ts:352:23[90m)[39m
    at Module.retryWithBackoff [90m(C:\Users\DELL\Desktop\a2a-dr.-gemini-
intake-agent\[39msrc\server\services\stream-error-handler.ts:236:7[90m)
[39m {
  code: [32m'STREAM_CONNECTION_FAILED'[39m,
  originalError: Error: Always fails
      at [90mC:\Users\DELL\Desktop\a2a-dr.-gemini-intake-agent\[39m__tes
ts__\properties\stream-error-handling.property.test.ts:212:21
      at mockCall [90m(file:///C:/Users/DELL/Desktop/a2a-dr.-gemini-intak
e-agent/[39mnode_modules/[4m@vitest/spy[24m/dist/index.js:61:17[90m)[
39m
      at spy [90m(file:///C:/Users/DELL/Desktop/a2a-dr.-gemini-intake-age
nt/[39mnode_modules/[4mtinyspy[24m/dist/index.js:45:80[90m)[39m
      at Module.retryWithBackoff [90m(C:\Users\DELL\Desktop\a2a-dr.-gemin
i-intake-agent\[39msrc\server\services\stream-error-handler.ts:219:20[90
m)[39m
      at [90mC:\Users\DELL\Desktop\a2a-dr.-gemini-intake-agent\[39m__tes
ts__\properties\stream-error-handling.property.test.ts:221:26
      at AsyncProperty.predicate [90m(file:///C:/Users/DELL/Desktop/a2a-d
r.-gemini-intake-agent/[39mnode_modules/[4mfast-check[24m/lib/esm/check
/property/AsyncProperty.js:14:59[90m)[39m
      at AsyncProperty.run [90m(file:///C:/Users/DELL/Desktop/a2a-dr.-gem
ini-intake-agent/[39mnode_modules/[4mfast-check[24m/lib/esm/check/prope
rty/AsyncProperty.generic.js:46:39[90m)[39m
      at asyncRunIt [90m(file:///C:/Users/DELL/Desktop/a2a-dr.-gemini-int
ake-agent/[39mnode_modules/[4mfast-check[24m/lib/esm/check/runner/Runne
r.js:33:36[90m)[39m
      at [90mC:\Users\DELL\Desktop\a2a-dr.-gemini-intake-agent\[39m__tes
ts__\properties\stream-error-handling.property.test.ts:205:7
      at [90mfile:///C:/Users/DELL/Desktop/a2a-dr.-gemini-intake-agent/[
39mnode_modules/[4m@vitest/runner[24m/dist/index.js:533:5,
  retryable: [33mtrue[39m,
  fallbackOptions: [
    {
      id: [32m'retry'[39m,
      label: [32m'Try Again'[39m,
      description: [32m'Attempt to reconnect to the video service'[39m,
      action: [32m'retry'[39m
    },
    {
      id: [32m'refresh'[39m,
      label: [32m'Refresh Page'[39m,
      description: [32m'Reload the page to reset the connection'[39m,
      action: [32m'refresh'[39m
    }
  ]
}
Unexpected error: {
  code: [32m'INTERNAL_ERROR'[39m,
  message: [32m'Something went wrong. Please try again later.'[39m,
  context: {
    streamErrorCode: [32m'STREAM_CONNECTION_FAILED'[39m,
    retryable: [33mtrue[39m,
    originalMessage: [32m'Always fails'[39m,
    context: [32m'retry'[39m,
    attempt: [33m1[39m,
    maxRetries: [33m2[39m,
    delayMs: [33m9.16155191096332[39m
  },
  stack: [32m'Error: Unable to connect to the video service. Please 
check your internet connection and try again.\n'[39m +
    [32m'    at toStreamError (C:\\Users\\DELL\\Desktop\\a2a-dr.-gemini-i
ntake-agent\\src\\server\\services\\stream-error-handler.ts:337:10)\n'[39
m +
    [32m'    at logStreamError (C:\\Users\\DELL\\Desktop\\a2a-dr.-gemini-
intake-agent\\src\\server\\services\\stream-error-handler.ts:352:23)\n'[3
9m +
    [32m'    at Module.retryWithBackoff (C:\\Users\\DELL\\Desktop\\a2a-dr
.-gemini-intake-agent\\src\\server\\services\\stream-error-handler.ts:236:
7)'[39m
}

[90mstderr[2m | 
__tests__/properties/stream-error-handling.property.test.ts[2m > 
[22m[2mProperty 15: Error Handling[2m > [22m[2mRequirement 7.2: 
Retry mechanisms with exponential backoff[2m > [22m[2mretryWithBackoff 
retries the correct number of times on failure
[22m[39mUnhandled error: StreamError: Unable to connect to the video 
service. Please check your internet connection and try again.
    at toStreamError [90m(C:\Users\DELL\Desktop\a2a-dr.-gemini-intake-age
nt\[39msrc\server\services\stream-error-handler.ts:337:10[90m)[39m
    at logStreamError [90m(C:\Users\DELL\Desktop\a2a-dr.-gemini-intake-ag
ent\[39msrc\server\services\stream-error-handler.ts:352:23[90m)[39m
    at Module.retryWithBackoff [90m(C:\Users\DELL\Desktop\a2a-dr.-gemini-
intake-agent\[39msrc\server\services\stream-error-handler.ts:236:7[90m)
[39m
    at [90mC:\Users\DELL\Desktop\a2a-dr.-gemini-intake-agent\[39m__tests
__\properties\stream-error-handling.property.test.ts:221:13
    at AsyncProperty.run [90m(file:///C:/Users/DELL/Desktop/a2a-dr.-gemin
i-intake-agent/[39mnode_modules/[4mfast-check[24m/lib/esm/check/propert
y/AsyncProperty.generic.js:46:28[90m)[39m
    at asyncRunIt [90m(file:///C:/Users/DELL/Desktop/a2a-dr.-gemini-intak
e-agent/[39mnode_modules/[4mfast-check[24m/lib/esm/check/runner/Runner.
js:33:21[90m)[39m
    at [90mC:\Users\DELL\Desktop\a2a-dr.-gemini-intake-agent\[39m__tests
__\properties\stream-error-handling.property.test.ts:205:7
    at [90mfile:///C:/Users/DELL/Desktop/a2a-dr.-gemini-intake-agent/[39
mnode_modules/[4m@vitest/runner[24m/dist/index.js:533:5
    at runTest [90m(file:///C:/Users/DELL/Desktop/a2a-dr.-gemini-intake-a
gent/[39mnode_modules/[4m@vitest/runner[24m/dist/index.js:1056:11[90m)
[39m
    at runSuite [90m(file:///C:/Users/DELL/Desktop/a2a-dr.-gemini-intake-
agent/[39mnode_modules/[4m@vitest/runner[24m/dist/index.js:1205:15[90m
)[39m {
  code: [32m'STREAM_CONNECTION_FAILED'[39m,
  originalError: Error: Always fails
      at [90mC:\Users\DELL\Desktop\a2a-dr.-gemini-intake-agent\[39m__tes
ts__\properties\stream-error-handling.property.test.ts:212:21
      at mockCall [90m(file:///C:/Users/DELL/Desktop/a2a-dr.-gemini-intak
e-agent/[39mnode_modules/[4m@vitest/spy[24m/dist/index.js:61:17[90m)[
39m
      at spy [90m(file:///C:/Users/DELL/Desktop/a2a-dr.-gemini-intake-age
nt/[39mnode_modules/[4mtinyspy[24m/dist/index.js:45:80[90m)[39m
      at Module.retryWithBackoff [90m(C:\Users\DELL\Desktop\a2a-dr.-gemin
i-intake-agent\[39msrc\server\services\stream-error-handler.ts:219:20[90
m)[39m
      at [90mC:\Users\DELL\Desktop\a2a-dr.-gemini-intake-agent\[39m__tes
ts__\properties\stream-error-handling.property.test.ts:221:13
      at AsyncProperty.run [90m(file:///C:/Users/DELL/Desktop/a2a-dr.-gem
ini-intake-agent/[39mnode_modules/[4mfast-check[24m/lib/esm/check/prope
rty/AsyncProperty.generic.js:46:28[90m)[39m
      at asyncRunIt [90m(file:///C:/Users/DELL/Desktop/a2a-dr.-gemini-int
ake-agent/[39mnode_modules/[4mfast-check[24m/lib/esm/check/runner/Runne
r.js:33:21[90m)[39m
      at [90mC:\Users\DELL\Desktop\a2a-dr.-gemini-intake-agent\[39m__tes
ts__\properties\stream-error-handling.property.test.ts:205:7
      at [90mfile:///C:/Users/DELL/Desktop/a2a-dr.-gemini-intake-agent/[
39mnode_modules/[4m@vitest/runner[24m/dist/index.js:533:5
      at runTest [90m(file:///C:/Users/DELL/Desktop/a2a-dr.-gemini-intake
-agent/[39mnode_modules/[4m@vitest/runner[24m/dist/index.js:1056:11[90
m)[39m,
  retryable: [33mtrue[39m,
  fallbackOptions: [
    {
      id: [32m'retry'[39m,
      label: [32m'Try Again'[39m,
      description: [32m'Attempt to reconnect to the video service'[39m,
      action: [32m'retry'[39m
    },
    {
      id: [32m'refresh'[39m,
      label: [32m'Refresh Page'[39m,
      description: [32m'Reload the page to reset the connection'[39m,
      action: [32m'refresh'[39m
    }
  ]
}
Unexpected error: {
  code: [32m'INTERNAL_ERROR'[39m,
  message: [32m'Something went wrong. Please try again later.'[39m,
  context: {
    streamErrorCode: [32m'STREAM_CONNECTION_FAILED'[39m,
    retryable: [33mtrue[39m,
    originalMessage: [32m'Always fails'[39m,
    context: [32m'retry'[39m,
    attempt: [33m2[39m,
    maxRetries: [33m2[39m,
    delayMs: [33m19.20298319092174[39m
  },
  stack: [32m'Error: Unable to connect to the video service. Please 
check your internet connection and try again.\n'[39m +
    [32m'    at toStreamError (C:\\Users\\DELL\\Desktop\\a2a-dr.-gemini-i
ntake-agent\\src\\server\\services\\stream-error-handler.ts:337:10)\n'[39
m +
    [32m'    at logStreamError (C:\\Users\\DELL\\Desktop\\a2a-dr.-gemini-
intake-agent\\src\\server\\services\\stream-error-handler.ts:352:23)\n'[3
9m +
    [32m'    at Module.retryWithBackoff (C:\\Users\\DELL\\Desktop\\a2a-dr
.-gemini-intake-agent\\src\\server\\services\\stream-error-handler.ts:236:
7)\n'[39m +
    [32m'    at C:\\Users\\DELL\\Desktop\\a2a-dr.-gemini-intake-agent\\__
tests__\\properties\\stream-error-handling.property.test.ts:221:13\n'[39m
 +
    [32m'    at AsyncProperty.run (file:///C:/Users/DELL/Desktop/a2a-dr.-
gemini-intake-agent/node_modules/fast-check/lib/esm/check/property/AsyncPr
operty.generic.js:46:28)\n'[39m +
    [32m'    at asyncRunIt (file:///C:/Users/DELL/Desktop/a2a-dr.-gemini-
intake-agent/node_modules/fast-check/lib/esm/check/runner/Runner.js:33:21)
\n'[39m +
    [32m'    at C:\\Users\\DELL\\Desktop\\a2a-dr.-gemini-intake-agent\\__
tests__\\properties\\stream-error-handling.property.test.ts:205:7\n'[39m 
+
    [32m'    at file:///C:/Users/DELL/Desktop/a2a-dr.-gemini-intake-agent
/node_modules/@vitest/runner/dist/index.js:533:5\n'[39m +
    [32m'    at runTest (file:///C:/Users/DELL/Desktop/a2a-dr.-gemini-int
ake-agent/node_modules/@vitest/runner/dist/index.js:1056:11)\n'[39m +
    [32m'    at runSuite (file:///C:/Users/DELL/Desktop/a2a-dr.-gemini-in
take-agent/node_modules/@vitest/runner/dist/index.js:1205:15)'[39m
}

[90mstderr[2m | 
__tests__/properties/stream-error-handling.property.test.ts[2m > 
[22m[2mProperty 15: Error Handling[2m > [22m[2mRequirement 7.2: 
Retry mechanisms with exponential backoff[2m > [22m[2mretryWithBackoff 
retries the correct number of times on failure
[22m[39mUnhandled error: StreamError: Unable to connect to the video 
service. Please check your internet connection and try again.
    at toStreamError [90m(C:\Users\DELL\Desktop\a2a-dr.-gemini-intake-age
nt\[39msrc\server\services\stream-error-handler.ts:337:10[90m)[39m
    at logStreamError [90m(C:\Users\DELL\Desktop\a2a-dr.-gemini-intake-ag
ent\[39msrc\server\services\stream-error-handler.ts:352:23[90m)[39m
    at Module.retryWithBackoff [90m(C:\Users\DELL\Desktop\a2a-dr.-gemini-
intake-agent\[39msrc\server\services\stream-error-handler.ts:236:7[90m)
[39m {
  code: [32m'STREAM_CONNECTION_FAILED'[39m,
  originalError: Error: Always fails
      at [90mC:\Users\DELL\Desktop\a2a-dr.-gemini-intake-agent\[39m__tes
ts__\properties\stream-error-handling.property.test.ts:212:21
      at mockCall [90m(file:///C:/Users/DELL/Desktop/a2a-dr.-gemini-intak
e-agent/[39mnode_modules/[4m@vitest/spy[24m/dist/index.js:61:17[90m)[
39m
      at spy [90m(file:///C:/Users/DELL/Desktop/a2a-dr.-gemini-intake-age
nt/[39mnode_modules/[4mtinyspy[24m/dist/index.js:45:80[90m)[39m
      at Module.retryWithBackoff [90m(C:\Users\DELL\Desktop\a2a-dr.-gemin
i-intake-agent\[39msrc\server\services\stream-error-handler.ts:219:20[90
m)[39m
      at [90mC:\Users\DELL\Desktop\a2a-dr.-gemini-intake-agent\[39m__tes
ts__\properties\stream-error-handling.property.test.ts:221:26
      at AsyncProperty.predicate [90m(file:///C:/Users/DELL/Desktop/a2a-d
r.-gemini-intake-agent/[39mnode_modules/[4mfast-check[24m/lib/esm/check
/property/AsyncProperty.js:14:59[90m)[39m
      at AsyncProperty.run [90m(file:///C:/Users/DELL/Desktop/a2a-dr.-gem
ini-intake-agent/[39mnode_modules/[4mfast-check[24m/lib/esm/check/prope
rty/AsyncProperty.generic.js:46:39[90m)[39m
      at asyncRunIt [90m(file:///C:/Users/DELL/Desktop/a2a-dr.-gemini-int
ake-agent/[39mnode_modules/[4mfast-check[24m/lib/esm/check/runner/Runne
r.js:33:36[90m)[39m
      at [90mC:\Users\DELL\Desktop\a2a-dr.-gemini-intake-agent\[39m__tes
ts__\properties\stream-error-handling.property.test.ts:205:7
      at [90mfile:///C:/Users/DELL/Desktop/a2a-dr.-gemini-intake-agent/[
39mnode_modules/[4m@vitest/runner[24m/dist/index.js:533:5,
  retryable: [33mtrue[39m,
  fallbackOptions: [
    {
      id: [32m'retry'[39m,
      label: [32m'Try Again'[39m,
      description: [32m'Attempt to reconnect to the video service'[39m,
      action: [32m'retry'[39m
    },
    {
      id: [32m'refresh'[39m,
      label: [32m'Refresh Page'[39m,
      description: [32m'Reload the page to reset the connection'[39m,
      action: [32m'refresh'[39m
    }
  ]
}
Unexpected error: {
  code: [32m'INTERNAL_ERROR'[39m,
  message: [32m'Something went wrong. Please try again later.'[39m,
  context: {
    streamErrorCode: [32m'STREAM_CONNECTION_FAILED'[39m,
    retryable: [33mtrue[39m,
    originalMessage: [32m'Always fails'[39m,
    context: [32m'retry'[39m,
    attempt: [33m1[39m,
    maxRetries: [33m5[39m,
    delayMs: [33m10.633245834491529[39m
  },
  stack: [32m'Error: Unable to connect to the video service. Please 
check your internet connection and try again.\n'[39m +
    [32m'    at toStreamError (C:\\Users\\DELL\\Desktop\\a2a-dr.-gemini-i
ntake-agent\\src\\server\\services\\stream-error-handler.ts:337:10)\n'[39
m +
    [32m'    at logStreamError (C:\\Users\\DELL\\Desktop\\a2a-dr.-gemini-
intake-agent\\src\\server\\services\\stream-error-handler.ts:352:23)\n'[3
9m +
    [32m'    at Module.retryWithBackoff (C:\\Users\\DELL\\Desktop\\a2a-dr
.-gemini-intake-agent\\src\\server\\services\\stream-error-handler.ts:236:
7)'[39m
}

[90mstderr[2m | 
__tests__/properties/stream-error-handling.property.test.ts[2m > 
[22m[2mProperty 15: Error Handling[2m > [22m[2mRequirement 7.2: 
Retry mechanisms with exponential backoff[2m > [22m[2mretryWithBackoff 
retries the correct number of times on failure
[22m[39mUnhandled error: StreamError: Unable to connect to the video 
service. Please check your internet connection and try again.
    at toStreamError [90m(C:\Users\DELL\Desktop\a2a-dr.-gemini-intake-age
nt\[39msrc\server\services\stream-error-handler.ts:337:10[90m)[39m
    at logStreamError [90m(C:\Users\DELL\Desktop\a2a-dr.-gemini-intake-ag
ent\[39msrc\server\services\stream-error-handler.ts:352:23[90m)[39m
    at Module.retryWithBackoff [90m(C:\Users\DELL\Desktop\a2a-dr.-gemini-
intake-agent\[39msrc\server\services\stream-error-handler.ts:236:7[90m)
[39m
    at [90mC:\Users\DELL\Desktop\a2a-dr.-gemini-intake-agent\[39m__tests
__\properties\stream-error-handling.property.test.ts:221:13
    at AsyncProperty.run [90m(file:///C:/Users/DELL/Desktop/a2a-dr.-gemin
i-intake-agent/[39mnode_modules/[4mfast-check[24m/lib/esm/check/propert
y/AsyncProperty.generic.js:46:28[90m)[39m
    at asyncRunIt [90m(file:///C:/Users/DELL/Desktop/a2a-dr.-gemini-intak
e-agent/[39mnode_modules/[4mfast-check[24m/lib/esm/check/runner/Runner.
js:33:21[90m)[39m
    at [90mC:\Users\DELL\Desktop\a2a-dr.-gemini-intake-agent\[39m__tests
__\properties\stream-error-handling.property.test.ts:205:7
    at [90mfile:///C:/Users/DELL/Desktop/a2a-dr.-gemini-intake-agent/[39
mnode_modules/[4m@vitest/runner[24m/dist/index.js:533:5
    at runTest [90m(file:///C:/Users/DELL/Desktop/a2a-dr.-gemini-intake-a
gent/[39mnode_modules/[4m@vitest/runner[24m/dist/index.js:1056:11[90m)
[39m
    at runSuite [90m(file:///C:/Users/DELL/Desktop/a2a-dr.-gemini-intake-
agent/[39mnode_modules/[4m@vitest/runner[24m/dist/index.js:1205:15[90m
)[39m {
  code: [32m'STREAM_CONNECTION_FAILED'[39m,
  originalError: Error: Always fails
      at [90mC:\Users\DELL\Desktop\a2a-dr.-gemini-intake-agent\[39m__tes
ts__\properties\stream-error-handling.property.test.ts:212:21
      at mockCall [90m(file:///C:/Users/DELL/Desktop/a2a-dr.-gemini-intak
e-agent/[39mnode_modules/[4m@vitest/spy[24m/dist/index.js:61:17[90m)[
39m
      at spy [90m(file:///C:/Users/DELL/Desktop/a2a-dr.-gemini-intake-age
nt/[39mnode_modules/[4mtinyspy[24m/dist/index.js:45:80[90m)[39m
      at Module.retryWithBackoff [90m(C:\Users\DELL\Desktop\a2a-dr.-gemin
i-intake-agent\[39msrc\server\services\stream-error-handler.ts:219:20[90
m)[39m
      at [90mC:\Users\DELL\Desktop\a2a-dr.-gemini-intake-agent\[39m__tes
ts__\properties\stream-error-handling.property.test.ts:221:13
      at AsyncProperty.run [90m(file:///C:/Users/DELL/Desktop/a2a-dr.-gem
ini-intake-agent/[39mnode_modules/[4mfast-check[24m/lib/esm/check/prope
rty/AsyncProperty.generic.js:46:28[90m)[39m
      at asyncRunIt [90m(file:///C:/Users/DELL/Desktop/a2a-dr.-gemini-int
ake-agent/[39mnode_modules/[4mfast-check[24m/lib/esm/check/runner/Runne
r.js:33:21[90m)[39m
      at [90mC:\Users\DELL\Desktop\a2a-dr.-gemini-intake-agent\[39m__tes
ts__\properties\stream-error-handling.property.test.ts:205:7
      at [90mfile:///C:/Users/DELL/Desktop/a2a-dr.-gemini-intake-agent/[
39mnode_modules/[4m@vitest/runner[24m/dist/index.js:533:5
      at runTest [90m(file:///C:/Users/DELL/Desktop/a2a-dr.-gemini-intake
-agent/[39mnode_modules/[4m@vitest/runner[24m/dist/index.js:1056:11[90
m)[39m,
  retryable: [33mtrue[39m,
  fallbackOptions: [
    {
      id: [32m'retry'[39m,
      label: [32m'Try Again'[39m,
      description: [32m'Attempt to reconnect to the video service'[39m,
      action: [32m'retry'[39m
    },
    {
      id: [32m'refresh'[39m,
      label: [32m'Refresh Page'[39m,
      description: [32m'Reload the page to reset the connection'[39m,
      action: [32m'refresh'[39m
    }
  ]
}
Unexpected error: {
  code: [32m'INTERNAL_ERROR'[39m,
  message: [32m'Something went wrong. Please try again later.'[39m,
  context: {
    streamErrorCode: [32m'STREAM_CONNECTION_FAILED'[39m,
    retryable: [33mtrue[39m,
    originalMessage: [32m'Always fails'[39m,
    context: [32m'retry'[39m,
    attempt: [33m2[39m,
    maxRetries: [33m5[39m,
    delayMs: [33m18.947362246590433[39m
  },
  stack: [32m'Error: Unable to connect to the video service. Please 
check your internet connection and try again.\n'[39m +
    [32m'    at toStreamError (C:\\Users\\DELL\\Desktop\\a2a-dr.-gemini-i
ntake-agent\\src\\server\\services\\stream-error-handler.ts:337:10)\n'[39
m +
    [32m'    at logStreamError (C:\\Users\\DELL\\Desktop\\a2a-dr.-gemini-
intake-agent\\src\\server\\services\\stream-error-handler.ts:352:23)\n'[3
9m +
    [32m'    at Module.retryWithBackoff (C:\\Users\\DELL\\Desktop\\a2a-dr
.-gemini-intake-agent\\src\\server\\services\\stream-error-handler.ts:236:
7)\n'[39m +
    [32m'    at C:\\Users\\DELL\\Desktop\\a2a-dr.-gemini-intake-agent\\__
tests__\\properties\\stream-error-handling.property.test.ts:221:13\n'[39m
 +
    [32m'    at AsyncProperty.run (file:///C:/Users/DELL/Desktop/a2a-dr.-
gemini-intake-agent/node_modules/fast-check/lib/esm/check/property/AsyncPr
operty.generic.js:46:28)\n'[39m +
    [32m'    at asyncRunIt (file:///C:/Users/DELL/Desktop/a2a-dr.-gemini-
intake-agent/node_modules/fast-check/lib/esm/check/runner/Runner.js:33:21)
\n'[39m +
    [32m'    at C:\\Users\\DELL\\Desktop\\a2a-dr.-gemini-intake-agent\\__
tests__\\properties\\stream-error-handling.property.test.ts:205:7\n'[39m 
+
    [32m'    at file:///C:/Users/DELL/Desktop/a2a-dr.-gemini-intake-agent
/node_modules/@vitest/runner/dist/index.js:533:5\n'[39m +
    [32m'    at runTest (file:///C:/Users/DELL/Desktop/a2a-dr.-gemini-int
ake-agent/node_modules/@vitest/runner/dist/index.js:1056:11)\n'[39m +
    [32m'    at runSuite (file:///C:/Users/DELL/Desktop/a2a-dr.-gemini-in
take-agent/node_modules/@vitest/runner/dist/index.js:1205:15)'[39m
}

[90mstderr[2m | 
__tests__/properties/stream-error-handling.property.test.ts[2m > 
[22m[2mProperty 15: Error Handling[2m > [22m[2mRequirement 7.2: 
Retry mechanisms with exponential backoff[2m > [22m[2mretryWithBackoff 
retries the correct number of times on failure
[22m[39mUnhandled error: StreamError: Unable to connect to the video 
service. Please check your internet connection and try again.
    at toStreamError [90m(C:\Users\DELL\Desktop\a2a-dr.-gemini-intake-age
nt\[39msrc\server\services\stream-error-handler.ts:337:10[90m)[39m
    at logStreamError [90m(C:\Users\DELL\Desktop\a2a-dr.-gemini-intake-ag
ent\[39msrc\server\services\stream-error-handler.ts:352:23[90m)[39m
    at Module.retryWithBackoff [90m(C:\Users\DELL\Desktop\a2a-dr.-gemini-
intake-agent\[39msrc\server\services\stream-error-handler.ts:236:7[90m)
[39m
    at [90mC:\Users\DELL\Desktop\a2a-dr.-gemini-intake-agent\[39m__tests
__\properties\stream-error-handling.property.test.ts:221:13
    at AsyncProperty.run [90m(file:///C:/Users/DELL/Desktop/a2a-dr.-gemin
i-intake-agent/[39mnode_modules/[4mfast-check[24m/lib/esm/check/propert
y/AsyncProperty.generic.js:46:28[90m)[39m
    at asyncRunIt [90m(file:///C:/Users/DELL/Desktop/a2a-dr.-gemini-intak
e-agent/[39mnode_modules/[4mfast-check[24m/lib/esm/check/runner/Runner.
js:33:21[90m)[39m
    at [90mC:\Users\DELL\Desktop\a2a-dr.-gemini-intake-agent\[39m__tests
__\properties\stream-error-handling.property.test.ts:205:7
    at [90mfile:///C:/Users/DELL/Desktop/a2a-dr.-gemini-intake-agent/[39
mnode_modules/[4m@vitest/runner[24m/dist/index.js:533:5
    at runTest [90m(file:///C:/Users/DELL/Desktop/a2a-dr.-gemini-intake-a
gent/[39mnode_modules/[4m@vitest/runner[24m/dist/index.js:1056:11[90m)
[39m
    at runSuite [90m(file:///C:/Users/DELL/Desktop/a2a-dr.-gemini-intake-
agent/[39mnode_modules/[4m@vitest/runner[24m/dist/index.js:1205:15[90m
)[39m {
  code: [32m'STREAM_CONNECTION_FAILED'[39m,
  originalError: Error: Always fails
      at [90mC:\Users\DELL\Desktop\a2a-dr.-gemini-intake-agent\[39m__tes
ts__\properties\stream-error-handling.property.test.ts:212:21
      at mockCall [90m(file:///C:/Users/DELL/Desktop/a2a-dr.-gemini-intak
e-agent/[39mnode_modules/[4m@vitest/spy[24m/dist/index.js:61:17[90m)[
39m
      at spy [90m(file:///C:/Users/DELL/Desktop/a2a-dr.-gemini-intake-age
nt/[39mnode_modules/[4mtinyspy[24m/dist/index.js:45:80[90m)[39m
      at Module.retryWithBackoff [90m(C:\Users\DELL\Desktop\a2a-dr.-gemin
i-intake-agent\[39msrc\server\services\stream-error-handler.ts:219:20[90
m)[39m
      at [90mC:\Users\DELL\Desktop\a2a-dr.-gemini-intake-agent\[39m__tes
ts__\properties\stream-error-handling.property.test.ts:221:13
      at AsyncProperty.run [90m(file:///C:/Users/DELL/Desktop/a2a-dr.-gem
ini-intake-agent/[39mnode_modules/[4mfast-check[24m/lib/esm/check/prope
rty/AsyncProperty.generic.js:46:28[90m)[39m
      at asyncRunIt [90m(file:///C:/Users/DELL/Desktop/a2a-dr.-gemini-int
ake-agent/[39mnode_modules/[4mfast-check[24m/lib/esm/check/runner/Runne
r.js:33:21[90m)[39m
      at [90mC:\Users\DELL\Desktop\a2a-dr.-gemini-intake-agent\[39m__tes
ts__\properties\stream-error-handling.property.test.ts:205:7
      at [90mfile:///C:/Users/DELL/Desktop/a2a-dr.-gemini-intake-agent/[
39mnode_modules/[4m@vitest/runner[24m/dist/index.js:533:5
      at runTest [90m(file:///C:/Users/DELL/Desktop/a2a-dr.-gemini-intake
-agent/[39mnode_modules/[4m@vitest/runner[24m/dist/index.js:1056:11[90
m)[39m,
  retryable: [33mtrue[39m,
  fallbackOptions: [
    {
      id: [32m'retry'[39m,
      label: [32m'Try Again'[39m,
      description: [32m'Attempt to reconnect to the video service'[39m,
      action: [32m'retry'[39m
    },
    {
      id: [32m'refresh'[39m,
      label: [32m'Refresh Page'[39m,
      description: [32m'Reload the page to reset the connection'[39m,
      action: [32m'refresh'[39m
    }
  ]
}
Unexpected error: {
  code: [32m'INTERNAL_ERROR'[39m,
  message: [32m'Something went wrong. Please try again later.'[39m,
  context: {
    streamErrorCode: [32m'STREAM_CONNECTION_FAILED'[39m,
    retryable: [33mtrue[39m,
    originalMessage: [32m'Always fails'[39m,
    context: [32m'retry'[39m,
    attempt: [33m3[39m,
    maxRetries: [33m5[39m,
    delayMs: [33m43.48096276371305[39m
  },
  stack: [32m'Error: Unable to connect to the video service. Please 
check your internet connection and try again.\n'[39m +
    [32m'    at toStreamError (C:\\Users\\DELL\\Desktop\\a2a-dr.-gemini-i
ntake-agent\\src\\server\\services\\stream-error-handler.ts:337:10)\n'[39
m +
    [32m'    at logStreamError (C:\\Users\\DELL\\Desktop\\a2a-dr.-gemini-
intake-agent\\src\\server\\services\\stream-error-handler.ts:352:23)\n'[3
9m +
    [32m'    at Module.retryWithBackoff (C:\\Users\\DELL\\Desktop\\a2a-dr
.-gemini-intake-agent\\src\\server\\services\\stream-error-handler.ts:236:
7)\n'[39m +
    [32m'    at C:\\Users\\DELL\\Desktop\\a2a-dr.-gemini-intake-agent\\__
tests__\\properties\\stream-error-handling.property.test.ts:221:13\n'[39m
 +
    [32m'    at AsyncProperty.run (file:///C:/Users/DELL/Desktop/a2a-dr.-
gemini-intake-agent/node_modules/fast-check/lib/esm/check/property/AsyncPr
operty.generic.js:46:28)\n'[39m +
    [32m'    at asyncRunIt (file:///C:/Users/DELL/Desktop/a2a-dr.-gemini-
intake-agent/node_modules/fast-check/lib/esm/check/runner/Runner.js:33:21)
\n'[39m +
    [32m'    at C:\\Users\\DELL\\Desktop\\a2a-dr.-gemini-intake-agent\\__
tests__\\properties\\stream-error-handling.property.test.ts:205:7\n'[39m 
+
    [32m'    at file:///C:/Users/DELL/Desktop/a2a-dr.-gemini-intake-agent
/node_modules/@vitest/runner/dist/index.js:533:5\n'[39m +
    [32m'    at runTest (file:///C:/Users/DELL/Desktop/a2a-dr.-gemini-int
ake-agent/node_modules/@vitest/runner/dist/index.js:1056:11)\n'[39m +
    [32m'    at runSuite (file:///C:/Users/DELL/Desktop/a2a-dr.-gemini-in
take-agent/node_modules/@vitest/runner/dist/index.js:1205:15)'[39m
}

[90mstderr[2m | 
__tests__/properties/stream-error-handling.property.test.ts[2m > 
[22m[2mProperty 15: Error Handling[2m > [22m[2mRequirement 7.2: 
Retry mechanisms with exponential backoff[2m > [22m[2mretryWithBackoff 
retries the correct number of times on failure
[22m[39mUnhandled error: StreamError: Unable to connect to the video 
service. Please check your internet connection and try again.
    at toStreamError [90m(C:\Users\DELL\Desktop\a2a-dr.-gemini-intake-age
nt\[39msrc\server\services\stream-error-handler.ts:337:10[90m)[39m
    at logStreamError [90m(C:\Users\DELL\Desktop\a2a-dr.-gemini-intake-ag
ent\[39msrc\server\services\stream-error-handler.ts:352:23[90m)[39m
    at Module.retryWithBackoff [90m(C:\Users\DELL\Desktop\a2a-dr.-gemini-
intake-agent\[39msrc\server\services\stream-error-handler.ts:236:7[90m)
[39m
    at [90mC:\Users\DELL\Desktop\a2a-dr.-gemini-intake-agent\[39m__tests
__\properties\stream-error-handling.property.test.ts:221:13
    at AsyncProperty.run [90m(file:///C:/Users/DELL/Desktop/a2a-dr.-gemin
i-intake-agent/[39mnode_modules/[4mfast-check[24m/lib/esm/check/propert
y/AsyncProperty.generic.js:46:28[90m)[39m
    at asyncRunIt [90m(file:///C:/Users/DELL/Desktop/a2a-dr.-gemini-intak
e-agent/[39mnode_modules/[4mfast-check[24m/lib/esm/check/runner/Runner.
js:33:21[90m)[39m
    at [90mC:\Users\DELL\Desktop\a2a-dr.-gemini-intake-agent\[39m__tests
__\properties\stream-error-handling.property.test.ts:205:7
    at [90mfile:///C:/Users/DELL/Desktop/a2a-dr.-gemini-intake-agent/[39
mnode_modules/[4m@vitest/runner[24m/dist/index.js:533:5
    at runTest [90m(file:///C:/Users/DELL/Desktop/a2a-dr.-gemini-intake-a
gent/[39mnode_modules/[4m@vitest/runner[24m/dist/index.js:1056:11[90m)
[39m
    at runSuite [90m(file:///C:/Users/DELL/Desktop/a2a-dr.-gemini-intake-
agent/[39mnode_modules/[4m@vitest/runner[24m/dist/index.js:1205:15[90m
)[39m {
  code: [32m'STREAM_CONNECTION_FAILED'[39m,
  originalError: Error: Always fails
      at [90mC:\Users\DELL\Desktop\a2a-dr.-gemini-intake-agent\[39m__tes
ts__\properties\stream-error-handling.property.test.ts:212:21
      at mockCall [90m(file:///C:/Users/DELL/Desktop/a2a-dr.-gemini-intak
e-agent/[39mnode_modules/[4m@vitest/spy[24m/dist/index.js:61:17[90m)[
39m
      at spy [90m(file:///C:/Users/DELL/Desktop/a2a-dr.-gemini-intake-age
nt/[39mnode_modules/[4mtinyspy[24m/dist/index.js:45:80[90m)[39m
      at Module.retryWithBackoff [90m(C:\Users\DELL\Desktop\a2a-dr.-gemin
i-intake-agent\[39msrc\server\services\stream-error-handler.ts:219:20[90
m)[39m
      at [90mC:\Users\DELL\Desktop\a2a-dr.-gemini-intake-agent\[39m__tes
ts__\properties\stream-error-handling.property.test.ts:221:13
      at AsyncProperty.run [90m(file:///C:/Users/DELL/Desktop/a2a-dr.-gem
ini-intake-agent/[39mnode_modules/[4mfast-check[24m/lib/esm/check/prope
rty/AsyncProperty.generic.js:46:28[90m)[39m
      at asyncRunIt [90m(file:///C:/Users/DELL/Desktop/a2a-dr.-gemini-int
ake-agent/[39mnode_modules/[4mfast-check[24m/lib/esm/check/runner/Runne
r.js:33:21[90m)[39m
      at [90mC:\Users\DELL\Desktop\a2a-dr.-gemini-intake-agent\[39m__tes
ts__\properties\stream-error-handling.property.test.ts:205:7
      at [90mfile:///C:/Users/DELL/Desktop/a2a-dr.-gemini-intake-agent/[
39mnode_modules/[4m@vitest/runner[24m/dist/index.js:533:5
      at runTest [90m(file:///C:/Users/DELL/Desktop/a2a-dr.-gemini-intake
-agent/[39mnode_modules/[4m@vitest/runner[24m/dist/index.js:1056:11[90
m)[39m,
  retryable: [33mtrue[39m,
  fallbackOptions: [
    {
      id: [32m'retry'[39m,
      label: [32m'Try Again'[39m,
      description: [32m'Attempt to reconnect to the video service'[39m,
      action: [32m'retry'[39m
    },
    {
      id: [32m'refresh'[39m,
      label: [32m'Refresh Page'[39m,
      description: [32m'Reload the page to reset the connection'[39m,
      action: [32m'refresh'[39m
    }
  ]
}
Unexpected error: {
  code: [32m'INTERNAL_ERROR'[39m,
  message: [32m'Something went wrong. Please try again later.'[39m,
  context: {
    streamErrorCode: [32m'STREAM_CONNECTION_FAILED'[39m,
    retryable: [33mtrue[39m,
    originalMessage: [32m'Always fails'[39m,
    context: [32m'retry'[39m,
    attempt: [33m4[39m,
    maxRetries: [33m5[39m,
    delayMs: [33m72.77754187366362[39m
  },
  stack: [32m'Error: Unable to connect to the video service. Please 
check your internet connection and try again.\n'[39m +
    [32m'    at toStreamError (C:\\Users\\DELL\\Desktop\\a2a-dr.-gemini-i
ntake-agent\\src\\server\\services\\stream-error-handler.ts:337:10)\n'[39
m +
    [32m'    at logStreamError (C:\\Users\\DELL\\Desktop\\a2a-dr.-gemini-
intake-agent\\src\\server\\services\\stream-error-handler.ts:352:23)\n'[3
9m +
    [32m'    at Module.retryWithBackoff (C:\\Users\\DELL\\Desktop\\a2a-dr
.-gemini-intake-agent\\src\\server\\services\\stream-error-handler.ts:236:
7)\n'[39m +
    [32m'    at C:\\Users\\DELL\\Desktop\\a2a-dr.-gemini-intake-agent\\__
tests__\\properties\\stream-error-handling.property.test.ts:221:13\n'[39m
 +
    [32m'    at AsyncProperty.run (file:///C:/Users/DELL/Desktop/a2a-dr.-
gemini-intake-agent/node_modules/fast-check/lib/esm/check/property/AsyncPr
operty.generic.js:46:28)\n'[39m +
    [32m'    at asyncRunIt (file:///C:/Users/DELL/Desktop/a2a-dr.-gemini-
intake-agent/node_modules/fast-check/lib/esm/check/runner/Runner.js:33:21)
\n'[39m +
    [32m'    at C:\\Users\\DELL\\Desktop\\a2a-dr.-gemini-intake-agent\\__
tests__\\properties\\stream-error-handling.property.test.ts:205:7\n'[39m 
+
    [32m'    at file:///C:/Users/DELL/Desktop/a2a-dr.-gemini-intake-agent
/node_modules/@vitest/runner/dist/index.js:533:5\n'[39m +
    [32m'    at runTest (file:///C:/Users/DELL/Desktop/a2a-dr.-gemini-int
ake-agent/node_modules/@vitest/runner/dist/index.js:1056:11)\n'[39m +
    [32m'    at runSuite (file:///C:/Users/DELL/Desktop/a2a-dr.-gemini-in
take-agent/node_modules/@vitest/runner/dist/index.js:1205:15)'[39m
}

[90mstderr[2m | 
__tests__/properties/stream-error-handling.property.test.ts[2m > 
[22m[2mProperty 15: Error Handling[2m > [22m[2mRequirement 7.2: 
Retry mechanisms with exponential backoff[2m > [22m[2mretryWithBackoff 
retries the correct number of times on failure
[22m[39mUnhandled error: StreamError: Unable to connect to the video 
service. Please check your internet connection and try again.
    at toStreamError [90m(C:\Users\DELL\Desktop\a2a-dr.-gemini-intake-age
nt\[39msrc\server\services\stream-error-handler.ts:337:10[90m)[39m
    at logStreamError [90m(C:\Users\DELL\Desktop\a2a-dr.-gemini-intake-ag
ent\[39msrc\server\services\stream-error-handler.ts:352:23[90m)[39m
    at Module.retryWithBackoff [90m(C:\Users\DELL\Desktop\a2a-dr.-gemini-
intake-agent\[39msrc\server\services\stream-error-handler.ts:236:7[90m)
[39m
    at [90mC:\Users\DELL\Desktop\a2a-dr.-gemini-intake-agent\[39m__tests
__\properties\stream-error-handling.property.test.ts:221:13
    at AsyncProperty.run [90m(file:///C:/Users/DELL/Desktop/a2a-dr.-gemin
i-intake-agent/[39mnode_modules/[4mfast-check[24m/lib/esm/check/propert
y/AsyncProperty.generic.js:46:28[90m)[39m
    at asyncRunIt [90m(file:///C:/Users/DELL/Desktop/a2a-dr.-gemini-intak
e-agent/[39mnode_modules/[4mfast-check[24m/lib/esm/check/runner/Runner.
js:33:21[90m)[39m
    at [90mC:\Users\DELL\Desktop\a2a-dr.-gemini-intake-agent\[39m__tests
__\properties\stream-error-handling.property.test.ts:205:7
    at [90mfile:///C:/Users/DELL/Desktop/a2a-dr.-gemini-intake-agent/[39
mnode_modules/[4m@vitest/runner[24m/dist/index.js:533:5
    at runTest [90m(file:///C:/Users/DELL/Desktop/a2a-dr.-gemini-intake-a
gent/[39mnode_modules/[4m@vitest/runner[24m/dist/index.js:1056:11[90m)
[39m
    at runSuite [90m(file:///C:/Users/DELL/Desktop/a2a-dr.-gemini-intake-
agent/[39mnode_modules/[4m@vitest/runner[24m/dist/index.js:1205:15[90m
)[39m {
  code: [32m'STREAM_CONNECTION_FAILED'[39m,
  originalError: Error: Always fails
      at [90mC:\Users\DELL\Desktop\a2a-dr.-gemini-intake-agent\[39m__tes
ts__\properties\stream-error-handling.property.test.ts:212:21
      at mockCall [90m(file:///C:/Users/DELL/Desktop/a2a-dr.-gemini-intak
e-agent/[39mnode_modules/[4m@vitest/spy[24m/dist/index.js:61:17[90m)[
39m
      at spy [90m(file:///C:/Users/DELL/Desktop/a2a-dr.-gemini-intake-age
nt/[39mnode_modules/[4mtinyspy[24m/dist/index.js:45:80[90m)[39m
      at Module.retryWithBackoff [90m(C:\Users\DELL\Desktop\a2a-dr.-gemin
i-intake-agent\[39msrc\server\services\stream-error-handler.ts:219:20[90
m)[39m
      at [90mC:\Users\DELL\Desktop\a2a-dr.-gemini-intake-agent\[39m__tes
ts__\properties\stream-error-handling.property.test.ts:221:13
      at AsyncProperty.run [90m(file:///C:/Users/DELL/Desktop/a2a-dr.-gem
ini-intake-agent/[39mnode_modules/[4mfast-check[24m/lib/esm/check/prope
rty/AsyncProperty.generic.js:46:28[90m)[39m
      at asyncRunIt [90m(file:///C:/Users/DELL/Desktop/a2a-dr.-gemini-int
ake-agent/[39mnode_modules/[4mfast-check[24m/lib/esm/check/runner/Runne
r.js:33:21[90m)[39m
      at [90mC:\Users\DELL\Desktop\a2a-dr.-gemini-intake-agent\[39m__tes
ts__\properties\stream-error-handling.property.test.ts:205:7
      at [90mfile:///C:/Users/DELL/Desktop/a2a-dr.-gemini-intake-agent/[
39mnode_modules/[4m@vitest/runner[24m/dist/index.js:533:5
      at runTest [90m(file:///C:/Users/DELL/Desktop/a2a-dr.-gemini-intake
-agent/[39mnode_modules/[4m@vitest/runner[24m/dist/index.js:1056:11[90
m)[39m,
  retryable: [33mtrue[39m,
  fallbackOptions: [
    {
      id: [32m'retry'[39m,
      label: [32m'Try Again'[39m,
      description: [32m'Attempt to reconnect to the video service'[39m,
      action: [32m'retry'[39m
    },
    {
      id: [32m'refresh'[39m,
      label: [32m'Refresh Page'[39m,
      description: [32m'Reload the page to reset the connection'[39m,
      action: [32m'refresh'[39m
    }
  ]
}
Unexpected error: {
  code: [32m'INTERNAL_ERROR'[39m,
  message: [32m'Something went wrong. Please try again later.'[39m,
  context: {
    streamErrorCode: [32m'STREAM_CONNECTION_FAILED'[39m,
    retryable: [33mtrue[39m,
    originalMessage: [32m'Always fails'[39m,
    context: [32m'retry'[39m,
    attempt: [33m5[39m,
    maxRetries: [33m5[39m,
    delayMs: [33m100[39m
  },
  stack: [32m'Error: Unable to connect to the video service. Please 
check your internet connection and try again.\n'[39m +
    [32m'    at toStreamError (C:\\Users\\DELL\\Desktop\\a2a-dr.-gemini-i
ntake-agent\\src\\server\\services\\stream-error-handler.ts:337:10)\n'[39
m +
    [32m'    at logStreamError (C:\\Users\\DELL\\Desktop\\a2a-dr.-gemini-
intake-agent\\src\\server\\services\\stream-error-handler.ts:352:23)\n'[3
9m +
    [32m'    at Module.retryWithBackoff (C:\\Users\\DELL\\Desktop\\a2a-dr
.-gemini-intake-agent\\src\\server\\services\\stream-error-handler.ts:236:
7)\n'[39m +
    [32m'    at C:\\Users\\DELL\\Desktop\\a2a-dr.-gemini-intake-agent\\__
tests__\\properties\\stream-error-handling.property.test.ts:221:13\n'[39m
 +
    [32m'    at AsyncProperty.run (file:///C:/Users/DELL/Desktop/a2a-dr.-
gemini-intake-agent/node_modules/fast-check/lib/esm/check/property/AsyncPr
operty.generic.js:46:28)\n'[39m +
    [32m'    at asyncRunIt (file:///C:/Users/DELL/Desktop/a2a-dr.-gemini-
intake-agent/node_modules/fast-check/lib/esm/check/runner/Runner.js:33:21)
\n'[39m +
    [32m'    at C:\\Users\\DELL\\Desktop\\a2a-dr.-gemini-intake-agent\\__
tests__\\properties\\stream-error-handling.property.test.ts:205:7\n'[39m 
+
    [32m'    at file:///C:/Users/DELL/Desktop/a2a-dr.-gemini-intake-agent
/node_modules/@vitest/runner/dist/index.js:533:5\n'[39m +
    [32m'    at runTest (file:///C:/Users/DELL/Desktop/a2a-dr.-gemini-int
ake-agent/node_modules/@vitest/runner/dist/index.js:1056:11)\n'[39m +
    [32m'    at runSuite (file:///C:/Users/DELL/Desktop/a2a-dr.-gemini-in
take-agent/node_modules/@vitest/runner/dist/index.js:1205:15)'[39m
}

[90mstderr[2m | 
__tests__/properties/stream-error-handling.property.test.ts[2m > 
[22m[2mProperty 15: Error Handling[2m > [22m[2mRequirement 7.2: 
Retry mechanisms with exponential backoff[2m > [22m[2mretryWithBackoff 
retries the correct number of times on failure
[22m[39mUnhandled error: StreamError: Unable to connect to the video 
service. Please check your internet connection and try again.
    at toStreamError [90m(C:\Users\DELL\Desktop\a2a-dr.-gemini-intake-age
nt\[39msrc\server\services\stream-error-handler.ts:337:10[90m)[39m
    at logStreamError [90m(C:\Users\DELL\Desktop\a2a-dr.-gemini-intake-ag
ent\[39msrc\server\services\stream-error-handler.ts:352:23[90m)[39m
    at Module.retryWithBackoff [90m(C:\Users\DELL\Desktop\a2a-dr.-gemini-
intake-agent\[39msrc\server\services\stream-error-handler.ts:236:7[90m)
[39m {
  code: [32m'STREAM_CONNECTION_FAILED'[39m,
  originalError: Error: Always fails
      at [90mC:\Users\DELL\Desktop\a2a-dr.-gemini-intake-agent\[39m__tes
ts__\properties\stream-error-handling.property.test.ts:212:21
      at mockCall [90m(file:///C:/Users/DELL/Desktop/a2a-dr.-gemini-intak
e-agent/[39mnode_modules/[4m@vitest/spy[24m/dist/index.js:61:17[90m)[
39m
      at spy [90m(file:///C:/Users/DELL/Desktop/a2a-dr.-gemini-intake-age
nt/[39mnode_modules/[4mtinyspy[24m/dist/index.js:45:80[90m)[39m
      at Module.retryWithBackoff [90m(C:\Users\DELL\Desktop\a2a-dr.-gemin
i-intake-agent\[39msrc\server\services\stream-error-handler.ts:219:20[90
m)[39m
      at [90mC:\Users\DELL\Desktop\a2a-dr.-gemini-intake-agent\[39m__tes
ts__\properties\stream-error-handling.property.test.ts:221:26
      at AsyncProperty.predicate [90m(file:///C:/Users/DELL/Desktop/a2a-d
r.-gemini-intake-agent/[39mnode_modules/[4mfast-check[24m/lib/esm/check
/property/AsyncProperty.js:14:59[90m)[39m
      at AsyncProperty.run [90m(file:///C:/Users/DELL/Desktop/a2a-dr.-gem
ini-intake-agent/[39mnode_modules/[4mfast-check[24m/lib/esm/check/prope
rty/AsyncProperty.generic.js:46:39[90m)[39m
      at asyncRunIt [90m(file:///C:/Users/DELL/Desktop/a2a-dr.-gemini-int
ake-agent/[39mnode_modules/[4mfast-check[24m/lib/esm/check/runner/Runne
r.js:33:36[90m)[39m
      at [90mC:\Users\DELL\Desktop\a2a-dr.-gemini-intake-agent\[39m__tes
ts__\properties\stream-error-handling.property.test.ts:205:7
      at [90mfile:///C:/Users/DELL/Desktop/a2a-dr.-gemini-intake-agent/[
39mnode_modules/[4m@vitest/runner[24m/dist/index.js:533:5,
  retryable: [33mtrue[39m,
  fallbackOptions: [
    {
      id: [32m'retry'[39m,
      label: [32m'Try Again'[39m,
      description: [32m'Attempt to reconnect to the video service'[39m,
      action: [32m'retry'[39m
    },
    {
      id: [32m'refresh'[39m,
      label: [32m'Refresh Page'[39m,
      description: [32m'Reload the page to reset the connection'[39m,
      action: [32m'refresh'[39m
    }
  ]
}
Unexpected error: {
  code: [32m'INTERNAL_ERROR'[39m,
  message: [32m'Something went wrong. Please try again later.'[39m,
  context: {
    streamErrorCode: [32m'STREAM_CONNECTION_FAILED'[39m,
    retryable: [33mtrue[39m,
    originalMessage: [32m'Always fails'[39m,
    context: [32m'retry'[39m,
    attempt: [33m1[39m,
    maxRetries: [33m3[39m,
    delayMs: [33m9.239603209205772[39m
  },
  stack: [32m'Error: Unable to connect to the video service. Please 
check your internet connection and try again.\n'[39m +
    [32m'    at toStreamError (C:\\Users\\DELL\\Desktop\\a2a-dr.-gemini-i
ntake-agent\\src\\server\\services\\stream-error-handler.ts:337:10)\n'[39
m +
    [32m'    at logStreamError (C:\\Users\\DELL\\Desktop\\a2a-dr.-gemini-
intake-agent\\src\\server\\services\\stream-error-handler.ts:352:23)\n'[3
9m +
    [32m'    at Module.retryWithBackoff (C:\\Users\\DELL\\Desktop\\a2a-dr
.-gemini-intake-agent\\src\\server\\services\\stream-error-handler.ts:236:
7)'[39m
}

[90mstderr[2m | 
__tests__/properties/stream-error-handling.property.test.ts[2m > 
[22m[2mProperty 15: Error Handling[2m > [22m[2mRequirement 7.2: 
Retry mechanisms with exponential backoff[2m > [22m[2mretryWithBackoff 
retries the correct number of times on failure
[22m[39mUnhandled error: StreamError: Unable to connect to the video 
service. Please check your internet connection and try again.
    at toStreamError [90m(C:\Users\DELL\Desktop\a2a-dr.-gemini-intake-age
nt\[39msrc\server\services\stream-error-handler.ts:337:10[90m)[39m
    at logStreamError [90m(C:\Users\DELL\Desktop\a2a-dr.-gemini-intake-ag
ent\[39msrc\server\services\stream-error-handler.ts:352:23[90m)[39m
    at Module.retryWithBackoff [90m(C:\Users\DELL\Desktop\a2a-dr.-gemini-
intake-agent\[39msrc\server\services\stream-error-handler.ts:236:7[90m)
[39m
    at [90mC:\Users\DELL\Desktop\a2a-dr.-gemini-intake-agent\[39m__tests
__\properties\stream-error-handling.property.test.ts:221:13
    at AsyncProperty.run [90m(file:///C:/Users/DELL/Desktop/a2a-dr.-gemin
i-intake-agent/[39mnode_modules/[4mfast-check[24m/lib/esm/check/propert
y/AsyncProperty.generic.js:46:28[90m)[39m
    at asyncRunIt [90m(file:///C:/Users/DELL/Desktop/a2a-dr.-gemini-intak
e-agent/[39mnode_modules/[4mfast-check[24m/lib/esm/check/runner/Runner.
js:33:21[90m)[39m
    at [90mC:\Users\DELL\Desktop\a2a-dr.-gemini-intake-agent\[39m__tests
__\properties\stream-error-handling.property.test.ts:205:7
    at [90mfile:///C:/Users/DELL/Desktop/a2a-dr.-gemini-intake-agent/[39
mnode_modules/[4m@vitest/runner[24m/dist/index.js:533:5
    at runTest [90m(file:///C:/Users/DELL/Desktop/a2a-dr.-gemini-intake-a
gent/[39mnode_modules/[4m@vitest/runner[24m/dist/index.js:1056:11[90m)
[39m
    at runSuite [90m(file:///C:/Users/DELL/Desktop/a2a-dr.-gemini-intake-
agent/[39mnode_modules/[4m@vitest/runner[24m/dist/index.js:1205:15[90m
)[39m {
  code: [32m'STREAM_CONNECTION_FAILED'[39m,
  originalError: Error: Always fails
      at [90mC:\Users\DELL\Desktop\a2a-dr.-gemini-intake-agent\[39m__tes
ts__\properties\stream-error-handling.property.test.ts:212:21
      at mockCall [90m(file:///C:/Users/DELL/Desktop/a2a-dr.-gemini-intak
e-agent/[39mnode_modules/[4m@vitest/spy[24m/dist/index.js:61:17[90m)[
39m
      at spy [90m(file:///C:/Users/DELL/Desktop/a2a-dr.-gemini-intake-age
nt/[39mnode_modules/[4mtinyspy[24m/dist/index.js:45:80[90m)[39m
      at Module.retryWithBackoff [90m(C:\Users\DELL\Desktop\a2a-dr.-gemin
i-intake-agent\[39msrc\server\services\stream-error-handler.ts:219:20[90
m)[39m
      at [90mC:\Users\DELL\Desktop\a2a-dr.-gemini-intake-agent\[39m__tes
ts__\properties\stream-error-handling.property.test.ts:221:13
      at AsyncProperty.run [90m(file:///C:/Users/DELL/Desktop/a2a-dr.-gem
ini-intake-agent/[39mnode_modules/[4mfast-check[24m/lib/esm/check/prope
rty/AsyncProperty.generic.js:46:28[90m)[39m
      at asyncRunIt [90m(file:///C:/Users/DELL/Desktop/a2a-dr.-gemini-int
ake-agent/[39mnode_modules/[4mfast-check[24m/lib/esm/check/runner/Runne
r.js:33:21[90m)[39m
      at [90mC:\Users\DELL\Desktop\a2a-dr.-gemini-intake-agent\[39m__tes
ts__\properties\stream-error-handling.property.test.ts:205:7
      at [90mfile:///C:/Users/DELL/Desktop/a2a-dr.-gemini-intake-agent/[
39mnode_modules/[4m@vitest/runner[24m/dist/index.js:533:5
      at runTest [90m(file:///C:/Users/DELL/Desktop/a2a-dr.-gemini-intake
-agent/[39mnode_modules/[4m@vitest/runner[24m/dist/index.js:1056:11[90
m)[39m,
  retryable: [33mtrue[39m,
  fallbackOptions: [
    {
      id: [32m'retry'[39m,
      label: [32m'Try Again'[39m,
      description: [32m'Attempt to reconnect to the video service'[39m,
      action: [32m'retry'[39m
    },
    {
      id: [32m'refresh'[39m,
      label: [32m'Refresh Page'[39m,
      description: [32m'Reload the page to reset the connection'[39m,
      action: [32m'refresh'[39m
    }
  ]
}
Unexpected error: {
  code: [32m'INTERNAL_ERROR'[39m,
  message: [32m'Something went wrong. Please try again later.'[39m,
  context: {
    streamErrorCode: [32m'STREAM_CONNECTION_FAILED'[39m,
    retryable: [33mtrue[39m,
    originalMessage: [32m'Always fails'[39m,
    context: [32m'retry'[39m,
    attempt: [33m2[39m,
    maxRetries: [33m3[39m,
    delayMs: [33m18.977779626851646[39m
  },
  stack: [32m'Error: Unable to connect to the video service. Please 
check your internet connection and try again.\n'[39m +
    [32m'    at toStreamError (C:\\Users\\DELL\\Desktop\\a2a-dr.-gemini-i
ntake-agent\\src\\server\\services\\stream-error-handler.ts:337:10)\n'[39
m +
    [32m'    at logStreamError (C:\\Users\\DELL\\Desktop\\a2a-dr.-gemini-
intake-agent\\src\\server\\services\\stream-error-handler.ts:352:23)\n'[3
9m +
    [32m'    at Module.retryWithBackoff (C:\\Users\\DELL\\Desktop\\a2a-dr
.-gemini-intake-agent\\src\\server\\services\\stream-error-handler.ts:236:
7)\n'[39m +
    [32m'    at C:\\Users\\DELL\\Desktop\\a2a-dr.-gemini-intake-agent\\__
tests__\\properties\\stream-error-handling.property.test.ts:221:13\n'[39m
 +
    [32m'    at AsyncProperty.run (file:///C:/Users/DELL/Desktop/a2a-dr.-
gemini-intake-agent/node_modules/fast-check/lib/esm/check/property/AsyncPr
operty.generic.js:46:28)\n'[39m +
    [32m'    at asyncRunIt (file:///C:/Users/DELL/Desktop/a2a-dr.-gemini-
intake-agent/node_modules/fast-check/lib/esm/check/runner/Runner.js:33:21)
\n'[39m +
    [32m'    at C:\\Users\\DELL\\Desktop\\a2a-dr.-gemini-intake-agent\\__
tests__\\properties\\stream-error-handling.property.test.ts:205:7\n'[39m 
+
    [32m'    at file:///C:/Users/DELL/Desktop/a2a-dr.-gemini-intake-agent
/node_modules/@vitest/runner/dist/index.js:533:5\n'[39m +
    [32m'    at runTest (file:///C:/Users/DELL/Desktop/a2a-dr.-gemini-int
ake-agent/node_modules/@vitest/runner/dist/index.js:1056:11)\n'[39m +
    [32m'    at runSuite (file:///C:/Users/DELL/Desktop/a2a-dr.-gemini-in
take-agent/node_modules/@vitest/runner/dist/index.js:1205:15)'[39m
}

[90mstderr[2m | 
__tests__/properties/stream-error-handling.property.test.ts[2m > 
[22m[2mProperty 15: Error Handling[2m > [22m[2mRequirement 7.2: 
Retry mechanisms with exponential backoff[2m > [22m[2mretryWithBackoff 
retries the correct number of times on failure
[22m[39mUnhandled error: StreamError: Unable to connect to the video 
service. Please check your internet connection and try again.
    at toStreamError [90m(C:\Users\DELL\Desktop\a2a-dr.-gemini-intake-age
nt\[39msrc\server\services\stream-error-handler.ts:337:10[90m)[39m
    at logStreamError [90m(C:\Users\DELL\Desktop\a2a-dr.-gemini-intake-ag
ent\[39msrc\server\services\stream-error-handler.ts:352:23[90m)[39m
    at Module.retryWithBackoff [90m(C:\Users\DELL\Desktop\a2a-dr.-gemini-
intake-agent\[39msrc\server\services\stream-error-handler.ts:236:7[90m)
[39m
    at [90mC:\Users\DELL\Desktop\a2a-dr.-gemini-intake-agent\[39m__tests
__\properties\stream-error-handling.property.test.ts:221:13
    at AsyncProperty.run [90m(file:///C:/Users/DELL/Desktop/a2a-dr.-gemin
i-intake-agent/[39mnode_modules/[4mfast-check[24m/lib/esm/check/propert
y/AsyncProperty.generic.js:46:28[90m)[39m
    at asyncRunIt [90m(file:///C:/Users/DELL/Desktop/a2a-dr.-gemini-intak
e-agent/[39mnode_modules/[4mfast-check[24m/lib/esm/check/runner/Runner.
js:33:21[90m)[39m
    at [90mC:\Users\DELL\Desktop\a2a-dr.-gemini-intake-agent\[39m__tests
__\properties\stream-error-handling.property.test.ts:205:7
    at [90mfile:///C:/Users/DELL/Desktop/a2a-dr.-gemini-intake-agent/[39
mnode_modules/[4m@vitest/runner[24m/dist/index.js:533:5
    at runTest [90m(file:///C:/Users/DELL/Desktop/a2a-dr.-gemini-intake-a
gent/[39mnode_modules/[4m@vitest/runner[24m/dist/index.js:1056:11[90m)
[39m
    at runSuite [90m(file:///C:/Users/DELL/Desktop/a2a-dr.-gemini-intake-
agent/[39mnode_modules/[4m@vitest/runner[24m/dist/index.js:1205:15[90m
)[39m {
  code: [32m'STREAM_CONNECTION_FAILED'[39m,
  originalError: Error: Always fails
      at [90mC:\Users\DELL\Desktop\a2a-dr.-gemini-intake-agent\[39m__tes
ts__\properties\stream-error-handling.property.test.ts:212:21
      at mockCall [90m(file:///C:/Users/DELL/Desktop/a2a-dr.-gemini-intak
e-agent/[39mnode_modules/[4m@vitest/spy[24m/dist/index.js:61:17[90m)[
39m
      at spy [90m(file:///C:/Users/DELL/Desktop/a2a-dr.-gemini-intake-age
nt/[39mnode_modules/[4mtinyspy[24m/dist/index.js:45:80[90m)[39m
      at Module.retryWithBackoff [90m(C:\Users\DELL\Desktop\a2a-dr.-gemin
i-intake-agent\[39msrc\server\services\stream-error-handler.ts:219:20[90
m)[39m
      at [90mC:\Users\DELL\Desktop\a2a-dr.-gemini-intake-agent\[39m__tes
ts__\properties\stream-error-handling.property.test.ts:221:13
      at AsyncProperty.run [90m(file:///C:/Users/DELL/Desktop/a2a-dr.-gem
ini-intake-agent/[39mnode_modules/[4mfast-check[24m/lib/esm/check/prope
rty/AsyncProperty.generic.js:46:28[90m)[39m
      at asyncRunIt [90m(file:///C:/Users/DELL/Desktop/a2a-dr.-gemini-int
ake-agent/[39mnode_modules/[4mfast-check[24m/lib/esm/check/runner/Runne
r.js:33:21[90m)[39m
      at [90mC:\Users\DELL\Desktop\a2a-dr.-gemini-intake-agent\[39m__tes
ts__\properties\stream-error-handling.property.test.ts:205:7
      at [90mfile:///C:/Users/DELL/Desktop/a2a-dr.-gemini-intake-agent/[
39mnode_modules/[4m@vitest/runner[24m/dist/index.js:533:5
      at runTest [90m(file:///C:/Users/DELL/Desktop/a2a-dr.-gemini-intake
-agent/[39mnode_modules/[4m@vitest/runner[24m/dist/index.js:1056:11[90
m)[39m,
  retryable: [33mtrue[39m,
  fallbackOptions: [
    {
      id: [32m'retry'[39m,
      label: [32m'Try Again'[39m,
      description: [32m'Attempt to reconnect to the video service'[39m,
      action: [32m'retry'[39m
    },
    {
      id: [32m'refresh'[39m,
      label: [32m'Refresh Page'[39m,
      description: [32m'Reload the page to reset the connection'[39m,
      action: [32m'refresh'[39m
    }
  ]
}
Unexpected error: {
  code: [32m'INTERNAL_ERROR'[39m,
  message: [32m'Something went wrong. Please try again later.'[39m,
  context: {
    streamErrorCode: [32m'STREAM_CONNECTION_FAILED'[39m,
    retryable: [33mtrue[39m,
    originalMessage: [32m'Always fails'[39m,
    context: [32m'retry'[39m,
    attempt: [33m3[39m,
    maxRetries: [33m3[39m,
    delayMs: [33m37.59214980449657[39m
  },
  stack: [32m'Error: Unable to connect to the video service. Please 
check your internet connection and try again.\n'[39m +
    [32m'    at toStreamError (C:\\Users\\DELL\\Desktop\\a2a-dr.-gemini-i
ntake-agent\\src\\server\\services\\stream-error-handler.ts:337:10)\n'[39
m +
    [32m'    at logStreamError (C:\\Users\\DELL\\Desktop\\a2a-dr.-gemini-
intake-agent\\src\\server\\services\\stream-error-handler.ts:352:23)\n'[3
9m +
    [32m'    at Module.retryWithBackoff (C:\\Users\\DELL\\Desktop\\a2a-dr
.-gemini-intake-agent\\src\\server\\services\\stream-error-handler.ts:236:
7)\n'[39m +
    [32m'    at C:\\Users\\DELL\\Desktop\\a2a-dr.-gemini-intake-agent\\__
tests__\\properties\\stream-error-handling.property.test.ts:221:13\n'[39m
 +
    [32m'    at AsyncProperty.run (file:///C:/Users/DELL/Desktop/a2a-dr.-
gemini-intake-agent/node_modules/fast-check/lib/esm/check/property/AsyncPr
operty.generic.js:46:28)\n'[39m +
    [32m'    at asyncRunIt (file:///C:/Users/DELL/Desktop/a2a-dr.-gemini-
intake-agent/node_modules/fast-check/lib/esm/check/runner/Runner.js:33:21)
\n'[39m +
    [32m'    at C:\\Users\\DELL\\Desktop\\a2a-dr.-gemini-intake-agent\\__
tests__\\properties\\stream-error-handling.property.test.ts:205:7\n'[39m 
+
    [32m'    at file:///C:/Users/DELL/Desktop/a2a-dr.-gemini-intake-agent
/node_modules/@vitest/runner/dist/index.js:533:5\n'[39m +
    [32m'    at runTest (file:///C:/Users/DELL/Desktop/a2a-dr.-gemini-int
ake-agent/node_modules/@vitest/runner/dist/index.js:1056:11)\n'[39m +
    [32m'    at runSuite (file:///C:/Users/DELL/Desktop/a2a-dr.-gemini-in
take-agent/node_modules/@vitest/runner/dist/index.js:1205:15)'[39m
}

[90mstderr[2m | 
__tests__/properties/stream-error-handling.property.test.ts[2m > 
[22m[2mProperty 15: Error Handling[2m > [22m[2mRequirement 7.2: 
Retry mechanisms with exponential backoff[2m > [22m[2mretryWithBackoff 
retries the correct number of times on failure
[22m[39mUnhandled error: StreamError: Unable to connect to the video 
service. Please check your internet connection and try again.
    at toStreamError [90m(C:\Users\DELL\Desktop\a2a-dr.-gemini-intake-age
nt\[39msrc\server\services\stream-error-handler.ts:337:10[90m)[39m
    at logStreamError [90m(C:\Users\DELL\Desktop\a2a-dr.-gemini-intake-ag
ent\[39msrc\server\services\stream-error-handler.ts:352:23[90m)[39m
    at Module.retryWithBackoff [90m(C:\Users\DELL\Desktop\a2a-dr.-gemini-
intake-agent\[39msrc\server\services\stream-error-handler.ts:236:7[90m)
[39m {
  code: [32m'STREAM_CONNECTION_FAILED'[39m,
  originalError: Error: Always fails
      at [90mC:\Users\DELL\Desktop\a2a-dr.-gemini-intake-agent\[39m__tes
ts__\properties\stream-error-handling.property.test.ts:212:21
      at mockCall [90m(file:///C:/Users/DELL/Desktop/a2a-dr.-gemini-intak
e-agent/[39mnode_modules/[4m@vitest/spy[24m/dist/index.js:61:17[90m)[
39m
      at spy [90m(file:///C:/Users/DELL/Desktop/a2a-dr.-gemini-intake-age
nt/[39mnode_modules/[4mtinyspy[24m/dist/index.js:45:80[90m)[39m
      at Module.retryWithBackoff [90m(C:\Users\DELL\Desktop\a2a-dr.-gemin
i-intake-agent\[39msrc\server\services\stream-error-handler.ts:219:20[90
m)[39m
      at [90mC:\Users\DELL\Desktop\a2a-dr.-gemini-intake-agent\[39m__tes
ts__\properties\stream-error-handling.property.test.ts:221:26
      at AsyncProperty.predicate [90m(file:///C:/Users/DELL/Desktop/a2a-d
r.-gemini-intake-agent/[39mnode_modules/[4mfast-check[24m/lib/esm/check
/property/AsyncProperty.js:14:59[90m)[39m
      at AsyncProperty.run [90m(file:///C:/Users/DELL/Desktop/a2a-dr.-gem
ini-intake-agent/[39mnode_modules/[4mfast-check[24m/lib/esm/check/prope
rty/AsyncProperty.generic.js:46:39[90m)[39m
      at asyncRunIt [90m(file:///C:/Users/DELL/Desktop/a2a-dr.-gemini-int
ake-agent/[39mnode_modules/[4mfast-check[24m/lib/esm/check/runner/Runne
r.js:33:36[90m)[39m
      at [90mC:\Users\DELL\Desktop\a2a-dr.-gemini-intake-agent\[39m__tes
ts__\properties\stream-error-handling.property.test.ts:205:7
      at [90mfile:///C:/Users/DELL/Desktop/a2a-dr.-gemini-intake-agent/[
39mnode_modules/[4m@vitest/runner[24m/dist/index.js:533:5,
  retryable: [33mtrue[39m,
  fallbackOptions: [
    {
      id: [32m'retry'[39m,
      label: [32m'Try Again'[39m,
      description: [32m'Attempt to reconnect to the video service'[39m,
      action: [32m'retry'[39m
    },
    {
      id: [32m'refresh'[39m,
      label: [32m'Refresh Page'[39m,
      description: [32m'Reload the page to reset the connection'[39m,
      action: [32m'refresh'[39m
    }
  ]
}
Unexpected error: {
  code: [32m'INTERNAL_ERROR'[39m,
  message: [32m'Something went wrong. Please try again later.'[39m,
  context: {
    streamErrorCode: [32m'STREAM_CONNECTION_FAILED'[39m,
    retryable: [33mtrue[39m,
    originalMessage: [32m'Always fails'[39m,
    context: [32m'retry'[39m,
    attempt: [33m1[39m,
    maxRetries: [33m2[39m,
    delayMs: [33m9.077465777792739[39m
  },
  stack: [32m'Error: Unable to connect to the video service. Please 
check your internet connection and try again.\n'[39m +
    [32m'    at toStreamError (C:\\Users\\DELL\\Desktop\\a2a-dr.-gemini-i
ntake-agent\\src\\server\\services\\stream-error-handler.ts:337:10)\n'[39
m +
    [32m'    at logStreamError (C:\\Users\\DELL\\Desktop\\a2a-dr.-gemini-
intake-agent\\src\\server\\services\\stream-error-handler.ts:352:23)\n'[3
9m +
    [32m'    at Module.retryWithBackoff (C:\\Users\\DELL\\Desktop\\a2a-dr
.-gemini-intake-agent\\src\\server\\services\\stream-error-handler.ts:236:
7)'[39m
}

[90mstderr[2m | 
__tests__/properties/stream-error-handling.property.test.ts[2m > 
[22m[2mProperty 15: Error Handling[2m > [22m[2mRequirement 7.2: 
Retry mechanisms with exponential backoff[2m > [22m[2mretryWithBackoff 
retries the correct number of times on failure
[22m[39mUnhandled error: StreamError: Unable to connect to the video 
service. Please check your internet connection and try again.
    at toStreamError [90m(C:\Users\DELL\Desktop\a2a-dr.-gemini-intake-age
nt\[39msrc\server\services\stream-error-handler.ts:337:10[90m)[39m
    at logStreamError [90m(C:\Users\DELL\Desktop\a2a-dr.-gemini-intake-ag
ent\[39msrc\server\services\stream-error-handler.ts:352:23[90m)[39m
    at Module.retryWithBackoff [90m(C:\Users\DELL\Desktop\a2a-dr.-gemini-
intake-agent\[39msrc\server\services\stream-error-handler.ts:236:7[90m)
[39m
    at [90mC:\Users\DELL\Desktop\a2a-dr.-gemini-intake-agent\[39m__tests
__\properties\stream-error-handling.property.test.ts:221:13
    at AsyncProperty.run [90m(file:///C:/Users/DELL/Desktop/a2a-dr.-gemin
i-intake-agent/[39mnode_modules/[4mfast-check[24m/lib/esm/check/propert
y/AsyncProperty.generic.js:46:28[90m)[39m
    at asyncRunIt [90m(file:///C:/Users/DELL/Desktop/a2a-dr.-gemini-intak
e-agent/[39mnode_modules/[4mfast-check[24m/lib/esm/check/runner/Runner.
js:33:21[90m)[39m
    at [90mC:\Users\DELL\Desktop\a2a-dr.-gemini-intake-agent\[39m__tests
__\properties\stream-error-handling.property.test.ts:205:7
    at [90mfile:///C:/Users/DELL/Desktop/a2a-dr.-gemini-intake-agent/[39
mnode_modules/[4m@vitest/runner[24m/dist/index.js:533:5
    at runTest [90m(file:///C:/Users/DELL/Desktop/a2a-dr.-gemini-intake-a
gent/[39mnode_modules/[4m@vitest/runner[24m/dist/index.js:1056:11[90m)
[39m
    at runSuite [90m(file:///C:/Users/DELL/Desktop/a2a-dr.-gemini-intake-
agent/[39mnode_modules/[4m@vitest/runner[24m/dist/index.js:1205:15[90m
)[39m {
  code: [32m'STREAM_CONNECTION_FAILED'[39m,
  originalError: Error: Always fails
      at [90mC:\Users\DELL\Desktop\a2a-dr.-gemini-intake-agent\[39m__tes
ts__\properties\stream-error-handling.property.test.ts:212:21
      at mockCall [90m(file:///C:/Users/DELL/Desktop/a2a-dr.-gemini-intak
e-agent/[39mnode_modules/[4m@vitest/spy[24m/dist/index.js:61:17[90m)[
39m
      at spy [90m(file:///C:/Users/DELL/Desktop/a2a-dr.-gemini-intake-age
nt/[39mnode_modules/[4mtinyspy[24m/dist/index.js:45:80[90m)[39m
      at Module.retryWithBackoff [90m(C:\Users\DELL\Desktop\a2a-dr.-gemin
i-intake-agent\[39msrc\server\services\stream-error-handler.ts:219:20[90
m)[39m
      at [90mC:\Users\DELL\Desktop\a2a-dr.-gemini-intake-agent\[39m__tes
ts__\properties\stream-error-handling.property.test.ts:221:13
      at AsyncProperty.run [90m(file:///C:/Users/DELL/Desktop/a2a-dr.-gem
ini-intake-agent/[39mnode_modules/[4mfast-check[24m/lib/esm/check/prope
rty/AsyncProperty.generic.js:46:28[90m)[39m
      at asyncRunIt [90m(file:///C:/Users/DELL/Desktop/a2a-dr.-gemini-int
ake-agent/[39mnode_modules/[4mfast-check[24m/lib/esm/check/runner/Runne
r.js:33:21[90m)[39m
      at [90mC:\Users\DELL\Desktop\a2a-dr.-gemini-intake-agent\[39m__tes
ts__\properties\stream-error-handling.property.test.ts:205:7
      at [90mfile:///C:/Users/DELL/Desktop/a2a-dr.-gemini-intake-agent/[
39mnode_modules/[4m@vitest/runner[24m/dist/index.js:533:5
      at runTest [90m(file:///C:/Users/DELL/Desktop/a2a-dr.-gemini-intake
-agent/[39mnode_modules/[4m@vitest/runner[24m/dist/index.js:1056:11[90
m)[39m,
  retryable: [33mtrue[39m,
  fallbackOptions: [
    {
      id: [32m'retry'[39m,
      label: [32m'Try Again'[39m,
      description: [32m'Attempt to reconnect to the video service'[39m,
      action: [32m'retry'[39m
    },
    {
      id: [32m'refresh'[39m,
      label: [32m'Refresh Page'[39m,
      description: [32m'Reload the page to reset the connection'[39m,
      action: [32m'refresh'[39m
    }
  ]
}
Unexpected error: {
  code: [32m'INTERNAL_ERROR'[39m,
  message: [32m'Something went wrong. Please try again later.'[39m,
  context: {
    streamErrorCode: [32m'STREAM_CONNECTION_FAILED'[39m,
    retryable: [33mtrue[39m,
    originalMessage: [32m'Always fails'[39m,
    context: [32m'retry'[39m,
    attempt: [33m2[39m,
    maxRetries: [33m2[39m,
    delayMs: [33m18.96283580088873[39m
  },
  stack: [32m'Error: Unable to connect to the video service. Please 
check your internet connection and try again.\n'[39m +
    [32m'    at toStreamError (C:\\Users\\DELL\\Desktop\\a2a-dr.-gemini-i
ntake-agent\\src\\server\\services\\stream-error-handler.ts:337:10)\n'[39
m +
    [32m'    at logStreamError (C:\\Users\\DELL\\Desktop\\a2a-dr.-gemini-
intake-agent\\src\\server\\services\\stream-error-handler.ts:352:23)\n'[3
9m +
    [32m'    at Module.retryWithBackoff (C:\\Users\\DELL\\Desktop\\a2a-dr
.-gemini-intake-agent\\src\\server\\services\\stream-error-handler.ts:236:
7)\n'[39m +
    [32m'    at C:\\Users\\DELL\\Desktop\\a2a-dr.-gemini-intake-agent\\__
tests__\\properties\\stream-error-handling.property.test.ts:221:13\n'[39m
 +
    [32m'    at AsyncProperty.run (file:///C:/Users/DELL/Desktop/a2a-dr.-
gemini-intake-agent/node_modules/fast-check/lib/esm/check/property/AsyncPr
operty.generic.js:46:28)\n'[39m +
    [32m'    at asyncRunIt (file:///C:/Users/DELL/Desktop/a2a-dr.-gemini-
intake-agent/node_modules/fast-check/lib/esm/check/runner/Runner.js:33:21)
\n'[39m +
    [32m'    at C:\\Users\\DELL\\Desktop\\a2a-dr.-gemini-intake-agent\\__
tests__\\properties\\stream-error-handling.property.test.ts:205:7\n'[39m 
+
    [32m'    at file:///C:/Users/DELL/Desktop/a2a-dr.-gemini-intake-agent
/node_modules/@vitest/runner/dist/index.js:533:5\n'[39m +
    [32m'    at runTest (file:///C:/Users/DELL/Desktop/a2a-dr.-gemini-int
ake-agent/node_modules/@vitest/runner/dist/index.js:1056:11)\n'[39m +
    [32m'    at runSuite (file:///C:/Users/DELL/Desktop/a2a-dr.-gemini-in
take-agent/node_modules/@vitest/runner/dist/index.js:1205:15)'[39m
}

[90mstderr[2m | 
__tests__/properties/stream-error-handling.property.test.ts[2m > 
[22m[2mProperty 15: Error Handling[2m > [22m[2mRequirement 7.2: 
Retry mechanisms with exponential backoff[2m > [22m[2mretryWithBackoff 
retries the correct number of times on failure
[22m[39mUnhandled error: StreamError: Unable to connect to the video 
service. Please check your internet connection and try again.
    at toStreamError [90m(C:\Users\DELL\Desktop\a2a-dr.-gemini-intake-age
nt\[39msrc\server\services\stream-error-handler.ts:337:10[90m)[39m
    at logStreamError [90m(C:\Users\DELL\Desktop\a2a-dr.-gemini-intake-ag
ent\[39msrc\server\services\stream-error-handler.ts:352:23[90m)[39m
    at Module.retryWithBackoff [90m(C:\Users\DELL\Desktop\a2a-dr.-gemini-
intake-agent\[39msrc\server\services\stream-error-handler.ts:236:7[90m)
[39m {
  code: [32m'STREAM_CONNECTION_FAILED'[39m,
  originalError: Error: Always fails
      at [90mC:\Users\DELL\Desktop\a2a-dr.-gemini-intake-agent\[39m__tes
ts__\properties\stream-error-handling.property.test.ts:212:21
      at mockCall [90m(file:///C:/Users/DELL/Desktop/a2a-dr.-gemini-intak
e-agent/[39mnode_modules/[4m@vitest/spy[24m/dist/index.js:61:17[90m)[
39m
      at spy [90m(file:///C:/Users/DELL/Desktop/a2a-dr.-gemini-intake-age
nt/[39mnode_modules/[4mtinyspy[24m/dist/index.js:45:80[90m)[39m
      at Module.retryWithBackoff [90m(C:\Users\DELL\Desktop\a2a-dr.-gemin
i-intake-agent\[39msrc\server\services\stream-error-handler.ts:219:20[90
m)[39m
      at [90mC:\Users\DELL\Desktop\a2a-dr.-gemini-intake-agent\[39m__tes
ts__\properties\stream-error-handling.property.test.ts:221:26
      at AsyncProperty.predicate [90m(file:///C:/Users/DELL/Desktop/a2a-d
r.-gemini-intake-agent/[39mnode_modules/[4mfast-check[24m/lib/esm/check
/property/AsyncProperty.js:14:59[90m)[39m
      at AsyncProperty.run [90m(file:///C:/Users/DELL/Desktop/a2a-dr.-gem
ini-intake-agent/[39mnode_modules/[4mfast-check[24m/lib/esm/check/prope
rty/AsyncProperty.generic.js:46:39[90m)[39m
      at asyncRunIt [90m(file:///C:/Users/DELL/Desktop/a2a-dr.-gemini-int
ake-agent/[39mnode_modules/[4mfast-check[24m/lib/esm/check/runner/Runne
r.js:33:36[90m)[39m
      at [90mC:\Users\DELL\Desktop\a2a-dr.-gemini-intake-agent\[39m__tes
ts__\properties\stream-error-handling.property.test.ts:205:7
      at [90mfile:///C:/Users/DELL/Desktop/a2a-dr.-gemini-intake-agent/[
39mnode_modules/[4m@vitest/runner[24m/dist/index.js:533:5,
  retryable: [33mtrue[39m,
  fallbackOptions: [
    {
      id: [32m'retry'[39m,
      label: [32m'Try Again'[39m,
      description: [32m'Attempt to reconnect to the video service'[39m,
      action: [32m'retry'[39m
    },
    {
      id: [32m'refresh'[39m,
      label: [32m'Refresh Page'[39m,
      description: [32m'Reload the page to reset the connection'[39m,
      action: [32m'refresh'[39m
    }
  ]
}
Unexpected error: {
  code: [32m'INTERNAL_ERROR'[39m,
  message: [32m'Something went wrong. Please try again later.'[39m,
  context: {
    streamErrorCode: [32m'STREAM_CONNECTION_FAILED'[39m,
    retryable: [33mtrue[39m,
    originalMessage: [32m'Always fails'[39m,
    context: [32m'retry'[39m,
    attempt: [33m1[39m,
    maxRetries: [33m1[39m,
    delayMs: [33m10.338988452300768[39m
  },
  stack: [32m'Error: Unable to connect to the video service. Please 
check your internet connection and try again.\n'[39m +
    [32m'    at toStreamError (C:\\Users\\DELL\\Desktop\\a2a-dr.-gemini-i
ntake-agent\\src\\server\\services\\stream-error-handler.ts:337:10)\n'[39
m +
    [32m'    at logStreamError (C:\\Users\\DELL\\Desktop\\a2a-dr.-gemini-
intake-agent\\src\\server\\services\\stream-error-handler.ts:352:23)\n'[3
9m +
    [32m'    at Module.retryWithBackoff (C:\\Users\\DELL\\Desktop\\a2a-dr
.-gemini-intake-agent\\src\\server\\services\\stream-error-handler.ts:236:
7)'[39m
}

[90mstderr[2m | 
__tests__/properties/stream-error-handling.property.test.ts[2m > 
[22m[2mProperty 15: Error Handling[2m > [22m[2mRequirement 7.2: 
Retry mechanisms with exponential backoff[2m > [22m[2mretryWithBackoff 
retries the correct number of times on failure
[22m[39mUnhandled error: StreamError: Unable to connect to the video 
service. Please check your internet connection and try again.
    at toStreamError [90m(C:\Users\DELL\Desktop\a2a-dr.-gemini-intake-age
nt\[39msrc\server\services\stream-error-handler.ts:337:10[90m)[39m
    at logStreamError [90m(C:\Users\DELL\Desktop\a2a-dr.-gemini-intake-ag
ent\[39msrc\server\services\stream-error-handler.ts:352:23[90m)[39m
    at Module.retryWithBackoff [90m(C:\Users\DELL\Desktop\a2a-dr.-gemini-
intake-agent\[39msrc\server\services\stream-error-handler.ts:236:7[90m)
[39m {
  code: [32m'STREAM_CONNECTION_FAILED'[39m,
  originalError: Error: Always fails
      at [90mC:\Users\DELL\Desktop\a2a-dr.-gemini-intake-agent\[39m__tes
ts__\properties\stream-error-handling.property.test.ts:212:21
      at mockCall [90m(file:///C:/Users/DELL/Desktop/a2a-dr.-gemini-intak
e-agent/[39mnode_modules/[4m@vitest/spy[24m/dist/index.js:61:17[90m)[
39m
      at spy [90m(file:///C:/Users/DELL/Desktop/a2a-dr.-gemini-intake-age
nt/[39mnode_modules/[4mtinyspy[24m/dist/index.js:45:80[90m)[39m
      at Module.retryWithBackoff [90m(C:\Users\DELL\Desktop\a2a-dr.-gemin
i-intake-agent\[39msrc\server\services\stream-error-handler.ts:219:20[90
m)[39m
      at [90mC:\Users\DELL\Desktop\a2a-dr.-gemini-intake-agent\[39m__tes
ts__\properties\stream-error-handling.property.test.ts:221:26
      at AsyncProperty.predicate [90m(file:///C:/Users/DELL/Desktop/a2a-d
r.-gemini-intake-agent/[39mnode_modules/[4mfast-check[24m/lib/esm/check
/property/AsyncProperty.js:14:59[90m)[39m
      at AsyncProperty.run [90m(file:///C:/Users/DELL/Desktop/a2a-dr.-gem
ini-intake-agent/[39mnode_modules/[4mfast-check[24m/lib/esm/check/prope
rty/AsyncProperty.generic.js:46:39[90m)[39m
      at asyncRunIt [90m(file:///C:/Users/DELL/Desktop/a2a-dr.-gemini-int
ake-agent/[39mnode_modules/[4mfast-check[24m/lib/esm/check/runner/Runne
r.js:33:36[90m)[39m
      at [90mC:\Users\DELL\Desktop\a2a-dr.-gemini-intake-agent\[39m__tes
ts__\properties\stream-error-handling.property.test.ts:205:7
      at [90mfile:///C:/Users/DELL/Desktop/a2a-dr.-gemini-intake-agent/[
39mnode_modules/[4m@vitest/runner[24m/dist/index.js:533:5,
  retryable: [33mtrue[39m,
  fallbackOptions: [
    {
      id: [32m'retry'[39m,
      label: [32m'Try Again'[39m,
      description: [32m'Attempt to reconnect to the video service'[39m,
      action: [32m'retry'[39m
    },
    {
      id: [32m'refresh'[39m,
      label: [32m'Refresh Page'[39m,
      description: [32m'Reload the page to reset the connection'[39m,
      action: [32m'refresh'[39m
    }
  ]
}
Unexpected error: {
  code: [32m'INTERNAL_ERROR'[39m,
  message: [32m'Something went wrong. Please try again later.'[39m,
  context: {
    streamErrorCode: [32m'STREAM_CONNECTION_FAILED'[39m,
    retryable: [33mtrue[39m,
    originalMessage: [32m'Always fails'[39m,
    context: [32m'retry'[39m,
    attempt: [33m1[39m,
    maxRetries: [33m3[39m,
    delayMs: [33m10.15020990909665[39m
  },
  stack: [32m'Error: Unable to connect to the video service. Please 
check your internet connection and try again.\n'[39m +
    [32m'    at toStreamError (C:\\Users\\DELL\\Desktop\\a2a-dr.-gemini-i
ntake-agent\\src\\server\\services\\stream-error-handler.ts:337:10)\n'[39
m +
    [32m'    at logStreamError (C:\\Users\\DELL\\Desktop\\a2a-dr.-gemini-
intake-agent\\src\\server\\services\\stream-error-handler.ts:352:23)\n'[3
9m +
    [32m'    at Module.retryWithBackoff (C:\\Users\\DELL\\Desktop\\a2a-dr
.-gemini-intake-agent\\src\\server\\services\\stream-error-handler.ts:236:
7)'[39m
}

[90mstderr[2m | 
__tests__/properties/stream-error-handling.property.test.ts[2m > 
[22m[2mProperty 15: Error Handling[2m > [22m[2mRequirement 7.2: 
Retry mechanisms with exponential backoff[2m > [22m[2mretryWithBackoff 
retries the correct number of times on failure
[22m[39mUnhandled error: StreamError: Unable to connect to the video 
service. Please check your internet connection and try again.
    at toStreamError [90m(C:\Users\DELL\Desktop\a2a-dr.-gemini-intake-age
nt\[39msrc\server\services\stream-error-handler.ts:337:10[90m)[39m
    at logStreamError [90m(C:\Users\DELL\Desktop\a2a-dr.-gemini-intake-ag
ent\[39msrc\server\services\stream-error-handler.ts:352:23[90m)[39m
    at Module.retryWithBackoff [90m(C:\Users\DELL\Desktop\a2a-dr.-gemini-
intake-agent\[39msrc\server\services\stream-error-handler.ts:236:7[90m)
[39m
    at [90mC:\Users\DELL\Desktop\a2a-dr.-gemini-intake-agent\[39m__tests
__\properties\stream-error-handling.property.test.ts:221:13
    at AsyncProperty.run [90m(file:///C:/Users/DELL/Desktop/a2a-dr.-gemin
i-intake-agent/[39mnode_modules/[4mfast-check[24m/lib/esm/check/propert
y/AsyncProperty.generic.js:46:28[90m)[39m
    at asyncRunIt [90m(file:///C:/Users/DELL/Desktop/a2a-dr.-gemini-intak
e-agent/[39mnode_modules/[4mfast-check[24m/lib/esm/check/runner/Runner.
js:33:21[90m)[39m
    at [90mC:\Users\DELL\Desktop\a2a-dr.-gemini-intake-agent\[39m__tests
__\properties\stream-error-handling.property.test.ts:205:7
    at [90mfile:///C:/Users/DELL/Desktop/a2a-dr.-gemini-intake-agent/[39
mnode_modules/[4m@vitest/runner[24m/dist/index.js:533:5
    at runTest [90m(file:///C:/Users/DELL/Desktop/a2a-dr.-gemini-intake-a
gent/[39mnode_modules/[4m@vitest/runner[24m/dist/index.js:1056:11[90m)
[39m
    at runSuite [90m(file:///C:/Users/DELL/Desktop/a2a-dr.-gemini-intake-
agent/[39mnode_modules/[4m@vitest/runner[24m/dist/index.js:1205:15[90m
)[39m {
  code: [32m'STREAM_CONNECTION_FAILED'[39m,
  originalError: Error: Always fails
      at [90mC:\Users\DELL\Desktop\a2a-dr.-gemini-intake-agent\[39m__tes
ts__\properties\stream-error-handling.property.test.ts:212:21
      at mockCall [90m(file:///C:/Users/DELL/Desktop/a2a-dr.-gemini-intak
e-agent/[39mnode_modules/[4m@vitest/spy[24m/dist/index.js:61:17[90m)[
39m
      at spy [90m(file:///C:/Users/DELL/Desktop/a2a-dr.-gemini-intake-age
nt/[39mnode_modules/[4mtinyspy[24m/dist/index.js:45:80[90m)[39m
      at Module.retryWithBackoff [90m(C:\Users\DELL\Desktop\a2a-dr.-gemin
i-intake-agent\[39msrc\server\services\stream-error-handler.ts:219:20[90
m)[39m
      at [90mC:\Users\DELL\Desktop\a2a-dr.-gemini-intake-agent\[39m__tes
ts__\properties\stream-error-handling.property.test.ts:221:13
      at AsyncProperty.run [90m(file:///C:/Users/DELL/Desktop/a2a-dr.-gem
ini-intake-agent/[39mnode_modules/[4mfast-check[24m/lib/esm/check/prope
rty/AsyncProperty.generic.js:46:28[90m)[39m
      at asyncRunIt [90m(file:///C:/Users/DELL/Desktop/a2a-dr.-gemini-int
ake-agent/[39mnode_modules/[4mfast-check[24m/lib/esm/check/runner/Runne
r.js:33:21[90m)[39m
      at [90mC:\Users\DELL\Desktop\a2a-dr.-gemini-intake-agent\[39m__tes
ts__\properties\stream-error-handling.property.test.ts:205:7
      at [90mfile:///C:/Users/DELL/Desktop/a2a-dr.-gemini-intake-agent/[
39mnode_modules/[4m@vitest/runner[24m/dist/index.js:533:5
      at runTest [90m(file:///C:/Users/DELL/Desktop/a2a-dr.-gemini-intake
-agent/[39mnode_modules/[4m@vitest/runner[24m/dist/index.js:1056:11[90
m)[39m,
  retryable: [33mtrue[39m,
  fallbackOptions: [
    {
      id: [32m'retry'[39m,
      label: [32m'Try Again'[39m,
      description: [32m'Attempt to reconnect to the video service'[39m,
      action: [32m'retry'[39m
    },
    {
      id: [32m'refresh'[39m,
      label: [32m'Refresh Page'[39m,
      description: [32m'Reload the page to reset the connection'[39m,
      action: [32m'refresh'[39m
    }
  ]
}
Unexpected error: {
  code: [32m'INTERNAL_ERROR'[39m,
  message: [32m'Something went wrong. Please try again later.'[39m,
  context: {
    streamErrorCode: [32m'STREAM_CONNECTION_FAILED'[39m,
    retryable: [33mtrue[39m,
    originalMessage: [32m'Always fails'[39m,
    context: [32m'retry'[39m,
    attempt: [33m2[39m,
    maxRetries: [33m3[39m,
    delayMs: [33m21.562522821780888[39m
  },
  stack: [32m'Error: Unable to connect to the video service. Please 
check your internet connection and try again.\n'[39m +
    [32m'    at toStreamError (C:\\Users\\DELL\\Desktop\\a2a-dr.-gemini-i
ntake-agent\\src\\server\\services\\stream-error-handler.ts:337:10)\n'[39
m +
    [32m'    at logStreamError (C:\\Users\\DELL\\Desktop\\a2a-dr.-gemini-
intake-agent\\src\\server\\services\\stream-error-handler.ts:352:23)\n'[3
9m +
    [32m'    at Module.retryWithBackoff (C:\\Users\\DELL\\Desktop\\a2a-dr
.-gemini-intake-agent\\src\\server\\services\\stream-error-handler.ts:236:
7)\n'[39m +
    [32m'    at C:\\Users\\DELL\\Desktop\\a2a-dr.-gemini-intake-agent\\__
tests__\\properties\\stream-error-handling.property.test.ts:221:13\n'[39m
 +
    [32m'    at AsyncProperty.run (file:///C:/Users/DELL/Desktop/a2a-dr.-
gemini-intake-agent/node_modules/fast-check/lib/esm/check/property/AsyncPr
operty.generic.js:46:28)\n'[39m +
    [32m'    at asyncRunIt (file:///C:/Users/DELL/Desktop/a2a-dr.-gemini-
intake-agent/node_modules/fast-check/lib/esm/check/runner/Runner.js:33:21)
\n'[39m +
    [32m'    at C:\\Users\\DELL\\Desktop\\a2a-dr.-gemini-intake-agent\\__
tests__\\properties\\stream-error-handling.property.test.ts:205:7\n'[39m 
+
    [32m'    at file:///C:/Users/DELL/Desktop/a2a-dr.-gemini-intake-agent
/node_modules/@vitest/runner/dist/index.js:533:5\n'[39m +
    [32m'    at runTest (file:///C:/Users/DELL/Desktop/a2a-dr.-gemini-int
ake-agent/node_modules/@vitest/runner/dist/index.js:1056:11)\n'[39m +
    [32m'    at runSuite (file:///C:/Users/DELL/Desktop/a2a-dr.-gemini-in
take-agent/node_modules/@vitest/runner/dist/index.js:1205:15)'[39m
}

[90mstderr[2m | 
__tests__/properties/stream-error-handling.property.test.ts[2m > 
[22m[2mProperty 15: Error Handling[2m > [22m[2mRequirement 7.2: 
Retry mechanisms with exponential backoff[2m > [22m[2mretryWithBackoff 
retries the correct number of times on failure
[22m[39mUnhandled error: StreamError: Unable to connect to the video 
service. Please check your internet connection and try again.
    at toStreamError [90m(C:\Users\DELL\Desktop\a2a-dr.-gemini-intake-age
nt\[39msrc\server\services\stream-error-handler.ts:337:10[90m)[39m
    at logStreamError [90m(C:\Users\DELL\Desktop\a2a-dr.-gemini-intake-ag
ent\[39msrc\server\services\stream-error-handler.ts:352:23[90m)[39m
    at Module.retryWithBackoff [90m(C:\Users\DELL\Desktop\a2a-dr.-gemini-
intake-agent\[39msrc\server\services\stream-error-handler.ts:236:7[90m)
[39m
    at [90mC:\Users\DELL\Desktop\a2a-dr.-gemini-intake-agent\[39m__tests
__\properties\stream-error-handling.property.test.ts:221:13
    at AsyncProperty.run [90m(file:///C:/Users/DELL/Desktop/a2a-dr.-gemin
i-intake-agent/[39mnode_modules/[4mfast-check[24m/lib/esm/check/propert
y/AsyncProperty.generic.js:46:28[90m)[39m
    at asyncRunIt [90m(file:///C:/Users/DELL/Desktop/a2a-dr.-gemini-intak
e-agent/[39mnode_modules/[4mfast-check[24m/lib/esm/check/runner/Runner.
js:33:21[90m)[39m
    at [90mC:\Users\DELL\Desktop\a2a-dr.-gemini-intake-agent\[39m__tests
__\properties\stream-error-handling.property.test.ts:205:7
    at [90mfile:///C:/Users/DELL/Desktop/a2a-dr.-gemini-intake-agent/[39
mnode_modules/[4m@vitest/runner[24m/dist/index.js:533:5
    at runTest [90m(file:///C:/Users/DELL/Desktop/a2a-dr.-gemini-intake-a
gent/[39mnode_modules/[4m@vitest/runner[24m/dist/index.js:1056:11[90m)
[39m
    at runSuite [90m(file:///C:/Users/DELL/Desktop/a2a-dr.-gemini-intake-
agent/[39mnode_modules/[4m@vitest/runner[24m/dist/index.js:1205:15[90m
)[39m {
  code: [32m'STREAM_CONNECTION_FAILED'[39m,
  originalError: Error: Always fails
      at [90mC:\Users\DELL\Desktop\a2a-dr.-gemini-intake-agent\[39m__tes
ts__\properties\stream-error-handling.property.test.ts:212:21
      at mockCall [90m(file:///C:/Users/DELL/Desktop/a2a-dr.-gemini-intak
e-agent/[39mnode_modules/[4m@vitest/spy[24m/dist/index.js:61:17[90m)[
39m
      at spy [90m(file:///C:/Users/DELL/Desktop/a2a-dr.-gemini-intake-age
nt/[39mnode_modules/[4mtinyspy[24m/dist/index.js:45:80[90m)[39m
      at Module.retryWithBackoff [90m(C:\Users\DELL\Desktop\a2a-dr.-gemin
i-intake-agent\[39msrc\server\services\stream-error-handler.ts:219:20[90
m)[39m
      at [90mC:\Users\DELL\Desktop\a2a-dr.-gemini-intake-agent\[39m__tes
ts__\properties\stream-error-handling.property.test.ts:221:13
      at AsyncProperty.run [90m(file:///C:/Users/DELL/Desktop/a2a-dr.-gem
ini-intake-agent/[39mnode_modules/[4mfast-check[24m/lib/esm/check/prope
rty/AsyncProperty.generic.js:46:28[90m)[39m
      at asyncRunIt [90m(file:///C:/Users/DELL/Desktop/a2a-dr.-gemini-int
ake-agent/[39mnode_modules/[4mfast-check[24m/lib/esm/check/runner/Runne
r.js:33:21[90m)[39m
      at [90mC:\Users\DELL\Desktop\a2a-dr.-gemini-intake-agent\[39m__tes
ts__\properties\stream-error-handling.property.test.ts:205:7
      at [90mfile:///C:/Users/DELL/Desktop/a2a-dr.-gemini-intake-agent/[
39mnode_modules/[4m@vitest/runner[24m/dist/index.js:533:5
      at runTest [90m(file:///C:/Users/DELL/Desktop/a2a-dr.-gemini-intake
-agent/[39mnode_modules/[4m@vitest/runner[24m/dist/index.js:1056:11[90
m)[39m,
  retryable: [33mtrue[39m,
  fallbackOptions: [
    {
      id: [32m'retry'[39m,
      label: [32m'Try Again'[39m,
      description: [32m'Attempt to reconnect to the video service'[39m,
      action: [32m'retry'[39m
    },
    {
      id: [32m'refresh'[39m,
      label: [32m'Refresh Page'[39m,
      description: [32m'Reload the page to reset the connection'[39m,
      action: [32m'refresh'[39m
    }
  ]
}
Unexpected error: {
  code: [32m'INTERNAL_ERROR'[39m,
  message: [32m'Something went wrong. Please try again later.'[39m,
  context: {
    streamErrorCode: [32m'STREAM_CONNECTION_FAILED'[39m,
    retryable: [33mtrue[39m,
    originalMessage: [32m'Always fails'[39m,
    context: [32m'retry'[39m,
    attempt: [33m3[39m,
    maxRetries: [33m3[39m,
    delayMs: [33m36.608175651350216[39m
  },
  stack: [32m'Error: Unable to connect to the video service. Please 
check your internet connection and try again.\n'[39m +
    [32m'    at toStreamError (C:\\Users\\DELL\\Desktop\\a2a-dr.-gemini-i
ntake-agent\\src\\server\\services\\stream-error-handler.ts:337:10)\n'[39
m +
    [32m'    at logStreamError (C:\\Users\\DELL\\Desktop\\a2a-dr.-gemini-
intake-agent\\src\\server\\services\\stream-error-handler.ts:352:23)\n'[3
9m +
    [32m'    at Module.retryWithBackoff (C:\\Users\\DELL\\Desktop\\a2a-dr
.-gemini-intake-agent\\src\\server\\services\\stream-error-handler.ts:236:
7)\n'[39m +
    [32m'    at C:\\Users\\DELL\\Desktop\\a2a-dr.-gemini-intake-agent\\__
tests__\\properties\\stream-error-handling.property.test.ts:221:13\n'[39m
 +
    [32m'    at AsyncProperty.run (file:///C:/Users/DELL/Desktop/a2a-dr.-
gemini-intake-agent/node_modules/fast-check/lib/esm/check/property/AsyncPr
operty.generic.js:46:28)\n'[39m +
    [32m'    at asyncRunIt (file:///C:/Users/DELL/Desktop/a2a-dr.-gemini-
intake-agent/node_modules/fast-check/lib/esm/check/runner/Runner.js:33:21)
\n'[39m +
    [32m'    at C:\\Users\\DELL\\Desktop\\a2a-dr.-gemini-intake-agent\\__
tests__\\properties\\stream-error-handling.property.test.ts:205:7\n'[39m 
+
    [32m'    at file:///C:/Users/DELL/Desktop/a2a-dr.-gemini-intake-agent
/node_modules/@vitest/runner/dist/index.js:533:5\n'[39m +
    [32m'    at runTest (file:///C:/Users/DELL/Desktop/a2a-dr.-gemini-int
ake-agent/node_modules/@vitest/runner/dist/index.js:1056:11)\n'[39m +
    [32m'    at runSuite (file:///C:/Users/DELL/Desktop/a2a-dr.-gemini-in
take-agent/node_modules/@vitest/runner/dist/index.js:1205:15)'[39m
}

[90mstderr[2m | 
__tests__/properties/stream-error-handling.property.test.ts[2m > 
[22m[2mProperty 15: Error Handling[2m > [22m[2mRequirement 7.2: 
Retry mechanisms with exponential backoff[2m > [22m[2mretryWithBackoff 
retries the correct number of times on failure
[22m[39mUnhandled error: StreamError: Unable to connect to the video 
service. Please check your internet connection and try again.
    at toStreamError [90m(C:\Users\DELL\Desktop\a2a-dr.-gemini-intake-age
nt\[39msrc\server\services\stream-error-handler.ts:337:10[90m)[39m
    at logStreamError [90m(C:\Users\DELL\Desktop\a2a-dr.-gemini-intake-ag
ent\[39msrc\server\services\stream-error-handler.ts:352:23[90m)[39m
    at Module.retryWithBackoff [90m(C:\Users\DELL\Desktop\a2a-dr.-gemini-
intake-agent\[39msrc\server\services\stream-error-handler.ts:236:7[90m)
[39m {
  code: [32m'STREAM_CONNECTION_FAILED'[39m,
  originalError: Error: Always fails
      at [90mC:\Users\DELL\Desktop\a2a-dr.-gemini-intake-agent\[39m__tes
ts__\properties\stream-error-handling.property.test.ts:212:21
      at mockCall [90m(file:///C:/Users/DELL/Desktop/a2a-dr.-gemini-intak
e-agent/[39mnode_modules/[4m@vitest/spy[24m/dist/index.js:61:17[90m)[
39m
      at spy [90m(file:///C:/Users/DELL/Desktop/a2a-dr.-gemini-intake-age
nt/[39mnode_modules/[4mtinyspy[24m/dist/index.js:45:80[90m)[39m
      at Module.retryWithBackoff [90m(C:\Users\DELL\Desktop\a2a-dr.-gemin
i-intake-agent\[39msrc\server\services\stream-error-handler.ts:219:20[90
m)[39m
      at [90mC:\Users\DELL\Desktop\a2a-dr.-gemini-intake-agent\[39m__tes
ts__\properties\stream-error-handling.property.test.ts:221:26
      at AsyncProperty.predicate [90m(file:///C:/Users/DELL/Desktop/a2a-d
r.-gemini-intake-agent/[39mnode_modules/[4mfast-check[24m/lib/esm/check
/property/AsyncProperty.js:14:59[90m)[39m
      at AsyncProperty.run [90m(file:///C:/Users/DELL/Desktop/a2a-dr.-gem
ini-intake-agent/[39mnode_modules/[4mfast-check[24m/lib/esm/check/prope
rty/AsyncProperty.generic.js:46:39[90m)[39m
      at asyncRunIt [90m(file:///C:/Users/DELL/Desktop/a2a-dr.-gemini-int
ake-agent/[39mnode_modules/[4mfast-check[24m/lib/esm/check/runner/Runne
r.js:33:36[90m)[39m
      at [90mC:\Users\DELL\Desktop\a2a-dr.-gemini-intake-agent\[39m__tes
ts__\properties\stream-error-handling.property.test.ts:205:7
      at [90mfile:///C:/Users/DELL/Desktop/a2a-dr.-gemini-intake-agent/[
39mnode_modules/[4m@vitest/runner[24m/dist/index.js:533:5,
  retryable: [33mtrue[39m,
  fallbackOptions: [
    {
      id: [32m'retry'[39m,
      label: [32m'Try Again'[39m,
      description: [32m'Attempt to reconnect to the video service'[39m,
      action: [32m'retry'[39m
    },
    {
      id: [32m'refresh'[39m,
      label: [32m'Refresh Page'[39m,
      description: [32m'Reload the page to reset the connection'[39m,
      action: [32m'refresh'[39m
    }
  ]
}
Unexpected error: {
  code: [32m'INTERNAL_ERROR'[39m,
  message: [32m'Something went wrong. Please try again later.'[39m,
  context: {
    streamErrorCode: [32m'STREAM_CONNECTION_FAILED'[39m,
    retryable: [33mtrue[39m,
    originalMessage: [32m'Always fails'[39m,
    context: [32m'retry'[39m,
    attempt: [33m1[39m,
    maxRetries: [33m5[39m,
    delayMs: [33m10.117990129089836[39m
  },
  stack: [32m'Error: Unable to connect to the video service. Please 
check your internet connection and try again.\n'[39m +
    [32m'    at toStreamError (C:\\Users\\DELL\\Desktop\\a2a-dr.-gemini-i
ntake-agent\\src\\server\\services\\stream-error-handler.ts:337:10)\n'[39
m +
    [32m'    at logStreamError (C:\\Users\\DELL\\Desktop\\a2a-dr.-gemini-
intake-agent\\src\\server\\services\\stream-error-handler.ts:352:23)\n'[3
9m +
    [32m'    at Module.retryWithBackoff (C:\\Users\\DELL\\Desktop\\a2a-dr
.-gemini-intake-agent\\src\\server\\services\\stream-error-handler.ts:236:
7)'[39m
}

[90mstderr[2m | 
__tests__/properties/stream-error-handling.property.test.ts[2m > 
[22m[2mProperty 15: Error Handling[2m > [22m[2mRequirement 7.2: 
Retry mechanisms with exponential backoff[2m > [22m[2mretryWithBackoff 
retries the correct number of times on failure
[22m[39mUnhandled error: StreamError: Unable to connect to the video 
service. Please check your internet connection and try again.
    at toStreamError [90m(C:\Users\DELL\Desktop\a2a-dr.-gemini-intake-age
nt\[39msrc\server\services\stream-error-handler.ts:337:10[90m)[39m
    at logStreamError [90m(C:\Users\DELL\Desktop\a2a-dr.-gemini-intake-ag
ent\[39msrc\server\services\stream-error-handler.ts:352:23[90m)[39m
    at Module.retryWithBackoff [90m(C:\Users\DELL\Desktop\a2a-dr.-gemini-
intake-agent\[39msrc\server\services\stream-error-handler.ts:236:7[90m)
[39m
    at [90mC:\Users\DELL\Desktop\a2a-dr.-gemini-intake-agent\[39m__tests
__\properties\stream-error-handling.property.test.ts:221:13
    at AsyncProperty.run [90m(file:///C:/Users/DELL/Desktop/a2a-dr.-gemin
i-intake-agent/[39mnode_modules/[4mfast-check[24m/lib/esm/check/propert
y/AsyncProperty.generic.js:46:28[90m)[39m
    at asyncRunIt [90m(file:///C:/Users/DELL/Desktop/a2a-dr.-gemini-intak
e-agent/[39mnode_modules/[4mfast-check[24m/lib/esm/check/runner/Runner.
js:33:21[90m)[39m
    at [90mC:\Users\DELL\Desktop\a2a-dr.-gemini-intake-agent\[39m__tests
__\properties\stream-error-handling.property.test.ts:205:7
    at [90mfile:///C:/Users/DELL/Desktop/a2a-dr.-gemini-intake-agent/[39
mnode_modules/[4m@vitest/runner[24m/dist/index.js:533:5
    at runTest [90m(file:///C:/Users/DELL/Desktop/a2a-dr.-gemini-intake-a
gent/[39mnode_modules/[4m@vitest/runner[24m/dist/index.js:1056:11[90m)
[39m
    at runSuite [90m(file:///C:/Users/DELL/Desktop/a2a-dr.-gemini-intake-
agent/[39mnode_modules/[4m@vitest/runner[24m/dist/index.js:1205:15[90m
)[39m {
  code: [32m'STREAM_CONNECTION_FAILED'[39m,
  originalError: Error: Always fails
      at [90mC:\Users\DELL\Desktop\a2a-dr.-gemini-intake-agent\[39m__tes
ts__\properties\stream-error-handling.property.test.ts:212:21
      at mockCall [90m(file:///C:/Users/DELL/Desktop/a2a-dr.-gemini-intak
e-agent/[39mnode_modules/[4m@vitest/spy[24m/dist/index.js:61:17[90m)[
39m
      at spy [90m(file:///C:/Users/DELL/Desktop/a2a-dr.-gemini-intake-age
nt/[39mnode_modules/[4mtinyspy[24m/dist/index.js:45:80[90m)[39m
      at Module.retryWithBackoff [90m(C:\Users\DELL\Desktop\a2a-dr.-gemin
i-intake-agent\[39msrc\server\services\stream-error-handler.ts:219:20[90
m)[39m
      at [90mC:\Users\DELL\Desktop\a2a-dr.-gemini-intake-agent\[39m__tes
ts__\properties\stream-error-handling.property.test.ts:221:13
      at AsyncProperty.run [90m(file:///C:/Users/DELL/Desktop/a2a-dr.-gem
ini-intake-agent/[39mnode_modules/[4mfast-check[24m/lib/esm/check/prope
rty/AsyncProperty.generic.js:46:28[90m)[39m
      at asyncRunIt [90m(file:///C:/Users/DELL/Desktop/a2a-dr.-gemini-int
ake-agent/[39mnode_modules/[4mfast-check[24m/lib/esm/check/runner/Runne
r.js:33:21[90m)[39m
      at [90mC:\Users\DELL\Desktop\a2a-dr.-gemini-intake-agent\[39m__tes
ts__\properties\stream-error-handling.property.test.ts:205:7
      at [90mfile:///C:/Users/DELL/Desktop/a2a-dr.-gemini-intake-agent/[
39mnode_modules/[4m@vitest/runner[24m/dist/index.js:533:5
      at runTest [90m(file:///C:/Users/DELL/Desktop/a2a-dr.-gemini-intake
-agent/[39mnode_modules/[4m@vitest/runner[24m/dist/index.js:1056:11[90
m)[39m,
  retryable: [33mtrue[39m,
  fallbackOptions: [
    {
      id: [32m'retry'[39m,
      label: [32m'Try Again'[39m,
      description: [32m'Attempt to reconnect to the video service'[39m,
      action: [32m'retry'[39m
    },
    {
      id: [32m'refresh'[39m,
      label: [32m'Refresh Page'[39m,
      description: [32m'Reload the page to reset the connection'[39m,
      action: [32m'refresh'[39m
    }
  ]
}
Unexpected error: {
  code: [32m'INTERNAL_ERROR'[39m,
  message: [32m'Something went wrong. Please try again later.'[39m,
  context: {
    streamErrorCode: [32m'STREAM_CONNECTION_FAILED'[39m,
    retryable: [33mtrue[39m,
    originalMessage: [32m'Always fails'[39m,
    context: [32m'retry'[39m,
    attempt: [33m2[39m,
    maxRetries: [33m5[39m,
    delayMs: [33m20.121457151441806[39m
  },
  stack: [32m'Error: Unable to connect to the video service. Please 
check your internet connection and try again.\n'[39m +
    [32m'    at toStreamError (C:\\Users\\DELL\\Desktop\\a2a-dr.-gemini-i
ntake-agent\\src\\server\\services\\stream-error-handler.ts:337:10)\n'[39
m +
    [32m'    at logStreamError (C:\\Users\\DELL\\Desktop\\a2a-dr.-gemini-
intake-agent\\src\\server\\services\\stream-error-handler.ts:352:23)\n'[3
9m +
    [32m'    at Module.retryWithBackoff (C:\\Users\\DELL\\Desktop\\a2a-dr
.-gemini-intake-agent\\src\\server\\services\\stream-error-handler.ts:236:
7)\n'[39m +
    [32m'    at C:\\Users\\DELL\\Desktop\\a2a-dr.-gemini-intake-agent\\__
tests__\\properties\\stream-error-handling.property.test.ts:221:13\n'[39m
 +
    [32m'    at AsyncProperty.run (file:///C:/Users/DELL/Desktop/a2a-dr.-
gemini-intake-agent/node_modules/fast-check/lib/esm/check/property/AsyncPr
operty.generic.js:46:28)\n'[39m +
    [32m'    at asyncRunIt (file:///C:/Users/DELL/Desktop/a2a-dr.-gemini-
intake-agent/node_modules/fast-check/lib/esm/check/runner/Runner.js:33:21)
\n'[39m +
    [32m'    at C:\\Users\\DELL\\Desktop\\a2a-dr.-gemini-intake-agent\\__
tests__\\properties\\stream-error-handling.property.test.ts:205:7\n'[39m 
+
    [32m'    at file:///C:/Users/DELL/Desktop/a2a-dr.-gemini-intake-agent
/node_modules/@vitest/runner/dist/index.js:533:5\n'[39m +
    [32m'    at runTest (file:///C:/Users/DELL/Desktop/a2a-dr.-gemini-int
ake-agent/node_modules/@vitest/runner/dist/index.js:1056:11)\n'[39m +
    [32m'    at runSuite (file:///C:/Users/DELL/Desktop/a2a-dr.-gemini-in
take-agent/node_modules/@vitest/runner/dist/index.js:1205:15)'[39m
}

[90mstderr[2m | 
__tests__/properties/stream-error-handling.property.test.ts[2m > 
[22m[2mProperty 15: Error Handling[2m > [22m[2mRequirement 7.2: 
Retry mechanisms with exponential backoff[2m > [22m[2mretryWithBackoff 
retries the correct number of times on failure
[22m[39mUnhandled error: StreamError: Unable to connect to the video 
service. Please check your internet connection and try again.
    at toStreamError [90m(C:\Users\DELL\Desktop\a2a-dr.-gemini-intake-age
nt\[39msrc\server\services\stream-error-handler.ts:337:10[90m)[39m
    at logStreamError [90m(C:\Users\DELL\Desktop\a2a-dr.-gemini-intake-ag
ent\[39msrc\server\services\stream-error-handler.ts:352:23[90m)[39m
    at Module.retryWithBackoff [90m(C:\Users\DELL\Desktop\a2a-dr.-gemini-
intake-agent\[39msrc\server\services\stream-error-handler.ts:236:7[90m)
[39m
    at [90mC:\Users\DELL\Desktop\a2a-dr.-gemini-intake-agent\[39m__tests
__\properties\stream-error-handling.property.test.ts:221:13
    at AsyncProperty.run [90m(file:///C:/Users/DELL/Desktop/a2a-dr.-gemin
i-intake-agent/[39mnode_modules/[4mfast-check[24m/lib/esm/check/propert
y/AsyncProperty.generic.js:46:28[90m)[39m
    at asyncRunIt [90m(file:///C:/Users/DELL/Desktop/a2a-dr.-gemini-intak
e-agent/[39mnode_modules/[4mfast-check[24m/lib/esm/check/runner/Runner.
js:33:21[90m)[39m
    at [90mC:\Users\DELL\Desktop\a2a-dr.-gemini-intake-agent\[39m__tests
__\properties\stream-error-handling.property.test.ts:205:7
    at [90mfile:///C:/Users/DELL/Desktop/a2a-dr.-gemini-intake-agent/[39
mnode_modules/[4m@vitest/runner[24m/dist/index.js:533:5
    at runTest [90m(file:///C:/Users/DELL/Desktop/a2a-dr.-gemini-intake-a
gent/[39mnode_modules/[4m@vitest/runner[24m/dist/index.js:1056:11[90m)
[39m
    at runSuite [90m(file:///C:/Users/DELL/Desktop/a2a-dr.-gemini-intake-
agent/[39mnode_modules/[4m@vitest/runner[24m/dist/index.js:1205:15[90m
)[39m {
  code: [32m'STREAM_CONNECTION_FAILED'[39m,
  originalError: Error: Always fails
      at [90mC:\Users\DELL\Desktop\a2a-dr.-gemini-intake-agent\[39m__tes
ts__\properties\stream-error-handling.property.test.ts:212:21
      at mockCall [90m(file:///C:/Users/DELL/Desktop/a2a-dr.-gemini-intak
e-agent/[39mnode_modules/[4m@vitest/spy[24m/dist/index.js:61:17[90m)[
39m
      at spy [90m(file:///C:/Users/DELL/Desktop/a2a-dr.-gemini-intake-age
nt/[39mnode_modules/[4mtinyspy[24m/dist/index.js:45:80[90m)[39m
      at Module.retryWithBackoff [90m(C:\Users\DELL\Desktop\a2a-dr.-gemin
i-intake-agent\[39msrc\server\services\stream-error-handler.ts:219:20[90
m)[39m
      at [90mC:\Users\DELL\Desktop\a2a-dr.-gemini-intake-agent\[39m__tes
ts__\properties\stream-error-handling.property.test.ts:221:13
      at AsyncProperty.run [90m(file:///C:/Users/DELL/Desktop/a2a-dr.-gem
ini-intake-agent/[39mnode_modules/[4mfast-check[24m/lib/esm/check/prope
rty/AsyncProperty.generic.js:46:28[90m)[39m
      at asyncRunIt [90m(file:///C:/Users/DELL/Desktop/a2a-dr.-gemini-int
ake-agent/[39mnode_modules/[4mfast-check[24m/lib/esm/check/runner/Runne
r.js:33:21[90m)[39m
      at [90mC:\Users\DELL\Desktop\a2a-dr.-gemini-intake-agent\[39m__tes
ts__\properties\stream-error-handling.property.test.ts:205:7
      at [90mfile:///C:/Users/DELL/Desktop/a2a-dr.-gemini-intake-agent/[
39mnode_modules/[4m@vitest/runner[24m/dist/index.js:533:5
      at runTest [90m(file:///C:/Users/DELL/Desktop/a2a-dr.-gemini-intake
-agent/[39mnode_modules/[4m@vitest/runner[24m/dist/index.js:1056:11[90
m)[39m,
  retryable: [33mtrue[39m,
  fallbackOptions: [
    {
      id: [32m'retry'[39m,
      label: [32m'Try Again'[39m,
      description: [32m'Attempt to reconnect to the video service'[39m,
      action: [32m'retry'[39m
    },
    {
      id: [32m'refresh'[39m,
      label: [32m'Refresh Page'[39m,
      description: [32m'Reload the page to reset the connection'[39m,
      action: [32m'refresh'[39m
    }
  ]
}
Unexpected error: {
  code: [32m'INTERNAL_ERROR'[39m,
  message: [32m'Something went wrong. Please try again later.'[39m,
  context: {
    streamErrorCode: [32m'STREAM_CONNECTION_FAILED'[39m,
    retryable: [33mtrue[39m,
    originalMessage: [32m'Always fails'[39m,
    context: [32m'retry'[39m,
    attempt: [33m3[39m,
    maxRetries: [33m5[39m,
    delayMs: [33m37.28277505124804[39m
  },
  stack: [32m'Error: Unable to connect to the video service. Please 
check your internet connection and try again.\n'[39m +
    [32m'    at toStreamError (C:\\Users\\DELL\\Desktop\\a2a-dr.-gemini-i
ntake-agent\\src\\server\\services\\stream-error-handler.ts:337:10)\n'[39
m +
    [32m'    at logStreamError (C:\\Users\\DELL\\Desktop\\a2a-dr.-gemini-
intake-agent\\src\\server\\services\\stream-error-handler.ts:352:23)\n'[3
9m +
    [32m'    at Module.retryWithBackoff (C:\\Users\\DELL\\Desktop\\a2a-dr
.-gemini-intake-agent\\src\\server\\services\\stream-error-handler.ts:236:
7)\n'[39m +
    [32m'    at C:\\Users\\DELL\\Desktop\\a2a-dr.-gemini-intake-agent\\__
tests__\\properties\\stream-error-handling.property.test.ts:221:13\n'[39m
 +
    [32m'    at AsyncProperty.run (file:///C:/Users/DELL/Desktop/a2a-dr.-
gemini-intake-agent/node_modules/fast-check/lib/esm/check/property/AsyncPr
operty.generic.js:46:28)\n'[39m +
    [32m'    at asyncRunIt (file:///C:/Users/DELL/Desktop/a2a-dr.-gemini-
intake-agent/node_modules/fast-check/lib/esm/check/runner/Runner.js:33:21)
\n'[39m +
    [32m'    at C:\\Users\\DELL\\Desktop\\a2a-dr.-gemini-intake-agent\\__
tests__\\properties\\stream-error-handling.property.test.ts:205:7\n'[39m 
+
    [32m'    at file:///C:/Users/DELL/Desktop/a2a-dr.-gemini-intake-agent
/node_modules/@vitest/runner/dist/index.js:533:5\n'[39m +
    [32m'    at runTest (file:///C:/Users/DELL/Desktop/a2a-dr.-gemini-int
ake-agent/node_modules/@vitest/runner/dist/index.js:1056:11)\n'[39m +
    [32m'    at runSuite (file:///C:/Users/DELL/Desktop/a2a-dr.-gemini-in
take-agent/node_modules/@vitest/runner/dist/index.js:1205:15)'[39m
}

[90mstderr[2m | 
__tests__/properties/stream-error-handling.property.test.ts[2m > 
[22m[2mProperty 15: Error Handling[2m > [22m[2mRequirement 7.2: 
Retry mechanisms with exponential backoff[2m > [22m[2mretryWithBackoff 
retries the correct number of times on failure
[22m[39mUnhandled error: StreamError: Unable to connect to the video 
service. Please check your internet connection and try again.
    at toStreamError [90m(C:\Users\DELL\Desktop\a2a-dr.-gemini-intake-age
nt\[39msrc\server\services\stream-error-handler.ts:337:10[90m)[39m
    at logStreamError [90m(C:\Users\DELL\Desktop\a2a-dr.-gemini-intake-ag
ent\[39msrc\server\services\stream-error-handler.ts:352:23[90m)[39m
    at Module.retryWithBackoff [90m(C:\Users\DELL\Desktop\a2a-dr.-gemini-
intake-agent\[39msrc\server\services\stream-error-handler.ts:236:7[90m)
[39m
    at [90mC:\Users\DELL\Desktop\a2a-dr.-gemini-intake-agent\[39m__tests
__\properties\stream-error-handling.property.test.ts:221:13
    at AsyncProperty.run [90m(file:///C:/Users/DELL/Desktop/a2a-dr.-gemin
i-intake-agent/[39mnode_modules/[4mfast-check[24m/lib/esm/check/propert
y/AsyncProperty.generic.js:46:28[90m)[39m
    at asyncRunIt [90m(file:///C:/Users/DELL/Desktop/a2a-dr.-gemini-intak
e-agent/[39mnode_modules/[4mfast-check[24m/lib/esm/check/runner/Runner.
js:33:21[90m)[39m
    at [90mC:\Users\DELL\Desktop\a2a-dr.-gemini-intake-agent\[39m__tests
__\properties\stream-error-handling.property.test.ts:205:7
    at [90mfile:///C:/Users/DELL/Desktop/a2a-dr.-gemini-intake-agent/[39
mnode_modules/[4m@vitest/runner[24m/dist/index.js:533:5
    at runTest [90m(file:///C:/Users/DELL/Desktop/a2a-dr.-gemini-intake-a
gent/[39mnode_modules/[4m@vitest/runner[24m/dist/index.js:1056:11[90m)
[39m
    at runSuite [90m(file:///C:/Users/DELL/Desktop/a2a-dr.-gemini-intake-
agent/[39mnode_modules/[4m@vitest/runner[24m/dist/index.js:1205:15[90m
)[39m {
  code: [32m'STREAM_CONNECTION_FAILED'[39m,
  originalError: Error: Always fails
      at [90mC:\Users\DELL\Desktop\a2a-dr.-gemini-intake-agent\[39m__tes
ts__\properties\stream-error-handling.property.test.ts:212:21
      at mockCall [90m(file:///C:/Users/DELL/Desktop/a2a-dr.-gemini-intak
e-agent/[39mnode_modules/[4m@vitest/spy[24m/dist/index.js:61:17[90m)[
39m
      at spy [90m(file:///C:/Users/DELL/Desktop/a2a-dr.-gemini-intake-age
nt/[39mnode_modules/[4mtinyspy[24m/dist/index.js:45:80[90m)[39m
      at Module.retryWithBackoff [90m(C:\Users\DELL\Desktop\a2a-dr.-gemin
i-intake-agent\[39msrc\server\services\stream-error-handler.ts:219:20[90
m)[39m
      at [90mC:\Users\DELL\Desktop\a2a-dr.-gemini-intake-agent\[39m__tes
ts__\properties\stream-error-handling.property.test.ts:221:13
      at AsyncProperty.run [90m(file:///C:/Users/DELL/Desktop/a2a-dr.-gem
ini-intake-agent/[39mnode_modules/[4mfast-check[24m/lib/esm/check/prope
rty/AsyncProperty.generic.js:46:28[90m)[39m
      at asyncRunIt [90m(file:///C:/Users/DELL/Desktop/a2a-dr.-gemini-int
ake-agent/[39mnode_modules/[4mfast-check[24m/lib/esm/check/runner/Runne
r.js:33:21[90m)[39m
      at [90mC:\Users\DELL\Desktop\a2a-dr.-gemini-intake-agent\[39m__tes
ts__\properties\stream-error-handling.property.test.ts:205:7
      at [90mfile:///C:/Users/DELL/Desktop/a2a-dr.-gemini-intake-agent/[
39mnode_modules/[4m@vitest/runner[24m/dist/index.js:533:5
      at runTest [90m(file:///C:/Users/DELL/Desktop/a2a-dr.-gemini-intake
-agent/[39mnode_modules/[4m@vitest/runner[24m/dist/index.js:1056:11[90
m)[39m,
  retryable: [33mtrue[39m,
  fallbackOptions: [
    {
      id: [32m'retry'[39m,
      label: [32m'Try Again'[39m,
      description: [32m'Attempt to reconnect to the video service'[39m,
      action: [32m'retry'[39m
    },
    {
      id: [32m'refresh'[39m,
      label: [32m'Refresh Page'[39m,
      description: [32m'Reload the page to reset the connection'[39m,
      action: [32m'refresh'[39m
    }
  ]
}
Unexpected error: {
  code: [32m'INTERNAL_ERROR'[39m,
  message: [32m'Something went wrong. Please try again later.'[39m,
  context: {
    streamErrorCode: [32m'STREAM_CONNECTION_FAILED'[39m,
    retryable: [33mtrue[39m,
    originalMessage: [32m'Always fails'[39m,
    context: [32m'retry'[39m,
    attempt: [33m4[39m,
    maxRetries: [33m5[39m,
    delayMs: [33m86.28413064970135[39m
  },
  stack: [32m'Error: Unable to connect to the video service. Please 
check your internet connection and try again.\n'[39m +
    [32m'    at toStreamError (C:\\Users\\DELL\\Desktop\\a2a-dr.-gemini-i
ntake-agent\\src\\server\\services\\stream-error-handler.ts:337:10)\n'[39
m +
    [32m'    at logStreamError (C:\\Users\\DELL\\Desktop\\a2a-dr.-gemini-
intake-agent\\src\\server\\services\\stream-error-handler.ts:352:23)\n'[3
9m +
    [32m'    at Module.retryWithBackoff (C:\\Users\\DELL\\Desktop\\a2a-dr
.-gemini-intake-agent\\src\\server\\services\\stream-error-handler.ts:236:
7)\n'[39m +
    [32m'    at C:\\Users\\DELL\\Desktop\\a2a-dr.-gemini-intake-agent\\__
tests__\\properties\\stream-error-handling.property.test.ts:221:13\n'[39m
 +
    [32m'    at AsyncProperty.run (file:///C:/Users/DELL/Desktop/a2a-dr.-
gemini-intake-agent/node_modules/fast-check/lib/esm/check/property/AsyncPr
operty.generic.js:46:28)\n'[39m +
    [32m'    at asyncRunIt (file:///C:/Users/DELL/Desktop/a2a-dr.-gemini-
intake-agent/node_modules/fast-check/lib/esm/check/runner/Runner.js:33:21)
\n'[39m +
    [32m'    at C:\\Users\\DELL\\Desktop\\a2a-dr.-gemini-intake-agent\\__
tests__\\properties\\stream-error-handling.property.test.ts:205:7\n'[39m 
+
    [32m'    at file:///C:/Users/DELL/Desktop/a2a-dr.-gemini-intake-agent
/node_modules/@vitest/runner/dist/index.js:533:5\n'[39m +
    [32m'    at runTest (file:///C:/Users/DELL/Desktop/a2a-dr.-gemini-int
ake-agent/node_modules/@vitest/runner/dist/index.js:1056:11)\n'[39m +
    [32m'    at runSuite (file:///C:/Users/DELL/Desktop/a2a-dr.-gemini-in
take-agent/node_modules/@vitest/runner/dist/index.js:1205:15)'[39m
}

[90mstderr[2m | 
__tests__/properties/stream-error-handling.property.test.ts[2m > 
[22m[2mProperty 15: Error Handling[2m > [22m[2mRequirement 7.2: 
Retry mechanisms with exponential backoff[2m > [22m[2mretryWithBackoff 
retries the correct number of times on failure
[22m[39mUnhandled error: StreamError: Unable to connect to the video 
service. Please check your internet connection and try again.
    at toStreamError [90m(C:\Users\DELL\Desktop\a2a-dr.-gemini-intake-age
nt\[39msrc\server\services\stream-error-handler.ts:337:10[90m)[39m
    at logStreamError [90m(C:\Users\DELL\Desktop\a2a-dr.-gemini-intake-ag
ent\[39msrc\server\services\stream-error-handler.ts:352:23[90m)[39m
    at Module.retryWithBackoff [90m(C:\Users\DELL\Desktop\a2a-dr.-gemini-
intake-agent\[39msrc\server\services\stream-error-handler.ts:236:7[90m)
[39m
    at [90mC:\Users\DELL\Desktop\a2a-dr.-gemini-intake-agent\[39m__tests
__\properties\stream-error-handling.property.test.ts:221:13
    at AsyncProperty.run [90m(file:///C:/Users/DELL/Desktop/a2a-dr.-gemin
i-intake-agent/[39mnode_modules/[4mfast-check[24m/lib/esm/check/propert
y/AsyncProperty.generic.js:46:28[90m)[39m
    at asyncRunIt [90m(file:///C:/Users/DELL/Desktop/a2a-dr.-gemini-intak
e-agent/[39mnode_modules/[4mfast-check[24m/lib/esm/check/runner/Runner.
js:33:21[90m)[39m
    at [90mC:\Users\DELL\Desktop\a2a-dr.-gemini-intake-agent\[39m__tests
__\properties\stream-error-handling.property.test.ts:205:7
    at [90mfile:///C:/Users/DELL/Desktop/a2a-dr.-gemini-intake-agent/[39
mnode_modules/[4m@vitest/runner[24m/dist/index.js:533:5
    at runTest [90m(file:///C:/Users/DELL/Desktop/a2a-dr.-gemini-intake-a
gent/[39mnode_modules/[4m@vitest/runner[24m/dist/index.js:1056:11[90m)
[39m
    at runSuite [90m(file:///C:/Users/DELL/Desktop/a2a-dr.-gemini-intake-
agent/[39mnode_modules/[4m@vitest/runner[24m/dist/index.js:1205:15[90m
)[39m {
  code: [32m'STREAM_CONNECTION_FAILED'[39m,
  originalError: Error: Always fails
      at [90mC:\Users\DELL\Desktop\a2a-dr.-gemini-intake-agent\[39m__tes
ts__\properties\stream-error-handling.property.test.ts:212:21
      at mockCall [90m(file:///C:/Users/DELL/Desktop/a2a-dr.-gemini-intak
e-agent/[39mnode_modules/[4m@vitest/spy[24m/dist/index.js:61:17[90m)[
39m
      at spy [90m(file:///C:/Users/DELL/Desktop/a2a-dr.-gemini-intake-age
nt/[39mnode_modules/[4mtinyspy[24m/dist/index.js:45:80[90m)[39m
      at Module.retryWithBackoff [90m(C:\Users\DELL\Desktop\a2a-dr.-gemin
i-intake-agent\[39msrc\server\services\stream-error-handler.ts:219:20[90
m)[39m
      at [90mC:\Users\DELL\Desktop\a2a-dr.-gemini-intake-agent\[39m__tes
ts__\properties\stream-error-handling.property.test.ts:221:13
      at AsyncProperty.run [90m(file:///C:/Users/DELL/Desktop/a2a-dr.-gem
ini-intake-agent/[39mnode_modules/[4mfast-check[24m/lib/esm/check/prope
rty/AsyncProperty.generic.js:46:28[90m)[39m
      at asyncRunIt [90m(file:///C:/Users/DELL/Desktop/a2a-dr.-gemini-int
ake-agent/[39mnode_modules/[4mfast-check[24m/lib/esm/check/runner/Runne
r.js:33:21[90m)[39m
      at [90mC:\Users\DELL\Desktop\a2a-dr.-gemini-intake-agent\[39m__tes
ts__\properties\stream-error-handling.property.test.ts:205:7
      at [90mfile:///C:/Users/DELL/Desktop/a2a-dr.-gemini-intake-agent/[
39mnode_modules/[4m@vitest/runner[24m/dist/index.js:533:5
      at runTest [90m(file:///C:/Users/DELL/Desktop/a2a-dr.-gemini-intake
-agent/[39mnode_modules/[4m@vitest/runner[24m/dist/index.js:1056:11[90
m)[39m,
  retryable: [33mtrue[39m,
  fallbackOptions: [
    {
      id: [32m'retry'[39m,
      label: [32m'Try Again'[39m,
      description: [32m'Attempt to reconnect to the video service'[39m,
      action: [32m'retry'[39m
    },
    {
      id: [32m'refresh'[39m,
      label: [32m'Refresh Page'[39m,
      description: [32m'Reload the page to reset the connection'[39m,
      action: [32m'refresh'[39m
    }
  ]
}
Unexpected error: {
  code: [32m'INTERNAL_ERROR'[39m,
  message: [32m'Something went wrong. Please try again later.'[39m,
  context: {
    streamErrorCode: [32m'STREAM_CONNECTION_FAILED'[39m,
    retryable: [33mtrue[39m,
    originalMessage: [32m'Always fails'[39m,
    context: [32m'retry'[39m,
    attempt: [33m5[39m,
    maxRetries: [33m5[39m,
    delayMs: [33m100[39m
  },
  stack: [32m'Error: Unable to connect to the video service. Please 
check your internet connection and try again.\n'[39m +
    [32m'    at toStreamError (C:\\Users\\DELL\\Desktop\\a2a-dr.-gemini-i
ntake-agent\\src\\server\\services\\stream-error-handler.ts:337:10)\n'[39
m +
    [32m'    at logStreamError (C:\\Users\\DELL\\Desktop\\a2a-dr.-gemini-
intake-agent\\src\\server\\services\\stream-error-handler.ts:352:23)\n'[3
9m +
    [32m'    at Module.retryWithBackoff (C:\\Users\\DELL\\Desktop\\a2a-dr
.-gemini-intake-agent\\src\\server\\services\\stream-error-handler.ts:236:
7)\n'[39m +
    [32m'    at C:\\Users\\DELL\\Desktop\\a2a-dr.-gemini-intake-agent\\__
tests__\\properties\\stream-error-handling.property.test.ts:221:13\n'[39m
 +
    [32m'    at AsyncProperty.run (file:///C:/Users/DELL/Desktop/a2a-dr.-
gemini-intake-agent/node_modules/fast-check/lib/esm/check/property/AsyncPr
operty.generic.js:46:28)\n'[39m +
    [32m'    at asyncRunIt (file:///C:/Users/DELL/Desktop/a2a-dr.-gemini-
intake-agent/node_modules/fast-check/lib/esm/check/runner/Runner.js:33:21)
\n'[39m +
    [32m'    at C:\\Users\\DELL\\Desktop\\a2a-dr.-gemini-intake-agent\\__
tests__\\properties\\stream-error-handling.property.test.ts:205:7\n'[39m 
+
    [32m'    at file:///C:/Users/DELL/Desktop/a2a-dr.-gemini-intake-agent
/node_modules/@vitest/runner/dist/index.js:533:5\n'[39m +
    [32m'    at runTest (file:///C:/Users/DELL/Desktop/a2a-dr.-gemini-int
ake-agent/node_modules/@vitest/runner/dist/index.js:1056:11)\n'[39m +
    [32m'    at runSuite (file:///C:/Users/DELL/Desktop/a2a-dr.-gemini-in
take-agent/node_modules/@vitest/runner/dist/index.js:1205:15)'[39m
}

[90mstderr[2m | 
__tests__/properties/stream-error-handling.property.test.ts[2m > 
[22m[2mProperty 15: Error Handling[2m > [22m[2mRequirement 7.2: 
Retry mechanisms with exponential backoff[2m > [22m[2mretryWithBackoff 
retries the correct number of times on failure
[22m[39mUnhandled error: StreamError: Unable to connect to the video 
service. Please check your internet connection and try again.
    at toStreamError [90m(C:\Users\DELL\Desktop\a2a-dr.-gemini-intake-age
nt\[39msrc\server\services\stream-error-handler.ts:337:10[90m)[39m
    at logStreamError [90m(C:\Users\DELL\Desktop\a2a-dr.-gemini-intake-ag
ent\[39msrc\server\services\stream-error-handler.ts:352:23[90m)[39m
    at Module.retryWithBackoff [90m(C:\Users\DELL\Desktop\a2a-dr.-gemini-
intake-agent\[39msrc\server\services\stream-error-handler.ts:236:7[90m)
[39m {
  code: [32m'STREAM_CONNECTION_FAILED'[39m,
  originalError: Error: Always fails
      at [90mC:\Users\DELL\Desktop\a2a-dr.-gemini-intake-agent\[39m__tes
ts__\properties\stream-error-handling.property.test.ts:212:21
      at mockCall [90m(file:///C:/Users/DELL/Desktop/a2a-dr.-gemini-intak
e-agent/[39mnode_modules/[4m@vitest/spy[24m/dist/index.js:61:17[90m)[
39m
      at spy [90m(file:///C:/Users/DELL/Desktop/a2a-dr.-gemini-intake-age
nt/[39mnode_modules/[4mtinyspy[24m/dist/index.js:45:80[90m)[39m
      at Module.retryWithBackoff [90m(C:\Users\DELL\Desktop\a2a-dr.-gemin
i-intake-agent\[39msrc\server\services\stream-error-handler.ts:219:20[90
m)[39m
      at [90mC:\Users\DELL\Desktop\a2a-dr.-gemini-intake-agent\[39m__tes
ts__\properties\stream-error-handling.property.test.ts:221:26
      at AsyncProperty.predicate [90m(file:///C:/Users/DELL/Desktop/a2a-d
r.-gemini-intake-agent/[39mnode_modules/[4mfast-check[24m/lib/esm/check
/property/AsyncProperty.js:14:59[90m)[39m
      at AsyncProperty.run [90m(file:///C:/Users/DELL/Desktop/a2a-dr.-gem
ini-intake-agent/[39mnode_modules/[4mfast-check[24m/lib/esm/check/prope
rty/AsyncProperty.generic.js:46:39[90m)[39m
      at asyncRunIt [90m(file:///C:/Users/DELL/Desktop/a2a-dr.-gemini-int
ake-agent/[39mnode_modules/[4mfast-check[24m/lib/esm/check/runner/Runne
r.js:33:36[90m)[39m
      at [90mC:\Users\DELL\Desktop\a2a-dr.-gemini-intake-agent\[39m__tes
ts__\properties\stream-error-handling.property.test.ts:205:7
      at [90mfile:///C:/Users/DELL/Desktop/a2a-dr.-gemini-intake-agent/[
39mnode_modules/[4m@vitest/runner[24m/dist/index.js:533:5,
  retryable: [33mtrue[39m,
  fallbackOptions: [
    {
      id: [32m'retry'[39m,
      label: [32m'Try Again'[39m,
      description: [32m'Attempt to reconnect to the video service'[39m,
      action: [32m'retry'[39m
    },
    {
      id: [32m'refresh'[39m,
      label: [32m'Refresh Page'[39m,
      description: [32m'Reload the page to reset the connection'[39m,
      action: [32m'refresh'[39m
    }
  ]
}
Unexpected error: {
  code: [32m'INTERNAL_ERROR'[39m,
  message: [32m'Something went wrong. Please try again later.'[39m,
  context: {
    streamErrorCode: [32m'STREAM_CONNECTION_FAILED'[39m,
    retryable: [33mtrue[39m,
    originalMessage: [32m'Always fails'[39m,
    context: [32m'retry'[39m,
    attempt: [33m1[39m,
    maxRetries: [33m5[39m,
    delayMs: [33m10.980205555219724[39m
  },
  stack: [32m'Error: Unable to connect to the video service. Please 
check your internet connection and try again.\n'[39m +
    [32m'    at toStreamError (C:\\Users\\DELL\\Desktop\\a2a-dr.-gemini-i
ntake-agent\\src\\server\\services\\stream-error-handler.ts:337:10)\n'[39
m +
    [32m'    at logStreamError (C:\\Users\\DELL\\Desktop\\a2a-dr.-gemini-
intake-agent\\src\\server\\services\\stream-error-handler.ts:352:23)\n'[3
9m +
    [32m'    at Module.retryWithBackoff (C:\\Users\\DELL\\Desktop\\a2a-dr
.-gemini-intake-agent\\src\\server\\services\\stream-error-handler.ts:236:
7)'[39m
}

[90mstderr[2m | 
__tests__/properties/stream-error-handling.property.test.ts[2m > 
[22m[2mProperty 15: Error Handling[2m > [22m[2mRequirement 7.2: 
Retry mechanisms with exponential backoff[2m > [22m[2mretryWithBackoff 
retries the correct number of times on failure
[22m[39mUnhandled error: StreamError: Unable to connect to the video 
service. Please check your internet connection and try again.
    at toStreamError [90m(C:\Users\DELL\Desktop\a2a-dr.-gemini-intake-age
nt\[39msrc\server\services\stream-error-handler.ts:337:10[90m)[39m
    at logStreamError [90m(C:\Users\DELL\Desktop\a2a-dr.-gemini-intake-ag
ent\[39msrc\server\services\stream-error-handler.ts:352:23[90m)[39m
    at Module.retryWithBackoff [90m(C:\Users\DELL\Desktop\a2a-dr.-gemini-
intake-agent\[39msrc\server\services\stream-error-handler.ts:236:7[90m)
[39m
    at [90mC:\Users\DELL\Desktop\a2a-dr.-gemini-intake-agent\[39m__tests
__\properties\stream-error-handling.property.test.ts:221:13
    at AsyncProperty.run [90m(file:///C:/Users/DELL/Desktop/a2a-dr.-gemin
i-intake-agent/[39mnode_modules/[4mfast-check[24m/lib/esm/check/propert
y/AsyncProperty.generic.js:46:28[90m)[39m
    at asyncRunIt [90m(file:///C:/Users/DELL/Desktop/a2a-dr.-gemini-intak
e-agent/[39mnode_modules/[4mfast-check[24m/lib/esm/check/runner/Runner.
js:33:21[90m)[39m
    at [90mC:\Users\DELL\Desktop\a2a-dr.-gemini-intake-agent\[39m__tests
__\properties\stream-error-handling.property.test.ts:205:7
    at [90mfile:///C:/Users/DELL/Desktop/a2a-dr.-gemini-intake-agent/[39
mnode_modules/[4m@vitest/runner[24m/dist/index.js:533:5
    at runTest [90m(file:///C:/Users/DELL/Desktop/a2a-dr.-gemini-intake-a
gent/[39mnode_modules/[4m@vitest/runner[24m/dist/index.js:1056:11[90m)
[39m
    at runSuite [90m(file:///C:/Users/DELL/Desktop/a2a-dr.-gemini-intake-
agent/[39mnode_modules/[4m@vitest/runner[24m/dist/index.js:1205:15[90m
)[39m {
  code: [32m'STREAM_CONNECTION_FAILED'[39m,
  originalError: Error: Always fails
      at [90mC:\Users\DELL\Desktop\a2a-dr.-gemini-intake-agent\[39m__tes
ts__\properties\stream-error-handling.property.test.ts:212:21
      at mockCall [90m(file:///C:/Users/DELL/Desktop/a2a-dr.-gemini-intak
e-agent/[39mnode_modules/[4m@vitest/spy[24m/dist/index.js:61:17[90m)[
39m
      at spy [90m(file:///C:/Users/DELL/Desktop/a2a-dr.-gemini-intake-age
nt/[39mnode_modules/[4mtinyspy[24m/dist/index.js:45:80[90m)[39m
      at Module.retryWithBackoff [90m(C:\Users\DELL\Desktop\a2a-dr.-gemin
i-intake-agent\[39msrc\server\services\stream-error-handler.ts:219:20[90
m)[39m
      at [90mC:\Users\DELL\Desktop\a2a-dr.-gemini-intake-agent\[39m__tes
ts__\properties\stream-error-handling.property.test.ts:221:13
      at AsyncProperty.run [90m(file:///C:/Users/DELL/Desktop/a2a-dr.-gem
ini-intake-agent/[39mnode_modules/[4mfast-check[24m/lib/esm/check/prope
rty/AsyncProperty.generic.js:46:28[90m)[39m
      at asyncRunIt [90m(file:///C:/Users/DELL/Desktop/a2a-dr.-gemini-int
ake-agent/[39mnode_modules/[4mfast-check[24m/lib/esm/check/runner/Runne
r.js:33:21[90m)[39m
      at [90mC:\Users\DELL\Desktop\a2a-dr.-gemini-intake-agent\[39m__tes
ts__\properties\stream-error-handling.property.test.ts:205:7
      at [90mfile:///C:/Users/DELL/Desktop/a2a-dr.-gemini-intake-agent/[
39mnode_modules/[4m@vitest/runner[24m/dist/index.js:533:5
      at runTest [90m(file:///C:/Users/DELL/Desktop/a2a-dr.-gemini-intake
-agent/[39mnode_modules/[4m@vitest/runner[24m/dist/index.js:1056:11[90
m)[39m,
  retryable: [33mtrue[39m,
  fallbackOptions: [
    {
      id: [32m'retry'[39m,
      label: [32m'Try Again'[39m,
      description: [32m'Attempt to reconnect to the video service'[39m,
      action: [32m'retry'[39m
    },
    {
      id: [32m'refresh'[39m,
      label: [32m'Refresh Page'[39m,
      description: [32m'Reload the page to reset the connection'[39m,
      action: [32m'refresh'[39m
    }
  ]
}
Unexpected error: {
  code: [32m'INTERNAL_ERROR'[39m,
  message: [32m'Something went wrong. Please try again later.'[39m,
  context: {
    streamErrorCode: [32m'STREAM_CONNECTION_FAILED'[39m,
    retryable: [33mtrue[39m,
    originalMessage: [32m'Always fails'[39m,
    context: [32m'retry'[39m,
    attempt: [33m2[39m,
    maxRetries: [33m5[39m,
    delayMs: [33m19.44318421947028[39m
  },
  stack: [32m'Error: Unable to connect to the video service. Please 
check your internet connection and try again.\n'[39m +
    [32m'    at toStreamError (C:\\Users\\DELL\\Desktop\\a2a-dr.-gemini-i
ntake-agent\\src\\server\\services\\stream-error-handler.ts:337:10)\n'[39
m +
    [32m'    at logStreamError (C:\\Users\\DELL\\Desktop\\a2a-dr.-gemini-
intake-agent\\src\\server\\services\\stream-error-handler.ts:352:23)\n'[3
9m +
    [32m'    at Module.retryWithBackoff (C:\\Users\\DELL\\Desktop\\a2a-dr
.-gemini-intake-agent\\src\\server\\services\\stream-error-handler.ts:236:
7)\n'[39m +
    [32m'    at C:\\Users\\DELL\\Desktop\\a2a-dr.-gemini-intake-agent\\__
tests__\\properties\\stream-error-handling.property.test.ts:221:13\n'[39m
 +
    [32m'    at AsyncProperty.run (file:///C:/Users/DELL/Desktop/a2a-dr.-
gemini-intake-agent/node_modules/fast-check/lib/esm/check/property/AsyncPr
operty.generic.js:46:28)\n'[39m +
    [32m'    at asyncRunIt (file:///C:/Users/DELL/Desktop/a2a-dr.-gemini-
intake-agent/node_modules/fast-check/lib/esm/check/runner/Runner.js:33:21)
\n'[39m +
    [32m'    at C:\\Users\\DELL\\Desktop\\a2a-dr.-gemini-intake-agent\\__
tests__\\properties\\stream-error-handling.property.test.ts:205:7\n'[39m 
+
    [32m'    at file:///C:/Users/DELL/Desktop/a2a-dr.-gemini-intake-agent
/node_modules/@vitest/runner/dist/index.js:533:5\n'[39m +
    [32m'    at runTest (file:///C:/Users/DELL/Desktop/a2a-dr.-gemini-int
ake-agent/node_modules/@vitest/runner/dist/index.js:1056:11)\n'[39m +
    [32m'    at runSuite (file:///C:/Users/DELL/Desktop/a2a-dr.-gemini-in
take-agent/node_modules/@vitest/runner/dist/index.js:1205:15)'[39m
}

[90mstderr[2m | 
__tests__/properties/stream-error-handling.property.test.ts[2m > 
[22m[2mProperty 15: Error Handling[2m > [22m[2mRequirement 7.2: 
Retry mechanisms with exponential backoff[2m > [22m[2mretryWithBackoff 
retries the correct number of times on failure
[22m[39mUnhandled error: StreamError: Unable to connect to the video 
service. Please check your internet connection and try again.
    at toStreamError [90m(C:\Users\DELL\Desktop\a2a-dr.-gemini-intake-age
nt\[39msrc\server\services\stream-error-handler.ts:337:10[90m)[39m
    at logStreamError [90m(C:\Users\DELL\Desktop\a2a-dr.-gemini-intake-ag
ent\[39msrc\server\services\stream-error-handler.ts:352:23[90m)[39m
    at Module.retryWithBackoff [90m(C:\Users\DELL\Desktop\a2a-dr.-gemini-
intake-agent\[39msrc\server\services\stream-error-handler.ts:236:7[90m)
[39m
    at [90mC:\Users\DELL\Desktop\a2a-dr.-gemini-intake-agent\[39m__tests
__\properties\stream-error-handling.property.test.ts:221:13
    at AsyncProperty.run [90m(file:///C:/Users/DELL/Desktop/a2a-dr.-gemin
i-intake-agent/[39mnode_modules/[4mfast-check[24m/lib/esm/check/propert
y/AsyncProperty.generic.js:46:28[90m)[39m
    at asyncRunIt [90m(file:///C:/Users/DELL/Desktop/a2a-dr.-gemini-intak
e-agent/[39mnode_modules/[4mfast-check[24m/lib/esm/check/runner/Runner.
js:33:21[90m)[39m
    at [90mC:\Users\DELL\Desktop\a2a-dr.-gemini-intake-agent\[39m__tests
__\properties\stream-error-handling.property.test.ts:205:7
    at [90mfile:///C:/Users/DELL/Desktop/a2a-dr.-gemini-intake-agent/[39
mnode_modules/[4m@vitest/runner[24m/dist/index.js:533:5
    at runTest [90m(file:///C:/Users/DELL/Desktop/a2a-dr.-gemini-intake-a
gent/[39mnode_modules/[4m@vitest/runner[24m/dist/index.js:1056:11[90m)
[39m
    at runSuite [90m(file:///C:/Users/DELL/Desktop/a2a-dr.-gemini-intake-
agent/[39mnode_modules/[4m@vitest/runner[24m/dist/index.js:1205:15[90m
)[39m {
  code: [32m'STREAM_CONNECTION_FAILED'[39m,
  originalError: Error: Always fails
      at [90mC:\Users\DELL\Desktop\a2a-dr.-gemini-intake-agent\[39m__tes
ts__\properties\stream-error-handling.property.test.ts:212:21
      at mockCall [90m(file:///C:/Users/DELL/Desktop/a2a-dr.-gemini-intak
e-agent/[39mnode_modules/[4m@vitest/spy[24m/dist/index.js:61:17[90m)[
39m
      at spy [90m(file:///C:/Users/DELL/Desktop/a2a-dr.-gemini-intake-age
nt/[39mnode_modules/[4mtinyspy[24m/dist/index.js:45:80[90m)[39m
      at Module.retryWithBackoff [90m(C:\Users\DELL\Desktop\a2a-dr.-gemin
i-intake-agent\[39msrc\server\services\stream-error-handler.ts:219:20[90
m)[39m
      at [90mC:\Users\DELL\Desktop\a2a-dr.-gemini-intake-agent\[39m__tes
ts__\properties\stream-error-handling.property.test.ts:221:13
      at AsyncProperty.run [90m(file:///C:/Users/DELL/Desktop/a2a-dr.-gem
ini-intake-agent/[39mnode_modules/[4mfast-check[24m/lib/esm/check/prope
rty/AsyncProperty.generic.js:46:28[90m)[39m
      at asyncRunIt [90m(file:///C:/Users/DELL/Desktop/a2a-dr.-gemini-int
ake-agent/[39mnode_modules/[4mfast-check[24m/lib/esm/check/runner/Runne
r.js:33:21[90m)[39m
      at [90mC:\Users\DELL\Desktop\a2a-dr.-gemini-intake-agent\[39m__tes
ts__\properties\stream-error-handling.property.test.ts:205:7
      at [90mfile:///C:/Users/DELL/Desktop/a2a-dr.-gemini-intake-agent/[
39mnode_modules/[4m@vitest/runner[24m/dist/index.js:533:5
      at runTest [90m(file:///C:/Users/DELL/Desktop/a2a-dr.-gemini-intake
-agent/[39mnode_modules/[4m@vitest/runner[24m/dist/index.js:1056:11[90
m)[39m,
  retryable: [33mtrue[39m,
  fallbackOptions: [
    {
      id: [32m'retry'[39m,
      label: [32m'Try Again'[39m,
      description: [32m'Attempt to reconnect to the video service'[39m,
      action: [32m'retry'[39m
    },
    {
      id: [32m'refresh'[39m,
      label: [32m'Refresh Page'[39m,
      description: [32m'Reload the page to reset the connection'[39m,
      action: [32m'refresh'[39m
    }
  ]
}
Unexpected error: {
  code: [32m'INTERNAL_ERROR'[39m,
  message: [32m'Something went wrong. Please try again later.'[39m,
  context: {
    streamErrorCode: [32m'STREAM_CONNECTION_FAILED'[39m,
    retryable: [33mtrue[39m,
    originalMessage: [32m'Always fails'[39m,
    context: [32m'retry'[39m,
    attempt: [33m3[39m,
    maxRetries: [33m5[39m,
    delayMs: [33m41.88423549153559[39m
  },
  stack: [32m'Error: Unable to connect to the video service. Please 
check your internet connection and try again.\n'[39m +
    [32m'    at toStreamError (C:\\Users\\DELL\\Desktop\\a2a-dr.-gemini-i
ntake-agent\\src\\server\\services\\stream-error-handler.ts:337:10)\n'[39
m +
    [32m'    at logStreamError (C:\\Users\\DELL\\Desktop\\a2a-dr.-gemini-
intake-agent\\src\\server\\services\\stream-error-handler.ts:352:23)\n'[3
9m +
    [32m'    at Module.retryWithBackoff (C:\\Users\\DELL\\Desktop\\a2a-dr
.-gemini-intake-agent\\src\\server\\services\\stream-error-handler.ts:236:
7)\n'[39m +
    [32m'    at C:\\Users\\DELL\\Desktop\\a2a-dr.-gemini-intake-agent\\__
tests__\\properties\\stream-error-handling.property.test.ts:221:13\n'[39m
 +
    [32m'    at AsyncProperty.run (file:///C:/Users/DELL/Desktop/a2a-dr.-
gemini-intake-agent/node_modules/fast-check/lib/esm/check/property/AsyncPr
operty.generic.js:46:28)\n'[39m +
    [32m'    at asyncRunIt (file:///C:/Users/DELL/Desktop/a2a-dr.-gemini-
intake-agent/node_modules/fast-check/lib/esm/check/runner/Runner.js:33:21)
\n'[39m +
    [32m'    at C:\\Users\\DELL\\Desktop\\a2a-dr.-gemini-intake-agent\\__
tests__\\properties\\stream-error-handling.property.test.ts:205:7\n'[39m 
+
    [32m'    at file:///C:/Users/DELL/Desktop/a2a-dr.-gemini-intake-agent
/node_modules/@vitest/runner/dist/index.js:533:5\n'[39m +
    [32m'    at runTest (file:///C:/Users/DELL/Desktop/a2a-dr.-gemini-int
ake-agent/node_modules/@vitest/runner/dist/index.js:1056:11)\n'[39m +
    [32m'    at runSuite (file:///C:/Users/DELL/Desktop/a2a-dr.-gemini-in
take-agent/node_modules/@vitest/runner/dist/index.js:1205:15)'[39m
}

[90mstderr[2m | 
__tests__/properties/stream-error-handling.property.test.ts[2m > 
[22m[2mProperty 15: Error Handling[2m > [22m[2mRequirement 7.2: 
Retry mechanisms with exponential backoff[2m > [22m[2mretryWithBackoff 
retries the correct number of times on failure
[22m[39mUnhandled error: StreamError: Unable to connect to the video 
service. Please check your internet connection and try again.
    at toStreamError [90m(C:\Users\DELL\Desktop\a2a-dr.-gemini-intake-age
nt\[39msrc\server\services\stream-error-handler.ts:337:10[90m)[39m
    at logStreamError [90m(C:\Users\DELL\Desktop\a2a-dr.-gemini-intake-ag
ent\[39msrc\server\services\stream-error-handler.ts:352:23[90m)[39m
    at Module.retryWithBackoff [90m(C:\Users\DELL\Desktop\a2a-dr.-gemini-
intake-agent\[39msrc\server\services\stream-error-handler.ts:236:7[90m)
[39m
    at [90mC:\Users\DELL\Desktop\a2a-dr.-gemini-intake-agent\[39m__tests
__\properties\stream-error-handling.property.test.ts:221:13
    at AsyncProperty.run [90m(file:///C:/Users/DELL/Desktop/a2a-dr.-gemin
i-intake-agent/[39mnode_modules/[4mfast-check[24m/lib/esm/check/propert
y/AsyncProperty.generic.js:46:28[90m)[39m
    at asyncRunIt [90m(file:///C:/Users/DELL/Desktop/a2a-dr.-gemini-intak
e-agent/[39mnode_modules/[4mfast-check[24m/lib/esm/check/runner/Runner.
js:33:21[90m)[39m
    at [90mC:\Users\DELL\Desktop\a2a-dr.-gemini-intake-agent\[39m__tests
__\properties\stream-error-handling.property.test.ts:205:7
    at [90mfile:///C:/Users/DELL/Desktop/a2a-dr.-gemini-intake-agent/[39
mnode_modules/[4m@vitest/runner[24m/dist/index.js:533:5
    at runTest [90m(file:///C:/Users/DELL/Desktop/a2a-dr.-gemini-intake-a
gent/[39mnode_modules/[4m@vitest/runner[24m/dist/index.js:1056:11[90m)
[39m
    at runSuite [90m(file:///C:/Users/DELL/Desktop/a2a-dr.-gemini-intake-
agent/[39mnode_modules/[4m@vitest/runner[24m/dist/index.js:1205:15[90m
)[39m {
  code: [32m'STREAM_CONNECTION_FAILED'[39m,
  originalError: Error: Always fails
      at [90mC:\Users\DELL\Desktop\a2a-dr.-gemini-intake-agent\[39m__tes
ts__\properties\stream-error-handling.property.test.ts:212:21
      at mockCall [90m(file:///C:/Users/DELL/Desktop/a2a-dr.-gemini-intak
e-agent/[39mnode_modules/[4m@vitest/spy[24m/dist/index.js:61:17[90m)[
39m
      at spy [90m(file:///C:/Users/DELL/Desktop/a2a-dr.-gemini-intake-age
nt/[39mnode_modules/[4mtinyspy[24m/dist/index.js:45:80[90m)[39m
      at Module.retryWithBackoff [90m(C:\Users\DELL\Desktop\a2a-dr.-gemin
i-intake-agent\[39msrc\server\services\stream-error-handler.ts:219:20[90
m)[39m
      at [90mC:\Users\DELL\Desktop\a2a-dr.-gemini-intake-agent\[39m__tes
ts__\properties\stream-error-handling.property.test.ts:221:13
      at AsyncProperty.run [90m(file:///C:/Users/DELL/Desktop/a2a-dr.-gem
ini-intake-agent/[39mnode_modules/[4mfast-check[24m/lib/esm/check/prope
rty/AsyncProperty.generic.js:46:28[90m)[39m
      at asyncRunIt [90m(file:///C:/Users/DELL/Desktop/a2a-dr.-gemini-int
ake-agent/[39mnode_modules/[4mfast-check[24m/lib/esm/check/runner/Runne
r.js:33:21[90m)[39m
      at [90mC:\Users\DELL\Desktop\a2a-dr.-gemini-intake-agent\[39m__tes
ts__\properties\stream-error-handling.property.test.ts:205:7
      at [90mfile:///C:/Users/DELL/Desktop/a2a-dr.-gemini-intake-agent/[
39mnode_modules/[4m@vitest/runner[24m/dist/index.js:533:5
      at runTest [90m(file:///C:/Users/DELL/Desktop/a2a-dr.-gemini-intake
-agent/[39mnode_modules/[4m@vitest/runner[24m/dist/index.js:1056:11[90
m)[39m,
  retryable: [33mtrue[39m,
  fallbackOptions: [
    {
      id: [32m'retry'[39m,
      label: [32m'Try Again'[39m,
      description: [32m'Attempt to reconnect to the video service'[39m,
      action: [32m'retry'[39m
    },
    {
      id: [32m'refresh'[39m,
      label: [32m'Refresh Page'[39m,
      description: [32m'Reload the page to reset the connection'[39m,
      action: [32m'refresh'[39m
    }
  ]
}
Unexpected error: {
  code: [32m'INTERNAL_ERROR'[39m,
  message: [32m'Something went wrong. Please try again later.'[39m,
  context: {
    streamErrorCode: [32m'STREAM_CONNECTION_FAILED'[39m,
    retryable: [33mtrue[39m,
    originalMessage: [32m'Always fails'[39m,
    context: [32m'retry'[39m,
    attempt: [33m4[39m,
    maxRetries: [33m5[39m,
    delayMs: [33m80.08939434194525[39m
  },
  stack: [32m'Error: Unable to connect to the video service. Please 
check your internet connection and try again.\n'[39m +
    [32m'    at toStreamError (C:\\Users\\DELL\\Desktop\\a2a-dr.-gemini-i
ntake-agent\\src\\server\\services\\stream-error-handler.ts:337:10)\n'[39
m +
    [32m'    at logStreamError (C:\\Users\\DELL\\Desktop\\a2a-dr.-gemini-
intake-agent\\src\\server\\services\\stream-error-handler.ts:352:23)\n'[3
9m +
    [32m'    at Module.retryWithBackoff (C:\\Users\\DELL\\Desktop\\a2a-dr
.-gemini-intake-agent\\src\\server\\services\\stream-error-handler.ts:236:
7)\n'[39m +
    [32m'    at C:\\Users\\DELL\\Desktop\\a2a-dr.-gemini-intake-agent\\__
tests__\\properties\\stream-error-handling.property.test.ts:221:13\n'[39m
 +
    [32m'    at AsyncProperty.run (file:///C:/Users/DELL/Desktop/a2a-dr.-
gemini-intake-agent/node_modules/fast-check/lib/esm/check/property/AsyncPr
operty.generic.js:46:28)\n'[39m +
    [32m'    at asyncRunIt (file:///C:/Users/DELL/Desktop/a2a-dr.-gemini-
intake-agent/node_modules/fast-check/lib/esm/check/runner/Runner.js:33:21)
\n'[39m +
    [32m'    at C:\\Users\\DELL\\Desktop\\a2a-dr.-gemini-intake-agent\\__
tests__\\properties\\stream-error-handling.property.test.ts:205:7\n'[39m 
+
    [32m'    at file:///C:/Users/DELL/Desktop/a2a-dr.-gemini-intake-agent
/node_modules/@vitest/runner/dist/index.js:533:5\n'[39m +
    [32m'    at runTest (file:///C:/Users/DELL/Desktop/a2a-dr.-gemini-int
ake-agent/node_modules/@vitest/runner/dist/index.js:1056:11)\n'[39m +
    [32m'    at runSuite (file:///C:/Users/DELL/Desktop/a2a-dr.-gemini-in
take-agent/node_modules/@vitest/runner/dist/index.js:1205:15)'[39m
}

[90mstderr[2m | 
__tests__/properties/stream-error-handling.property.test.ts[2m > 
[22m[2mProperty 15: Error Handling[2m > [22m[2mRequirement 7.2: 
Retry mechanisms with exponential backoff[2m > [22m[2mretryWithBackoff 
retries the correct number of times on failure
[22m[39mUnhandled error: StreamError: Unable to connect to the video 
service. Please check your internet connection and try again.
    at toStreamError [90m(C:\Users\DELL\Desktop\a2a-dr.-gemini-intake-age
nt\[39msrc\server\services\stream-error-handler.ts:337:10[90m)[39m
    at logStreamError [90m(C:\Users\DELL\Desktop\a2a-dr.-gemini-intake-ag
ent\[39msrc\server\services\stream-error-handler.ts:352:23[90m)[39m
    at Module.retryWithBackoff [90m(C:\Users\DELL\Desktop\a2a-dr.-gemini-
intake-agent\[39msrc\server\services\stream-error-handler.ts:236:7[90m)
[39m
    at [90mC:\Users\DELL\Desktop\a2a-dr.-gemini-intake-agent\[39m__tests
__\properties\stream-error-handling.property.test.ts:221:13
    at AsyncProperty.run [90m(file:///C:/Users/DELL/Desktop/a2a-dr.-gemin
i-intake-agent/[39mnode_modules/[4mfast-check[24m/lib/esm/check/propert
y/AsyncProperty.generic.js:46:28[90m)[39m
    at asyncRunIt [90m(file:///C:/Users/DELL/Desktop/a2a-dr.-gemini-intak
e-agent/[39mnode_modules/[4mfast-check[24m/lib/esm/check/runner/Runner.
js:33:21[90m)[39m
    at [90mC:\Users\DELL\Desktop\a2a-dr.-gemini-intake-agent\[39m__tests
__\properties\stream-error-handling.property.test.ts:205:7
    at [90mfile:///C:/Users/DELL/Desktop/a2a-dr.-gemini-intake-agent/[39
mnode_modules/[4m@vitest/runner[24m/dist/index.js:533:5
    at runTest [90m(file:///C:/Users/DELL/Desktop/a2a-dr.-gemini-intake-a
gent/[39mnode_modules/[4m@vitest/runner[24m/dist/index.js:1056:11[90m)
[39m
    at runSuite [90m(file:///C:/Users/DELL/Desktop/a2a-dr.-gemini-intake-
agent/[39mnode_modules/[4m@vitest/runner[24m/dist/index.js:1205:15[90m
)[39m {
  code: [32m'STREAM_CONNECTION_FAILED'[39m,
  originalError: Error: Always fails
      at [90mC:\Users\DELL\Desktop\a2a-dr.-gemini-intake-agent\[39m__tes
ts__\properties\stream-error-handling.property.test.ts:212:21
      at mockCall [90m(file:///C:/Users/DELL/Desktop/a2a-dr.-gemini-intak
e-agent/[39mnode_modules/[4m@vitest/spy[24m/dist/index.js:61:17[90m)[
39m
      at spy [90m(file:///C:/Users/DELL/Desktop/a2a-dr.-gemini-intake-age
nt/[39mnode_modules/[4mtinyspy[24m/dist/index.js:45:80[90m)[39m
      at Module.retryWithBackoff [90m(C:\Users\DELL\Desktop\a2a-dr.-gemin
i-intake-agent\[39msrc\server\services\stream-error-handler.ts:219:20[90
m)[39m
      at [90mC:\Users\DELL\Desktop\a2a-dr.-gemini-intake-agent\[39m__tes
ts__\properties\stream-error-handling.property.test.ts:221:13
      at AsyncProperty.run [90m(file:///C:/Users/DELL/Desktop/a2a-dr.-gem
ini-intake-agent/[39mnode_modules/[4mfast-check[24m/lib/esm/check/prope
rty/AsyncProperty.generic.js:46:28[90m)[39m
      at asyncRunIt [90m(file:///C:/Users/DELL/Desktop/a2a-dr.-gemini-int
ake-agent/[39mnode_modules/[4mfast-check[24m/lib/esm/check/runner/Runne
r.js:33:21[90m)[39m
      at [90mC:\Users\DELL\Desktop\a2a-dr.-gemini-intake-agent\[39m__tes
ts__\properties\stream-error-handling.property.test.ts:205:7
      at [90mfile:///C:/Users/DELL/Desktop/a2a-dr.-gemini-intake-agent/[
39mnode_modules/[4m@vitest/runner[24m/dist/index.js:533:5
      at runTest [90m(file:///C:/Users/DELL/Desktop/a2a-dr.-gemini-intake
-agent/[39mnode_modules/[4m@vitest/runner[24m/dist/index.js:1056:11[90
m)[39m,
  retryable: [33mtrue[39m,
  fallbackOptions: [
    {
      id: [32m'retry'[39m,
      label: [32m'Try Again'[39m,
      description: [32m'Attempt to reconnect to the video service'[39m,
      action: [32m'retry'[39m
    },
    {
      id: [32m'refresh'[39m,
      label: [32m'Refresh Page'[39m,
      description: [32m'Reload the page to reset the connection'[39m,
      action: [32m'refresh'[39m
    }
  ]
}
Unexpected error: {
  code: [32m'INTERNAL_ERROR'[39m,
  message: [32m'Something went wrong. Please try again later.'[39m,
  context: {
    streamErrorCode: [32m'STREAM_CONNECTION_FAILED'[39m,
    retryable: [33mtrue[39m,
    originalMessage: [32m'Always fails'[39m,
    context: [32m'retry'[39m,
    attempt: [33m5[39m,
    maxRetries: [33m5[39m,
    delayMs: [33m100[39m
  },
  stack: [32m'Error: Unable to connect to the video service. Please 
check your internet connection and try again.\n'[39m +
    [32m'    at toStreamError (C:\\Users\\DELL\\Desktop\\a2a-dr.-gemini-i
ntake-agent\\src\\server\\services\\stream-error-handler.ts:337:10)\n'[39
m +
    [32m'    at logStreamError (C:\\Users\\DELL\\Desktop\\a2a-dr.-gemini-
intake-agent\\src\\server\\services\\stream-error-handler.ts:352:23)\n'[3
9m +
    [32m'    at Module.retryWithBackoff (C:\\Users\\DELL\\Desktop\\a2a-dr
.-gemini-intake-agent\\src\\server\\services\\stream-error-handler.ts:236:
7)\n'[39m +
    [32m'    at C:\\Users\\DELL\\Desktop\\a2a-dr.-gemini-intake-agent\\__
tests__\\properties\\stream-error-handling.property.test.ts:221:13\n'[39m
 +
    [32m'    at AsyncProperty.run (file:///C:/Users/DELL/Desktop/a2a-dr.-
gemini-intake-agent/node_modules/fast-check/lib/esm/check/property/AsyncPr
operty.generic.js:46:28)\n'[39m +
    [32m'    at asyncRunIt (file:///C:/Users/DELL/Desktop/a2a-dr.-gemini-
intake-agent/node_modules/fast-check/lib/esm/check/runner/Runner.js:33:21)
\n'[39m +
    [32m'    at C:\\Users\\DELL\\Desktop\\a2a-dr.-gemini-intake-agent\\__
tests__\\properties\\stream-error-handling.property.test.ts:205:7\n'[39m 
+
    [32m'    at file:///C:/Users/DELL/Desktop/a2a-dr.-gemini-intake-agent
/node_modules/@vitest/runner/dist/index.js:533:5\n'[39m +
    [32m'    at runTest (file:///C:/Users/DELL/Desktop/a2a-dr.-gemini-int
ake-agent/node_modules/@vitest/runner/dist/index.js:1056:11)\n'[39m +
    [32m'    at runSuite (file:///C:/Users/DELL/Desktop/a2a-dr.-gemini-in
take-agent/node_modules/@vitest/runner/dist/index.js:1205:15)'[39m
}

[90mstderr[2m | 
__tests__/properties/stream-error-handling.property.test.ts[2m > 
[22m[2mProperty 15: Error Handling[2m > [22m[2mRequirement 7.2: 
Retry mechanisms with exponential backoff[2m > [22m[2mretryWithBackoff 
retries the correct number of times on failure
[22m[39mUnhandled error: StreamError: Unable to connect to the video 
service. Please check your internet connection and try again.
    at toStreamError [90m(C:\Users\DELL\Desktop\a2a-dr.-gemini-intake-age
nt\[39msrc\server\services\stream-error-handler.ts:337:10[90m)[39m
    at logStreamError [90m(C:\Users\DELL\Desktop\a2a-dr.-gemini-intake-ag
ent\[39msrc\server\services\stream-error-handler.ts:352:23[90m)[39m
    at Module.retryWithBackoff [90m(C:\Users\DELL\Desktop\a2a-dr.-gemini-
intake-agent\[39msrc\server\services\stream-error-handler.ts:236:7[90m)
[39m {
  code: [32m'STREAM_CONNECTION_FAILED'[39m,
  originalError: Error: Always fails
      at [90mC:\Users\DELL\Desktop\a2a-dr.-gemini-intake-agent\[39m__tes
ts__\properties\stream-error-handling.property.test.ts:212:21
      at mockCall [90m(file:///C:/Users/DELL/Desktop/a2a-dr.-gemini-intak
e-agent/[39mnode_modules/[4m@vitest/spy[24m/dist/index.js:61:17[90m)[
39m
      at spy [90m(file:///C:/Users/DELL/Desktop/a2a-dr.-gemini-intake-age
nt/[39mnode_modules/[4mtinyspy[24m/dist/index.js:45:80[90m)[39m
      at Module.retryWithBackoff [90m(C:\Users\DELL\Desktop\a2a-dr.-gemin
i-intake-agent\[39msrc\server\services\stream-error-handler.ts:219:20[90
m)[39m
      at [90mC:\Users\DELL\Desktop\a2a-dr.-gemini-intake-agent\[39m__tes
ts__\properties\stream-error-handling.property.test.ts:221:26
      at AsyncProperty.predicate [90m(file:///C:/Users/DELL/Desktop/a2a-d
r.-gemini-intake-agent/[39mnode_modules/[4mfast-check[24m/lib/esm/check
/property/AsyncProperty.js:14:59[90m)[39m
      at AsyncProperty.run [90m(file:///C:/Users/DELL/Desktop/a2a-dr.-gem
ini-intake-agent/[39mnode_modules/[4mfast-check[24m/lib/esm/check/prope
rty/AsyncProperty.generic.js:46:39[90m)[39m
      at asyncRunIt [90m(file:///C:/Users/DELL/Desktop/a2a-dr.-gemini-int
ake-agent/[39mnode_modules/[4mfast-check[24m/lib/esm/check/runner/Runne
r.js:33:36[90m)[39m
      at [90mC:\Users\DELL\Desktop\a2a-dr.-gemini-intake-agent\[39m__tes
ts__\properties\stream-error-handling.property.test.ts:205:7
      at [90mfile:///C:/Users/DELL/Desktop/a2a-dr.-gemini-intake-agent/[
39mnode_modules/[4m@vitest/runner[24m/dist/index.js:533:5,
  retryable: [33mtrue[39m,
  fallbackOptions: [
    {
      id: [32m'retry'[39m,
      label: [32m'Try Again'[39m,
      description: [32m'Attempt to reconnect to the video service'[39m,
      action: [32m'retry'[39m
    },
    {
      id: [32m'refresh'[39m,
      label: [32m'Refresh Page'[39m,
      description: [32m'Reload the page to reset the connection'[39m,
      action: [32m'refresh'[39m
    }
  ]
}
Unexpected error: {
  code: [32m'INTERNAL_ERROR'[39m,
  message: [32m'Something went wrong. Please try again later.'[39m,
  context: {
    streamErrorCode: [32m'STREAM_CONNECTION_FAILED'[39m,
    retryable: [33mtrue[39m,
    originalMessage: [32m'Always fails'[39m,
    context: [32m'retry'[39m,
    attempt: [33m1[39m,
    maxRetries: [33m5[39m,
    delayMs: [33m9.03938541044565[39m
  },
  stack: [32m'Error: Unable to connect to the video service. Please 
check your internet connection and try again.\n'[39m +
    [32m'    at toStreamError (C:\\Users\\DELL\\Desktop\\a2a-dr.-gemini-i
ntake-agent\\src\\server\\services\\stream-error-handler.ts:337:10)\n'[39
m +
    [32m'    at logStreamError (C:\\Users\\DELL\\Desktop\\a2a-dr.-gemini-
intake-agent\\src\\server\\services\\stream-error-handler.ts:352:23)\n'[3
9m +
    [32m'    at Module.retryWithBackoff (C:\\Users\\DELL\\Desktop\\a2a-dr
.-gemini-intake-agent\\src\\server\\services\\stream-error-handler.ts:236:
7)'[39m
}

[90mstderr[2m | 
__tests__/properties/stream-error-handling.property.test.ts[2m > 
[22m[2mProperty 15: Error Handling[2m > [22m[2mRequirement 7.2: 
Retry mechanisms with exponential backoff[2m > [22m[2mretryWithBackoff 
retries the correct number of times on failure
[22m[39mUnhandled error: StreamError: Unable to connect to the video 
service. Please check your internet connection and try again.
    at toStreamError [90m(C:\Users\DELL\Desktop\a2a-dr.-gemini-intake-age
nt\[39msrc\server\services\stream-error-handler.ts:337:10[90m)[39m
    at logStreamError [90m(C:\Users\DELL\Desktop\a2a-dr.-gemini-intake-ag
ent\[39msrc\server\services\stream-error-handler.ts:352:23[90m)[39m
    at Module.retryWithBackoff [90m(C:\Users\DELL\Desktop\a2a-dr.-gemini-
intake-agent\[39msrc\server\services\stream-error-handler.ts:236:7[90m)
[39m
    at [90mC:\Users\DELL\Desktop\a2a-dr.-gemini-intake-agent\[39m__tests
__\properties\stream-error-handling.property.test.ts:221:13
    at AsyncProperty.run [90m(file:///C:/Users/DELL/Desktop/a2a-dr.-gemin
i-intake-agent/[39mnode_modules/[4mfast-check[24m/lib/esm/check/propert
y/AsyncProperty.generic.js:46:28[90m)[39m
    at asyncRunIt [90m(file:///C:/Users/DELL/Desktop/a2a-dr.-gemini-intak
e-agent/[39mnode_modules/[4mfast-check[24m/lib/esm/check/runner/Runner.
js:33:21[90m)[39m
    at [90mC:\Users\DELL\Desktop\a2a-dr.-gemini-intake-agent\[39m__tests
__\properties\stream-error-handling.property.test.ts:205:7
    at [90mfile:///C:/Users/DELL/Desktop/a2a-dr.-gemini-intake-agent/[39
mnode_modules/[4m@vitest/runner[24m/dist/index.js:533:5
    at runTest [90m(file:///C:/Users/DELL/Desktop/a2a-dr.-gemini-intake-a
gent/[39mnode_modules/[4m@vitest/runner[24m/dist/index.js:1056:11[90m)
[39m
    at runSuite [90m(file:///C:/Users/DELL/Desktop/a2a-dr.-gemini-intake-
agent/[39mnode_modules/[4m@vitest/runner[24m/dist/index.js:1205:15[90m
)[39m {
  code: [32m'STREAM_CONNECTION_FAILED'[39m,
  originalError: Error: Always fails
      at [90mC:\Users\DELL\Desktop\a2a-dr.-gemini-intake-agent\[39m__tes
ts__\properties\stream-error-handling.property.test.ts:212:21
      at mockCall [90m(file:///C:/Users/DELL/Desktop/a2a-dr.-gemini-intak
e-agent/[39mnode_modules/[4m@vitest/spy[24m/dist/index.js:61:17[90m)[
39m
      at spy [90m(file:///C:/Users/DELL/Desktop/a2a-dr.-gemini-intake-age
nt/[39mnode_modules/[4mtinyspy[24m/dist/index.js:45:80[90m)[39m
      at Module.retryWithBackoff [90m(C:\Users\DELL\Desktop\a2a-dr.-gemin
i-intake-agent\[39msrc\server\services\stream-error-handler.ts:219:20[90
m)[39m
      at [90mC:\Users\DELL\Desktop\a2a-dr.-gemini-intake-agent\[39m__tes
ts__\properties\stream-error-handling.property.test.ts:221:13
      at AsyncProperty.run [90m(file:///C:/Users/DELL/Desktop/a2a-dr.-gem
ini-intake-agent/[39mnode_modules/[4mfast-check[24m/lib/esm/check/prope
rty/AsyncProperty.generic.js:46:28[90m)[39m
      at asyncRunIt [90m(file:///C:/Users/DELL/Desktop/a2a-dr.-gemini-int
ake-agent/[39mnode_modules/[4mfast-check[24m/lib/esm/check/runner/Runne
r.js:33:21[90m)[39m
      at [90mC:\Users\DELL\Desktop\a2a-dr.-gemini-intake-agent\[39m__tes
ts__\properties\stream-error-handling.property.test.ts:205:7
      at [90mfile:///C:/Users/DELL/Desktop/a2a-dr.-gemini-intake-agent/[
39mnode_modules/[4m@vitest/runner[24m/dist/index.js:533:5
      at runTest [90m(file:///C:/Users/DELL/Desktop/a2a-dr.-gemini-intake
-agent/[39mnode_modules/[4m@vitest/runner[24m/dist/index.js:1056:11[90
m)[39m,
  retryable: [33mtrue[39m,
  fallbackOptions: [
    {
      id: [32m'retry'[39m,
      label: [32m'Try Again'[39m,
      description: [32m'Attempt to reconnect to the video service'[39m,
      action: [32m'retry'[39m
    },
    {
      id: [32m'refresh'[39m,
      label: [32m'Refresh Page'[39m,
      description: [32m'Reload the page to reset the connection'[39m,
      action: [32m'refresh'[39m
    }
  ]
}
Unexpected error: {
  code: [32m'INTERNAL_ERROR'[39m,
  message: [32m'Something went wrong. Please try again later.'[39m,
  context: {
    streamErrorCode: [32m'STREAM_CONNECTION_FAILED'[39m,
    retryable: [33mtrue[39m,
    originalMessage: [32m'Always fails'[39m,
    context: [32m'retry'[39m,
    attempt: [33m2[39m,
    maxRetries: [33m5[39m,
    delayMs: [33m20.4576399295255[39m
  },
  stack: [32m'Error: Unable to connect to the video service. Please 
check your internet connection and try again.\n'[39m +
    [32m'    at toStreamError (C:\\Users\\DELL\\Desktop\\a2a-dr.-gemini-i
ntake-agent\\src\\server\\services\\stream-error-handler.ts:337:10)\n'[39
m +
    [32m'    at logStreamError (C:\\Users\\DELL\\Desktop\\a2a-dr.-gemini-
intake-agent\\src\\server\\services\\stream-error-handler.ts:352:23)\n'[3
9m +
    [32m'    at Module.retryWithBackoff (C:\\Users\\DELL\\Desktop\\a2a-dr
.-gemini-intake-agent\\src\\server\\services\\stream-error-handler.ts:236:
7)\n'[39m +
    [32m'    at C:\\Users\\DELL\\Desktop\\a2a-dr.-gemini-intake-agent\\__
tests__\\properties\\stream-error-handling.property.test.ts:221:13\n'[39m
 +
    [32m'    at AsyncProperty.run (file:///C:/Users/DELL/Desktop/a2a-dr.-
gemini-intake-agent/node_modules/fast-check/lib/esm/check/property/AsyncPr
operty.generic.js:46:28)\n'[39m +
    [32m'    at asyncRunIt (file:///C:/Users/DELL/Desktop/a2a-dr.-gemini-
intake-agent/node_modules/fast-check/lib/esm/check/runner/Runner.js:33:21)
\n'[39m +
    [32m'    at C:\\Users\\DELL\\Desktop\\a2a-dr.-gemini-intake-agent\\__
tests__\\properties\\stream-error-handling.property.test.ts:205:7\n'[39m 
+
    [32m'    at file:///C:/Users/DELL/Desktop/a2a-dr.-gemini-intake-agent
/node_modules/@vitest/runner/dist/index.js:533:5\n'[39m +
    [32m'    at runTest (file:///C:/Users/DELL/Desktop/a2a-dr.-gemini-int
ake-agent/node_modules/@vitest/runner/dist/index.js:1056:11)\n'[39m +
    [32m'    at runSuite (file:///C:/Users/DELL/Desktop/a2a-dr.-gemini-in
take-agent/node_modules/@vitest/runner/dist/index.js:1205:15)'[39m
}

[90mstderr[2m | 
__tests__/properties/stream-error-handling.property.test.ts[2m > 
[22m[2mProperty 15: Error Handling[2m > [22m[2mRequirement 7.2: 
Retry mechanisms with exponential backoff[2m > [22m[2mretryWithBackoff 
retries the correct number of times on failure
[22m[39mUnhandled error: StreamError: Unable to connect to the video 
service. Please check your internet connection and try again.
    at toStreamError [90m(C:\Users\DELL\Desktop\a2a-dr.-gemini-intake-age
nt\[39msrc\server\services\stream-error-handler.ts:337:10[90m)[39m
    at logStreamError [90m(C:\Users\DELL\Desktop\a2a-dr.-gemini-intake-ag
ent\[39msrc\server\services\stream-error-handler.ts:352:23[90m)[39m
    at Module.retryWithBackoff [90m(C:\Users\DELL\Desktop\a2a-dr.-gemini-
intake-agent\[39msrc\server\services\stream-error-handler.ts:236:7[90m)
[39m
    at [90mC:\Users\DELL\Desktop\a2a-dr.-gemini-intake-agent\[39m__tests
__\properties\stream-error-handling.property.test.ts:221:13
    at AsyncProperty.run [90m(file:///C:/Users/DELL/Desktop/a2a-dr.-gemin
i-intake-agent/[39mnode_modules/[4mfast-check[24m/lib/esm/check/propert
y/AsyncProperty.generic.js:46:28[90m)[39m
    at asyncRunIt [90m(file:///C:/Users/DELL/Desktop/a2a-dr.-gemini-intak
e-agent/[39mnode_modules/[4mfast-check[24m/lib/esm/check/runner/Runner.
js:33:21[90m)[39m
    at [90mC:\Users\DELL\Desktop\a2a-dr.-gemini-intake-agent\[39m__tests
__\properties\stream-error-handling.property.test.ts:205:7
    at [90mfile:///C:/Users/DELL/Desktop/a2a-dr.-gemini-intake-agent/[39
mnode_modules/[4m@vitest/runner[24m/dist/index.js:533:5
    at runTest [90m(file:///C:/Users/DELL/Desktop/a2a-dr.-gemini-intake-a
gent/[39mnode_modules/[4m@vitest/runner[24m/dist/index.js:1056:11[90m)
[39m
    at runSuite [90m(file:///C:/Users/DELL/Desktop/a2a-dr.-gemini-intake-
agent/[39mnode_modules/[4m@vitest/runner[24m/dist/index.js:1205:15[90m
)[39m {
  code: [32m'STREAM_CONNECTION_FAILED'[39m,
  originalError: Error: Always fails
      at [90mC:\Users\DELL\Desktop\a2a-dr.-gemini-intake-agent\[39m__tes
ts__\properties\stream-error-handling.property.test.ts:212:21
      at mockCall [90m(file:///C:/Users/DELL/Desktop/a2a-dr.-gemini-intak
e-agent/[39mnode_modules/[4m@vitest/spy[24m/dist/index.js:61:17[90m)[
39m
      at spy [90m(file:///C:/Users/DELL/Desktop/a2a-dr.-gemini-intake-age
nt/[39mnode_modules/[4mtinyspy[24m/dist/index.js:45:80[90m)[39m
      at Module.retryWithBackoff [90m(C:\Users\DELL\Desktop\a2a-dr.-gemin
i-intake-agent\[39msrc\server\services\stream-error-handler.ts:219:20[90
m)[39m
      at [90mC:\Users\DELL\Desktop\a2a-dr.-gemini-intake-agent\[39m__tes
ts__\properties\stream-error-handling.property.test.ts:221:13
      at AsyncProperty.run [90m(file:///C:/Users/DELL/Desktop/a2a-dr.-gem
ini-intake-agent/[39mnode_modules/[4mfast-check[24m/lib/esm/check/prope
rty/AsyncProperty.generic.js:46:28[90m)[39m
      at asyncRunIt [90m(file:///C:/Users/DELL/Desktop/a2a-dr.-gemini-int
ake-agent/[39mnode_modules/[4mfast-check[24m/lib/esm/check/runner/Runne
r.js:33:21[90m)[39m
      at [90mC:\Users\DELL\Desktop\a2a-dr.-gemini-intake-agent\[39m__tes
ts__\properties\stream-error-handling.property.test.ts:205:7
      at [90mfile:///C:/Users/DELL/Desktop/a2a-dr.-gemini-intake-agent/[
39mnode_modules/[4m@vitest/runner[24m/dist/index.js:533:5
      at runTest [90m(file:///C:/Users/DELL/Desktop/a2a-dr.-gemini-intake
-agent/[39mnode_modules/[4m@vitest/runner[24m/dist/index.js:1056:11[90
m)[39m,
  retryable: [33mtrue[39m,
  fallbackOptions: [
    {
      id: [32m'retry'[39m,
      label: [32m'Try Again'[39m,
      description: [32m'Attempt to reconnect to the video service'[39m,
      action: [32m'retry'[39m
    },
    {
      id: [32m'refresh'[39m,
      label: [32m'Refresh Page'[39m,
      description: [32m'Reload the page to reset the connection'[39m,
      action: [32m'refresh'[39m
    }
  ]
}
Unexpected error: {
  code: [32m'INTERNAL_ERROR'[39m,
  message: [32m'Something went wrong. Please try again later.'[39m,
  context: {
    streamErrorCode: [32m'STREAM_CONNECTION_FAILED'[39m,
    retryable: [33mtrue[39m,
    originalMessage: [32m'Always fails'[39m,
    context: [32m'retry'[39m,
    attempt: [33m3[39m,
    maxRetries: [33m5[39m,
    delayMs: [33m42.09661994625108[39m
  },
  stack: [32m'Error: Unable to connect to the video service. Please 
check your internet connection and try again.\n'[39m +
    [32m'    at toStreamError (C:\\Users\\DELL\\Desktop\\a2a-dr.-gemini-i
ntake-agent\\src\\server\\services\\stream-error-handler.ts:337:10)\n'[39
m +
    [32m'    at logStreamError (C:\\Users\\DELL\\Desktop\\a2a-dr.-gemini-
intake-agent\\src\\server\\services\\stream-error-handler.ts:352:23)\n'[3
9m +
    [32m'    at Module.retryWithBackoff (C:\\Users\\DELL\\Desktop\\a2a-dr
.-gemini-intake-agent\\src\\server\\services\\stream-error-handler.ts:236:
7)\n'[39m +
    [32m'    at C:\\Users\\DELL\\Desktop\\a2a-dr.-gemini-intake-agent\\__
tests__\\properties\\stream-error-handling.property.test.ts:221:13\n'[39m
 +
    [32m'    at AsyncProperty.run (file:///C:/Users/DELL/Desktop/a2a-dr.-
gemini-intake-agent/node_modules/fast-check/lib/esm/check/property/AsyncPr
operty.generic.js:46:28)\n'[39m +
    [32m'    at asyncRunIt (file:///C:/Users/DELL/Desktop/a2a-dr.-gemini-
intake-agent/node_modules/fast-check/lib/esm/check/runner/Runner.js:33:21)
\n'[39m +
    [32m'    at C:\\Users\\DELL\\Desktop\\a2a-dr.-gemini-intake-agent\\__
tests__\\properties\\stream-error-handling.property.test.ts:205:7\n'[39m 
+
    [32m'    at file:///C:/Users/DELL/Desktop/a2a-dr.-gemini-intake-agent
/node_modules/@vitest/runner/dist/index.js:533:5\n'[39m +
    [32m'    at runTest (file:///C:/Users/DELL/Desktop/a2a-dr.-gemini-int
ake-agent/node_modules/@vitest/runner/dist/index.js:1056:11)\n'[39m +
    [32m'    at runSuite (file:///C:/Users/DELL/Desktop/a2a-dr.-gemini-in
take-agent/node_modules/@vitest/runner/dist/index.js:1205:15)'[39m
}

[90mstderr[2m | 
__tests__/properties/stream-error-handling.property.test.ts[2m > 
[22m[2mProperty 15: Error Handling[2m > [22m[2mRequirement 7.2: 
Retry mechanisms with exponential backoff[2m > [22m[2mretryWithBackoff 
retries the correct number of times on failure
[22m[39mUnhandled error: StreamError: Unable to connect to the video 
service. Please check your internet connection and try again.
    at toStreamError [90m(C:\Users\DELL\Desktop\a2a-dr.-gemini-intake-age
nt\[39msrc\server\services\stream-error-handler.ts:337:10[90m)[39m
    at logStreamError [90m(C:\Users\DELL\Desktop\a2a-dr.-gemini-intake-ag
ent\[39msrc\server\services\stream-error-handler.ts:352:23[90m)[39m
    at Module.retryWithBackoff [90m(C:\Users\DELL\Desktop\a2a-dr.-gemini-
intake-agent\[39msrc\server\services\stream-error-handler.ts:236:7[90m)
[39m
    at [90mC:\Users\DELL\Desktop\a2a-dr.-gemini-intake-agent\[39m__tests
__\properties\stream-error-handling.property.test.ts:221:13
    at AsyncProperty.run [90m(file:///C:/Users/DELL/Desktop/a2a-dr.-gemin
i-intake-agent/[39mnode_modules/[4mfast-check[24m/lib/esm/check/propert
y/AsyncProperty.generic.js:46:28[90m)[39m
    at asyncRunIt [90m(file:///C:/Users/DELL/Desktop/a2a-dr.-gemini-intak
e-agent/[39mnode_modules/[4mfast-check[24m/lib/esm/check/runner/Runner.
js:33:21[90m)[39m
    at [90mC:\Users\DELL\Desktop\a2a-dr.-gemini-intake-agent\[39m__tests
__\properties\stream-error-handling.property.test.ts:205:7
    at [90mfile:///C:/Users/DELL/Desktop/a2a-dr.-gemini-intake-agent/[39
mnode_modules/[4m@vitest/runner[24m/dist/index.js:533:5
    at runTest [90m(file:///C:/Users/DELL/Desktop/a2a-dr.-gemini-intake-a
gent/[39mnode_modules/[4m@vitest/runner[24m/dist/index.js:1056:11[90m)
[39m
    at runSuite [90m(file:///C:/Users/DELL/Desktop/a2a-dr.-gemini-intake-
agent/[39mnode_modules/[4m@vitest/runner[24m/dist/index.js:1205:15[90m
)[39m {
  code: [32m'STREAM_CONNECTION_FAILED'[39m,
  originalError: Error: Always fails
      at [90mC:\Users\DELL\Desktop\a2a-dr.-gemini-intake-agent\[39m__tes
ts__\properties\stream-error-handling.property.test.ts:212:21
      at mockCall [90m(file:///C:/Users/DELL/Desktop/a2a-dr.-gemini-intak
e-agent/[39mnode_modules/[4m@vitest/spy[24m/dist/index.js:61:17[90m)[
39m
      at spy [90m(file:///C:/Users/DELL/Desktop/a2a-dr.-gemini-intake-age
nt/[39mnode_modules/[4mtinyspy[24m/dist/index.js:45:80[90m)[39m
      at Module.retryWithBackoff [90m(C:\Users\DELL\Desktop\a2a-dr.-gemin
i-intake-agent\[39msrc\server\services\stream-error-handler.ts:219:20[90
m)[39m
      at [90mC:\Users\DELL\Desktop\a2a-dr.-gemini-intake-agent\[39m__tes
ts__\properties\stream-error-handling.property.test.ts:221:13
      at AsyncProperty.run [90m(file:///C:/Users/DELL/Desktop/a2a-dr.-gem
ini-intake-agent/[39mnode_modules/[4mfast-check[24m/lib/esm/check/prope
rty/AsyncProperty.generic.js:46:28[90m)[39m
      at asyncRunIt [90m(file:///C:/Users/DELL/Desktop/a2a-dr.-gemini-int
ake-agent/[39mnode_modules/[4mfast-check[24m/lib/esm/check/runner/Runne
r.js:33:21[90m)[39m
      at [90mC:\Users\DELL\Desktop\a2a-dr.-gemini-intake-agent\[39m__tes
ts__\properties\stream-error-handling.property.test.ts:205:7
      at [90mfile:///C:/Users/DELL/Desktop/a2a-dr.-gemini-intake-agent/[
39mnode_modules/[4m@vitest/runner[24m/dist/index.js:533:5
      at runTest [90m(file:///C:/Users/DELL/Desktop/a2a-dr.-gemini-intake
-agent/[39mnode_modules/[4m@vitest/runner[24m/dist/index.js:1056:11[90
m)[39m,
  retryable: [33mtrue[39m,
  fallbackOptions: [
    {
      id: [32m'retry'[39m,
      label: [32m'Try Again'[39m,
      description: [32m'Attempt to reconnect to the video service'[39m,
      action: [32m'retry'[39m
    },
    {
      id: [32m'refresh'[39m,
      label: [32m'Refresh Page'[39m,
      description: [32m'Reload the page to reset the connection'[39m,
      action: [32m'refresh'[39m
    }
  ]
}
Unexpected error: {
  code: [32m'INTERNAL_ERROR'[39m,
  message: [32m'Something went wrong. Please try again later.'[39m,
  context: {
    streamErrorCode: [32m'STREAM_CONNECTION_FAILED'[39m,
    retryable: [33mtrue[39m,
    originalMessage: [32m'Always fails'[39m,
    context: [32m'retry'[39m,
    attempt: [33m4[39m,
    maxRetries: [33m5[39m,
    delayMs: [33m74.42832845834296[39m
  },
  stack: [32m'Error: Unable to connect to the video service. Please 
check your internet connection and try again.\n'[39m +
    [32m'    at toStreamError (C:\\Users\\DELL\\Desktop\\a2a-dr.-gemini-i
ntake-agent\\src\\server\\services\\stream-error-handler.ts:337:10)\n'[39
m +
    [32m'    at logStreamError (C:\\Users\\DELL\\Desktop\\a2a-dr.-gemini-
intake-agent\\src\\server\\services\\stream-error-handler.ts:352:23)\n'[3
9m +
    [32m'    at Module.retryWithBackoff (C:\\Users\\DELL\\Desktop\\a2a-dr
.-gemini-intake-agent\\src\\server\\services\\stream-error-handler.ts:236:
7)\n'[39m +
    [32m'    at C:\\Users\\DELL\\Desktop\\a2a-dr.-gemini-intake-agent\\__
tests__\\properties\\stream-error-handling.property.test.ts:221:13\n'[39m
 +
    [32m'    at AsyncProperty.run (file:///C:/Users/DELL/Desktop/a2a-dr.-
gemini-intake-agent/node_modules/fast-check/lib/esm/check/property/AsyncPr
operty.generic.js:46:28)\n'[39m +
    [32m'    at asyncRunIt (file:///C:/Users/DELL/Desktop/a2a-dr.-gemini-
intake-agent/node_modules/fast-check/lib/esm/check/runner/Runner.js:33:21)
\n'[39m +
    [32m'    at C:\\Users\\DELL\\Desktop\\a2a-dr.-gemini-intake-agent\\__
tests__\\properties\\stream-error-handling.property.test.ts:205:7\n'[39m 
+
    [32m'    at file:///C:/Users/DELL/Desktop/a2a-dr.-gemini-intake-agent
/node_modules/@vitest/runner/dist/index.js:533:5\n'[39m +
    [32m'    at runTest (file:///C:/Users/DELL/Desktop/a2a-dr.-gemini-int
ake-agent/node_modules/@vitest/runner/dist/index.js:1056:11)\n'[39m +
    [32m'    at runSuite (file:///C:/Users/DELL/Desktop/a2a-dr.-gemini-in
take-agent/node_modules/@vitest/runner/dist/index.js:1205:15)'[39m
}

[90mstderr[2m | 
__tests__/properties/stream-error-handling.property.test.ts[2m > 
[22m[2mProperty 15: Error Handling[2m > [22m[2mRequirement 7.2: 
Retry mechanisms with exponential backoff[2m > [22m[2mretryWithBackoff 
retries the correct number of times on failure
[22m[39mUnhandled error: StreamError: Unable to connect to the video 
service. Please check your internet connection and try again.
    at toStreamError [90m(C:\Users\DELL\Desktop\a2a-dr.-gemini-intake-age
nt\[39msrc\server\services\stream-error-handler.ts:337:10[90m)[39m
    at logStreamError [90m(C:\Users\DELL\Desktop\a2a-dr.-gemini-intake-ag
ent\[39msrc\server\services\stream-error-handler.ts:352:23[90m)[39m
    at Module.retryWithBackoff [90m(C:\Users\DELL\Desktop\a2a-dr.-gemini-
intake-agent\[39msrc\server\services\stream-error-handler.ts:236:7[90m)
[39m
    at [90mC:\Users\DELL\Desktop\a2a-dr.-gemini-intake-agent\[39m__tests
__\properties\stream-error-handling.property.test.ts:221:13
    at AsyncProperty.run [90m(file:///C:/Users/DELL/Desktop/a2a-dr.-gemin
i-intake-agent/[39mnode_modules/[4mfast-check[24m/lib/esm/check/propert
y/AsyncProperty.generic.js:46:28[90m)[39m
    at asyncRunIt [90m(file:///C:/Users/DELL/Desktop/a2a-dr.-gemini-intak
e-agent/[39mnode_modules/[4mfast-check[24m/lib/esm/check/runner/Runner.
js:33:21[90m)[39m
    at [90mC:\Users\DELL\Desktop\a2a-dr.-gemini-intake-agent\[39m__tests
__\properties\stream-error-handling.property.test.ts:205:7
    at [90mfile:///C:/Users/DELL/Desktop/a2a-dr.-gemini-intake-agent/[39
mnode_modules/[4m@vitest/runner[24m/dist/index.js:533:5
    at runTest [90m(file:///C:/Users/DELL/Desktop/a2a-dr.-gemini-intake-a
gent/[39mnode_modules/[4m@vitest/runner[24m/dist/index.js:1056:11[90m)
[39m
    at runSuite [90m(file:///C:/Users/DELL/Desktop/a2a-dr.-gemini-intake-
agent/[39mnode_modules/[4m@vitest/runner[24m/dist/index.js:1205:15[90m
)[39m {
  code: [32m'STREAM_CONNECTION_FAILED'[39m,
  originalError: Error: Always fails
      at [90mC:\Users\DELL\Desktop\a2a-dr.-gemini-intake-agent\[39m__tes
ts__\properties\stream-error-handling.property.test.ts:212:21
      at mockCall [90m(file:///C:/Users/DELL/Desktop/a2a-dr.-gemini-intak
e-agent/[39mnode_modules/[4m@vitest/spy[24m/dist/index.js:61:17[90m)[
39m
      at spy [90m(file:///C:/Users/DELL/Desktop/a2a-dr.-gemini-intake-age
nt/[39mnode_modules/[4mtinyspy[24m/dist/index.js:45:80[90m)[39m
      at Module.retryWithBackoff [90m(C:\Users\DELL\Desktop\a2a-dr.-gemin
i-intake-agent\[39msrc\server\services\stream-error-handler.ts:219:20[90
m)[39m
      at [90mC:\Users\DELL\Desktop\a2a-dr.-gemini-intake-agent\[39m__tes
ts__\properties\stream-error-handling.property.test.ts:221:13
      at AsyncProperty.run [90m(file:///C:/Users/DELL/Desktop/a2a-dr.-gem
ini-intake-agent/[39mnode_modules/[4mfast-check[24m/lib/esm/check/prope
rty/AsyncProperty.generic.js:46:28[90m)[39m
      at asyncRunIt [90m(file:///C:/Users/DELL/Desktop/a2a-dr.-gemini-int
ake-agent/[39mnode_modules/[4mfast-check[24m/lib/esm/check/runner/Runne
r.js:33:21[90m)[39m
      at [90mC:\Users\DELL\Desktop\a2a-dr.-gemini-intake-agent\[39m__tes
ts__\properties\stream-error-handling.property.test.ts:205:7
      at [90mfile:///C:/Users/DELL/Desktop/a2a-dr.-gemini-intake-agent/[
39mnode_modules/[4m@vitest/runner[24m/dist/index.js:533:5
      at runTest [90m(file:///C:/Users/DELL/Desktop/a2a-dr.-gemini-intake
-agent/[39mnode_modules/[4m@vitest/runner[24m/dist/index.js:1056:11[90
m)[39m,
  retryable: [33mtrue[39m,
  fallbackOptions: [
    {
      id: [32m'retry'[39m,
      label: [32m'Try Again'[39m,
      description: [32m'Attempt to reconnect to the video service'[39m,
      action: [32m'retry'[39m
    },
    {
      id: [32m'refresh'[39m,
      label: [32m'Refresh Page'[39m,
      description: [32m'Reload the page to reset the connection'[39m,
      action: [32m'refresh'[39m
    }
  ]
}
Unexpected error: {
  code: [32m'INTERNAL_ERROR'[39m,
  message: [32m'Something went wrong. Please try again later.'[39m,
  context: {
    streamErrorCode: [32m'STREAM_CONNECTION_FAILED'[39m,
    retryable: [33mtrue[39m,
    originalMessage: [32m'Always fails'[39m,
    context: [32m'retry'[39m,
    attempt: [33m5[39m,
    maxRetries: [33m5[39m,
    delayMs: [33m100[39m
  },
  stack: [32m'Error: Unable to connect to the video service. Please 
check your internet connection and try again.\n'[39m +
    [32m'    at toStreamError (C:\\Users\\DELL\\Desktop\\a2a-dr.-gemini-i
ntake-agent\\src\\server\\services\\stream-error-handler.ts:337:10)\n'[39
m +
    [32m'    at logStreamError (C:\\Users\\DELL\\Desktop\\a2a-dr.-gemini-
intake-agent\\src\\server\\services\\stream-error-handler.ts:352:23)\n'[3
9m +
    [32m'    at Module.retryWithBackoff (C:\\Users\\DELL\\Desktop\\a2a-dr
.-gemini-intake-agent\\src\\server\\services\\stream-error-handler.ts:236:
7)\n'[39m +
    [32m'    at C:\\Users\\DELL\\Desktop\\a2a-dr.-gemini-intake-agent\\__
tests__\\properties\\stream-error-handling.property.test.ts:221:13\n'[39m
 +
    [32m'    at AsyncProperty.run (file:///C:/Users/DELL/Desktop/a2a-dr.-
gemini-intake-agent/node_modules/fast-check/lib/esm/check/property/AsyncPr
operty.generic.js:46:28)\n'[39m +
    [32m'    at asyncRunIt (file:///C:/Users/DELL/Desktop/a2a-dr.-gemini-
intake-agent/node_modules/fast-check/lib/esm/check/runner/Runner.js:33:21)
\n'[39m +
    [32m'    at C:\\Users\\DELL\\Desktop\\a2a-dr.-gemini-intake-agent\\__
tests__\\properties\\stream-error-handling.property.test.ts:205:7\n'[39m 
+
    [32m'    at file:///C:/Users/DELL/Desktop/a2a-dr.-gemini-intake-agent
/node_modules/@vitest/runner/dist/index.js:533:5\n'[39m +
    [32m'    at runTest (file:///C:/Users/DELL/Desktop/a2a-dr.-gemini-int
ake-agent/node_modules/@vitest/runner/dist/index.js:1056:11)\n'[39m +
    [32m'    at runSuite (file:///C:/Users/DELL/Desktop/a2a-dr.-gemini-in
take-agent/node_modules/@vitest/runner/dist/index.js:1205:15)'[39m
}

[90mstderr[2m | 
__tests__/properties/stream-error-handling.property.test.ts[2m > 
[22m[2mProperty 15: Error Handling[2m > [22m[2mRequirement 7.2: 
Retry mechanisms with exponential backoff[2m > [22m[2mretryWithBackoff 
retries the correct number of times on failure
[22m[39mUnhandled error: StreamError: Unable to connect to the video 
service. Please check your internet connection and try again.
    at toStreamError [90m(C:\Users\DELL\Desktop\a2a-dr.-gemini-intake-age
nt\[39msrc\server\services\stream-error-handler.ts:337:10[90m)[39m
    at logStreamError [90m(C:\Users\DELL\Desktop\a2a-dr.-gemini-intake-ag
ent\[39msrc\server\services\stream-error-handler.ts:352:23[90m)[39m
    at Module.retryWithBackoff [90m(C:\Users\DELL\Desktop\a2a-dr.-gemini-
intake-agent\[39msrc\server\services\stream-error-handler.ts:236:7[90m)
[39m {
  code: [32m'STREAM_CONNECTION_FAILED'[39m,
  originalError: Error: Always fails
      at [90mC:\Users\DELL\Desktop\a2a-dr.-gemini-intake-agent\[39m__tes
ts__\properties\stream-error-handling.property.test.ts:212:21
      at mockCall [90m(file:///C:/Users/DELL/Desktop/a2a-dr.-gemini-intak
e-agent/[39mnode_modules/[4m@vitest/spy[24m/dist/index.js:61:17[90m)[
39m
      at spy [90m(file:///C:/Users/DELL/Desktop/a2a-dr.-gemini-intake-age
nt/[39mnode_modules/[4mtinyspy[24m/dist/index.js:45:80[90m)[39m
      at Module.retryWithBackoff [90m(C:\Users\DELL\Desktop\a2a-dr.-gemin
i-intake-agent\[39msrc\server\services\stream-error-handler.ts:219:20[90
m)[39m
      at [90mC:\Users\DELL\Desktop\a2a-dr.-gemini-intake-agent\[39m__tes
ts__\properties\stream-error-handling.property.test.ts:221:26
      at AsyncProperty.predicate [90m(file:///C:/Users/DELL/Desktop/a2a-d
r.-gemini-intake-agent/[39mnode_modules/[4mfast-check[24m/lib/esm/check
/property/AsyncProperty.js:14:59[90m)[39m
      at AsyncProperty.run [90m(file:///C:/Users/DELL/Desktop/a2a-dr.-gem
ini-intake-agent/[39mnode_modules/[4mfast-check[24m/lib/esm/check/prope
rty/AsyncProperty.generic.js:46:39[90m)[39m
      at asyncRunIt [90m(file:///C:/Users/DELL/Desktop/a2a-dr.-gemini-int
ake-agent/[39mnode_modules/[4mfast-check[24m/lib/esm/check/runner/Runne
r.js:33:36[90m)[39m
      at [90mC:\Users\DELL\Desktop\a2a-dr.-gemini-intake-agent\[39m__tes
ts__\properties\stream-error-handling.property.test.ts:205:7
      at [90mfile:///C:/Users/DELL/Desktop/a2a-dr.-gemini-intake-agent/[
39mnode_modules/[4m@vitest/runner[24m/dist/index.js:533:5,
  retryable: [33mtrue[39m,
  fallbackOptions: [
    {
      id: [32m'retry'[39m,
      label: [32m'Try Again'[39m,
      description: [32m'Attempt to reconnect to the video service'[39m,
      action: [32m'retry'[39m
    },
    {
      id: [32m'refresh'[39m,
      label: [32m'Refresh Page'[39m,
      description: [32m'Reload the page to reset the connection'[39m,
      action: [32m'refresh'[39m
    }
  ]
}
Unexpected error: {
  code: [32m'INTERNAL_ERROR'[39m,
  message: [32m'Something went wrong. Please try again later.'[39m,
  context: {
    streamErrorCode: [32m'STREAM_CONNECTION_FAILED'[39m,
    retryable: [33mtrue[39m,
    originalMessage: [32m'Always fails'[39m,
    context: [32m'retry'[39m,
    attempt: [33m1[39m,
    maxRetries: [33m5[39m,
    delayMs: [33m9.491222094705929[39m
  },
  stack: [32m'Error: Unable to connect to the video service. Please 
check your internet connection and try again.\n'[39m +
    [32m'    at toStreamError (C:\\Users\\DELL\\Desktop\\a2a-dr.-gemini-i
ntake-agent\\src\\server\\services\\stream-error-handler.ts:337:10)\n'[39
m +
    [32m'    at logStreamError (C:\\Users\\DELL\\Desktop\\a2a-dr.-gemini-
intake-agent\\src\\server\\services\\stream-error-handler.ts:352:23)\n'[3
9m +
    [32m'    at Module.retryWithBackoff (C:\\Users\\DELL\\Desktop\\a2a-dr
.-gemini-intake-agent\\src\\server\\services\\stream-error-handler.ts:236:
7)'[39m
}

[90mstderr[2m | 
__tests__/properties/stream-error-handling.property.test.ts[2m > 
[22m[2mProperty 15: Error Handling[2m > [22m[2mRequirement 7.2: 
Retry mechanisms with exponential backoff[2m > [22m[2mretryWithBackoff 
retries the correct number of times on failure
[22m[39mUnhandled error: StreamError: Unable to connect to the video 
service. Please check your internet connection and try again.
    at toStreamError [90m(C:\Users\DELL\Desktop\a2a-dr.-gemini-intake-age
nt\[39msrc\server\services\stream-error-handler.ts:337:10[90m)[39m
    at logStreamError [90m(C:\Users\DELL\Desktop\a2a-dr.-gemini-intake-ag
ent\[39msrc\server\services\stream-error-handler.ts:352:23[90m)[39m
    at Module.retryWithBackoff [90m(C:\Users\DELL\Desktop\a2a-dr.-gemini-
intake-agent\[39msrc\server\services\stream-error-handler.ts:236:7[90m)
[39m
    at [90mC:\Users\DELL\Desktop\a2a-dr.-gemini-intake-agent\[39m__tests
__\properties\stream-error-handling.property.test.ts:221:13
    at AsyncProperty.run [90m(file:///C:/Users/DELL/Desktop/a2a-dr.-gemin
i-intake-agent/[39mnode_modules/[4mfast-check[24m/lib/esm/check/propert
y/AsyncProperty.generic.js:46:28[90m)[39m
    at asyncRunIt [90m(file:///C:/Users/DELL/Desktop/a2a-dr.-gemini-intak
e-agent/[39mnode_modules/[4mfast-check[24m/lib/esm/check/runner/Runner.
js:33:21[90m)[39m
    at [90mC:\Users\DELL\Desktop\a2a-dr.-gemini-intake-agent\[39m__tests
__\properties\stream-error-handling.property.test.ts:205:7
    at [90mfile:///C:/Users/DELL/Desktop/a2a-dr.-gemini-intake-agent/[39
mnode_modules/[4m@vitest/runner[24m/dist/index.js:533:5
    at runTest [90m(file:///C:/Users/DELL/Desktop/a2a-dr.-gemini-intake-a
gent/[39mnode_modules/[4m@vitest/runner[24m/dist/index.js:1056:11[90m)
[39m
    at runSuite [90m(file:///C:/Users/DELL/Desktop/a2a-dr.-gemini-intake-
agent/[39mnode_modules/[4m@vitest/runner[24m/dist/index.js:1205:15[90m
)[39m {
  code: [32m'STREAM_CONNECTION_FAILED'[39m,
  originalError: Error: Always fails
      at [90mC:\Users\DELL\Desktop\a2a-dr.-gemini-intake-agent\[39m__tes
ts__\properties\stream-error-handling.property.test.ts:212:21
      at mockCall [90m(file:///C:/Users/DELL/Desktop/a2a-dr.-gemini-intak
e-agent/[39mnode_modules/[4m@vitest/spy[24m/dist/index.js:61:17[90m)[
39m
      at spy [90m(file:///C:/Users/DELL/Desktop/a2a-dr.-gemini-intake-age
nt/[39mnode_modules/[4mtinyspy[24m/dist/index.js:45:80[90m)[39m
      at Module.retryWithBackoff [90m(C:\Users\DELL\Desktop\a2a-dr.-gemin
i-intake-agent\[39msrc\server\services\stream-error-handler.ts:219:20[90
m)[39m
      at [90mC:\Users\DELL\Desktop\a2a-dr.-gemini-intake-agent\[39m__tes
ts__\properties\stream-error-handling.property.test.ts:221:13
      at AsyncProperty.run [90m(file:///C:/Users/DELL/Desktop/a2a-dr.-gem
ini-intake-agent/[39mnode_modules/[4mfast-check[24m/lib/esm/check/prope
rty/AsyncProperty.generic.js:46:28[90m)[39m
      at asyncRunIt [90m(file:///C:/Users/DELL/Desktop/a2a-dr.-gemini-int
ake-agent/[39mnode_modules/[4mfast-check[24m/lib/esm/check/runner/Runne
r.js:33:21[90m)[39m
      at [90mC:\Users\DELL\Desktop\a2a-dr.-gemini-intake-agent\[39m__tes
ts__\properties\stream-error-handling.property.test.ts:205:7
      at [90mfile:///C:/Users/DELL/Desktop/a2a-dr.-gemini-intake-agent/[
39mnode_modules/[4m@vitest/runner[24m/dist/index.js:533:5
      at runTest [90m(file:///C:/Users/DELL/Desktop/a2a-dr.-gemini-intake
-agent/[39mnode_modules/[4m@vitest/runner[24m/dist/index.js:1056:11[90
m)[39m,
  retryable: [33mtrue[39m,
  fallbackOptions: [
    {
      id: [32m'retry'[39m,
      label: [32m'Try Again'[39m,
      description: [32m'Attempt to reconnect to the video service'[39m,
      action: [32m'retry'[39m
    },
    {
      id: [32m'refresh'[39m,
      label: [32m'Refresh Page'[39m,
      description: [32m'Reload the page to reset the connection'[39m,
      action: [32m'refresh'[39m
    }
  ]
}
Unexpected error: {
  code: [32m'INTERNAL_ERROR'[39m,
  message: [32m'Something went wrong. Please try again later.'[39m,
  context: {
    streamErrorCode: [32m'STREAM_CONNECTION_FAILED'[39m,
    retryable: [33mtrue[39m,
    originalMessage: [32m'Always fails'[39m,
    context: [32m'retry'[39m,
    attempt: [33m2[39m,
    maxRetries: [33m5[39m,
    delayMs: [33m19.122089227656154[39m
  },
  stack: [32m'Error: Unable to connect to the video service. Please 
check your internet connection and try again.\n'[39m +
    [32m'    at toStreamError (C:\\Users\\DELL\\Desktop\\a2a-dr.-gemini-i
ntake-agent\\src\\server\\services\\stream-error-handler.ts:337:10)\n'[39
m +
    [32m'    at logStreamError (C:\\Users\\DELL\\Desktop\\a2a-dr.-gemini-
intake-agent\\src\\server\\services\\stream-error-handler.ts:352:23)\n'[3
9m +
    [32m'    at Module.retryWithBackoff (C:\\Users\\DELL\\Desktop\\a2a-dr
.-gemini-intake-agent\\src\\server\\services\\stream-error-handler.ts:236:
7)\n'[39m +
    [32m'    at C:\\Users\\DELL\\Desktop\\a2a-dr.-gemini-intake-agent\\__
tests__\\properties\\stream-error-handling.property.test.ts:221:13\n'[39m
 +
    [32m'    at AsyncProperty.run (file:///C:/Users/DELL/Desktop/a2a-dr.-
gemini-intake-agent/node_modules/fast-check/lib/esm/check/property/AsyncPr
operty.generic.js:46:28)\n'[39m +
    [32m'    at asyncRunIt (file:///C:/Users/DELL/Desktop/a2a-dr.-gemini-
intake-agent/node_modules/fast-check/lib/esm/check/runner/Runner.js:33:21)
\n'[39m +
    [32m'    at C:\\Users\\DELL\\Desktop\\a2a-dr.-gemini-intake-agent\\__
tests__\\properties\\stream-error-handling.property.test.ts:205:7\n'[39m 
+
    [32m'    at file:///C:/Users/DELL/Desktop/a2a-dr.-gemini-intake-agent
/node_modules/@vitest/runner/dist/index.js:533:5\n'[39m +
    [32m'    at runTest (file:///C:/Users/DELL/Desktop/a2a-dr.-gemini-int
ake-agent/node_modules/@vitest/runner/dist/index.js:1056:11)\n'[39m +
    [32m'    at runSuite (file:///C:/Users/DELL/Desktop/a2a-dr.-gemini-in
take-agent/node_modules/@vitest/runner/dist/index.js:1205:15)'[39m
}

[90mstderr[2m | 
__tests__/properties/stream-error-handling.property.test.ts[2m > 
[22m[2mProperty 15: Error Handling[2m > [22m[2mRequirement 7.2: 
Retry mechanisms with exponential backoff[2m > [22m[2mretryWithBackoff 
retries the correct number of times on failure
[22m[39mUnhandled error: StreamError: Unable to connect to the video 
service. Please check your internet connection and try again.
    at toStreamError [90m(C:\Users\DELL\Desktop\a2a-dr.-gemini-intake-age
nt\[39msrc\server\services\stream-error-handler.ts:337:10[90m)[39m
    at logStreamError [90m(C:\Users\DELL\Desktop\a2a-dr.-gemini-intake-ag
ent\[39msrc\server\services\stream-error-handler.ts:352:23[90m)[39m
    at Module.retryWithBackoff [90m(C:\Users\DELL\Desktop\a2a-dr.-gemini-
intake-agent\[39msrc\server\services\stream-error-handler.ts:236:7[90m)
[39m
    at [90mC:\Users\DELL\Desktop\a2a-dr.-gemini-intake-agent\[39m__tests
__\properties\stream-error-handling.property.test.ts:221:13
    at AsyncProperty.run [90m(file:///C:/Users/DELL/Desktop/a2a-dr.-gemin
i-intake-agent/[39mnode_modules/[4mfast-check[24m/lib/esm/check/propert
y/AsyncProperty.generic.js:46:28[90m)[39m
    at asyncRunIt [90m(file:///C:/Users/DELL/Desktop/a2a-dr.-gemini-intak
e-agent/[39mnode_modules/[4mfast-check[24m/lib/esm/check/runner/Runner.
js:33:21[90m)[39m
    at [90mC:\Users\DELL\Desktop\a2a-dr.-gemini-intake-agent\[39m__tests
__\properties\stream-error-handling.property.test.ts:205:7
    at [90mfile:///C:/Users/DELL/Desktop/a2a-dr.-gemini-intake-agent/[39
mnode_modules/[4m@vitest/runner[24m/dist/index.js:533:5
    at runTest [90m(file:///C:/Users/DELL/Desktop/a2a-dr.-gemini-intake-a
gent/[39mnode_modules/[4m@vitest/runner[24m/dist/index.js:1056:11[90m)
[39m
    at runSuite [90m(file:///C:/Users/DELL/Desktop/a2a-dr.-gemini-intake-
agent/[39mnode_modules/[4m@vitest/runner[24m/dist/index.js:1205:15[90m
)[39m {
  code: [32m'STREAM_CONNECTION_FAILED'[39m,
  originalError: Error: Always fails
      at [90mC:\Users\DELL\Desktop\a2a-dr.-gemini-intake-agent\[39m__tes
ts__\properties\stream-error-handling.property.test.ts:212:21
      at mockCall [90m(file:///C:/Users/DELL/Desktop/a2a-dr.-gemini-intak
e-agent/[39mnode_modules/[4m@vitest/spy[24m/dist/index.js:61:17[90m)[
39m
      at spy [90m(file:///C:/Users/DELL/Desktop/a2a-dr.-gemini-intake-age
nt/[39mnode_modules/[4mtinyspy[24m/dist/index.js:45:80[90m)[39m
      at Module.retryWithBackoff [90m(C:\Users\DELL\Desktop\a2a-dr.-gemin
i-intake-agent\[39msrc\server\services\stream-error-handler.ts:219:20[90
m)[39m
      at [90mC:\Users\DELL\Desktop\a2a-dr.-gemini-intake-agent\[39m__tes
ts__\properties\stream-error-handling.property.test.ts:221:13
      at AsyncProperty.run [90m(file:///C:/Users/DELL/Desktop/a2a-dr.-gem
ini-intake-agent/[39mnode_modules/[4mfast-check[24m/lib/esm/check/prope
rty/AsyncProperty.generic.js:46:28[90m)[39m
      at asyncRunIt [90m(file:///C:/Users/DELL/Desktop/a2a-dr.-gemini-int
ake-agent/[39mnode_modules/[4mfast-check[24m/lib/esm/check/runner/Runne
r.js:33:21[90m)[39m
      at [90mC:\Users\DELL\Desktop\a2a-dr.-gemini-intake-agent\[39m__tes
ts__\properties\stream-error-handling.property.test.ts:205:7
      at [90mfile:///C:/Users/DELL/Desktop/a2a-dr.-gemini-intake-agent/[
39mnode_modules/[4m@vitest/runner[24m/dist/index.js:533:5
      at runTest [90m(file:///C:/Users/DELL/Desktop/a2a-dr.-gemini-intake
-agent/[39mnode_modules/[4m@vitest/runner[24m/dist/index.js:1056:11[90
m)[39m,
  retryable: [33mtrue[39m,
  fallbackOptions: [
    {
      id: [32m'retry'[39m,
      label: [32m'Try Again'[39m,
      description: [32m'Attempt to reconnect to the video service'[39m,
      action: [32m'retry'[39m
    },
    {
      id: [32m'refresh'[39m,
      label: [32m'Refresh Page'[39m,
      description: [32m'Reload the page to reset the connection'[39m,
      action: [32m'refresh'[39m
    }
  ]
}
Unexpected error: {
  code: [32m'INTERNAL_ERROR'[39m,
  message: [32m'Something went wrong. Please try again later.'[39m,
  context: {
    streamErrorCode: [32m'STREAM_CONNECTION_FAILED'[39m,
    retryable: [33mtrue[39m,
    originalMessage: [32m'Always fails'[39m,
    context: [32m'retry'[39m,
    attempt: [33m3[39m,
    maxRetries: [33m5[39m,
    delayMs: [33m36.6924557056149[39m
  },
  stack: [32m'Error: Unable to connect to the video service. Please 
check your internet connection and try again.\n'[39m +
    [32m'    at toStreamError (C:\\Users\\DELL\\Desktop\\a2a-dr.-gemini-i
ntake-agent\\src\\server\\services\\stream-error-handler.ts:337:10)\n'[39
m +
    [32m'    at logStreamError (C:\\Users\\DELL\\Desktop\\a2a-dr.-gemini-
intake-agent\\src\\server\\services\\stream-error-handler.ts:352:23)\n'[3
9m +
    [32m'    at Module.retryWithBackoff (C:\\Users\\DELL\\Desktop\\a2a-dr
.-gemini-intake-agent\\src\\server\\services\\stream-error-handler.ts:236:
7)\n'[39m +
    [32m'    at C:\\Users\\DELL\\Desktop\\a2a-dr.-gemini-intake-agent\\__
tests__\\properties\\stream-error-handling.property.test.ts:221:13\n'[39m
 +
    [32m'    at AsyncProperty.run (file:///C:/Users/DELL/Desktop/a2a-dr.-
gemini-intake-agent/node_modules/fast-check/lib/esm/check/property/AsyncPr
operty.generic.js:46:28)\n'[39m +
    [32m'    at asyncRunIt (file:///C:/Users/DELL/Desktop/a2a-dr.-gemini-
intake-agent/node_modules/fast-check/lib/esm/check/runner/Runner.js:33:21)
\n'[39m +
    [32m'    at C:\\Users\\DELL\\Desktop\\a2a-dr.-gemini-intake-agent\\__
tests__\\properties\\stream-error-handling.property.test.ts:205:7\n'[39m 
+
    [32m'    at file:///C:/Users/DELL/Desktop/a2a-dr.-gemini-intake-agent
/node_modules/@vitest/runner/dist/index.js:533:5\n'[39m +
    [32m'    at runTest (file:///C:/Users/DELL/Desktop/a2a-dr.-gemini-int
ake-agent/node_modules/@vitest/runner/dist/index.js:1056:11)\n'[39m +
    [32m'    at runSuite (file:///C:/Users/DELL/Desktop/a2a-dr.-gemini-in
take-agent/node_modules/@vitest/runner/dist/index.js:1205:15)'[39m
}

[90mstderr[2m | 
__tests__/properties/stream-error-handling.property.test.ts[2m > 
[22m[2mProperty 15: Error Handling[2m > [22m[2mRequirement 7.2: 
Retry mechanisms with exponential backoff[2m > [22m[2mretryWithBackoff 
retries the correct number of times on failure
[22m[39mUnhandled error: StreamError: Unable to connect to the video 
service. Please check your internet connection and try again.
    at toStreamError [90m(C:\Users\DELL\Desktop\a2a-dr.-gemini-intake-age
nt\[39msrc\server\services\stream-error-handler.ts:337:10[90m)[39m
    at logStreamError [90m(C:\Users\DELL\Desktop\a2a-dr.-gemini-intake-ag
ent\[39msrc\server\services\stream-error-handler.ts:352:23[90m)[39m
    at Module.retryWithBackoff [90m(C:\Users\DELL\Desktop\a2a-dr.-gemini-
intake-agent\[39msrc\server\services\stream-error-handler.ts:236:7[90m)
[39m
    at [90mC:\Users\DELL\Desktop\a2a-dr.-gemini-intake-agent\[39m__tests
__\properties\stream-error-handling.property.test.ts:221:13
    at AsyncProperty.run [90m(file:///C:/Users/DELL/Desktop/a2a-dr.-gemin
i-intake-agent/[39mnode_modules/[4mfast-check[24m/lib/esm/check/propert
y/AsyncProperty.generic.js:46:28[90m)[39m
    at asyncRunIt [90m(file:///C:/Users/DELL/Desktop/a2a-dr.-gemini-intak
e-agent/[39mnode_modules/[4mfast-check[24m/lib/esm/check/runner/Runner.
js:33:21[90m)[39m
    at [90mC:\Users\DELL\Desktop\a2a-dr.-gemini-intake-agent\[39m__tests
__\properties\stream-error-handling.property.test.ts:205:7
    at [90mfile:///C:/Users/DELL/Desktop/a2a-dr.-gemini-intake-agent/[39
mnode_modules/[4m@vitest/runner[24m/dist/index.js:533:5
    at runTest [90m(file:///C:/Users/DELL/Desktop/a2a-dr.-gemini-intake-a
gent/[39mnode_modules/[4m@vitest/runner[24m/dist/index.js:1056:11[90m)
[39m
    at runSuite [90m(file:///C:/Users/DELL/Desktop/a2a-dr.-gemini-intake-
agent/[39mnode_modules/[4m@vitest/runner[24m/dist/index.js:1205:15[90m
)[39m {
  code: [32m'STREAM_CONNECTION_FAILED'[39m,
  originalError: Error: Always fails
      at [90mC:\Users\DELL\Desktop\a2a-dr.-gemini-intake-agent\[39m__tes
ts__\properties\stream-error-handling.property.test.ts:212:21
      at mockCall [90m(file:///C:/Users/DELL/Desktop/a2a-dr.-gemini-intak
e-agent/[39mnode_modules/[4m@vitest/spy[24m/dist/index.js:61:17[90m)[
39m
      at spy [90m(file:///C:/Users/DELL/Desktop/a2a-dr.-gemini-intake-age
nt/[39mnode_modules/[4mtinyspy[24m/dist/index.js:45:80[90m)[39m
      at Module.retryWithBackoff [90m(C:\Users\DELL\Desktop\a2a-dr.-gemin
i-intake-agent\[39msrc\server\services\stream-error-handler.ts:219:20[90
m)[39m
      at [90mC:\Users\DELL\Desktop\a2a-dr.-gemini-intake-agent\[39m__tes
ts__\properties\stream-error-handling.property.test.ts:221:13
      at AsyncProperty.run [90m(file:///C:/Users/DELL/Desktop/a2a-dr.-gem
ini-intake-agent/[39mnode_modules/[4mfast-check[24m/lib/esm/check/prope
rty/AsyncProperty.generic.js:46:28[90m)[39m
      at asyncRunIt [90m(file:///C:/Users/DELL/Desktop/a2a-dr.-gemini-int
ake-agent/[39mnode_modules/[4mfast-check[24m/lib/esm/check/runner/Runne
r.js:33:21[90m)[39m
      at [90mC:\Users\DELL\Desktop\a2a-dr.-gemini-intake-agent\[39m__tes
ts__\properties\stream-error-handling.property.test.ts:205:7
      at [90mfile:///C:/Users/DELL/Desktop/a2a-dr.-gemini-intake-agent/[
39mnode_modules/[4m@vitest/runner[24m/dist/index.js:533:5
      at runTest [90m(file:///C:/Users/DELL/Desktop/a2a-dr.-gemini-intake
-agent/[39mnode_modules/[4m@vitest/runner[24m/dist/index.js:1056:11[90
m)[39m,
  retryable: [33mtrue[39m,
  fallbackOptions: [
    {
      id: [32m'retry'[39m,
      label: [32m'Try Again'[39m,
      description: [32m'Attempt to reconnect to the video service'[39m,
      action: [32m'retry'[39m
    },
    {
      id: [32m'refresh'[39m,
      label: [32m'Refresh Page'[39m,
      description: [32m'Reload the page to reset the connection'[39m,
      action: [32m'refresh'[39m
    }
  ]
}
Unexpected error: {
  code: [32m'INTERNAL_ERROR'[39m,
  message: [32m'Something went wrong. Please try again later.'[39m,
  context: {
    streamErrorCode: [32m'STREAM_CONNECTION_FAILED'[39m,
    retryable: [33mtrue[39m,
    originalMessage: [32m'Always fails'[39m,
    context: [32m'retry'[39m,
    attempt: [33m4[39m,
    maxRetries: [33m5[39m,
    delayMs: [33m79.23358370562315[39m
  },
  stack: [32m'Error: Unable to connect to the video service. Please 
check your internet connection and try again.\n'[39m +
    [32m'    at toStreamError (C:\\Users\\DELL\\Desktop\\a2a-dr.-gemini-i
ntake-agent\\src\\server\\services\\stream-error-handler.ts:337:10)\n'[39
m +
    [32m'    at logStreamError (C:\\Users\\DELL\\Desktop\\a2a-dr.-gemini-
intake-agent\\src\\server\\services\\stream-error-handler.ts:352:23)\n'[3
9m +
    [32m'    at Module.retryWithBackoff (C:\\Users\\DELL\\Desktop\\a2a-dr
.-gemini-intake-agent\\src\\server\\services\\stream-error-handler.ts:236:
7)\n'[39m +
    [32m'    at C:\\Users\\DELL\\Desktop\\a2a-dr.-gemini-intake-agent\\__
tests__\\properties\\stream-error-handling.property.test.ts:221:13\n'[39m
 +
    [32m'    at AsyncProperty.run (file:///C:/Users/DELL/Desktop/a2a-dr.-
gemini-intake-agent/node_modules/fast-check/lib/esm/check/property/AsyncPr
operty.generic.js:46:28)\n'[39m +
    [32m'    at asyncRunIt (file:///C:/Users/DELL/Desktop/a2a-dr.-gemini-
intake-agent/node_modules/fast-check/lib/esm/check/runner/Runner.js:33:21)
\n'[39m +
    [32m'    at C:\\Users\\DELL\\Desktop\\a2a-dr.-gemini-intake-agent\\__
tests__\\properties\\stream-error-handling.property.test.ts:205:7\n'[39m 
+
    [32m'    at file:///C:/Users/DELL/Desktop/a2a-dr.-gemini-intake-agent
/node_modules/@vitest/runner/dist/index.js:533:5\n'[39m +
    [32m'    at runTest (file:///C:/Users/DELL/Desktop/a2a-dr.-gemini-int
ake-agent/node_modules/@vitest/runner/dist/index.js:1056:11)\n'[39m +
    [32m'    at runSuite (file:///C:/Users/DELL/Desktop/a2a-dr.-gemini-in
take-agent/node_modules/@vitest/runner/dist/index.js:1205:15)'[39m
}

[90mstderr[2m | 
__tests__/properties/stream-error-handling.property.test.ts[2m > 
[22m[2mProperty 15: Error Handling[2m > [22m[2mRequirement 7.2: 
Retry mechanisms with exponential backoff[2m > [22m[2mretryWithBackoff 
retries the correct number of times on failure
[22m[39mUnhandled error: StreamError: Unable to connect to the video 
service. Please check your internet connection and try again.
    at toStreamError [90m(C:\Users\DELL\Desktop\a2a-dr.-gemini-intake-age
nt\[39msrc\server\services\stream-error-handler.ts:337:10[90m)[39m
    at logStreamError [90m(C:\Users\DELL\Desktop\a2a-dr.-gemini-intake-ag
ent\[39msrc\server\services\stream-error-handler.ts:352:23[90m)[39m
    at Module.retryWithBackoff [90m(C:\Users\DELL\Desktop\a2a-dr.-gemini-
intake-agent\[39msrc\server\services\stream-error-handler.ts:236:7[90m)
[39m
    at [90mC:\Users\DELL\Desktop\a2a-dr.-gemini-intake-agent\[39m__tests
__\properties\stream-error-handling.property.test.ts:221:13
    at AsyncProperty.run [90m(file:///C:/Users/DELL/Desktop/a2a-dr.-gemin
i-intake-agent/[39mnode_modules/[4mfast-check[24m/lib/esm/check/propert
y/AsyncProperty.generic.js:46:28[90m)[39m
    at asyncRunIt [90m(file:///C:/Users/DELL/Desktop/a2a-dr.-gemini-intak
e-agent/[39mnode_modules/[4mfast-check[24m/lib/esm/check/runner/Runner.
js:33:21[90m)[39m
    at [90mC:\Users\DELL\Desktop\a2a-dr.-gemini-intake-agent\[39m__tests
__\properties\stream-error-handling.property.test.ts:205:7
    at [90mfile:///C:/Users/DELL/Desktop/a2a-dr.-gemini-intake-agent/[39
mnode_modules/[4m@vitest/runner[24m/dist/index.js:533:5
    at runTest [90m(file:///C:/Users/DELL/Desktop/a2a-dr.-gemini-intake-a
gent/[39mnode_modules/[4m@vitest/runner[24m/dist/index.js:1056:11[90m)
[39m
    at runSuite [90m(file:///C:/Users/DELL/Desktop/a2a-dr.-gemini-intake-
agent/[39mnode_modules/[4m@vitest/runner[24m/dist/index.js:1205:15[90m
)[39m {
  code: [32m'STREAM_CONNECTION_FAILED'[39m,
  originalError: Error: Always fails
      at [90mC:\Users\DELL\Desktop\a2a-dr.-gemini-intake-agent\[39m__tes
ts__\properties\stream-error-handling.property.test.ts:212:21
      at mockCall [90m(file:///C:/Users/DELL/Desktop/a2a-dr.-gemini-intak
e-agent/[39mnode_modules/[4m@vitest/spy[24m/dist/index.js:61:17[90m)[
39m
      at spy [90m(file:///C:/Users/DELL/Desktop/a2a-dr.-gemini-intake-age
nt/[39mnode_modules/[4mtinyspy[24m/dist/index.js:45:80[90m)[39m
      at Module.retryWithBackoff [90m(C:\Users\DELL\Desktop\a2a-dr.-gemin
i-intake-agent\[39msrc\server\services\stream-error-handler.ts:219:20[90
m)[39m
      at [90mC:\Users\DELL\Desktop\a2a-dr.-gemini-intake-agent\[39m__tes
ts__\properties\stream-error-handling.property.test.ts:221:13
      at AsyncProperty.run [90m(file:///C:/Users/DELL/Desktop/a2a-dr.-gem
ini-intake-agent/[39mnode_modules/[4mfast-check[24m/lib/esm/check/prope
rty/AsyncProperty.generic.js:46:28[90m)[39m
      at asyncRunIt [90m(file:///C:/Users/DELL/Desktop/a2a-dr.-gemini-int
ake-agent/[39mnode_modules/[4mfast-check[24m/lib/esm/check/runner/Runne
r.js:33:21[90m)[39m
      at [90mC:\Users\DELL\Desktop\a2a-dr.-gemini-intake-agent\[39m__tes
ts__\properties\stream-error-handling.property.test.ts:205:7
      at [90mfile:///C:/Users/DELL/Desktop/a2a-dr.-gemini-intake-agent/[
39mnode_modules/[4m@vitest/runner[24m/dist/index.js:533:5
      at runTest [90m(file:///C:/Users/DELL/Desktop/a2a-dr.-gemini-intake
-agent/[39mnode_modules/[4m@vitest/runner[24m/dist/index.js:1056:11[90
m)[39m,
  retryable: [33mtrue[39m,
  fallbackOptions: [
    {
      id: [32m'retry'[39m,
      label: [32m'Try Again'[39m,
      description: [32m'Attempt to reconnect to the video service'[39m,
      action: [32m'retry'[39m
    },
    {
      id: [32m'refresh'[39m,
      label: [32m'Refresh Page'[39m,
      description: [32m'Reload the page to reset the connection'[39m,
      action: [32m'refresh'[39m
    }
  ]
}
Unexpected error: {
  code: [32m'INTERNAL_ERROR'[39m,
  message: [32m'Something went wrong. Please try again later.'[39m,
  context: {
    streamErrorCode: [32m'STREAM_CONNECTION_FAILED'[39m,
    retryable: [33mtrue[39m,
    originalMessage: [32m'Always fails'[39m,
    context: [32m'retry'[39m,
    attempt: [33m5[39m,
    maxRetries: [33m5[39m,
    delayMs: [33m100[39m
  },
  stack: [32m'Error: Unable to connect to the video service. Please 
check your internet connection and try again.\n'[39m +
    [32m'    at toStreamError (C:\\Users\\DELL\\Desktop\\a2a-dr.-gemini-i
ntake-agent\\src\\server\\services\\stream-error-handler.ts:337:10)\n'[39
m +
    [32m'    at logStreamError (C:\\Users\\DELL\\Desktop\\a2a-dr.-gemini-
intake-agent\\src\\server\\services\\stream-error-handler.ts:352:23)\n'[3
9m +
    [32m'    at Module.retryWithBackoff (C:\\Users\\DELL\\Desktop\\a2a-dr
.-gemini-intake-agent\\src\\server\\services\\stream-error-handler.ts:236:
7)\n'[39m +
    [32m'    at C:\\Users\\DELL\\Desktop\\a2a-dr.-gemini-intake-agent\\__
tests__\\properties\\stream-error-handling.property.test.ts:221:13\n'[39m
 +
    [32m'    at AsyncProperty.run (file:///C:/Users/DELL/Desktop/a2a-dr.-
gemini-intake-agent/node_modules/fast-check/lib/esm/check/property/AsyncPr
operty.generic.js:46:28)\n'[39m +
    [32m'    at asyncRunIt (file:///C:/Users/DELL/Desktop/a2a-dr.-gemini-
intake-agent/node_modules/fast-check/lib/esm/check/runner/Runner.js:33:21)
\n'[39m +
    [32m'    at C:\\Users\\DELL\\Desktop\\a2a-dr.-gemini-intake-agent\\__
tests__\\properties\\stream-error-handling.property.test.ts:205:7\n'[39m 
+
    [32m'    at file:///C:/Users/DELL/Desktop/a2a-dr.-gemini-intake-agent
/node_modules/@vitest/runner/dist/index.js:533:5\n'[39m +
    [32m'    at runTest (file:///C:/Users/DELL/Desktop/a2a-dr.-gemini-int
ake-agent/node_modules/@vitest/runner/dist/index.js:1056:11)\n'[39m +
    [32m'    at runSuite (file:///C:/Users/DELL/Desktop/a2a-dr.-gemini-in
take-agent/node_modules/@vitest/runner/dist/index.js:1205:15)'[39m
}

[90mstderr[2m | 
__tests__/properties/stream-error-handling.property.test.ts[2m > 
[22m[2mProperty 15: Error Handling[2m > [22m[2mRequirement 7.2: 
Retry mechanisms with exponential backoff[2m > [22m[2mretryWithBackoff 
retries the correct number of times on failure
[22m[39mUnhandled error: StreamError: Unable to connect to the video 
service. Please check your internet connection and try again.
    at toStreamError [90m(C:\Users\DELL\Desktop\a2a-dr.-gemini-intake-age
nt\[39msrc\server\services\stream-error-handler.ts:337:10[90m)[39m
    at logStreamError [90m(C:\Users\DELL\Desktop\a2a-dr.-gemini-intake-ag
ent\[39msrc\server\services\stream-error-handler.ts:352:23[90m)[39m
    at Module.retryWithBackoff [90m(C:\Users\DELL\Desktop\a2a-dr.-gemini-
intake-agent\[39msrc\server\services\stream-error-handler.ts:236:7[90m)
[39m {
  code: [32m'STREAM_CONNECTION_FAILED'[39m,
  originalError: Error: Always fails
      at [90mC:\Users\DELL\Desktop\a2a-dr.-gemini-intake-agent\[39m__tes
ts__\properties\stream-error-handling.property.test.ts:212:21
      at mockCall [90m(file:///C:/Users/DELL/Desktop/a2a-dr.-gemini-intak
e-agent/[39mnode_modules/[4m@vitest/spy[24m/dist/index.js:61:17[90m)[
39m
      at spy [90m(file:///C:/Users/DELL/Desktop/a2a-dr.-gemini-intake-age
nt/[39mnode_modules/[4mtinyspy[24m/dist/index.js:45:80[90m)[39m
      at Module.retryWithBackoff [90m(C:\Users\DELL\Desktop\a2a-dr.-gemin
i-intake-agent\[39msrc\server\services\stream-error-handler.ts:219:20[90
m)[39m
      at [90mC:\Users\DELL\Desktop\a2a-dr.-gemini-intake-agent\[39m__tes
ts__\properties\stream-error-handling.property.test.ts:221:26
      at AsyncProperty.predicate [90m(file:///C:/Users/DELL/Desktop/a2a-d
r.-gemini-intake-agent/[39mnode_modules/[4mfast-check[24m/lib/esm/check
/property/AsyncProperty.js:14:59[90m)[39m
      at AsyncProperty.run [90m(file:///C:/Users/DELL/Desktop/a2a-dr.-gem
ini-intake-agent/[39mnode_modules/[4mfast-check[24m/lib/esm/check/prope
rty/AsyncProperty.generic.js:46:39[90m)[39m
      at asyncRunIt [90m(file:///C:/Users/DELL/Desktop/a2a-dr.-gemini-int
ake-agent/[39mnode_modules/[4mfast-check[24m/lib/esm/check/runner/Runne
r.js:33:36[90m)[39m
      at [90mC:\Users\DELL\Desktop\a2a-dr.-gemini-intake-agent\[39m__tes
ts__\properties\stream-error-handling.property.test.ts:205:7
      at [90mfile:///C:/Users/DELL/Desktop/a2a-dr.-gemini-intake-agent/[
39mnode_modules/[4m@vitest/runner[24m/dist/index.js:533:5,
  retryable: [33mtrue[39m,
  fallbackOptions: [
    {
      id: [32m'retry'[39m,
      label: [32m'Try Again'[39m,
      description: [32m'Attempt to reconnect to the video service'[39m,
      action: [32m'retry'[39m
    },
    {
      id: [32m'refresh'[39m,
      label: [32m'Refresh Page'[39m,
      description: [32m'Reload the page to reset the connection'[39m,
      action: [32m'refresh'[39m
    }
  ]
}
Unexpected error: {
  code: [32m'INTERNAL_ERROR'[39m,
  message: [32m'Something went wrong. Please try again later.'[39m,
  context: {
    streamErrorCode: [32m'STREAM_CONNECTION_FAILED'[39m,
    retryable: [33mtrue[39m,
    originalMessage: [32m'Always fails'[39m,
    context: [32m'retry'[39m,
    attempt: [33m1[39m,
    maxRetries: [33m1[39m,
    delayMs: [33m9.25988850829539[39m
  },
  stack: [32m'Error: Unable to connect to the video service. Please 
check your internet connection and try again.\n'[39m +
    [32m'    at toStreamError (C:\\Users\\DELL\\Desktop\\a2a-dr.-gemini-i
ntake-agent\\src\\server\\services\\stream-error-handler.ts:337:10)\n'[39
m +
    [32m'    at logStreamError (C:\\Users\\DELL\\Desktop\\a2a-dr.-gemini-
intake-agent\\src\\server\\services\\stream-error-handler.ts:352:23)\n'[3
9m +
    [32m'    at Module.retryWithBackoff (C:\\Users\\DELL\\Desktop\\a2a-dr
.-gemini-intake-agent\\src\\server\\services\\stream-error-handler.ts:236:
7)'[39m
}

[90mstderr[2m | 
__tests__/properties/stream-error-handling.property.test.ts[2m > 
[22m[2mProperty 15: Error Handling[2m > [22m[2mRequirement 7.2: 
Retry mechanisms with exponential backoff[2m > [22m[2mretryWithBackoff 
retries the correct number of times on failure
[22m[39mUnhandled error: StreamError: Unable to connect to the video 
service. Please check your internet connection and try again.
    at toStreamError [90m(C:\Users\DELL\Desktop\a2a-dr.-gemini-intake-age
nt\[39msrc\server\services\stream-error-handler.ts:337:10[90m)[39m
    at logStreamError [90m(C:\Users\DELL\Desktop\a2a-dr.-gemini-intake-ag
ent\[39msrc\server\services\stream-error-handler.ts:352:23[90m)[39m
    at Module.retryWithBackoff [90m(C:\Users\DELL\Desktop\a2a-dr.-gemini-
intake-agent\[39msrc\server\services\stream-error-handler.ts:236:7[90m)
[39m {
  code: [32m'STREAM_CONNECTION_FAILED'[39m,
  originalError: Error: Always fails
      at [90mC:\Users\DELL\Desktop\a2a-dr.-gemini-intake-agent\[39m__tes
ts__\properties\stream-error-handling.property.test.ts:212:21
      at mockCall [90m(file:///C:/Users/DELL/Desktop/a2a-dr.-gemini-intak
e-agent/[39mnode_modules/[4m@vitest/spy[24m/dist/index.js:61:17[90m)[
39m
      at spy [90m(file:///C:/Users/DELL/Desktop/a2a-dr.-gemini-intake-age
nt/[39mnode_modules/[4mtinyspy[24m/dist/index.js:45:80[90m)[39m
      at Module.retryWithBackoff [90m(C:\Users\DELL\Desktop\a2a-dr.-gemin
i-intake-agent\[39msrc\server\services\stream-error-handler.ts:219:20[90
m)[39m
      at [90mC:\Users\DELL\Desktop\a2a-dr.-gemini-intake-agent\[39m__tes
ts__\properties\stream-error-handling.property.test.ts:221:26
      at AsyncProperty.predicate [90m(file:///C:/Users/DELL/Desktop/a2a-d
r.-gemini-intake-agent/[39mnode_modules/[4mfast-check[24m/lib/esm/check
/property/AsyncProperty.js:14:59[90m)[39m
      at AsyncProperty.run [90m(file:///C:/Users/DELL/Desktop/a2a-dr.-gem
ini-intake-agent/[39mnode_modules/[4mfast-check[24m/lib/esm/check/prope
rty/AsyncProperty.generic.js:46:39[90m)[39m
      at asyncRunIt [90m(file:///C:/Users/DELL/Desktop/a2a-dr.-gemini-int
ake-agent/[39mnode_modules/[4mfast-check[24m/lib/esm/check/runner/Runne
r.js:33:36[90m)[39m
      at [90mC:\Users\DELL\Desktop\a2a-dr.-gemini-intake-agent\[39m__tes
ts__\properties\stream-error-handling.property.test.ts:205:7
      at [90mfile:///C:/Users/DELL/Desktop/a2a-dr.-gemini-intake-agent/[
39mnode_modules/[4m@vitest/runner[24m/dist/index.js:533:5,
  retryable: [33mtrue[39m,
  fallbackOptions: [
    {
      id: [32m'retry'[39m,
      label: [32m'Try Again'[39m,
      description: [32m'Attempt to reconnect to the video service'[39m,
      action: [32m'retry'[39m
    },
    {
      id: [32m'refresh'[39m,
      label: [32m'Refresh Page'[39m,
      description: [32m'Reload the page to reset the connection'[39m,
      action: [32m'refresh'[39m
    }
  ]
}
Unexpected error: {
  code: [32m'INTERNAL_ERROR'[39m,
  message: [32m'Something went wrong. Please try again later.'[39m,
  context: {
    streamErrorCode: [32m'STREAM_CONNECTION_FAILED'[39m,
    retryable: [33mtrue[39m,
    originalMessage: [32m'Always fails'[39m,
    context: [32m'retry'[39m,
    attempt: [33m1[39m,
    maxRetries: [33m3[39m,
    delayMs: [33m9.998759363329484[39m
  },
  stack: [32m'Error: Unable to connect to the video service. Please 
check your internet connection and try again.\n'[39m +
    [32m'    at toStreamError (C:\\Users\\DELL\\Desktop\\a2a-dr.-gemini-i
ntake-agent\\src\\server\\services\\stream-error-handler.ts:337:10)\n'[39
m +
    [32m'    at logStreamError (C:\\Users\\DELL\\Desktop\\a2a-dr.-gemini-
intake-agent\\src\\server\\services\\stream-error-handler.ts:352:23)\n'[3
9m +
    [32m'    at Module.retryWithBackoff (C:\\Users\\DELL\\Desktop\\a2a-dr
.-gemini-intake-agent\\src\\server\\services\\stream-error-handler.ts:236:
7)'[39m
}

[90mstderr[2m | 
__tests__/properties/stream-error-handling.property.test.ts[2m > 
[22m[2mProperty 15: Error Handling[2m > [22m[2mRequirement 7.2: 
Retry mechanisms with exponential backoff[2m > [22m[2mretryWithBackoff 
retries the correct number of times on failure
[22m[39mUnhandled error: StreamError: Unable to connect to the video 
service. Please check your internet connection and try again.
    at toStreamError [90m(C:\Users\DELL\Desktop\a2a-dr.-gemini-intake-age
nt\[39msrc\server\services\stream-error-handler.ts:337:10[90m)[39m
    at logStreamError [90m(C:\Users\DELL\Desktop\a2a-dr.-gemini-intake-ag
ent\[39msrc\server\services\stream-error-handler.ts:352:23[90m)[39m
    at Module.retryWithBackoff [90m(C:\Users\DELL\Desktop\a2a-dr.-gemini-
intake-agent\[39msrc\server\services\stream-error-handler.ts:236:7[90m)
[39m
    at [90mC:\Users\DELL\Desktop\a2a-dr.-gemini-intake-agent\[39m__tests
__\properties\stream-error-handling.property.test.ts:221:13
    at AsyncProperty.run [90m(file:///C:/Users/DELL/Desktop/a2a-dr.-gemin
i-intake-agent/[39mnode_modules/[4mfast-check[24m/lib/esm/check/propert
y/AsyncProperty.generic.js:46:28[90m)[39m
    at asyncRunIt [90m(file:///C:/Users/DELL/Desktop/a2a-dr.-gemini-intak
e-agent/[39mnode_modules/[4mfast-check[24m/lib/esm/check/runner/Runner.
js:33:21[90m)[39m
    at [90mC:\Users\DELL\Desktop\a2a-dr.-gemini-intake-agent\[39m__tests
__\properties\stream-error-handling.property.test.ts:205:7
    at [90mfile:///C:/Users/DELL/Desktop/a2a-dr.-gemini-intake-agent/[39
mnode_modules/[4m@vitest/runner[24m/dist/index.js:533:5
    at runTest [90m(file:///C:/Users/DELL/Desktop/a2a-dr.-gemini-intake-a
gent/[39mnode_modules/[4m@vitest/runner[24m/dist/index.js:1056:11[90m)
[39m
    at runSuite [90m(file:///C:/Users/DELL/Desktop/a2a-dr.-gemini-intake-
agent/[39mnode_modules/[4m@vitest/runner[24m/dist/index.js:1205:15[90m
)[39m {
  code: [32m'STREAM_CONNECTION_FAILED'[39m,
  originalError: Error: Always fails
      at [90mC:\Users\DELL\Desktop\a2a-dr.-gemini-intake-agent\[39m__tes
ts__\properties\stream-error-handling.property.test.ts:212:21
      at mockCall [90m(file:///C:/Users/DELL/Desktop/a2a-dr.-gemini-intak
e-agent/[39mnode_modules/[4m@vitest/spy[24m/dist/index.js:61:17[90m)[
39m
      at spy [90m(file:///C:/Users/DELL/Desktop/a2a-dr.-gemini-intake-age
nt/[39mnode_modules/[4mtinyspy[24m/dist/index.js:45:80[90m)[39m
      at Module.retryWithBackoff [90m(C:\Users\DELL\Desktop\a2a-dr.-gemin
i-intake-agent\[39msrc\server\services\stream-error-handler.ts:219:20[90
m)[39m
      at [90mC:\Users\DELL\Desktop\a2a-dr.-gemini-intake-agent\[39m__tes
ts__\properties\stream-error-handling.property.test.ts:221:13
      at AsyncProperty.run [90m(file:///C:/Users/DELL/Desktop/a2a-dr.-gem
ini-intake-agent/[39mnode_modules/[4mfast-check[24m/lib/esm/check/prope
rty/AsyncProperty.generic.js:46:28[90m)[39m
      at asyncRunIt [90m(file:///C:/Users/DELL/Desktop/a2a-dr.-gemini-int
ake-agent/[39mnode_modules/[4mfast-check[24m/lib/esm/check/runner/Runne
r.js:33:21[90m)[39m
      at [90mC:\Users\DELL\Desktop\a2a-dr.-gemini-intake-agent\[39m__tes
ts__\properties\stream-error-handling.property.test.ts:205:7
      at [90mfile:///C:/Users/DELL/Desktop/a2a-dr.-gemini-intake-agent/[
39mnode_modules/[4m@vitest/runner[24m/dist/index.js:533:5
      at runTest [90m(file:///C:/Users/DELL/Desktop/a2a-dr.-gemini-intake
-agent/[39mnode_modules/[4m@vitest/runner[24m/dist/index.js:1056:11[90
m)[39m,
  retryable: [33mtrue[39m,
  fallbackOptions: [
    {
      id: [32m'retry'[39m,
      label: [32m'Try Again'[39m,
      description: [32m'Attempt to reconnect to the video service'[39m,
      action: [32m'retry'[39m
    },
    {
      id: [32m'refresh'[39m,
      label: [32m'Refresh Page'[39m,
      description: [32m'Reload the page to reset the connection'[39m,
      action: [32m'refresh'[39m
    }
  ]
}
Unexpected error: {
  code: [32m'INTERNAL_ERROR'[39m,
  message: [32m'Something went wrong. Please try again later.'[39m,
  context: {
    streamErrorCode: [32m'STREAM_CONNECTION_FAILED'[39m,
    retryable: [33mtrue[39m,
    originalMessage: [32m'Always fails'[39m,
    context: [32m'retry'[39m,
    attempt: [33m2[39m,
    maxRetries: [33m3[39m,
    delayMs: [33m19.46275187108254[39m
  },
  stack: [32m'Error: Unable to connect to the video service. Please 
check your internet connection and try again.\n'[39m +
    [32m'    at toStreamError (C:\\Users\\DELL\\Desktop\\a2a-dr.-gemini-i
ntake-agent\\src\\server\\services\\stream-error-handler.ts:337:10)\n'[39
m +
    [32m'    at logStreamError (C:\\Users\\DELL\\Desktop\\a2a-dr.-gemini-
intake-agent\\src\\server\\services\\stream-error-handler.ts:352:23)\n'[3
9m +
    [32m'    at Module.retryWithBackoff (C:\\Users\\DELL\\Desktop\\a2a-dr
.-gemini-intake-agent\\src\\server\\services\\stream-error-handler.ts:236:
7)\n'[39m +
    [32m'    at C:\\Users\\DELL\\Desktop\\a2a-dr.-gemini-intake-agent\\__
tests__\\properties\\stream-error-handling.property.test.ts:221:13\n'[39m
 +
    [32m'    at AsyncProperty.run (file:///C:/Users/DELL/Desktop/a2a-dr.-
gemini-intake-agent/node_modules/fast-check/lib/esm/check/property/AsyncPr
operty.generic.js:46:28)\n'[39m +
    [32m'    at asyncRunIt (file:///C:/Users/DELL/Desktop/a2a-dr.-gemini-
intake-agent/node_modules/fast-check/lib/esm/check/runner/Runner.js:33:21)
\n'[39m +
    [32m'    at C:\\Users\\DELL\\Desktop\\a2a-dr.-gemini-intake-agent\\__
tests__\\properties\\stream-error-handling.property.test.ts:205:7\n'[39m 
+
    [32m'    at file:///C:/Users/DELL/Desktop/a2a-dr.-gemini-intake-agent
/node_modules/@vitest/runner/dist/index.js:533:5\n'[39m +
    [32m'    at runTest (file:///C:/Users/DELL/Desktop/a2a-dr.-gemini-int
ake-agent/node_modules/@vitest/runner/dist/index.js:1056:11)\n'[39m +
    [32m'    at runSuite (file:///C:/Users/DELL/Desktop/a2a-dr.-gemini-in
take-agent/node_modules/@vitest/runner/dist/index.js:1205:15)'[39m
}

[90mstderr[2m | 
__tests__/properties/stream-error-handling.property.test.ts[2m > 
[22m[2mProperty 15: Error Handling[2m > [22m[2mRequirement 7.2: 
Retry mechanisms with exponential backoff[2m > [22m[2mretryWithBackoff 
retries the correct number of times on failure
[22m[39mUnhandled error: StreamError: Unable to connect to the video 
service. Please check your internet connection and try again.
    at toStreamError [90m(C:\Users\DELL\Desktop\a2a-dr.-gemini-intake-age
nt\[39msrc\server\services\stream-error-handler.ts:337:10[90m)[39m
    at logStreamError [90m(C:\Users\DELL\Desktop\a2a-dr.-gemini-intake-ag
ent\[39msrc\server\services\stream-error-handler.ts:352:23[90m)[39m
    at Module.retryWithBackoff [90m(C:\Users\DELL\Desktop\a2a-dr.-gemini-
intake-agent\[39msrc\server\services\stream-error-handler.ts:236:7[90m)
[39m
    at [90mC:\Users\DELL\Desktop\a2a-dr.-gemini-intake-agent\[39m__tests
__\properties\stream-error-handling.property.test.ts:221:13
    at AsyncProperty.run [90m(file:///C:/Users/DELL/Desktop/a2a-dr.-gemin
i-intake-agent/[39mnode_modules/[4mfast-check[24m/lib/esm/check/propert
y/AsyncProperty.generic.js:46:28[90m)[39m
    at asyncRunIt [90m(file:///C:/Users/DELL/Desktop/a2a-dr.-gemini-intak
e-agent/[39mnode_modules/[4mfast-check[24m/lib/esm/check/runner/Runner.
js:33:21[90m)[39m
    at [90mC:\Users\DELL\Desktop\a2a-dr.-gemini-intake-agent\[39m__tests
__\properties\stream-error-handling.property.test.ts:205:7
    at [90mfile:///C:/Users/DELL/Desktop/a2a-dr.-gemini-intake-agent/[39
mnode_modules/[4m@vitest/runner[24m/dist/index.js:533:5
    at runTest [90m(file:///C:/Users/DELL/Desktop/a2a-dr.-gemini-intake-a
gent/[39mnode_modules/[4m@vitest/runner[24m/dist/index.js:1056:11[90m)
[39m
    at runSuite [90m(file:///C:/Users/DELL/Desktop/a2a-dr.-gemini-intake-
agent/[39mnode_modules/[4m@vitest/runner[24m/dist/index.js:1205:15[90m
)[39m {
  code: [32m'STREAM_CONNECTION_FAILED'[39m,
  originalError: Error: Always fails
      at [90mC:\Users\DELL\Desktop\a2a-dr.-gemini-intake-agent\[39m__tes
ts__\properties\stream-error-handling.property.test.ts:212:21
      at mockCall [90m(file:///C:/Users/DELL/Desktop/a2a-dr.-gemini-intak
e-agent/[39mnode_modules/[4m@vitest/spy[24m/dist/index.js:61:17[90m)[
39m
      at spy [90m(file:///C:/Users/DELL/Desktop/a2a-dr.-gemini-intake-age
nt/[39mnode_modules/[4mtinyspy[24m/dist/index.js:45:80[90m)[39m
      at Module.retryWithBackoff [90m(C:\Users\DELL\Desktop\a2a-dr.-gemin
i-intake-agent\[39msrc\server\services\stream-error-handler.ts:219:20[90
m)[39m
      at [90mC:\Users\DELL\Desktop\a2a-dr.-gemini-intake-agent\[39m__tes
ts__\properties\stream-error-handling.property.test.ts:221:13
      at AsyncProperty.run [90m(file:///C:/Users/DELL/Desktop/a2a-dr.-gem
ini-intake-agent/[39mnode_modules/[4mfast-check[24m/lib/esm/check/prope
rty/AsyncProperty.generic.js:46:28[90m)[39m
      at asyncRunIt [90m(file:///C:/Users/DELL/Desktop/a2a-dr.-gemini-int
ake-agent/[39mnode_modules/[4mfast-check[24m/lib/esm/check/runner/Runne
r.js:33:21[90m)[39m
      at [90mC:\Users\DELL\Desktop\a2a-dr.-gemini-intake-agent\[39m__tes
ts__\properties\stream-error-handling.property.test.ts:205:7
      at [90mfile:///C:/Users/DELL/Desktop/a2a-dr.-gemini-intake-agent/[
39mnode_modules/[4m@vitest/runner[24m/dist/index.js:533:5
      at runTest [90m(file:///C:/Users/DELL/Desktop/a2a-dr.-gemini-intake
-agent/[39mnode_modules/[4m@vitest/runner[24m/dist/index.js:1056:11[90
m)[39m,
  retryable: [33mtrue[39m,
  fallbackOptions: [
    {
      id: [32m'retry'[39m,
      label: [32m'Try Again'[39m,
      description: [32m'Attempt to reconnect to the video service'[39m,
      action: [32m'retry'[39m
    },
    {
      id: [32m'refresh'[39m,
      label: [32m'Refresh Page'[39m,
      description: [32m'Reload the page to reset the connection'[39m,
      action: [32m'refresh'[39m
    }
  ]
}
Unexpected error: {
  code: [32m'INTERNAL_ERROR'[39m,
  message: [32m'Something went wrong. Please try again later.'[39m,
  context: {
    streamErrorCode: [32m'STREAM_CONNECTION_FAILED'[39m,
    retryable: [33mtrue[39m,
    originalMessage: [32m'Always fails'[39m,
    context: [32m'retry'[39m,
    attempt: [33m3[39m,
    maxRetries: [33m3[39m,
    delayMs: [33m43.83148750967622[39m
  },
  stack: [32m'Error: Unable to connect to the video service. Please 
check your internet connection and try again.\n'[39m +
    [32m'    at toStreamError (C:\\Users\\DELL\\Desktop\\a2a-dr.-gemini-i
ntake-agent\\src\\server\\services\\stream-error-handler.ts:337:10)\n'[39
m +
    [32m'    at logStreamError (C:\\Users\\DELL\\Desktop\\a2a-dr.-gemini-
intake-agent\\src\\server\\services\\stream-error-handler.ts:352:23)\n'[3
9m +
    [32m'    at Module.retryWithBackoff (C:\\Users\\DELL\\Desktop\\a2a-dr
.-gemini-intake-agent\\src\\server\\services\\stream-error-handler.ts:236:
7)\n'[39m +
 [32mΓ£ô[39m __tests__/properties/response-field-optimization.property.test.ts [2m([22m[2m7 tests[22m[2m)[22m[33m 3540[2mms[22m[39m
    [32m'    at C:\\Users\\DELL\\Desktop\\a2a-dr.-gemini-intake-agent\\__
tests__\\properties\\stream-error-handling.property.test.ts:221:13\n'[39m
 +
    [32m'    at AsyncProperty.run (file:///C:/Users/DELL/Desktop/a2a-dr.-
gemini-intake-agent/node_modules/fast-check/lib/esm/check/property/AsyncPr
operty.generic.js:46:28)\n'[39m +
    [32m'    at asyncRunIt (file:///C:/Users/DELL/Desktop/a2a-dr.-gemini-
intake-agent/node_modules/fast-check/lib/esm/check/runner/Runner.js:33:21)
\n'[39m +
   [33m[2mΓ£ô[22m[39m Property 6: Response Field Optimization[2m > [22mAppointment Response Optimization[2m > [22mlean appointment SHALL contain only required fields [33m1420[2mms[22m[39m
    [32m'    at C:\\Users\\DELL\\Desktop\\a2a-dr.-gemini-intake-agent\\__
tests__\\properties\\stream-error-handling.property.test.ts:205:7\n'[39m 
+
   [33m[2mΓ£ô[22m[39m Property 6: Response Field Optimization[2m > [22mAppointment Response Optimization[2m > [22mlean appointment SHALL NOT contain sensitive or unnecessary fields [33m1034[2mms[22m[39m
   [33m[2mΓ£ô[22m[39m Property 6: Response Field Optimization[2m > [22mConversation Response Optimization[2m > [22mlean conversation SHALL NOT contain sensitive or unnecessary fields [33m497[2mms[22m[39m
    [32m'    at file:///C:/Users/DELL/Desktop/a2a-dr.-gemini-intake-agent
/node_modules/@vitest/runner/dist/index.js:533:5\n'[39m +
    [32m'    at runTest (file:///C:/Users/DELL/Desktop/a2a-dr.-gemini-int
ake-agent/node_modules/@vitest/runner/dist/index.js:1056:11)\n'[39m +
    [32m'    at runSuite (file:///C:/Users/DELL/Desktop/a2a-dr.-gemini-in
take-agent/node_modules/@vitest/runner/dist/index.js:1205:15)'[39m
}

[90mstderr[2m | 
__tests__/properties/stream-error-handling.property.test.ts[2m > 
[22m[2mProperty 15: Error Handling[2m > [22m[2mRequirement 7.2: 
Retry mechanisms with exponential backoff[2m > [22m[2mretryWithBackoff 
retries the correct number of times on failure
[22m[39mUnhandled error: StreamError: Unable to connect to the video 
service. Please check your internet connection and try again.
    at toStreamError [90m(C:\Users\DELL\Desktop\a2a-dr.-gemini-intake-age
nt\[39msrc\server\services\stream-error-handler.ts:337:10[90m)[39m
    at logStreamError [90m(C:\Users\DELL\Desktop\a2a-dr.-gemini-intake-ag
ent\[39msrc\server\services\stream-error-handler.ts:352:23[90m)[39m
    at Module.retryWithBackoff [90m(C:\Users\DELL\Desktop\a2a-dr.-gemini-
intake-agent\[39msrc\server\services\stream-error-handler.ts:236:7[90m)
[39m {
  code: [32m'STREAM_CONNECTION_FAILED'[39m,
  originalError: Error: Always fails
      at [90mC:\Users\DELL\Desktop\a2a-dr.-gemini-intake-agent\[39m__tes
ts__\properties\stream-error-handling.property.test.ts:212:21
      at mockCall [90m(file:///C:/Users/DELL/Desktop/a2a-dr.-gemini-intak
e-agent/[39mnode_modules/[4m@vitest/spy[24m/dist/index.js:61:17[90m)[
39m
      at spy [90m(file:///C:/Users/DELL/Desktop/a2a-dr.-gemini-intake-age
nt/[39mnode_modules/[4mtinyspy[24m/dist/index.js:45:80[90m)[39m
      at Module.retryWithBackoff [90m(C:\Users\DELL\Desktop\a2a-dr.-gemin
i-intake-agent\[39msrc\server\services\stream-error-handler.ts:219:20[90
m)[39m
      at [90mC:\Users\DELL\Desktop\a2a-dr.-gemini-intake-agent\[39m__tes
ts__\properties\stream-error-handling.property.test.ts:221:26
      at AsyncProperty.predicate [90m(file:///C:/Users/DELL/Desktop/a2a-d
r.-gemini-intake-agent/[39mnode_modules/[4mfast-check[24m/lib/esm/check
/property/AsyncProperty.js:14:59[90m)[39m
      at AsyncProperty.run [90m(file:///C:/Users/DELL/Desktop/a2a-dr.-gem
ini-intake-agent/[39mnode_modules/[4mfast-check[24m/lib/esm/check/prope
rty/AsyncProperty.generic.js:46:39[90m)[39m
      at asyncRunIt [90m(file:///C:/Users/DELL/Desktop/a2a-dr.-gemini-int
ake-agent/[39mnode_modules/[4mfast-check[24m/lib/esm/check/runner/Runne
r.js:33:36[90m)[39m
      at [90mC:\Users\DELL\Desktop\a2a-dr.-gemini-intake-agent\[39m__tes
ts__\properties\stream-error-handling.property.test.ts:205:7
      at [90mfile:///C:/Users/DELL/Desktop/a2a-dr.-gemini-intake-agent/[
39mnode_modules/[4m@vitest/runner[24m/dist/index.js:533:5,
  retryable: [33mtrue[39m,
  fallbackOptions: [
    {
      id: [32m'retry'[39m,
      label: [32m'Try Again'[39m,
      description: [32m'Attempt to reconnect to the video service'[39m,
      action: [32m'retry'[39m
    },
    {
      id: [32m'refresh'[39m,
      label: [32m'Refresh Page'[39m,
      description: [32m'Reload the page to reset the connection'[39m,
      action: [32m'refresh'[39m
    }
  ]
}
Unexpected error: {
  code: [32m'INTERNAL_ERROR'[39m,
  message: [32m'Something went wrong. Please try again later.'[39m,
  context: {
    streamErrorCode: [32m'STREAM_CONNECTION_FAILED'[39m,
    retryable: [33mtrue[39m,
    originalMessage: [32m'Always fails'[39m,
    context: [32m'retry'[39m,
    attempt: [33m1[39m,
    maxRetries: [33m4[39m,
    delayMs: [33m10.734852188302298[39m
  },
  stack: [32m'Error: Unable to connect to the video service. Please 
check your internet connection and try again.\n'[39m +
    [32m'    at toStreamError (C:\\Users\\DELL\\Desktop\\a2a-dr.-gemini-i
ntake-agent\\src\\server\\services\\stream-error-handler.ts:337:10)\n'[39
m +
    [32m'    at logStreamError (C:\\Users\\DELL\\Desktop\\a2a-dr.-gemini-
intake-agent\\src\\server\\services\\stream-error-handler.ts:352:23)\n'[3
9m +
    [32m'    at Module.retryWithBackoff (C:\\Users\\DELL\\Desktop\\a2a-dr
.-gemini-intake-agent\\src\\server\\services\\stream-error-handler.ts:236:
7)'[39m
}

[90mstderr[2m | 
__tests__/properties/stream-error-handling.property.test.ts[2m > 
[22m[2mProperty 15: Error Handling[2m > [22m[2mRequirement 7.2: 
Retry mechanisms with exponential backoff[2m > [22m[2mretryWithBackoff 
retries the correct number of times on failure
[22m[39mUnhandled error: StreamError: Unable to connect to the video 
service. Please check your internet connection and try again.
    at toStreamError [90m(C:\Users\DELL\Desktop\a2a-dr.-gemini-intake-age
nt\[39msrc\server\services\stream-error-handler.ts:337:10[90m)[39m
    at logStreamError [90m(C:\Users\DELL\Desktop\a2a-dr.-gemini-intake-ag
ent\[39msrc\server\services\stream-error-handler.ts:352:23[90m)[39m
    at Module.retryWithBackoff [90m(C:\Users\DELL\Desktop\a2a-dr.-gemini-
intake-agent\[39msrc\server\services\stream-error-handler.ts:236:7[90m)
[39m
    at [90mC:\Users\DELL\Desktop\a2a-dr.-gemini-intake-agent\[39m__tests
__\properties\stream-error-handling.property.test.ts:221:13
    at AsyncProperty.run [90m(file:///C:/Users/DELL/Desktop/a2a-dr.-gemin
i-intake-agent/[39mnode_modules/[4mfast-check[24m/lib/esm/check/propert
y/AsyncProperty.generic.js:46:28[90m)[39m
    at asyncRunIt [90m(file:///C:/Users/DELL/Desktop/a2a-dr.-gemini-intak
e-agent/[39mnode_modules/[4mfast-check[24m/lib/esm/check/runner/Runner.
js:33:21[90m)[39m
    at [90mC:\Users\DELL\Desktop\a2a-dr.-gemini-intake-agent\[39m__tests
__\properties\stream-error-handling.property.test.ts:205:7
    at [90mfile:///C:/Users/DELL/Desktop/a2a-dr.-gemini-intake-agent/[39
mnode_modules/[4m@vitest/runner[24m/dist/index.js:533:5
    at runTest [90m(file:///C:/Users/DELL/Desktop/a2a-dr.-gemini-intake-a
gent/[39mnode_modules/[4m@vitest/runner[24m/dist/index.js:1056:11[90m)
[39m
    at runSuite [90m(file:///C:/Users/DELL/Desktop/a2a-dr.-gemini-intake-
agent/[39mnode_modules/[4m@vitest/runner[24m/dist/index.js:1205:15[90m
)[39m {
  code: [32m'STREAM_CONNECTION_FAILED'[39m,
  originalError: Error: Always fails
      at [90mC:\Users\DELL\Desktop\a2a-dr.-gemini-intake-agent\[39m__tes
ts__\properties\stream-error-handling.property.test.ts:212:21
      at mockCall [90m(file:///C:/Users/DELL/Desktop/a2a-dr.-gemini-intak
e-agent/[39mnode_modules/[4m@vitest/spy[24m/dist/index.js:61:17[90m)[
39m
      at spy [90m(file:///C:/Users/DELL/Desktop/a2a-dr.-gemini-intake-age
nt/[39mnode_modules/[4mtinyspy[24m/dist/index.js:45:80[90m)[39m
      at Module.retryWithBackoff [90m(C:\Users\DELL\Desktop\a2a-dr.-gemin
i-intake-agent\[39msrc\server\services\stream-error-handler.ts:219:20[90
m)[39m
      at [90mC:\Users\DELL\Desktop\a2a-dr.-gemini-intake-agent\[39m__tes
ts__\properties\stream-error-handling.property.test.ts:221:13
      at AsyncProperty.run [90m(file:///C:/Users/DELL/Desktop/a2a-dr.-gem
ini-intake-agent/[39mnode_modules/[4mfast-check[24m/lib/esm/check/prope
rty/AsyncProperty.generic.js:46:28[90m)[39m
      at asyncRunIt [90m(file:///C:/Users/DELL/Desktop/a2a-dr.-gemini-int
ake-agent/[39mnode_modules/[4mfast-check[24m/lib/esm/check/runner/Runne
r.js:33:21[90m)[39m
      at [90mC:\Users\DELL\Desktop\a2a-dr.-gemini-intake-agent\[39m__tes
ts__\properties\stream-error-handling.property.test.ts:205:7
      at [90mfile:///C:/Users/DELL/Desktop/a2a-dr.-gemini-intake-agent/[
39mnode_modules/[4m@vitest/runner[24m/dist/index.js:533:5
      at runTest [90m(file:///C:/Users/DELL/Desktop/a2a-dr.-gemini-intake
-agent/[39mnode_modules/[4m@vitest/runner[24m/dist/index.js:1056:11[90
m)[39m,
  retryable: [33mtrue[39m,
  fallbackOptions: [
    {
      id: [32m'retry'[39m,
      label: [32m'Try Again'[39m,
      description: [32m'Attempt to reconnect to the video service'[39m,
      action: [32m'retry'[39m
    },
    {
      id: [32m'refresh'[39m,
      label: [32m'Refresh Page'[39m,
      description: [32m'Reload the page to reset the connection'[39m,
      action: [32m'refresh'[39m
    }
  ]
}
Unexpected error: {
  code: [32m'INTERNAL_ERROR'[39m,
  message: [32m'Something went wrong. Please try again later.'[39m,
  context: {
    streamErrorCode: [32m'STREAM_CONNECTION_FAILED'[39m,
    retryable: [33mtrue[39m,
    originalMessage: [32m'Always fails'[39m,
    context: [32m'retry'[39m,
    attempt: [33m2[39m,
    maxRetries: [33m4[39m,
    delayMs: [33m18.172590344442238[39m
  },
  stack: [32m'Error: Unable to connect to the video service. Please 
check your internet connection and try again.\n'[39m +
    [32m'    at toStreamError (C:\\Users\\DELL\\Desktop\\a2a-dr.-gemini-i
ntake-agent\\src\\server\\services\\stream-error-handler.ts:337:10)\n'[39
m +
    [32m'    at logStreamError (C:\\Users\\DELL\\Desktop\\a2a-dr.-gemini-
intake-agent\\src\\server\\services\\stream-error-handler.ts:352:23)\n'[3
9m +
    [32m'    at Module.retryWithBackoff (C:\\Users\\DELL\\Desktop\\a2a-dr
.-gemini-intake-agent\\src\\server\\services\\stream-error-handler.ts:236:
7)\n'[39m +
    [32m'    at C:\\Users\\DELL\\Desktop\\a2a-dr.-gemini-intake-agent\\__
tests__\\properties\\stream-error-handling.property.test.ts:221:13\n'[39m
 +
    [32m'    at AsyncProperty.run (file:///C:/Users/DELL/Desktop/a2a-dr.-
gemini-intake-agent/node_modules/fast-check/lib/esm/check/property/AsyncPr
operty.generic.js:46:28)\n'[39m +
    [32m'    at asyncRunIt (file:///C:/Users/DELL/Desktop/a2a-dr.-gemini-
intake-agent/node_modules/fast-check/lib/esm/check/runner/Runner.js:33:21)
\n'[39m +
    [32m'    at C:\\Users\\DELL\\Desktop\\a2a-dr.-gemini-intake-agent\\__
tests__\\properties\\stream-error-handling.property.test.ts:205:7\n'[39m 
+
    [32m'    at file:///C:/Users/DELL/Desktop/a2a-dr.-gemini-intake-agent
/node_modules/@vitest/runner/dist/index.js:533:5\n'[39m +
    [32m'    at runTest (file:///C:/Users/DELL/Desktop/a2a-dr.-gemini-int
ake-agent/node_modules/@vitest/runner/dist/index.js:1056:11)\n'[39m +
    [32m'    at runSuite (file:///C:/Users/DELL/Desktop/a2a-dr.-gemini-in
take-agent/node_modules/@vitest/runner/dist/index.js:1205:15)'[39m
}

[90mstderr[2m | 
__tests__/properties/stream-error-handling.property.test.ts[2m > 
[22m[2mProperty 15: Error Handling[2m > [22m[2mRequirement 7.2: 
Retry mechanisms with exponential backoff[2m > [22m[2mretryWithBackoff 
retries the correct number of times on failure
[22m[39mUnhandled error: StreamError: Unable to connect to the video 
service. Please check your internet connection and try again.
    at toStreamError [90m(C:\Users\DELL\Desktop\a2a-dr.-gemini-intake-age
nt\[39msrc\server\services\stream-error-handler.ts:337:10[90m)[39m
    at logStreamError [90m(C:\Users\DELL\Desktop\a2a-dr.-gemini-intake-ag
ent\[39msrc\server\services\stream-error-handler.ts:352:23[90m)[39m
    at Module.retryWithBackoff [90m(C:\Users\DELL\Desktop\a2a-dr.-gemini-
intake-agent\[39msrc\server\services\stream-error-handler.ts:236:7[90m)
[39m
    at [90mC:\Users\DELL\Desktop\a2a-dr.-gemini-intake-agent\[39m__tests
__\properties\stream-error-handling.property.test.ts:221:13
    at AsyncProperty.run [90m(file:///C:/Users/DELL/Desktop/a2a-dr.-gemin
i-intake-agent/[39mnode_modules/[4mfast-check[24m/lib/esm/check/propert
y/AsyncProperty.generic.js:46:28[90m)[39m
    at asyncRunIt [90m(file:///C:/Users/DELL/Desktop/a2a-dr.-gemini-intak
e-agent/[39mnode_modules/[4mfast-check[24m/lib/esm/check/runner/Runner.
js:33:21[90m)[39m
    at [90mC:\Users\DELL\Desktop\a2a-dr.-gemini-intake-agent\[39m__tests
__\properties\stream-error-handling.property.test.ts:205:7
    at [90mfile:///C:/Users/DELL/Desktop/a2a-dr.-gemini-intake-agent/[39
mnode_modules/[4m@vitest/runner[24m/dist/index.js:533:5
    at runTest [90m(file:///C:/Users/DELL/Desktop/a2a-dr.-gemini-intake-a
gent/[39mnode_modules/[4m@vitest/runner[24m/dist/index.js:1056:11[90m)
[39m
    at runSuite [90m(file:///C:/Users/DELL/Desktop/a2a-dr.-gemini-intake-
agent/[39mnode_modules/[4m@vitest/runner[24m/dist/index.js:1205:15[90m
)[39m {
  code: [32m'STREAM_CONNECTION_FAILED'[39m,
  originalError: Error: Always fails
      at [90mC:\Users\DELL\Desktop\a2a-dr.-gemini-intake-agent\[39m__tes
ts__\properties\stream-error-handling.property.test.ts:212:21
      at mockCall [90m(file:///C:/Users/DELL/Desktop/a2a-dr.-gemini-intak
e-agent/[39mnode_modules/[4m@vitest/spy[24m/dist/index.js:61:17[90m)[
39m
      at spy [90m(file:///C:/Users/DELL/Desktop/a2a-dr.-gemini-intake-age
nt/[39mnode_modules/[4mtinyspy[24m/dist/index.js:45:80[90m)[39m
      at Module.retryWithBackoff [90m(C:\Users\DELL\Desktop\a2a-dr.-gemin
i-intake-agent\[39msrc\server\services\stream-error-handler.ts:219:20[90
m)[39m
      at [90mC:\Users\DELL\Desktop\a2a-dr.-gemini-intake-agent\[39m__tes
ts__\properties\stream-error-handling.property.test.ts:221:13
      at AsyncProperty.run [90m(file:///C:/Users/DELL/Desktop/a2a-dr.-gem
ini-intake-agent/[39mnode_modules/[4mfast-check[24m/lib/esm/check/prope
rty/AsyncProperty.generic.js:46:28[90m)[39m
      at asyncRunIt [90m(file:///C:/Users/DELL/Desktop/a2a-dr.-gemini-int
ake-agent/[39mnode_modules/[4mfast-check[24m/lib/esm/check/runner/Runne
r.js:33:21[90m)[39m
      at [90mC:\Users\DELL\Desktop\a2a-dr.-gemini-intake-agent\[39m__tes
ts__\properties\stream-error-handling.property.test.ts:205:7
      at [90mfile:///C:/Users/DELL/Desktop/a2a-dr.-gemini-intake-agent/[
39mnode_modules/[4m@vitest/runner[24m/dist/index.js:533:5
      at runTest [90m(file:///C:/Users/DELL/Desktop/a2a-dr.-gemini-intake
-agent/[39mnode_modules/[4m@vitest/runner[24m/dist/index.js:1056:11[90
m)[39m,
  retryable: [33mtrue[39m,
  fallbackOptions: [
    {
      id: [32m'retry'[39m,
      label: [32m'Try Again'[39m,
      description: [32m'Attempt to reconnect to the video service'[39m,
      action: [32m'retry'[39m
    },
    {
      id: [32m'refresh'[39m,
      label: [32m'Refresh Page'[39m,
      description: [32m'Reload the page to reset the connection'[39m,
      action: [32m'refresh'[39m
    }
  ]
}
Unexpected error: {
  code: [32m'INTERNAL_ERROR'[39m,
  message: [32m'Something went wrong. Please try again later.'[39m,
  context: {
    streamErrorCode: [32m'STREAM_CONNECTION_FAILED'[39m,
    retryable: [33mtrue[39m,
    originalMessage: [32m'Always fails'[39m,
    context: [32m'retry'[39m,
    attempt: [33m3[39m,
    maxRetries: [33m4[39m,
    delayMs: [33m37.5086440043924[39m
  },
  stack: [32m'Error: Unable to connect to the video service. Please 
check your internet connection and try again.\n'[39m +
    [32m'    at toStreamError (C:\\Users\\DELL\\Desktop\\a2a-dr.-gemini-i
ntake-agent\\src\\server\\services\\stream-error-handler.ts:337:10)\n'[39
m +
    [32m'    at logStreamError (C:\\Users\\DELL\\Desktop\\a2a-dr.-gemini-
intake-agent\\src\\server\\services\\stream-error-handler.ts:352:23)\n'[3
9m +
    [32m'    at Module.retryWithBackoff (C:\\Users\\DELL\\Desktop\\a2a-dr
.-gemini-intake-agent\\src\\server\\services\\stream-error-handler.ts:236:
7)\n'[39m +
    [32m'    at C:\\Users\\DELL\\Desktop\\a2a-dr.-gemini-intake-agent\\__
tests__\\properties\\stream-error-handling.property.test.ts:221:13\n'[39m
 +
    [32m'    at AsyncProperty.run (file:///C:/Users/DELL/Desktop/a2a-dr.-
gemini-intake-agent/node_modules/fast-check/lib/esm/check/property/AsyncPr
operty.generic.js:46:28)\n'[39m +
    [32m'    at asyncRunIt (file:///C:/Users/DELL/Desktop/a2a-dr.-gemini-
intake-agent/node_modules/fast-check/lib/esm/check/runner/Runner.js:33:21)
\n'[39m +
    [32m'    at C:\\Users\\DELL\\Desktop\\a2a-dr.-gemini-intake-agent\\__
tests__\\properties\\stream-error-handling.property.test.ts:205:7\n'[39m 
+
    [32m'    at file:///C:/Users/DELL/Desktop/a2a-dr.-gemini-intake-agent
/node_modules/@vitest/runner/dist/index.js:533:5\n'[39m +
    [32m'    at runTest (file:///C:/Users/DELL/Desktop/a2a-dr.-gemini-int
ake-agent/node_modules/@vitest/runner/dist/index.js:1056:11)\n'[39m +
    [32m'    at runSuite (file:///C:/Users/DELL/Desktop/a2a-dr.-gemini-in
take-agent/node_modules/@vitest/runner/dist/index.js:1205:15)'[39m
}

[90mstderr[2m | 
__tests__/properties/stream-error-handling.property.test.ts[2m > 
[22m[2mProperty 15: Error Handling[2m > [22m[2mRequirement 7.2: 
Retry mechanisms with exponential backoff[2m > [22m[2mretryWithBackoff 
retries the correct number of times on failure
[22m[39mUnhandled error: StreamError: Unable to connect to the video 
service. Please check your internet connection and try again.
    at toStreamError [90m(C:\Users\DELL\Desktop\a2a-dr.-gemini-intake-age
nt\[39msrc\server\services\stream-error-handler.ts:337:10[90m)[39m
    at logStreamError [90m(C:\Users\DELL\Desktop\a2a-dr.-gemini-intake-ag
ent\[39msrc\server\services\stream-error-handler.ts:352:23[90m)[39m
    at Module.retryWithBackoff [90m(C:\Users\DELL\Desktop\a2a-dr.-gemini-
intake-agent\[39msrc\server\services\stream-error-handler.ts:236:7[90m)
[39m
    at [90mC:\Users\DELL\Desktop\a2a-dr.-gemini-intake-agent\[39m__tests
__\properties\stream-error-handling.property.test.ts:221:13
    at AsyncProperty.run [90m(file:///C:/Users/DELL/Desktop/a2a-dr.-gemin
i-intake-agent/[39mnode_modules/[4mfast-check[24m/lib/esm/check/propert
y/AsyncProperty.generic.js:46:28[90m)[39m
    at asyncRunIt [90m(file:///C:/Users/DELL/Desktop/a2a-dr.-gemini-intak
e-agent/[39mnode_modules/[4mfast-check[24m/lib/esm/check/runner/Runner.
js:33:21[90m)[39m
    at [90mC:\Users\DELL\Desktop\a2a-dr.-gemini-intake-agent\[39m__tests
__\properties\stream-error-handling.property.test.ts:205:7
    at [90mfile:///C:/Users/DELL/Desktop/a2a-dr.-gemini-intake-agent/[39
mnode_modules/[4m@vitest/runner[24m/dist/index.js:533:5
    at runTest [90m(file:///C:/Users/DELL/Desktop/a2a-dr.-gemini-intake-a
gent/[39mnode_modules/[4m@vitest/runner[24m/dist/index.js:1056:11[90m)
[39m
    at runSuite [90m(file:///C:/Users/DELL/Desktop/a2a-dr.-gemini-intake-
agent/[39mnode_modules/[4m@vitest/runner[24m/dist/index.js:1205:15[90m
)[39m {
  code: [32m'STREAM_CONNECTION_FAILED'[39m,
  originalError: Error: Always fails
      at [90mC:\Users\DELL\Desktop\a2a-dr.-gemini-intake-agent\[39m__tes
ts__\properties\stream-error-handling.property.test.ts:212:21
      at mockCall [90m(file:///C:/Users/DELL/Desktop/a2a-dr.-gemini-intak
e-agent/[39mnode_modules/[4m@vitest/spy[24m/dist/index.js:61:17[90m)[
39m
      at spy [90m(file:///C:/Users/DELL/Desktop/a2a-dr.-gemini-intake-age
nt/[39mnode_modules/[4mtinyspy[24m/dist/index.js:45:80[90m)[39m
      at Module.retryWithBackoff [90m(C:\Users\DELL\Desktop\a2a-dr.-gemin
i-intake-agent\[39msrc\server\services\stream-error-handler.ts:219:20[90
m)[39m
      at [90mC:\Users\DELL\Desktop\a2a-dr.-gemini-intake-agent\[39m__tes
ts__\properties\stream-error-handling.property.test.ts:221:13
      at AsyncProperty.run [90m(file:///C:/Users/DELL/Desktop/a2a-dr.-gem
ini-intake-agent/[39mnode_modules/[4mfast-check[24m/lib/esm/check/prope
rty/AsyncProperty.generic.js:46:28[90m)[39m
      at asyncRunIt [90m(file:///C:/Users/DELL/Desktop/a2a-dr.-gemini-int
ake-agent/[39mnode_modules/[4mfast-check[24m/lib/esm/check/runner/Runne
r.js:33:21[90m)[39m
      at [90mC:\Users\DELL\Desktop\a2a-dr.-gemini-intake-agent\[39m__tes
ts__\properties\stream-error-handling.property.test.ts:205:7
      at [90mfile:///C:/Users/DELL/Desktop/a2a-dr.-gemini-intake-agent/[
39mnode_modules/[4m@vitest/runner[24m/dist/index.js:533:5
      at runTest [90m(file:///C:/Users/DELL/Desktop/a2a-dr.-gemini-intake
-agent/[39mnode_modules/[4m@vitest/runner[24m/dist/index.js:1056:11[90
m)[39m,
  retryable: [33mtrue[39m,
  fallbackOptions: [
    {
      id: [32m'retry'[39m,
      label: [32m'Try Again'[39m,
      description: [32m'Attempt to reconnect to the video service'[39m,
      action: [32m'retry'[39m
    },
    {
      id: [32m'refresh'[39m,
      label: [32m'Refresh Page'[39m,
      description: [32m'Reload the page to reset the connection'[39m,
      action: [32m'refresh'[39m
    }
  ]
}
Unexpected error: {
  code: [32m'INTERNAL_ERROR'[39m,
  message: [32m'Something went wrong. Please try again later.'[39m,
  context: {
    streamErrorCode: [32m'STREAM_CONNECTION_FAILED'[39m,
    retryable: [33mtrue[39m,
    originalMessage: [32m'Always fails'[39m,
    context: [32m'retry'[39m,
    attempt: [33m4[39m,
    maxRetries: [33m4[39m,
    delayMs: [33m79.53546193137785[39m
  },
  stack: [32m'Error: Unable to connect to the video service. Please 
check your internet connection and try again.\n'[39m +
    [32m'    at toStreamError (C:\\Users\\DELL\\Desktop\\a2a-dr.-gemini-i
ntake-agent\\src\\server\\services\\stream-error-handler.ts:337:10)\n'[39
m +
    [32m'    at logStreamError (C:\\Users\\DELL\\Desktop\\a2a-dr.-gemini-
intake-agent\\src\\server\\services\\stream-error-handler.ts:352:23)\n'[3
9m +
    [32m'    at Module.retryWithBackoff (C:\\Users\\DELL\\Desktop\\a2a-dr
.-gemini-intake-agent\\src\\server\\services\\stream-error-handler.ts:236:
7)\n'[39m +
    [32m'    at C:\\Users\\DELL\\Desktop\\a2a-dr.-gemini-intake-agent\\__
tests__\\properties\\stream-error-handling.property.test.ts:221:13\n'[39m
 +
    [32m'    at AsyncProperty.run (file:///C:/Users/DELL/Desktop/a2a-dr.-
gemini-intake-agent/node_modules/fast-check/lib/esm/check/property/AsyncPr
operty.generic.js:46:28)\n'[39m +
    [32m'    at asyncRunIt (file:///C:/Users/DELL/Desktop/a2a-dr.-gemini-
intake-agent/node_modules/fast-check/lib/esm/check/runner/Runner.js:33:21)
\n'[39m +
    [32m'    at C:\\Users\\DELL\\Desktop\\a2a-dr.-gemini-intake-agent\\__
tests__\\properties\\stream-error-handling.property.test.ts:205:7\n'[39m 
+
    [32m'    at file:///C:/Users/DELL/Desktop/a2a-dr.-gemini-intake-agent
/node_modules/@vitest/runner/dist/index.js:533:5\n'[39m +
    [32m'    at runTest (file:///C:/Users/DELL/Desktop/a2a-dr.-gemini-int
ake-agent/node_modules/@vitest/runner/dist/index.js:1056:11)\n'[39m +
    [32m'    at runSuite (file:///C:/Users/DELL/Desktop/a2a-dr.-gemini-in
take-agent/node_modules/@vitest/runner/dist/index.js:1205:15)'[39m
}

[90mstderr[2m | 
__tests__/properties/stream-error-handling.property.test.ts[2m > 
[22m[2mProperty 15: Error Handling[2m > [22m[2mRequirement 7.2: 
Retry mechanisms with exponential backoff[2m > [22m[2mretryWithBackoff 
retries the correct number of times on failure
[22m[39mUnhandled error: StreamError: Unable to connect to the video 
service. Please check your internet connection and try again.
    at toStreamError [90m(C:\Users\DELL\Desktop\a2a-dr.-gemini-intake-age
nt\[39msrc\server\services\stream-error-handler.ts:337:10[90m)[39m
    at logStreamError [90m(C:\Users\DELL\Desktop\a2a-dr.-gemini-intake-ag
ent\[39msrc\server\services\stream-error-handler.ts:352:23[90m)[39m
    at Module.retryWithBackoff [90m(C:\Users\DELL\Desktop\a2a-dr.-gemini-
intake-agent\[39msrc\server\services\stream-error-handler.ts:236:7[90m)
[39m {
  code: [32m'STREAM_CONNECTION_FAILED'[39m,
  originalError: Error: Always fails
      at [90mC:\Users\DELL\Desktop\a2a-dr.-gemini-intake-agent\[39m__tes
ts__\properties\stream-error-handling.property.test.ts:212:21
      at mockCall [90m(file:///C:/Users/DELL/Desktop/a2a-dr.-gemini-intak
e-agent/[39mnode_modules/[4m@vitest/spy[24m/dist/index.js:61:17[90m)[
39m
      at spy [90m(file:///C:/Users/DELL/Desktop/a2a-dr.-gemini-intake-age
nt/[39mnode_modules/[4mtinyspy[24m/dist/index.js:45:80[90m)[39m
      at Module.retryWithBackoff [90m(C:\Users\DELL\Desktop\a2a-dr.-gemin
i-intake-agent\[39msrc\server\services\stream-error-handler.ts:219:20[90
m)[39m
      at [90mC:\Users\DELL\Desktop\a2a-dr.-gemini-intake-agent\[39m__tes
ts__\properties\stream-error-handling.property.test.ts:221:26
      at AsyncProperty.predicate [90m(file:///C:/Users/DELL/Desktop/a2a-d
r.-gemini-intake-agent/[39mnode_modules/[4mfast-check[24m/lib/esm/check
/property/AsyncProperty.js:14:59[90m)[39m
      at AsyncProperty.run [90m(file:///C:/Users/DELL/Desktop/a2a-dr.-gem
ini-intake-agent/[39mnode_modules/[4mfast-check[24m/lib/esm/check/prope
rty/AsyncProperty.generic.js:46:39[90m)[39m
      at asyncRunIt [90m(file:///C:/Users/DELL/Desktop/a2a-dr.-gemini-int
ake-agent/[39mnode_modules/[4mfast-check[24m/lib/esm/check/runner/Runne
r.js:33:36[90m)[39m
      at [90mC:\Users\DELL\Desktop\a2a-dr.-gemini-intake-agent\[39m__tes
ts__\properties\stream-error-handling.property.test.ts:205:7
      at [90mfile:///C:/Users/DELL/Desktop/a2a-dr.-gemini-intake-agent/[
39mnode_modules/[4m@vitest/runner[24m/dist/index.js:533:5,
  retryable: [33mtrue[39m,
  fallbackOptions: [
    {
      id: [32m'retry'[39m,
      label: [32m'Try Again'[39m,
      description: [32m'Attempt to reconnect to the video service'[39m,
      action: [32m'retry'[39m
    },
    {
      id: [32m'refresh'[39m,
      label: [32m'Refresh Page'[39m,
      description: [32m'Reload the page to reset the connection'[39m,
      action: [32m'refresh'[39m
    }
  ]
}
Unexpected error: {
  code: [32m'INTERNAL_ERROR'[39m,
  message: [32m'Something went wrong. Please try again later.'[39m,
  context: {
    streamErrorCode: [32m'STREAM_CONNECTION_FAILED'[39m,
    retryable: [33mtrue[39m,
    originalMessage: [32m'Always fails'[39m,
    context: [32m'retry'[39m,
    attempt: [33m1[39m,
    maxRetries: [33m5[39m,
    delayMs: [33m9.83338454597088[39m
  },
  stack: [32m'Error: Unable to connect to the video service. Please 
check your internet connection and try again.\n'[39m +
    [32m'    at toStreamError (C:\\Users\\DELL\\Desktop\\a2a-dr.-gemini-i
ntake-agent\\src\\server\\services\\stream-error-handler.ts:337:10)\n'[39
m +
    [32m'    at logStreamError (C:\\Users\\DELL\\Desktop\\a2a-dr.-gemini-
intake-agent\\src\\server\\services\\stream-error-handler.ts:352:23)\n'[3
9m +
    [32m'    at Module.retryWithBackoff (C:\\Users\\DELL\\Desktop\\a2a-dr
.-gemini-intake-agent\\src\\server\\services\\stream-error-handler.ts:236:
7)'[39m
}

[90mstderr[2m | 
__tests__/properties/stream-error-handling.property.test.ts[2m > 
[22m[2mProperty 15: Error Handling[2m > [22m[2mRequirement 7.2: 
Retry mechanisms with exponential backoff[2m > [22m[2mretryWithBackoff 
retries the correct number of times on failure
[22m[39mUnhandled error: StreamError: Unable to connect to the video 
service. Please check your internet connection and try again.
    at toStreamError [90m(C:\Users\DELL\Desktop\a2a-dr.-gemini-intake-age
nt\[39msrc\server\services\stream-error-handler.ts:337:10[90m)[39m
    at logStreamError [90m(C:\Users\DELL\Desktop\a2a-dr.-gemini-intake-ag
ent\[39msrc\server\services\stream-error-handler.ts:352:23[90m)[39m
    at Module.retryWithBackoff [90m(C:\Users\DELL\Desktop\a2a-dr.-gemini-
intake-agent\[39msrc\server\services\stream-error-handler.ts:236:7[90m)
[39m
    at [90mC:\Users\DELL\Desktop\a2a-dr.-gemini-intake-agent\[39m__tests
__\properties\stream-error-handling.property.test.ts:221:13
    at AsyncProperty.run [90m(file:///C:/Users/DELL/Desktop/a2a-dr.-gemin
i-intake-agent/[39mnode_modules/[4mfast-check[24m/lib/esm/check/propert
y/AsyncProperty.generic.js:46:28[90m)[39m
    at asyncRunIt [90m(file:///C:/Users/DELL/Desktop/a2a-dr.-gemini-intak
e-agent/[39mnode_modules/[4mfast-check[24m/lib/esm/check/runner/Runner.
js:33:21[90m)[39m
    at [90mC:\Users\DELL\Desktop\a2a-dr.-gemini-intake-agent\[39m__tests
__\properties\stream-error-handling.property.test.ts:205:7
    at [90mfile:///C:/Users/DELL/Desktop/a2a-dr.-gemini-intake-agent/[39
mnode_modules/[4m@vitest/runner[24m/dist/index.js:533:5
    at runTest [90m(file:///C:/Users/DELL/Desktop/a2a-dr.-gemini-intake-a
gent/[39mnode_modules/[4m@vitest/runner[24m/dist/index.js:1056:11[90m)
[39m
    at runSuite [90m(file:///C:/Users/DELL/Desktop/a2a-dr.-gemini-intake-
agent/[39mnode_modules/[4m@vitest/runner[24m/dist/index.js:1205:15[90m
)[39m {
  code: [32m'STREAM_CONNECTION_FAILED'[39m,
  originalError: Error: Always fails
      at [90mC:\Users\DELL\Desktop\a2a-dr.-gemini-intake-agent\[39m__tes
ts__\properties\stream-error-handling.property.test.ts:212:21
      at mockCall [90m(file:///C:/Users/DELL/Desktop/a2a-dr.-gemini-intak
e-agent/[39mnode_modules/[4m@vitest/spy[24m/dist/index.js:61:17[90m)[
39m
      at spy [90m(file:///C:/Users/DELL/Desktop/a2a-dr.-gemini-intake-age
nt/[39mnode_modules/[4mtinyspy[24m/dist/index.js:45:80[90m)[39m
      at Module.retryWithBackoff [90m(C:\Users\DELL\Desktop\a2a-dr.-gemin
i-intake-agent\[39msrc\server\services\stream-error-handler.ts:219:20[90
m)[39m
      at [90mC:\Users\DELL\Desktop\a2a-dr.-gemini-intake-agent\[39m__tes
ts__\properties\stream-error-handling.property.test.ts:221:13
      at AsyncProperty.run [90m(file:///C:/Users/DELL/Desktop/a2a-dr.-gem
ini-intake-agent/[39mnode_modules/[4mfast-check[24m/lib/esm/check/prope
rty/AsyncProperty.generic.js:46:28[90m)[39m
      at asyncRunIt [90m(file:///C:/Users/DELL/Desktop/a2a-dr.-gemini-int
ake-agent/[39mnode_modules/[4mfast-check[24m/lib/esm/check/runner/Runne
r.js:33:21[90m)[39m
      at [90mC:\Users\DELL\Desktop\a2a-dr.-gemini-intake-agent\[39m__tes
ts__\properties\stream-error-handling.property.test.ts:205:7
      at [90mfile:///C:/Users/DELL/Desktop/a2a-dr.-gemini-intake-agent/[
39mnode_modules/[4m@vitest/runner[24m/dist/index.js:533:5
      at runTest [90m(file:///C:/Users/DELL/Desktop/a2a-dr.-gemini-intake
-agent/[39mnode_modules/[4m@vitest/runner[24m/dist/index.js:1056:11[90
m)[39m,
  retryable: [33mtrue[39m,
  fallbackOptions: [
    {
      id: [32m'retry'[39m,
      label: [32m'Try Again'[39m,
      description: [32m'Attempt to reconnect to the video service'[39m,
      action: [32m'retry'[39m
    },
    {
      id: [32m'refresh'[39m,
      label: [32m'Refresh Page'[39m,
      description: [32m'Reload the page to reset the connection'[39m,
      action: [32m'refresh'[39m
    }
  ]
}
Unexpected error: {
  code: [32m'INTERNAL_ERROR'[39m,
  message: [32m'Something went wrong. Please try again later.'[39m,
  context: {
    streamErrorCode: [32m'STREAM_CONNECTION_FAILED'[39m,
    retryable: [33mtrue[39m,
    originalMessage: [32m'Always fails'[39m,
    context: [32m'retry'[39m,
    attempt: [33m2[39m,
    maxRetries: [33m5[39m,
    delayMs: [33m19.906399444206816[39m
  },
  stack: [32m'Error: Unable to connect to the video service. Please 
check your internet connection and try again.\n'[39m +
    [32m'    at toStreamError (C:\\Users\\DELL\\Desktop\\a2a-dr.-gemini-i
ntake-agent\\src\\server\\services\\stream-error-handler.ts:337:10)\n'[39
m +
    [32m'    at logStreamError (C:\\Users\\DELL\\Desktop\\a2a-dr.-gemini-
intake-agent\\src\\server\\services\\stream-error-handler.ts:352:23)\n'[3
9m +
    [32m'    at Module.retryWithBackoff (C:\\Users\\DELL\\Desktop\\a2a-dr
.-gemini-intake-agent\\src\\server\\services\\stream-error-handler.ts:236:
7)\n'[39m +
    [32m'    at C:\\Users\\DELL\\Desktop\\a2a-dr.-gemini-intake-agent\\__
tests__\\properties\\stream-error-handling.property.test.ts:221:13\n'[39m
 +
    [32m'    at AsyncProperty.run (file:///C:/Users/DELL/Desktop/a2a-dr.-
gemini-intake-agent/node_modules/fast-check/lib/esm/check/property/AsyncPr
operty.generic.js:46:28)\n'[39m +
    [32m'    at asyncRunIt (file:///C:/Users/DELL/Desktop/a2a-dr.-gemini-
intake-agent/node_modules/fast-check/lib/esm/check/runner/Runner.js:33:21)
\n'[39m +
    [32m'    at C:\\Users\\DELL\\Desktop\\a2a-dr.-gemini-intake-agent\\__
tests__\\properties\\stream-error-handling.property.test.ts:205:7\n'[39m 
+
    [32m'    at file:///C:/Users/DELL/Desktop/a2a-dr.-gemini-intake-agent
/node_modules/@vitest/runner/dist/index.js:533:5\n'[39m +
    [32m'    at runTest (file:///C:/Users/DELL/Desktop/a2a-dr.-gemini-int
ake-agent/node_modules/@vitest/runner/dist/index.js:1056:11)\n'[39m +
    [32m'    at runSuite (file:///C:/Users/DELL/Desktop/a2a-dr.-gemini-in
take-agent/node_modules/@vitest/runner/dist/index.js:1205:15)'[39m
}

[90mstderr[2m | 
__tests__/properties/stream-error-handling.property.test.ts[2m > 
[22m[2mProperty 15: Error Handling[2m > [22m[2mRequirement 7.2: 
Retry mechanisms with exponential backoff[2m > [22m[2mretryWithBackoff 
retries the correct number of times on failure
[22m[39mUnhandled error: StreamError: Unable to connect to the video 
service. Please check your internet connection and try again.
    at toStreamError [90m(C:\Users\DELL\Desktop\a2a-dr.-gemini-intake-age
nt\[39msrc\server\services\stream-error-handler.ts:337:10[90m)[39m
    at logStreamError [90m(C:\Users\DELL\Desktop\a2a-dr.-gemini-intake-ag
ent\[39msrc\server\services\stream-error-handler.ts:352:23[90m)[39m
    at Module.retryWithBackoff [90m(C:\Users\DELL\Desktop\a2a-dr.-gemini-
intake-agent\[39msrc\server\services\stream-error-handler.ts:236:7[90m)
[39m
    at [90mC:\Users\DELL\Desktop\a2a-dr.-gemini-intake-agent\[39m__tests
__\properties\stream-error-handling.property.test.ts:221:13
    at AsyncProperty.run [90m(file:///C:/Users/DELL/Desktop/a2a-dr.-gemin
i-intake-agent/[39mnode_modules/[4mfast-check[24m/lib/esm/check/propert
y/AsyncProperty.generic.js:46:28[90m)[39m
    at asyncRunIt [90m(file:///C:/Users/DELL/Desktop/a2a-dr.-gemini-intak
e-agent/[39mnode_modules/[4mfast-check[24m/lib/esm/check/runner/Runner.
js:33:21[90m)[39m
    at [90mC:\Users\DELL\Desktop\a2a-dr.-gemini-intake-agent\[39m__tests
__\properties\stream-error-handling.property.test.ts:205:7
    at [90mfile:///C:/Users/DELL/Desktop/a2a-dr.-gemini-intake-agent/[39
mnode_modules/[4m@vitest/runner[24m/dist/index.js:533:5
    at runTest [90m(file:///C:/Users/DELL/Desktop/a2a-dr.-gemini-intake-a
gent/[39mnode_modules/[4m@vitest/runner[24m/dist/index.js:1056:11[90m)
[39m
    at runSuite [90m(file:///C:/Users/DELL/Desktop/a2a-dr.-gemini-intake-
agent/[39mnode_modules/[4m@vitest/runner[24m/dist/index.js:1205:15[90m
)[39m {
  code: [32m'STREAM_CONNECTION_FAILED'[39m,
  originalError: Error: Always fails
      at [90mC:\Users\DELL\Desktop\a2a-dr.-gemini-intake-agent\[39m__tes
ts__\properties\stream-error-handling.property.test.ts:212:21
      at mockCall [90m(file:///C:/Users/DELL/Desktop/a2a-dr.-gemini-intak
e-agent/[39mnode_modules/[4m@vitest/spy[24m/dist/index.js:61:17[90m)[
39m
      at spy [90m(file:///C:/Users/DELL/Desktop/a2a-dr.-gemini-intake-age
nt/[39mnode_modules/[4mtinyspy[24m/dist/index.js:45:80[90m)[39m
      at Module.retryWithBackoff [90m(C:\Users\DELL\Desktop\a2a-dr.-gemin
i-intake-agent\[39msrc\server\services\stream-error-handler.ts:219:20[90
m)[39m
      at [90mC:\Users\DELL\Desktop\a2a-dr.-gemini-intake-agent\[39m__tes
ts__\properties\stream-error-handling.property.test.ts:221:13
      at AsyncProperty.run [90m(file:///C:/Users/DELL/Desktop/a2a-dr.-gem
ini-intake-agent/[39mnode_modules/[4mfast-check[24m/lib/esm/check/prope
rty/AsyncProperty.generic.js:46:28[90m)[39m
      at asyncRunIt [90m(file:///C:/Users/DELL/Desktop/a2a-dr.-gemini-int
ake-agent/[39mnode_modules/[4mfast-check[24m/lib/esm/check/runner/Runne
r.js:33:21[90m)[39m
      at [90mC:\Users\DELL\Desktop\a2a-dr.-gemini-intake-agent\[39m__tes
ts__\properties\stream-error-handling.property.test.ts:205:7
      at [90mfile:///C:/Users/DELL/Desktop/a2a-dr.-gemini-intake-agent/[
39mnode_modules/[4m@vitest/runner[24m/dist/index.js:533:5
      at runTest [90m(file:///C:/Users/DELL/Desktop/a2a-dr.-gemini-intake
-agent/[39mnode_modules/[4m@vitest/runner[24m/dist/index.js:1056:11[90
m)[39m,
  retryable: [33mtrue[39m,
  fallbackOptions: [
    {
      id: [32m'retry'[39m,
      label: [32m'Try Again'[39m,
      description: [32m'Attempt to reconnect to the video service'[39m,
      action: [32m'retry'[39m
    },
    {
      id: [32m'refresh'[39m,
      label: [32m'Refresh Page'[39m,
      description: [32m'Reload the page to reset the connection'[39m,
      action: [32m'refresh'[39m
    }
  ]
}
Unexpected error: {
  code: [32m'INTERNAL_ERROR'[39m,
  message: [32m'Something went wrong. Please try again later.'[39m,
  context: {
    streamErrorCode: [32m'STREAM_CONNECTION_FAILED'[39m,
    retryable: [33mtrue[39m,
    originalMessage: [32m'Always fails'[39m,
    context: [32m'retry'[39m,
    attempt: [33m3[39m,
    maxRetries: [33m5[39m,
    delayMs: [33m42.177129585371034[39m
  },
  stack: [32m'Error: Unable to connect to the video service. Please 
check your internet connection and try again.\n'[39m +
    [32m'    at toStreamError (C:\\Users\\DELL\\Desktop\\a2a-dr.-gemini-i
ntake-agent\\src\\server\\services\\stream-error-handler.ts:337:10)\n'[39
m +
    [32m'    at logStreamError (C:\\Users\\DELL\\Desktop\\a2a-dr.-gemini-
intake-agent\\src\\server\\services\\stream-error-handler.ts:352:23)\n'[3
9m +
    [32m'    at Module.retryWithBackoff (C:\\Users\\DELL\\Desktop\\a2a-dr
.-gemini-intake-agent\\src\\server\\services\\stream-error-handler.ts:236:
7)\n'[39m +
    [32m'    at C:\\Users\\DELL\\Desktop\\a2a-dr.-gemini-intake-agent\\__
tests__\\properties\\stream-error-handling.property.test.ts:221:13\n'[39m
 +
    [32m'    at AsyncProperty.run (file:///C:/Users/DELL/Desktop/a2a-dr.-
gemini-intake-agent/node_modules/fast-check/lib/esm/check/property/AsyncPr
operty.generic.js:46:28)\n'[39m +
    [32m'    at asyncRunIt (file:///C:/Users/DELL/Desktop/a2a-dr.-gemini-
intake-agent/node_modules/fast-check/lib/esm/check/runner/Runner.js:33:21)
\n'[39m +
    [32m'    at C:\\Users\\DELL\\Desktop\\a2a-dr.-gemini-intake-agent\\__
tests__\\properties\\stream-error-handling.property.test.ts:205:7\n'[39m 
+
    [32m'    at file:///C:/Users/DELL/Desktop/a2a-dr.-gemini-intake-agent
/node_modules/@vitest/runner/dist/index.js:533:5\n'[39m +
    [32m'    at runTest (file:///C:/Users/DELL/Desktop/a2a-dr.-gemini-int
ake-agent/node_modules/@vitest/runner/dist/index.js:1056:11)\n'[39m +
    [32m'    at runSuite (file:///C:/Users/DELL/Desktop/a2a-dr.-gemini-in
take-agent/node_modules/@vitest/runner/dist/index.js:1205:15)'[39m
}

[90mstderr[2m | 
__tests__/properties/stream-error-handling.property.test.ts[2m > 
[22m[2mProperty 15: Error Handling[2m > [22m[2mRequirement 7.2: 
Retry mechanisms with exponential backoff[2m > [22m[2mretryWithBackoff 
retries the correct number of times on failure
[22m[39mUnhandled error: StreamError: Unable to connect to the video 
service. Please check your internet connection and try again.
    at toStreamError [90m(C:\Users\DELL\Desktop\a2a-dr.-gemini-intake-age
nt\[39msrc\server\services\stream-error-handler.ts:337:10[90m)[39m
    at logStreamError [90m(C:\Users\DELL\Desktop\a2a-dr.-gemini-intake-ag
ent\[39msrc\server\services\stream-error-handler.ts:352:23[90m)[39m
    at Module.retryWithBackoff [90m(C:\Users\DELL\Desktop\a2a-dr.-gemini-
intake-agent\[39msrc\server\services\stream-error-handler.ts:236:7[90m)
[39m
    at [90mC:\Users\DELL\Desktop\a2a-dr.-gemini-intake-agent\[39m__tests
__\properties\stream-error-handling.property.test.ts:221:13
    at AsyncProperty.run [90m(file:///C:/Users/DELL/Desktop/a2a-dr.-gemin
i-intake-agent/[39mnode_modules/[4mfast-check[24m/lib/esm/check/propert
y/AsyncProperty.generic.js:46:28[90m)[39m
    at asyncRunIt [90m(file:///C:/Users/DELL/Desktop/a2a-dr.-gemini-intak
e-agent/[39mnode_modules/[4mfast-check[24m/lib/esm/check/runner/Runner.
js:33:21[90m)[39m
    at [90mC:\Users\DELL\Desktop\a2a-dr.-gemini-intake-agent\[39m__tests
__\properties\stream-error-handling.property.test.ts:205:7
    at [90mfile:///C:/Users/DELL/Desktop/a2a-dr.-gemini-intake-agent/[39
mnode_modules/[4m@vitest/runner[24m/dist/index.js:533:5
    at runTest [90m(file:///C:/Users/DELL/Desktop/a2a-dr.-gemini-intake-a
gent/[39mnode_modules/[4m@vitest/runner[24m/dist/index.js:1056:11[90m)
[39m
    at runSuite [90m(file:///C:/Users/DELL/Desktop/a2a-dr.-gemini-intake-
agent/[39mnode_modules/[4m@vitest/runner[24m/dist/index.js:1205:15[90m
)[39m {
  code: [32m'STREAM_CONNECTION_FAILED'[39m,
  originalError: Error: Always fails
      at [90mC:\Users\DELL\Desktop\a2a-dr.-gemini-intake-agent\[39m__tes
ts__\properties\stream-error-handling.property.test.ts:212:21
      at mockCall [90m(file:///C:/Users/DELL/Desktop/a2a-dr.-gemini-intak
e-agent/[39mnode_modules/[4m@vitest/spy[24m/dist/index.js:61:17[90m)[
39m
      at spy [90m(file:///C:/Users/DELL/Desktop/a2a-dr.-gemini-intake-age
nt/[39mnode_modules/[4mtinyspy[24m/dist/index.js:45:80[90m)[39m
      at Module.retryWithBackoff [90m(C:\Users\DELL\Desktop\a2a-dr.-gemin
i-intake-agent\[39msrc\server\services\stream-error-handler.ts:219:20[90
m)[39m
      at [90mC:\Users\DELL\Desktop\a2a-dr.-gemini-intake-agent\[39m__tes
ts__\properties\stream-error-handling.property.test.ts:221:13
      at AsyncProperty.run [90m(file:///C:/Users/DELL/Desktop/a2a-dr.-gem
ini-intake-agent/[39mnode_modules/[4mfast-check[24m/lib/esm/check/prope
rty/AsyncProperty.generic.js:46:28[90m)[39m
      at asyncRunIt [90m(file:///C:/Users/DELL/Desktop/a2a-dr.-gemini-int
ake-agent/[39mnode_modules/[4mfast-check[24m/lib/esm/check/runner/Runne
r.js:33:21[90m)[39m
      at [90mC:\Users\DELL\Desktop\a2a-dr.-gemini-intake-agent\[39m__tes
ts__\properties\stream-error-handling.property.test.ts:205:7
      at [90mfile:///C:/Users/DELL/Desktop/a2a-dr.-gemini-intake-agent/[
39mnode_modules/[4m@vitest/runner[24m/dist/index.js:533:5
      at runTest [90m(file:///C:/Users/DELL/Desktop/a2a-dr.-gemini-intake
-agent/[39mnode_modules/[4m@vitest/runner[24m/dist/index.js:1056:11[90
m)[39m,
  retryable: [33mtrue[39m,
  fallbackOptions: [
    {
      id: [32m'retry'[39m,
      label: [32m'Try Again'[39m,
      description: [32m'Attempt to reconnect to the video service'[39m,
      action: [32m'retry'[39m
    },
    {
      id: [32m'refresh'[39m,
      label: [32m'Refresh Page'[39m,
      description: [32m'Reload the page to reset the connection'[39m,
      action: [32m'refresh'[39m
    }
  ]
}
Unexpected error: {
  code: [32m'INTERNAL_ERROR'[39m,
  message: [32m'Something went wrong. Please try again later.'[39m,
  context: {
    streamErrorCode: [32m'STREAM_CONNECTION_FAILED'[39m,
    retryable: [33mtrue[39m,
    originalMessage: [32m'Always fails'[39m,
    context: [32m'retry'[39m,
    attempt: [33m4[39m,
    maxRetries: [33m5[39m,
    delayMs: [33m80.71390763498641[39m
  },
  stack: [32m'Error: Unable to connect to the video service. Please 
check your internet connection and try again.\n'[39m +
    [32m'    at toStreamError (C:\\Users\\DELL\\Desktop\\a2a-dr.-gemini-i
ntake-agent\\src\\server\\services\\stream-error-handler.ts:337:10)\n'[39
m +
    [32m'    at logStreamError (C:\\Users\\DELL\\Desktop\\a2a-dr.-gemini-
intake-agent\\src\\server\\services\\stream-error-handler.ts:352:23)\n'[3
9m +
    [32m'    at Module.retryWithBackoff (C:\\Users\\DELL\\Desktop\\a2a-dr
.-gemini-intake-agent\\src\\server\\services\\stream-error-handler.ts:236:
7)\n'[39m +
    [32m'    at C:\\Users\\DELL\\Desktop\\a2a-dr.-gemini-intake-agent\\__
tests__\\properties\\stream-error-handling.property.test.ts:221:13\n'[39m
 +
    [32m'    at AsyncProperty.run (file:///C:/Users/DELL/Desktop/a2a-dr.-
gemini-intake-agent/node_modules/fast-check/lib/esm/check/property/AsyncPr
operty.generic.js:46:28)\n'[39m +
    [32m'    at asyncRunIt (file:///C:/Users/DELL/Desktop/a2a-dr.-gemini-
intake-agent/node_modules/fast-check/lib/esm/check/runner/Runner.js:33:21)
\n'[39m +
    [32m'    at C:\\Users\\DELL\\Desktop\\a2a-dr.-gemini-intake-agent\\__
tests__\\properties\\stream-error-handling.property.test.ts:205:7\n'[39m 
+
    [32m'    at file:///C:/Users/DELL/Desktop/a2a-dr.-gemini-intake-agent
/node_modules/@vitest/runner/dist/index.js:533:5\n'[39m +
    [32m'    at runTest (file:///C:/Users/DELL/Desktop/a2a-dr.-gemini-int
ake-agent/node_modules/@vitest/runner/dist/index.js:1056:11)\n'[39m +
    [32m'    at runSuite (file:///C:/Users/DELL/Desktop/a2a-dr.-gemini-in
take-agent/node_modules/@vitest/runner/dist/index.js:1205:15)'[39m
}

[90mstderr[2m | 
__tests__/properties/stream-error-handling.property.test.ts[2m > 
[22m[2mProperty 15: Error Handling[2m > [22m[2mRequirement 7.2: 
Retry mechanisms with exponential backoff[2m > [22m[2mretryWithBackoff 
retries the correct number of times on failure
[22m[39mUnhandled error: StreamError: Unable to connect to the video 
service. Please check your internet connection and try again.
    at toStreamError [90m(C:\Users\DELL\Desktop\a2a-dr.-gemini-intake-age
nt\[39msrc\server\services\stream-error-handler.ts:337:10[90m)[39m
    at logStreamError [90m(C:\Users\DELL\Desktop\a2a-dr.-gemini-intake-ag
ent\[39msrc\server\services\stream-error-handler.ts:352:23[90m)[39m
    at Module.retryWithBackoff [90m(C:\Users\DELL\Desktop\a2a-dr.-gemini-
intake-agent\[39msrc\server\services\stream-error-handler.ts:236:7[90m)
[39m
    at [90mC:\Users\DELL\Desktop\a2a-dr.-gemini-intake-agent\[39m__tests
__\properties\stream-error-handling.property.test.ts:221:13
    at AsyncProperty.run [90m(file:///C:/Users/DELL/Desktop/a2a-dr.-gemin
i-intake-agent/[39mnode_modules/[4mfast-check[24m/lib/esm/check/propert
y/AsyncProperty.generic.js:46:28[90m)[39m
    at asyncRunIt [90m(file:///C:/Users/DELL/Desktop/a2a-dr.-gemini-intak
e-agent/[39mnode_modules/[4mfast-check[24m/lib/esm/check/runner/Runner.
js:33:21[90m)[39m
    at [90mC:\Users\DELL\Desktop\a2a-dr.-gemini-intake-agent\[39m__tests
__\properties\stream-error-handling.property.test.ts:205:7
    at [90mfile:///C:/Users/DELL/Desktop/a2a-dr.-gemini-intake-agent/[39
mnode_modules/[4m@vitest/runner[24m/dist/index.js:533:5
    at runTest [90m(file:///C:/Users/DELL/Desktop/a2a-dr.-gemini-intake-a
gent/[39mnode_modules/[4m@vitest/runner[24m/dist/index.js:1056:11[90m)
[39m
    at runSuite [90m(file:///C:/Users/DELL/Desktop/a2a-dr.-gemini-intake-
agent/[39mnode_modules/[4m@vitest/runner[24m/dist/index.js:1205:15[90m
)[39m {
  code: [32m'STREAM_CONNECTION_FAILED'[39m,
  originalError: Error: Always fails
      at [90mC:\Users\DELL\Desktop\a2a-dr.-gemini-intake-agent\[39m__tes
ts__\properties\stream-error-handling.property.test.ts:212:21
      at mockCall [90m(file:///C:/Users/DELL/Desktop/a2a-dr.-gemini-intak
e-agent/[39mnode_modules/[4m@vitest/spy[24m/dist/index.js:61:17[90m)[
39m
      at spy [90m(file:///C:/Users/DELL/Desktop/a2a-dr.-gemini-intake-age
nt/[39mnode_modules/[4mtinyspy[24m/dist/index.js:45:80[90m)[39m
      at Module.retryWithBackoff [90m(C:\Users\DELL\Desktop\a2a-dr.-gemin
i-intake-agent\[39msrc\server\services\stream-error-handler.ts:219:20[90
m)[39m
      at [90mC:\Users\DELL\Desktop\a2a-dr.-gemini-intake-agent\[39m__tes
ts__\properties\stream-error-handling.property.test.ts:221:13
      at AsyncProperty.run [90m(file:///C:/Users/DELL/Desktop/a2a-dr.-gem
ini-intake-agent/[39mnode_modules/[4mfast-check[24m/lib/esm/check/prope
rty/AsyncProperty.generic.js:46:28[90m)[39m
      at asyncRunIt [90m(file:///C:/Users/DELL/Desktop/a2a-dr.-gemini-int
ake-agent/[39mnode_modules/[4mfast-check[24m/lib/esm/check/runner/Runne
r.js:33:21[90m)[39m
      at [90mC:\Users\DELL\Desktop\a2a-dr.-gemini-intake-agent\[39m__tes
ts__\properties\stream-error-handling.property.test.ts:205:7
      at [90mfile:///C:/Users/DELL/Desktop/a2a-dr.-gemini-intake-agent/[
39mnode_modules/[4m@vitest/runner[24m/dist/index.js:533:5
      at runTest [90m(file:///C:/Users/DELL/Desktop/a2a-dr.-gemini-intake
-agent/[39mnode_modules/[4m@vitest/runner[24m/dist/index.js:1056:11[90
m)[39m,
  retryable: [33mtrue[39m,
  fallbackOptions: [
    {
      id: [32m'retry'[39m,
      label: [32m'Try Again'[39m,
      description: [32m'Attempt to reconnect to the video service'[39m,
      action: [32m'retry'[39m
    },
    {
      id: [32m'refresh'[39m,
      label: [32m'Refresh Page'[39m,
      description: [32m'Reload the page to reset the connection'[39m,
      action: [32m'refresh'[39m
    }
  ]
}
Unexpected error: {
  code: [32m'INTERNAL_ERROR'[39m,
  message: [32m'Something went wrong. Please try again later.'[39m,
  context: {
    streamErrorCode: [32m'STREAM_CONNECTION_FAILED'[39m,
    retryable: [33mtrue[39m,
    originalMessage: [32m'Always fails'[39m,
    context: [32m'retry'[39m,
    attempt: [33m5[39m,
    maxRetries: [33m5[39m,
    delayMs: [33m100[39m
  },
  stack: [32m'Error: Unable to connect to the video service. Please 
check your internet connection and try again.\n'[39m +
    [32m'    at toStreamError (C:\\Users\\DELL\\Desktop\\a2a-dr.-gemini-i
ntake-agent\\src\\server\\services\\stream-error-handler.ts:337:10)\n'[39
m +
    [32m'    at logStreamError (C:\\Users\\DELL\\Desktop\\a2a-dr.-gemini-
intake-agent\\src\\server\\services\\stream-error-handler.ts:352:23)\n'[3
9m +
    [32m'    at Module.retryWithBackoff (C:\\Users\\DELL\\Desktop\\a2a-dr
.-gemini-intake-agent\\src\\server\\services\\stream-error-handler.ts:236:
7)\n'[39m +
    [32m'    at C:\\Users\\DELL\\Desktop\\a2a-dr.-gemini-intake-agent\\__
tests__\\properties\\stream-error-handling.property.test.ts:221:13\n'[39m
 +
    [32m'    at AsyncProperty.run (file:///C:/Users/DELL/Desktop/a2a-dr.-
gemini-intake-agent/node_modules/fast-check/lib/esm/check/property/AsyncPr
operty.generic.js:46:28)\n'[39m +
    [32m'    at asyncRunIt (file:///C:/Users/DELL/Desktop/a2a-dr.-gemini-
intake-agent/node_modules/fast-check/lib/esm/check/runner/Runner.js:33:21)
\n'[39m +
    [32m'    at C:\\Users\\DELL\\Desktop\\a2a-dr.-gemini-intake-agent\\__
tests__\\properties\\stream-error-handling.property.test.ts:205:7\n'[39m 
+
    [32m'    at file:///C:/Users/DELL/Desktop/a2a-dr.-gemini-intake-agent
/node_modules/@vitest/runner/dist/index.js:533:5\n'[39m +
    [32m'    at runTest (file:///C:/Users/DELL/Desktop/a2a-dr.-gemini-int
ake-agent/node_modules/@vitest/runner/dist/index.js:1056:11)\n'[39m +
    [32m'    at runSuite (file:///C:/Users/DELL/Desktop/a2a-dr.-gemini-in
take-agent/node_modules/@vitest/runner/dist/index.js:1205:15)'[39m
}

[90mstderr[2m | 
__tests__/properties/stream-error-handling.property.test.ts[2m > 
[22m[2mProperty 15: Error Handling[2m > [22m[2mRequirement 7.2: 
Retry mechanisms with exponential backoff[2m > [22m[2mretryWithBackoff 
retries the correct number of times on failure
[22m[39mUnhandled error: StreamError: Unable to connect to the video 
service. Please check your internet connection and try again.
    at toStreamError [90m(C:\Users\DELL\Desktop\a2a-dr.-gemini-intake-age
nt\[39msrc\server\services\stream-error-handler.ts:337:10[90m)[39m
    at logStreamError [90m(C:\Users\DELL\Desktop\a2a-dr.-gemini-intake-ag
ent\[39msrc\server\services\stream-error-handler.ts:352:23[90m)[39m
    at Module.retryWithBackoff [90m(C:\Users\DELL\Desktop\a2a-dr.-gemini-
intake-agent\[39msrc\server\services\stream-error-handler.ts:236:7[90m)
[39m {
  code: [32m'STREAM_CONNECTION_FAILED'[39m,
  originalError: Error: Always fails
      at [90mC:\Users\DELL\Desktop\a2a-dr.-gemini-intake-agent\[39m__tes
ts__\properties\stream-error-handling.property.test.ts:212:21
      at mockCall [90m(file:///C:/Users/DELL/Desktop/a2a-dr.-gemini-intak
e-agent/[39mnode_modules/[4m@vitest/spy[24m/dist/index.js:61:17[90m)[
39m
      at spy [90m(file:///C:/Users/DELL/Desktop/a2a-dr.-gemini-intake-age
nt/[39mnode_modules/[4mtinyspy[24m/dist/index.js:45:80[90m)[39m
      at Module.retryWithBackoff [90m(C:\Users\DELL\Desktop\a2a-dr.-gemin
i-intake-agent\[39msrc\server\services\stream-error-handler.ts:219:20[90
m)[39m
      at [90mC:\Users\DELL\Desktop\a2a-dr.-gemini-intake-agent\[39m__tes
ts__\properties\stream-error-handling.property.test.ts:221:26
      at AsyncProperty.predicate [90m(file:///C:/Users/DELL/Desktop/a2a-d
r.-gemini-intake-agent/[39mnode_modules/[4mfast-check[24m/lib/esm/check
/property/AsyncProperty.js:14:59[90m)[39m
      at AsyncProperty.run [90m(file:///C:/Users/DELL/Desktop/a2a-dr.-gem
ini-intake-agent/[39mnode_modules/[4mfast-check[24m/lib/esm/check/prope
rty/AsyncProperty.generic.js:46:39[90m)[39m
      at asyncRunIt [90m(file:///C:/Users/DELL/Desktop/a2a-dr.-gemini-int
ake-agent/[39mnode_modules/[4mfast-check[24m/lib/esm/check/runner/Runne
r.js:33:36[90m)[39m
      at [90mC:\Users\DELL\Desktop\a2a-dr.-gemini-intake-agent\[39m__tes
ts__\properties\stream-error-handling.property.test.ts:205:7
      at [90mfile:///C:/Users/DELL/Desktop/a2a-dr.-gemini-intake-agent/[
39mnode_modules/[4m@vitest/runner[24m/dist/index.js:533:5,
  retryable: [33mtrue[39m,
  fallbackOptions: [
    {
      id: [32m'retry'[39m,
      label: [32m'Try Again'[39m,
      description: [32m'Attempt to reconnect to the video service'[39m,
      action: [32m'retry'[39m
    },
    {
      id: [32m'refresh'[39m,
      label: [32m'Refresh Page'[39m,
      description: [32m'Reload the page to reset the connection'[39m,
      action: [32m'refresh'[39m
    }
  ]
}
Unexpected error: {
  code: [32m'INTERNAL_ERROR'[39m,
  message: [32m'Something went wrong. Please try again later.'[39m,
  context: {
    streamErrorCode: [32m'STREAM_CONNECTION_FAILED'[39m,
    retryable: [33mtrue[39m,
    originalMessage: [32m'Always fails'[39m,
    context: [32m'retry'[39m,
    attempt: [33m1[39m,
    maxRetries: [33m5[39m,
    delayMs: [33m9.530915493262818[39m
  },
  stack: [32m'Error: Unable to connect to the video service. Please 
check your internet connection and try again.\n'[39m +
    [32m'    at toStreamError (C:\\Users\\DELL\\Desktop\\a2a-dr.-gemini-i
ntake-agent\\src\\server\\services\\stream-error-handler.ts:337:10)\n'[39
m +
    [32m'    at logStreamError (C:\\Users\\DELL\\Desktop\\a2a-dr.-gemini-
intake-agent\\src\\server\\services\\stream-error-handler.ts:352:23)\n'[3
9m +
    [32m'    at Module.retryWithBackoff (C:\\Users\\DELL\\Desktop\\a2a-dr
.-gemini-intake-agent\\src\\server\\services\\stream-error-handler.ts:236:
7)'[39m
}

[90mstderr[2m | 
__tests__/properties/stream-error-handling.property.test.ts[2m > 
[22m[2mProperty 15: Error Handling[2m > [22m[2mRequirement 7.2: 
Retry mechanisms with exponential backoff[2m > [22m[2mretryWithBackoff 
retries the correct number of times on failure
[22m[39mUnhandled error: StreamError: Unable to connect to the video 
service. Please check your internet connection and try again.
    at toStreamError [90m(C:\Users\DELL\Desktop\a2a-dr.-gemini-intake-age
nt\[39msrc\server\services\stream-error-handler.ts:337:10[90m)[39m
    at logStreamError [90m(C:\Users\DELL\Desktop\a2a-dr.-gemini-intake-ag
ent\[39msrc\server\services\stream-error-handler.ts:352:23[90m)[39m
    at Module.retryWithBackoff [90m(C:\Users\DELL\Desktop\a2a-dr.-gemini-
intake-agent\[39msrc\server\services\stream-error-handler.ts:236:7[90m)
[39m
    at [90mC:\Users\DELL\Desktop\a2a-dr.-gemini-intake-agent\[39m__tests
__\properties\stream-error-handling.property.test.ts:221:13
    at AsyncProperty.run [90m(file:///C:/Users/DELL/Desktop/a2a-dr.-gemin
i-intake-agent/[39mnode_modules/[4mfast-check[24m/lib/esm/check/propert
y/AsyncProperty.generic.js:46:28[90m)[39m
    at asyncRunIt [90m(file:///C:/Users/DELL/Desktop/a2a-dr.-gemini-intak
e-agent/[39mnode_modules/[4mfast-check[24m/lib/esm/check/runner/Runner.
js:33:21[90m)[39m
    at [90mC:\Users\DELL\Desktop\a2a-dr.-gemini-intake-agent\[39m__tests
__\properties\stream-error-handling.property.test.ts:205:7
    at [90mfile:///C:/Users/DELL/Desktop/a2a-dr.-gemini-intake-agent/[39
mnode_modules/[4m@vitest/runner[24m/dist/index.js:533:5
    at runTest [90m(file:///C:/Users/DELL/Desktop/a2a-dr.-gemini-intake-a
gent/[39mnode_modules/[4m@vitest/runner[24m/dist/index.js:1056:11[90m)
[39m
    at runSuite [90m(file:///C:/Users/DELL/Desktop/a2a-dr.-gemini-intake-
agent/[39mnode_modules/[4m@vitest/runner[24m/dist/index.js:1205:15[90m
)[39m {
  code: [32m'STREAM_CONNECTION_FAILED'[39m,
  originalError: Error: Always fails
      at [90mC:\Users\DELL\Desktop\a2a-dr.-gemini-intake-agent\[39m__tes
ts__\properties\stream-error-handling.property.test.ts:212:21
      at mockCall [90m(file:///C:/Users/DELL/Desktop/a2a-dr.-gemini-intak
e-agent/[39mnode_modules/[4m@vitest/spy[24m/dist/index.js:61:17[90m)[
39m
      at spy [90m(file:///C:/Users/DELL/Desktop/a2a-dr.-gemini-intake-age
nt/[39mnode_modules/[4mtinyspy[24m/dist/index.js:45:80[90m)[39m
      at Module.retryWithBackoff [90m(C:\Users\DELL\Desktop\a2a-dr.-gemin
i-intake-agent\[39msrc\server\services\stream-error-handler.ts:219:20[90
m)[39m
      at [90mC:\Users\DELL\Desktop\a2a-dr.-gemini-intake-agent\[39m__tes
ts__\properties\stream-error-handling.property.test.ts:221:13
      at AsyncProperty.run [90m(file:///C:/Users/DELL/Desktop/a2a-dr.-gem
ini-intake-agent/[39mnode_modules/[4mfast-check[24m/lib/esm/check/prope
rty/AsyncProperty.generic.js:46:28[90m)[39m
      at asyncRunIt [90m(file:///C:/Users/DELL/Desktop/a2a-dr.-gemini-int
ake-agent/[39mnode_modules/[4mfast-check[24m/lib/esm/check/runner/Runne
r.js:33:21[90m)[39m
      at [90mC:\Users\DELL\Desktop\a2a-dr.-gemini-intake-agent\[39m__tes
ts__\properties\stream-error-handling.property.test.ts:205:7
      at [90mfile:///C:/Users/DELL/Desktop/a2a-dr.-gemini-intake-agent/[
39mnode_modules/[4m@vitest/runner[24m/dist/index.js:533:5
      at runTest [90m(file:///C:/Users/DELL/Desktop/a2a-dr.-gemini-intake
-agent/[39mnode_modules/[4m@vitest/runner[24m/dist/index.js:1056:11[90
m)[39m,
  retryable: [33mtrue[39m,
  fallbackOptions: [
    {
      id: [32m'retry'[39m,
      label: [32m'Try Again'[39m,
      description: [32m'Attempt to reconnect to the video service'[39m,
      action: [32m'retry'[39m
    },
    {
      id: [32m'refresh'[39m,
      label: [32m'Refresh Page'[39m,
      description: [32m'Reload the page to reset the connection'[39m,
      action: [32m'refresh'[39m
    }
  ]
}
Unexpected error: {
  code: [32m'INTERNAL_ERROR'[39m,
  message: [32m'Something went wrong. Please try again later.'[39m,
  context: {
    streamErrorCode: [32m'STREAM_CONNECTION_FAILED'[39m,
    retryable: [33mtrue[39m,
    originalMessage: [32m'Always fails'[39m,
    context: [32m'retry'[39m,
    attempt: [33m2[39m,
    maxRetries: [33m5[39m,
    delayMs: [33m20.01432845304016[39m
  },
  stack: [32m'Error: Unable to connect to the video service. Please 
check your internet connection and try again.\n'[39m +
    [32m'    at toStreamError (C:\\Users\\DELL\\Desktop\\a2a-dr.-gemini-i
ntake-agent\\src\\server\\services\\stream-error-handler.ts:337:10)\n'[39
m +
    [32m'    at logStreamError (C:\\Users\\DELL\\Desktop\\a2a-dr.-gemini-
intake-agent\\src\\server\\services\\stream-error-handler.ts:352:23)\n'[3
9m +
    [32m'    at Module.retryWithBackoff (C:\\Users\\DELL\\Desktop\\a2a-dr
.-gemini-intake-agent\\src\\server\\services\\stream-error-handler.ts:236:
7)\n'[39m +
    [32m'    at C:\\Users\\DELL\\Desktop\\a2a-dr.-gemini-intake-agent\\__
tests__\\properties\\stream-error-handling.property.test.ts:221:13\n'[39m
 +
    [32m'    at AsyncProperty.run (file:///C:/Users/DELL/Desktop/a2a-dr.-
gemini-intake-agent/node_modules/fast-check/lib/esm/check/property/AsyncPr
operty.generic.js:46:28)\n'[39m +
    [32m'    at asyncRunIt (file:///C:/Users/DELL/Desktop/a2a-dr.-gemini-
intake-agent/node_modules/fast-check/lib/esm/check/runner/Runner.js:33:21)
\n'[39m +
    [32m'    at C:\\Users\\DELL\\Desktop\\a2a-dr.-gemini-intake-agent\\__
tests__\\properties\\stream-error-handling.property.test.ts:205:7\n'[39m 
+
    [32m'    at file:///C:/Users/DELL/Desktop/a2a-dr.-gemini-intake-agent
/node_modules/@vitest/runner/dist/index.js:533:5\n'[39m +
    [32m'    at runTest (file:///C:/Users/DELL/Desktop/a2a-dr.-gemini-int
ake-agent/node_modules/@vitest/runner/dist/index.js:1056:11)\n'[39m +
    [32m'    at runSuite (file:///C:/Users/DELL/Desktop/a2a-dr.-gemini-in
take-agent/node_modules/@vitest/runner/dist/index.js:1205:15)'[39m
}

[90mstderr[2m | 
__tests__/properties/stream-error-handling.property.test.ts[2m > 
[22m[2mProperty 15: Error Handling[2m > [22m[2mRequirement 7.2: 
Retry mechanisms with exponential backoff[2m > [22m[2mretryWithBackoff 
retries the correct number of times on failure
[22m[39mUnhandled error: StreamError: Unable to connect to the video 
service. Please check your internet connection and try again.
    at toStreamError [90m(C:\Users\DELL\Desktop\a2a-dr.-gemini-intake-age
nt\[39msrc\server\services\stream-error-handler.ts:337:10[90m)[39m
    at logStreamError [90m(C:\Users\DELL\Desktop\a2a-dr.-gemini-intake-ag
ent\[39msrc\server\services\stream-error-handler.ts:352:23[90m)[39m
    at Module.retryWithBackoff [90m(C:\Users\DELL\Desktop\a2a-dr.-gemini-
intake-agent\[39msrc\server\services\stream-error-handler.ts:236:7[90m)
[39m
    at [90mC:\Users\DELL\Desktop\a2a-dr.-gemini-intake-agent\[39m__tests
__\properties\stream-error-handling.property.test.ts:221:13
    at AsyncProperty.run [90m(file:///C:/Users/DELL/Desktop/a2a-dr.-gemin
i-intake-agent/[39mnode_modules/[4mfast-check[24m/lib/esm/check/propert
y/AsyncProperty.generic.js:46:28[90m)[39m
    at asyncRunIt [90m(file:///C:/Users/DELL/Desktop/a2a-dr.-gemini-intak
e-agent/[39mnode_modules/[4mfast-check[24m/lib/esm/check/runner/Runner.
js:33:21[90m)[39m
    at [90mC:\Users\DELL\Desktop\a2a-dr.-gemini-intake-agent\[39m__tests
__\properties\stream-error-handling.property.test.ts:205:7
    at [90mfile:///C:/Users/DELL/Desktop/a2a-dr.-gemini-intake-agent/[39
mnode_modules/[4m@vitest/runner[24m/dist/index.js:533:5
    at runTest [90m(file:///C:/Users/DELL/Desktop/a2a-dr.-gemini-intake-a
gent/[39mnode_modules/[4m@vitest/runner[24m/dist/index.js:1056:11[90m)
[39m
    at runSuite [90m(file:///C:/Users/DELL/Desktop/a2a-dr.-gemini-intake-
agent/[39mnode_modules/[4m@vitest/runner[24m/dist/index.js:1205:15[90m
)[39m {
  code: [32m'STREAM_CONNECTION_FAILED'[39m,
  originalError: Error: Always fails
      at [90mC:\Users\DELL\Desktop\a2a-dr.-gemini-intake-agent\[39m__tes
ts__\properties\stream-error-handling.property.test.ts:212:21
      at mockCall [90m(file:///C:/Users/DELL/Desktop/a2a-dr.-gemini-intak
e-agent/[39mnode_modules/[4m@vitest/spy[24m/dist/index.js:61:17[90m)[
39m
      at spy [90m(file:///C:/Users/DELL/Desktop/a2a-dr.-gemini-intake-age
nt/[39mnode_modules/[4mtinyspy[24m/dist/index.js:45:80[90m)[39m
      at Module.retryWithBackoff [90m(C:\Users\DELL\Desktop\a2a-dr.-gemin
i-intake-agent\[39msrc\server\services\stream-error-handler.ts:219:20[90
m)[39m
      at [90mC:\Users\DELL\Desktop\a2a-dr.-gemini-intake-agent\[39m__tes
ts__\properties\stream-error-handling.property.test.ts:221:13
      at AsyncProperty.run [90m(file:///C:/Users/DELL/Desktop/a2a-dr.-gem
ini-intake-agent/[39mnode_modules/[4mfast-check[24m/lib/esm/check/prope
rty/AsyncProperty.generic.js:46:28[90m)[39m
      at asyncRunIt [90m(file:///C:/Users/DELL/Desktop/a2a-dr.-gemini-int
ake-agent/[39mnode_modules/[4mfast-check[24m/lib/esm/check/runner/Runne
r.js:33:21[90m)[39m
      at [90mC:\Users\DELL\Desktop\a2a-dr.-gemini-intake-agent\[39m__tes
ts__\properties\stream-error-handling.property.test.ts:205:7
      at [90mfile:///C:/Users/DELL/Desktop/a2a-dr.-gemini-intake-agent/[
39mnode_modules/[4m@vitest/runner[24m/dist/index.js:533:5
      at runTest [90m(file:///C:/Users/DELL/Desktop/a2a-dr.-gemini-intake
-agent/[39mnode_modules/[4m@vitest/runner[24m/dist/index.js:1056:11[90
m)[39m,
  retryable: [33mtrue[39m,
  fallbackOptions: [
    {
      id: [32m'retry'[39m,
      label: [32m'Try Again'[39m,
      description: [32m'Attempt to reconnect to the video service'[39m,
      action: [32m'retry'[39m
    },
    {
      id: [32m'refresh'[39m,
      label: [32m'Refresh Page'[39m,
      description: [32m'Reload the page to reset the connection'[39m,
      action: [32m'refresh'[39m
    }
  ]
}
Unexpected error: {
  code: [32m'INTERNAL_ERROR'[39m,
  message: [32m'Something went wrong. Please try again later.'[39m,
  context: {
    streamErrorCode: [32m'STREAM_CONNECTION_FAILED'[39m,
    retryable: [33mtrue[39m,
    originalMessage: [32m'Always fails'[39m,
    context: [32m'retry'[39m,
    attempt: [33m3[39m,
    maxRetries: [33m5[39m,
    delayMs: [33m43.50577564236266[39m
  },
  stack: [32m'Error: Unable to connect to the video service. Please 
check your internet connection and try again.\n'[39m +
    [32m'    at toStreamError (C:\\Users\\DELL\\Desktop\\a2a-dr.-gemini-i
ntake-agent\\src\\server\\services\\stream-error-handler.ts:337:10)\n'[39
m +
    [32m'    at logStreamError (C:\\Users\\DELL\\Desktop\\a2a-dr.-gemini-
intake-agent\\src\\server\\services\\stream-error-handler.ts:352:23)\n'[3
9m +
    [32m'    at Module.retryWithBackoff (C:\\Users\\DELL\\Desktop\\a2a-dr
.-gemini-intake-agent\\src\\server\\services\\stream-error-handler.ts:236:
7)\n'[39m +
    [32m'    at C:\\Users\\DELL\\Desktop\\a2a-dr.-gemini-intake-agent\\__
tests__\\properties\\stream-error-handling.property.test.ts:221:13\n'[39m
 +
    [32m'    at AsyncProperty.run (file:///C:/Users/DELL/Desktop/a2a-dr.-
gemini-intake-agent/node_modules/fast-check/lib/esm/check/property/AsyncPr
operty.generic.js:46:28)\n'[39m +
    [32m'    at asyncRunIt (file:///C:/Users/DELL/Desktop/a2a-dr.-gemini-
intake-agent/node_modules/fast-check/lib/esm/check/runner/Runner.js:33:21)
\n'[39m +
    [32m'    at C:\\Users\\DELL\\Desktop\\a2a-dr.-gemini-intake-agent\\__
tests__\\properties\\stream-error-handling.property.test.ts:205:7\n'[39m 
+
    [32m'    at file:///C:/Users/DELL/Desktop/a2a-dr.-gemini-intake-agent
/node_modules/@vitest/runner/dist/index.js:533:5\n'[39m +
    [32m'    at runTest (file:///C:/Users/DELL/Desktop/a2a-dr.-gemini-int
ake-agent/node_modules/@vitest/runner/dist/index.js:1056:11)\n'[39m +
    [32m'    at runSuite (file:///C:/Users/DELL/Desktop/a2a-dr.-gemini-in
take-agent/node_modules/@vitest/runner/dist/index.js:1205:15)'[39m
}

[90mstderr[2m | 
__tests__/properties/stream-error-handling.property.test.ts[2m > 
[22m[2mProperty 15: Error Handling[2m > [22m[2mRequirement 7.2: 
Retry mechanisms with exponential backoff[2m > [22m[2mretryWithBackoff 
retries the correct number of times on failure
[22m[39mUnhandled error: StreamError: Unable to connect to the video 
service. Please check your internet connection and try again.
    at toStreamError [90m(C:\Users\DELL\Desktop\a2a-dr.-gemini-intake-age
nt\[39msrc\server\services\stream-error-handler.ts:337:10[90m)[39m
    at logStreamError [90m(C:\Users\DELL\Desktop\a2a-dr.-gemini-intake-ag
ent\[39msrc\server\services\stream-error-handler.ts:352:23[90m)[39m
    at Module.retryWithBackoff [90m(C:\Users\DELL\Desktop\a2a-dr.-gemini-
intake-agent\[39msrc\server\services\stream-error-handler.ts:236:7[90m)
[39m
    at [90mC:\Users\DELL\Desktop\a2a-dr.-gemini-intake-agent\[39m__tests
__\properties\stream-error-handling.property.test.ts:221:13
    at AsyncProperty.run [90m(file:///C:/Users/DELL/Desktop/a2a-dr.-gemin
i-intake-agent/[39mnode_modules/[4mfast-check[24m/lib/esm/check/propert
y/AsyncProperty.generic.js:46:28[90m)[39m
    at asyncRunIt [90m(file:///C:/Users/DELL/Desktop/a2a-dr.-gemini-intak
e-agent/[39mnode_modules/[4mfast-check[24m/lib/esm/check/runner/Runner.
js:33:21[90m)[39m
    at [90mC:\Users\DELL\Desktop\a2a-dr.-gemini-intake-agent\[39m__tests
__\properties\stream-error-handling.property.test.ts:205:7
    at [90mfile:///C:/Users/DELL/Desktop/a2a-dr.-gemini-intake-agent/[39
mnode_modules/[4m@vitest/runner[24m/dist/index.js:533:5
    at runTest [90m(file:///C:/Users/DELL/Desktop/a2a-dr.-gemini-intake-a
gent/[39mnode_modules/[4m@vitest/runner[24m/dist/index.js:1056:11[90m)
[39m
    at runSuite [90m(file:///C:/Users/DELL/Desktop/a2a-dr.-gemini-intake-
agent/[39mnode_modules/[4m@vitest/runner[24m/dist/index.js:1205:15[90m
)[39m {
  code: [32m'STREAM_CONNECTION_FAILED'[39m,
  originalError: Error: Always fails
      at [90mC:\Users\DELL\Desktop\a2a-dr.-gemini-intake-agent\[39m__tes
ts__\properties\stream-error-handling.property.test.ts:212:21
      at mockCall [90m(file:///C:/Users/DELL/Desktop/a2a-dr.-gemini-intak
e-agent/[39mnode_modules/[4m@vitest/spy[24m/dist/index.js:61:17[90m)[
39m
      at spy [90m(file:///C:/Users/DELL/Desktop/a2a-dr.-gemini-intake-age
nt/[39mnode_modules/[4mtinyspy[24m/dist/index.js:45:80[90m)[39m
      at Module.retryWithBackoff [90m(C:\Users\DELL\Desktop\a2a-dr.-gemin
i-intake-agent\[39msrc\server\services\stream-error-handler.ts:219:20[90
m)[39m
      at [90mC:\Users\DELL\Desktop\a2a-dr.-gemini-intake-agent\[39m__tes
ts__\properties\stream-error-handling.property.test.ts:221:13
      at AsyncProperty.run [90m(file:///C:/Users/DELL/Desktop/a2a-dr.-gem
ini-intake-agent/[39mnode_modules/[4mfast-check[24m/lib/esm/check/prope
rty/AsyncProperty.generic.js:46:28[90m)[39m
      at asyncRunIt [90m(file:///C:/Users/DELL/Desktop/a2a-dr.-gemini-int
ake-agent/[39mnode_modules/[4mfast-check[24m/lib/esm/check/runner/Runne
r.js:33:21[90m)[39m
      at [90mC:\Users\DELL\Desktop\a2a-dr.-gemini-intake-agent\[39m__tes
ts__\properties\stream-error-handling.property.test.ts:205:7
      at [90mfile:///C:/Users/DELL/Desktop/a2a-dr.-gemini-intake-agent/[
39mnode_modules/[4m@vitest/runner[24m/dist/index.js:533:5
      at runTest [90m(file:///C:/Users/DELL/Desktop/a2a-dr.-gemini-intake
-agent/[39mnode_modules/[4m@vitest/runner[24m/dist/index.js:1056:11[90
m)[39m,
  retryable: [33mtrue[39m,
  fallbackOptions: [
    {
      id: [32m'retry'[39m,
      label: [32m'Try Again'[39m,
      description: [32m'Attempt to reconnect to the video service'[39m,
      action: [32m'retry'[39m
    },
    {
      id: [32m'refresh'[39m,
      label: [32m'Refresh Page'[39m,
      description: [32m'Reload the page to reset the connection'[39m,
      action: [32m'refresh'[39m
    }
  ]
}
Unexpected error: {
  code: [32m'INTERNAL_ERROR'[39m,
  message: [32m'Something went wrong. Please try again later.'[39m,
  context: {
    streamErrorCode: [32m'STREAM_CONNECTION_FAILED'[39m,
    retryable: [33mtrue[39m,
    originalMessage: [32m'Always fails'[39m,
    context: [32m'retry'[39m,
    attempt: [33m4[39m,
    maxRetries: [33m5[39m,
    delayMs: [33m74.43468730296667[39m
  },
  stack: [32m'Error: Unable to connect to the video service. Please 
check your internet connection and try again.\n'[39m +
    [32m'    at toStreamError (C:\\Users\\DELL\\Desktop\\a2a-dr.-gemini-i
ntake-agent\\src\\server\\services\\stream-error-handler.ts:337:10)\n'[39
m +
    [32m'    at logStreamError (C:\\Users\\DELL\\Desktop\\a2a-dr.-gemini-
intake-agent\\src\\server\\services\\stream-error-handler.ts:352:23)\n'[3
9m +
    [32m'    at Module.retryWithBackoff (C:\\Users\\DELL\\Desktop\\a2a-dr
.-gemini-intake-agent\\src\\server\\services\\stream-error-handler.ts:236:
7)\n'[39m +
    [32m'    at C:\\Users\\DELL\\Desktop\\a2a-dr.-gemini-intake-agent\\__
tests__\\properties\\stream-error-handling.property.test.ts:221:13\n'[39m
 +
    [32m'    at AsyncProperty.run (file:///C:/Users/DELL/Desktop/a2a-dr.-
gemini-intake-agent/node_modules/fast-check/lib/esm/check/property/AsyncPr
operty.generic.js:46:28)\n'[39m +
    [32m'    at asyncRunIt (file:///C:/Users/DELL/Desktop/a2a-dr.-gemini-
intake-agent/node_modules/fast-check/lib/esm/check/runner/Runner.js:33:21)
\n'[39m +
    [32m'    at C:\\Users\\DELL\\Desktop\\a2a-dr.-gemini-intake-agent\\__
tests__\\properties\\stream-error-handling.property.test.ts:205:7\n'[39m 
+
    [32m'    at file:///C:/Users/DELL/Desktop/a2a-dr.-gemini-intake-agent
/node_modules/@vitest/runner/dist/index.js:533:5\n'[39m +
    [32m'    at runTest (file:///C:/Users/DELL/Desktop/a2a-dr.-gemini-int
ake-agent/node_modules/@vitest/runner/dist/index.js:1056:11)\n'[39m +
    [32m'    at runSuite (file:///C:/Users/DELL/Desktop/a2a-dr.-gemini-in
take-agent/node_modules/@vitest/runner/dist/index.js:1205:15)'[39m
}

[90mstderr[2m | 
__tests__/properties/stream-error-handling.property.test.ts[2m > 
[22m[2mProperty 15: Error Handling[2m > [22m[2mRequirement 7.2: 
Retry mechanisms with exponential backoff[2m > [22m[2mretryWithBackoff 
retries the correct number of times on failure
[22m[39mUnhandled error: StreamError: Unable to connect to the video 
service. Please check your internet connection and try again.
    at toStreamError [90m(C:\Users\DELL\Desktop\a2a-dr.-gemini-intake-age
nt\[39msrc\server\services\stream-error-handler.ts:337:10[90m)[39m
    at logStreamError [90m(C:\Users\DELL\Desktop\a2a-dr.-gemini-intake-ag
ent\[39msrc\server\services\stream-error-handler.ts:352:23[90m)[39m
    at Module.retryWithBackoff [90m(C:\Users\DELL\Desktop\a2a-dr.-gemini-
intake-agent\[39msrc\server\services\stream-error-handler.ts:236:7[90m)
[39m
 [32mΓ£ô[39m __tests__/properties/stream-error-handling.property.test.ts [2m([22m[2m24 tests[22m[2m)[22m[33m 5678[2mms[22m[39m
    at [90mC:\Users\DELL\Desktop\a2a-dr.-gemini-intake-agent\[39m__tests
__\properties\stream-error-handling.property.test.ts:221:13
   [33m[2mΓ£ô[22m[39m Property 15: Error Handling[2m > [22mRequirement 7.2: Retry mechanisms with exponential backoff[2m > [22mretryWithBackoff retries the correct number of times on failure [33m3712[2mms[22m[39m
   [33m[2mΓ£ô[22m[39m Property 15: Error Handling[2m > [22mRequirement 7.4: Proper error logging for debugging[2m > [22mlogStreamError logs all error types without throwing [33m399[2mms[22m[39m
    at AsyncProperty.run [90m(file:///C:/Users/DELL/Desktop/a2a-dr.-gemin
i-intake-agent/[39mnode_modules/[4mfast-check[24m/lib/esm/check/propert
y/AsyncProperty.generic.js:46:28[90m)[39m
   [33m[2mΓ£ô[22m[39m Property 15: Error Handling[2m > [22mRequirement 7.4: Proper error logging for debugging[2m > [22mlogStreamError accepts context information [33m386[2mms[22m[39m
    at asyncRunIt [90m(file:///C:/Users/DELL/Desktop/a2a-dr.-gemini-intak
e-agent/[39mnode_modules/[4mfast-check[24m/lib/esm/check/runner/Runner.
js:33:21[90m)[39m
    at [90mC:\Users\DELL\Desktop\a2a-dr.-gemini-intake-agent\[39m__tests
__\properties\stream-error-handling.property.test.ts:205:7
    at [90mfile:///C:/Users/DELL/Desktop/a2a-dr.-gemini-intake-agent/[39
mnode_modules/[4m@vitest/runner[24m/dist/index.js:533:5
    at runTest [90m(file:///C:/Users/DELL/Desktop/a2a-dr.-gemini-intake-a
gent/[39mnode_modules/[4m@vitest/runner[24m/dist/index.js:1056:11[90m)
[39m
    at runSuite [90m(file:///C:/Users/DELL/Desktop/a2a-dr.-gemini-intake-
agent/[39mnode_modules/[4m@vitest/runner[24m/dist/index.js:1205:15[90m
)[39m {
  code: [32m'STREAM_CONNECTION_FAILED'[39m,
 [32mΓ£ô[39m __tests__/properties/local-data-caching.property.test.ts [2m([22m[2m11 tests[22m[2m)[22m[33m 2309[2mms[22m[39m
  originalError: Error: Always fails
   [33m[2mΓ£ô[22m[39m Property 24: Local Data Caching[2m > [22mshould generate unique cache keys for different users and data types [33m313[2mms[22m[39m
      at [90mC:\Users\DELL\Desktop\a2a-dr.-gemini-intake-agent\[39m__tes
ts__\properties\stream-error-handling.property.test.ts:212:21
   [33m[2mΓ£ô[22m[39m Property 24: Local Data Caching[2m > [22mshould isolate cache entries by userId [33m564[2mms[22m[39m
      at mockCall [90m(file:///C:/Users/DELL/Desktop/a2a-dr.-gemini-intak
e-agent/[39mnode_modules/[4m@vitest/spy[24m/dist/index.js:61:17[90m)[
39m
 [31mΓ¥»[39m __tests__/integration/whatsapp-simple-ux-e2e.test.tsx [2m([22m[2m12 tests[22m[2m | [22m[31m11 failed[39m[2m)[22m[33m 1966[2mms[22m[39m
      at spy [90m(file:///C:/Users/DELL/Desktop/a2a-dr.-gemini-intake-age
nt/[39mnode_modules/[4mtinyspy[24m/dist/index.js:45:80[90m)[39m
[31m   [31m├ù[31m WhatsApp-Simple UX - End-to-End Integration[2m > [22mComplete User Flow in Simple Mode[2m > [22mshould complete full patient journey: home ΓåÆ intake ΓåÆ booking[90m 213[2mms[22m[31m[39m
      at Module.retryWithBackoff [90m(C:\Users\DELL\Desktop\a2a-dr.-gemin
i-intake-agent\[39msrc\server\services\stream-error-handler.ts:219:20[90
m)[39m
[31m     ΓåÆ Element type is invalid: expected a string (for built-in components) or a class/function (for composite components) but got: undefined. You likely forgot to export your component from the file it's defined in, or you might have mixed up default and named imports.[39m
      at [90mC:\Users\DELL\Desktop\a2a-dr.-gemini-intake-agent\[39m__tes
ts__\properties\stream-error-handling.property.test.ts:221:13
[31m   [31m├ù[31m WhatsApp-Simple UX - End-to-End Integration[2m > [22mComplete User Flow in Simple Mode[2m > [22mshould navigate with back button throughout flow[90m 134[2mms[22m[31m[39m
      at AsyncProperty.run [90m(file:///C:/Users/DELL/Desktop/a2a-dr.-gem
ini-intake-agent/[39mnode_modules/[4mfast-check[24m/lib/esm/check/prope
rty/AsyncProperty.generic.js:46:28[90m)[39m
[31m     ΓåÆ Unable to find tRPC Context. Did you forget to wrap your App inside `withTRPC` HoC?[39m
      at asyncRunIt [90m(file:///C:/Users/DELL/Desktop/a2a-dr.-gemini-int
ake-agent/[39mnode_modules/[4mfast-check[24m/lib/esm/check/runner/Runne
r.js:33:21[90m)[39m
[31m   [31m├ù[31m WhatsApp-Simple UX - End-to-End Integration[2m > [22mMode Switching During Flows[2m > [22mshould preserve data when switching modes during intake[90m 10[2mms[22m[31m[39m
      at [90mC:\Users\DELL\Desktop\a2a-dr.-gemini-intake-agent\[39m__tes
ts__\properties\stream-error-handling.property.test.ts:205:7
[31m     ΓåÆ Element type is invalid: expected a string (for built-in components) or a class/function (for composite components) but got: undefined. You likely forgot to export your component from the file it's defined in, or you might have mixed up default and named imports.[39m
[31m   [31m├ù[31m WhatsApp-Simple UX - End-to-End Integration[2m > [22mMode Switching During Flows[2m > [22mshould preserve booking progress when switching modes[90m 7[2mms[22m[31m[39m
      at [90mfile:///C:/Users/DELL/Desktop/a2a-dr.-gemini-intake-agent/[
39mnode_modules/[4m@vitest/runner[24m/dist/index.js:533:5
      at runTest [90m(file:///C:/Users/DELL/Desktop/a2a-dr.-gemini-intake
-agent/[39mnode_modules/[4m@vitest/runner[24m/dist/index.js:1056:11[90
m)[39m,
  retryable: [33mtrue[39m,
[31m     ΓåÆ Element type is invalid: expected a string (for built-in components) or a class/function (for composite components) but got: undefined. You likely forgot to export your component from the file it's defined in, or you might have mixed up default and named imports.[39m
[31m   [31m├ù[31m WhatsApp-Simple UX - End-to-End Integration[2m > [22mMode Switching During Flows[2m > [22mshould show/hide features based on mode[90m 146[2mms[22m[31m[39m
[31m     ΓåÆ Element type is invalid: expected a string (for built-in components) or a class/function (for composite components) but got: undefined. You likely forgot to export your component from the file it's defined in, or you might have mixed up default and named imports.[39m
  fallbackOptions: [
    {
[31m   [31m├ù[31m WhatsApp-Simple UX - End-to-End Integration[2m > [22mOffline/Online Transitions[2m > [22mshould queue messages when offline and sync when online[90m 13[2mms[22m[31m[39m
      id: [32m'retry'[39m,
      label: [32m'Try Again'[39m,
[31m     ΓåÆ Unable to find tRPC Context. Did you forget to wrap your App inside `withTRPC` HoC?[39m
[31m   [31m├ù[31m WhatsApp-Simple UX - End-to-End Integration[2m > [22mOffline/Online Transitions[2m > [22mshould display offline banner when connection lost[90m 9[2mms[22m[31m[39m
[31m     ΓåÆ Element type is invalid: expected a string (for built-in components) or a class/function (for composite components) but got: undefined. You likely forgot to export your component from the file it's defined in, or you might have mixed up default and named imports.[39m
      description: [32m'Attempt to reconnect to the video service'[39m,
      action: [32m'retry'[39m
[31m   [31m├ù[31m WhatsApp-Simple UX - End-to-End Integration[2m > [22mOffline/Online Transitions[2m > [22mshould allow form completion offline with sync on reconnect[90m 83[2mms[22m[31m[39m
    },
[31m     ΓåÆ Unable to find tRPC Context. Did you forget to wrap your App inside `withTRPC` HoC?[39m
    {
[31m   [31m├ù[31m WhatsApp-Simple UX - End-to-End Integration[2m > [22mProgressive Disclosure and Navigation[2m > [22mshould show maximum 3 options per screen in Simple Mode[90m 21[2mms[22m[31m[39m
      id: [32m'refresh'[39m,
[31m     ΓåÆ Element type is invalid: expected a string (for built-in components) or a class/function (for composite components) but got: undefined. You likely forgot to export your component from the file it's defined in, or you might have mixed up default and named imports.[39m
      label: [32m'Refresh Page'[39m,
[31m   [31m├ù[31m WhatsApp-Simple UX - End-to-End Integration[2m > [22mProgressive Disclosure and Navigation[2m > [22mshould prevent access to incomplete steps in sequential flows[90m 29[2mms[22m[31m[39m
      description: [32m'Reload the page to reset the connection'[39m,
[31m     ΓåÆ Unable to find tRPC Context. Did you forget to wrap your App inside `withTRPC` HoC?[39m
   [33m[2mΓ£ô[22m[39m WhatsApp-Simple UX - End-to-End Integration[2m > [22mVisual Feedback and Confirmation[2m > [22mshould provide immediate feedback on button interactions [33m1200[2mms[22m[39m
      action: [32m'refresh'[39m
[31m   [31m├ù[31m WhatsApp-Simple UX - End-to-End Integration[2m > [22mVisual Feedback and Confirmation[2m > [22mshould display confirmation screen after successful booking[90m 83[2mms[22m[31m[39m
    }
[31m     ΓåÆ Unable to find tRPC Context. Did you forget to wrap your App inside `withTRPC` HoC?[39m
  ]
 [32mΓ£ô[39m __tests__/properties/session-deletion-validation.property.test.ts [2m([22m[2m11 tests[22m[2m)[22m[33m 1194[2mms[22m[39m
}
Unexpected error: {
[90mstdout[2m | __tests__/usability/whatsapp-ux-usability.test.ts[2m > [22m[2mWhatsApp-Simple UX - Usability Testing Framework[2m > [22m[2mTarget Demographic[2m > [22m[2mshould define target user personas
  code: [32m'INTERNAL_ERROR'[39m,
[22m[39m≡ƒæÑ Target User Personas:
  message: [32m'Something went wrong. Please try again later.'[39m,
  context: {
    streamErrorCode: [32m'STREAM_CONNECTION_FAILED'[39m,

    retryable: [33mtrue[39m,
  Sarah (Rural Patient)
    originalMessage: [32m'Always fails'[39m,
    Age: 32
    context: [32m'retry'[39m,
    Education: Primary school
    attempt: [33m5[39m,
    Device: Basic Android (2GB RAM)
    maxRetries: [33m5[39m,
    delayMs: [33m100[39m
    Language: Luganda
    Challenges: Limited reading ability, Slow internet

  },
  stack: [32m'Error: Unable to connect to the video service. Please 
check your internet connection and try again.\n'[39m +
    [32m'    at toStreamError (C:\\Users\\DELL\\Desktop\\a2a-dr.-gemini-i
ntake-agent\\src\\server\\services\\stream-error-handler.ts:337:10)\n'[39
m +
  James (Urban Patient)
    Age: 45
    Education: Secondary school
    [32m'    at logStreamError (C:\\Users\\DELL\\Desktop\\a2a-dr.-gemini-
intake-agent\\src\\server\\services\\stream-error-handler.ts:352:23)\n'[3
9m +
    [32m'    at Module.retryWithBackoff (C:\\Users\\DELL\\Desktop\\a2a-dr
.-gemini-intake-agent\\src\\server\\services\\stream-error-handler.ts:236:
7)\n'[39m +
    [32m'    at C:\\Users\\DELL\\Desktop\\a2a-dr.-gemini-intake-agent\\__
tests__\\properties\\stream-error-handling.property.test.ts:221:13\n'[39m
 +
    Device: Mid-range Android (4GB RAM)
    Language: English
    Challenges: Unfamiliar with medical apps

    [32m'    at AsyncProperty.run (file:///C:/Users/DELL/Desktop/a2a-dr.-
gemini-intake-agent/node_modules/fast-check/lib/esm/check/property/AsyncPr
operty.generic.js:46:28)\n'[39m +
    [32m'    at asyncRunIt (file:///C:/Users/DELL/Desktop/a2a-dr.-gemini-
intake-agent/node_modules/fast-check/lib/esm/check/runner/Runner.js:33:21)
\n'[39m +
  Grace (Elderly Patient)
    [32m'    at C:\\Users\\DELL\\Desktop\\a2a-dr.-gemini-intake-agent\\__
tests__\\properties\\stream-error-handling.property.test.ts:205:7\n'[39m 
+
    [32m'    at file:///C:/Users/DELL/Desktop/a2a-dr.-gemini-intake-agent
/node_modules/@vitest/runner/dist/index.js:533:5\n'[39m +
    Age: 58
    Education: Primary school
    Device: Basic smartphone
    [32m'    at runTest (file:///C:/Users/DELL/Desktop/a2a-dr.-gemini-int
ake-agent/node_modules/@vitest/runner/dist/index.js:1056:11)\n'[39m +
    [32m'    at runSuite (file:///C:/Users/DELL/Desktop/a2a-dr.-gemini-in
take-agent/node_modules/@vitest/runner/dist/index.js:1205:15)'[39m
}

    Language: Swahili
    Challenges: Poor eyesight, Slow typing

[90mstdout[2m | __tests__/usability/whatsapp-ux-usability.test.ts[2m > [22m[2mWhatsApp-Simple UX - Usability Testing Framework[2m > [22m[2mTest Scenarios[2m > [22m[2mshould define critical user tasks
[22m[39m
≡ƒôï Test Scenarios:

  Scenario 1: First-Time Onboarding
    Task: Connect to doctor using QR code
    Target Completion: 90%
    Success Criteria:
      - Completes connection without help
      - Time to complete: < 2 minutes
      - No confusion about next steps

  Scenario 2: Medical Intake Completion
    Task: Answer medical history questions
    Target Completion: 80%
    Success Criteria:
      - Completes at least 5 questions without help
      - Understands how to answer
      - Knows progress status

  Scenario 3: Appointment Booking
    Task: Book appointment for next week
    Target Completion: 95%
    Success Criteria:
      - Books appointment in < 3 taps
      - Completes booking in < 2 minutes
      - Understands confirmation

  Scenario 4: Mode Switching
    Task: Switch between Simple and Advanced modes
    Target Completion: 70%
    Success Criteria:
      - Finds mode toggle
      - Understands difference
      - Can switch back

  Scenario 5: Offline Usage
    Task: Use app offline and sync when online
    Target Completion: 75%
    Success Criteria:
      - Understands offline banner
      - Attempts to send message
      - Understands sync when online

  Scenario 6: Help Access
    Task: Find and use help feature
    Target Completion: 85%
    Success Criteria:
      - Finds help button
      - Understands help content
      - Can contact support

[90mstdout[2m | __tests__/usability/whatsapp-ux-usability.test.ts[2m > [22m[2mWhatsApp-Simple UX - Usability Testing Framework[2m > [22m[2mSuccess Metrics[2m > [22m[2mshould define quantitative success metrics
[22m[39m
≡ƒôè Success Metrics:

  Task Completion Rate:
    Critical tasks: ΓëÑ 90%
    Important tasks: ΓëÑ 80%

  Time on Task:
    Onboarding: < 120 seconds
    Booking: < 120 seconds

  SUS Score:
    Target: ΓëÑ 70 (above average)
    Excellent: ΓëÑ 80

[90mstdout[2m | __tests__/usability/whatsapp-ux-usability.test.ts[2m > [22m[2mWhatsApp-Simple UX - Usability Testing Framework[2m > [22m[2mSuccess Metrics[2m > [22m[2mshould define qualitative feedback methods
[22m[39m
≡ƒÆ¼ Qualitative Feedback Methods:

  Think-Aloud Protocol:
    Users verbalize thoughts while using app

  Post-Task Questions:
    - How easy or difficult was that task? (1-5 scale)
    - What did you like about it?
    - What was confusing or frustrating?
    - How would you improve it?

  Post-Session Interview:
    - What was your overall impression?
    - Would you use this app to see a doctor?
    - How does it compare to WhatsApp?
    - What would make you more likely to use it?
    - Would you recommend it to family/friends?

[90mstdout[2m | __tests__/usability/whatsapp-ux-usability.test.ts[2m > [22m[2mWhatsApp-Simple UX - Usability Testing Framework[2m > [22m[2mIssue Severity Rating[2m > [22m[2mshould define severity levels for usability issues
[22m[39m
≡ƒÜ¿ Issue Severity Levels:

  Critical (P0)
    Description: Prevents task completion
    Action: Fix immediately
    Examples:
      - App crashes on button tap
      - Cannot proceed past onboarding
      - Booking confirmation never appears

  High (P1)
    Description: Causes significant difficulty
    Action: Fix before launch
    Examples:
      - Confusing labels cause wrong selections
      - Progress indicator misleading
      - Help button hard to find

  Medium (P2)
    Description: Causes minor difficulty
    Action: Fix if time allows
    Examples:
      - Button text could be clearer
      - Icon not immediately recognizable
      - Animation slightly jarring

  Low (P3)
    Description: Cosmetic or minor annoyance
    Action: Consider for future
    Examples:
      - Color preference
      - Spacing could be better
      - Font size preference

[90mstdout[2m | __tests__/usability/whatsapp-ux-usability.test.ts[2m > [22m[2mWhatsApp-Simple UX - Usability Testing Framework[2m > [22m[2mTesting Protocol[2m > [22m[2mshould define testing methodology
[22m[39m
≡ƒö¼ Testing Protocol:
  Format: Moderated, in-person usability testing
  Duration: 30-45 minutes per participant
  Sample Size: 15 participants
  Rationale: Nielsen Norman Group: 5 users find 85% of issues

[90mstdout[2m | __tests__/usability/whatsapp-ux-usability.test.ts[2m > [22m[2mWhatsApp-Simple UX - Usability Testing Framework[2m > [22m[2mLaunch Criteria[2m > [22m[2mshould define success criteria for launch
[22m[39m
Γ£à Launch Criteria:
  taskCompletion: ΓëÑ 90% on critical tasks
  susScore: ΓëÑ 70
  criticalIssues: No P0 issues remaining
  highIssues: All P1 issues addressed or documented
  recommendation: ΓëÑ 80% would recommend
  feedback: Positive feedback from target demographic

≡ƒÆí Next Steps:
  1. Recruit 15 participants (5 per persona)
  2. Conduct Round 1 testing (5 users)
  3. Fix P0 and P1 issues
  4. Conduct Round 2 testing (5 users)
  5. Fix remaining P1 and P2 issues
  6. Conduct Round 3 validation (5 users)
  7. Verify all launch criteria met
  8. Launch to production

[90mstdout[2m | __tests__/usability/whatsapp-ux-usability.test.ts[2m > [22m[2mWhatsApp-Simple UX - Usability Testing Framework[2m > [22m[2mSimulated Test Results[2m > [22m[2mshould demonstrate metrics calculation
[22m[39m
≡ƒôê Simulated Test Results (5 participants):

  Onboarding:
    Completion Rate: 100%
    Avg Time: 99s
[90mstderr[2m | 
__tests__/properties/mode-specific-ui-filtering.property.test.ts[2m > 
[22m[2mProperty 2: Mode-Specific UI Filtering[2m > [22m[2madvanced 
mode can display more than 3 navigation options
[22m[39mEncountered two children with the same key, `-`. Keys should be 
unique so that components maintain their identity across updates. 
Non-unique keys may cause children to be duplicated and/or omitted ΓÇö 
the behavior is unsupported and could change in a future version.
    Target: ΓëÑ 90%, < 120s
    Status: Γ£à PASS
Encountered two children with the same key, `5`. Keys should be unique so 
that components maintain their identity across updates. Non-unique keys 
may cause children to be duplicated and/or omitted ΓÇö the behavior is 
unsupported and could change in a future version.
Encountered two children with the same key, `6`. Keys should be unique so 
that components maintain their identity across updates. Non-unique keys 
may cause children to be duplicated and/or omitted ΓÇö the behavior is 
unsupported and could change in a future version.

Encountered two children with the same key, `5`. Keys should be unique so 
that components maintain their identity across updates. Non-unique keys 
may cause children to be duplicated and/or omitted ΓÇö the behavior is 
unsupported and could change in a future version.

  Booking:
    Completion Rate: 100%
    Avg Time: 105s
    Target: ΓëÑ 95%, < 120s
    Status: Γ£à PASS

  System Usability Scale:
    Avg Score: 75.4
    Target: ΓëÑ 70
    Status: Γ£à PASS

  Recommendation:
    Rate: 100%
    Target: ΓëÑ 80%
    Status: Γ£à PASS

 [32mΓ£ô[39m __tests__/usability/whatsapp-ux-usability.test.ts [2m([22m[2m8 tests[22m[2m)[22m[90m 75[2mms[22m[39m
 [32mΓ£ô[39m __tests__/properties/intake-session-loading.property.test.ts [2m([22m[2m14 tests[22m[2m)[22m[33m 2200[2mms[22m[39m
   [33m[2mΓ£ô[22m[39m Property 1: Response Structure Equivalence[2m > [22mshould have all required session fields in response [33m507[2mms[22m[39m
   [33m[2mΓ£ô[22m[39m Property 1: Response Structure Equivalence[2m > [22mshould have all required message fields for each message [33m498[2mms[22m[39m
[90mstderr[2m | 
node_modules\react-dom\cjs\react-dom-client.development.js:6604:23
[22m[39mEncountered two children with the same key, `3`. Keys should be 
unique so that components maintain their identity across updates. 
Non-unique keys may cause children to be duplicated and/or omitted ΓÇö 
the behavior is unsupported and could change in a future version.
   [33m[2mΓ£ô[22m[39m Property 1: Response Structure Equivalence[2m > [22mshould have all required connection fields with doctor and patient info [33m472[2mms[22m[39m
 [32mΓ£ô[39m __tests__/integration/tutorial-flow.test.tsx [2m([22m[2m21 tests[22m[2m)[22m[33m 3034[2mms[22m[39m

[90mstderr[2m | 
node_modules\react-dom\cjs\react-dom-client.development.js:6604:23
   [33m[2mΓ£ô[22m[39m Tutorial Flow Integration[2m > [22mTutorial Component[2m > [22mshould render first tutorial step with all required elements [33m897[2mms[22m[39m
[22m[39mEncountered two children with the same key, `3`. Keys should be 
unique so that components maintain their identity across updates. 
Non-unique keys may cause children to be duplicated and/or omitted ΓÇö 
the behavior is unsupported and could change in a future version.

   [33m[2mΓ£ô[22m[39m Tutorial Flow Integration[2m > [22mTutorial Component[2m > [22mshould navigate through all 3 tutorial steps [33m507[2mms[22m[39m
   [33m[2mΓ£ô[22m[39m Tutorial Flow Integration[2m > [22mTutorialWrapper with localStorage[2m > [22mshould save completion state to localStorage [33m330[2mms[22m[39m
[90mstderr[2m | 
node_modules\react-dom\cjs\react-dom-client.development.js:6604:23
[22m[39mEncountered two children with the same key, `3`. Keys should be 
unique so that components maintain their identity across updates. 
Non-unique keys may cause children to be duplicated and/or omitted ΓÇö 
the behavior is unsupported and could change in a future version.
 [32mΓ£ô[39m __tests__/properties/notification-delivery.property.test.ts [2m([22m[2m19 tests[22m[2m)[22m[33m 1055[2mms[22m[39m
 [32mΓ£ô[39m __tests__/properties/dashboard-cache-navigation.property.test.ts [2m([22m[2m11 tests[22m[2m)[22m[33m 692[2mms[22m[39m

[90mstderr[2m | 
node_modules\react-dom\cjs\react-dom-client.development.js:6604:23
 [32mΓ£ô[39m __tests__/properties/audit-log-completeness.property.test.ts [2m([22m[2m16 tests[22m[2m)[22m[33m 770[2mms[22m[39m
[22m[39mEncountered two children with the same key, `3`. Keys should be 
unique so that components maintain their identity across updates. 
Non-unique keys may cause children to be duplicated and/or omitted ΓÇö 
the behavior is unsupported and could change in a future version.

   [33m[2mΓ£ô[22m[39m Property 5: Audit Log Completeness[2m > [22mAudit Log Entry Creation[2m > [22mfor any data modification action, audit log entry SHALL contain required fields [33m353[2mms[22m[39m
 [32mΓ£ô[39m __tests__/properties/medical-data-merge-preservation.property.test.ts [2m([22m[2m20 tests[22m[2m)[22m[33m 1157[2mms[22m[39m
[90mstderr[2m | 
node_modules\react-dom\cjs\react-dom-client.development.js:6604:23
[22m[39mEncountered two children with the same key, `3`. Keys should be 
unique so that components maintain their identity across updates. 
Non-unique keys may cause children to be duplicated and/or omitted ΓÇö 
the behavior is unsupported and could change in a future version.
   [33m[2mΓ£ô[22m[39m Medical Data Merge Preserves Existing Values[2m > [22mProperty 9: Fields Not In Update Retain Original Values (PBT)[2m > [22mfor any MedicalData and partial update, fields not in update should be preserved [33m536[2mms[22m[39m
   [33m[2mΓ£ô[22m[39m Medical Data Merge Preserves Existing Values[2m > [22mProperty 9: Fields Not In Update Retain Original Values (PBT)[2m > [22mfor any MedicalData, merging with empty update should return equivalent data [33m364[2mms[22m[39m

[90mstderr[2m | 
node_modules\react-dom\cjs\react-dom-client.development.js:6604:23
 [32mΓ£ô[39m __tests__/properties/meeting-ui-components.property.test.ts [2m([22m[2m9 tests[22m[2m)[22m[33m 2066[2mms[22m[39m
   [33m[2mΓ£ô[22m[39m Property 6: Meeting UI Components[2m > [22mdisplays preview controls when joining for any meeting state [33m564[2mms[22m[39m
[22m[39mEncountered two children with the same key, `3`. Keys should be 
unique so that components maintain their identity across updates. 
Non-unique keys may cause children to be duplicated and/or omitted ΓÇö 
the behavior is unsupported and could change in a future version.

   [33m[2mΓ£ô[22m[39m Property 6: Meeting UI Components[2m > [22mdisplays call controls during active meeting for any participant configuration [33m359[2mms[22m[39m
 [32mΓ£ô[39m __tests__/properties/appointment-status-transitions.property.test.ts [2m([22m[2m17 tests[22m[2m)[22m[33m 1201[2mms[22m[39m
[90mstderr[2m | 
node_modules\react-dom\cjs\react-dom-client.development.js:6604:23
[22m[39mEncountered two children with the same key, `3`. Keys should be 
unique so that components maintain their identity across updates. 
Non-unique keys may cause children to be duplicated and/or omitted ΓÇö 
the behavior is unsupported and could change in a future version.
 [32mΓ£ô[39m __tests__/properties/authentication-authorization.property.test.ts [2m([22m[2m8 tests[22m[2m)[22m[33m 1363[2mms[22m[39m
   [33m[2mΓ£ô[22m[39m Property 7: Authentication and Authorization[2m > [22mrestricts access to authorized participants only [33m325[2mms[22m[39m

 [32mΓ£ô[39m __tests__/properties/mode-specific-ui-filtering.property.test.ts [2m([22m[2m10 tests[22m[2m)[22m[33m 10632[2mms[22m[39m
   [33m[2mΓ£ô[22m[39m Property 2: Mode-Specific UI Filtering[2m > [22msimple mode displays at most 3 primary navigation options [33m1669[2mms[22m[39m
   [33m[2mΓ£ô[22m[39m Property 2: Mode-Specific UI Filtering[2m > [22msimple mode hides all advanced navigation options [33m980[2mms[22m[39m
   [33m[2mΓ£ô[22m[39m Property 2: Mode-Specific UI Filtering[2m > [22msimple mode only shows primary navigation options [33m852[2mms[22m[39m
   [33m[2mΓ£ô[22m[39m Property 2: Mode-Specific UI Filtering[2m > [22madvanced mode can display more than 3 navigation options [33m1599[2mms[22m[39m
   [33m[2mΓ£ô[22m[39m Property 2: Mode-Specific UI Filtering[2m > [22madvanced mode shows both primary and non-primary options [33m1336[2mms[22m[39m
   [33m[2mΓ£ô[22m[39m Property 2: Mode-Specific UI Filtering[2m > [22msimple mode hides all advanced features [33m1000[2mms[22m[39m
   [33m[2mΓ£ô[22m[39m Property 2: Mode-Specific UI Filtering[2m > [22madvanced mode shows all features including advanced ones [33m1727[2mms[22m[39m
   [33m[2mΓ£ô[22m[39m Property 2: Mode-Specific UI Filtering[2m > [22mswitching from simple to advanced mode reveals hidden options [33m487[2mms[22m[39m
   [33m[2mΓ£ô[22m[39m Property 2: Mode-Specific UI Filtering[2m > [22msimple mode navigation count is deterministic for same input [33m874[2mms[22m[39m
 [32mΓ£ô[39m __tests__/properties/button-interaction-feedback.property.test.ts [2m([22m[2m13 tests[22m[2m)[22m[33m 9189[2mms[22m[39m
   [33m[2mΓ£ô[22m[39m Property 22: Button Interaction Feedback[2m > [22mbutton press animations complete within 100ms [33m2050[2mms[22m[39m
   [33m[2mΓ£ô[22m[39m Property 22: Button Interaction Feedback[2m > [22mripple effect is created on button press [33m444[2mms[22m[39m
   [33m[2mΓ£ô[22m[39m Property 22: Button Interaction Feedback[2m > [22mripple effect is removed after animation completes [33m723[2mms[22m[39m
   [33m[2mΓ£ô[22m[39m Property 22: Button Interaction Feedback[2m > [22mdisabled buttons do not trigger feedback [33m824[2mms[22m[39m
   [33m[2mΓ£ô[22m[39m Property 22: Button Interaction Feedback[2m > [22mfeedback timing is consistent across different button types [33m1425[2mms[22m[39m
   [33m[2mΓ£ô[22m[39m Property 22: Button Interaction Feedback[2m > [22mscale animation reduces button size on press [33m555[2mms[22m[39m
   [33m[2mΓ£ô[22m[39m Property 22: Button Interaction Feedback[2m > [22mall interactive buttons have some form of feedback [33m783[2mms[22m[39m
   [33m[2mΓ£ô[22m[39m Property 22: Button Interaction Feedback[2m > [22mtouch events trigger same feedback as mouse events [33m359[2mms[22m[39m
   [33m[2mΓ£ô[22m[39m Property 22: Button Interaction Feedback[2m > [22mfeedback timing meets 100ms requirement for all button states [33m1376[2mms[22m[39m
 [32mΓ£ô[39m __tests__/properties/retry-limit-enforcement.property.test.ts [2m([22m[2m8 tests[22m[2m)[22m[33m 1141[2mms[22m[39m
 [32mΓ£ô[39m __tests__/properties/cache-invalidation-selectivity.property.test.ts [2m([22m[2m10 tests[22m[2m)[22m[33m 734[2mms[22m[39m
 [32mΓ£ô[39m __tests__/properties/session-naming.property.test.ts [2m([22m[2m18 tests[22m[2m)[22m[33m 1634[2mms[22m[39m
   [33m[2mΓ£ô[22m[39m Property 4: Display Name Fallback[2m > [22mshould return formatted timestamp when name is null [33m458[2mms[22m[39m
 [32mΓ£ô[39m __tests__/properties/dashboard-request-deduplication.property.test.ts [2m([22m[2m8 tests[22m[2m)[22m[33m 1092[2mms[22m[39m
   [33m[2mΓ£ô[22m[39m Feature: dashboard-performance-optimization, Property 7: Request Deduplication[2m > [22mConcurrent Dashboard Request Deduplication (Requirements 5.1, 5.3)[2m > [22mfor any K concurrent requests for same dashboard query key, exactly 1 API request SHALL be made [33m379[2mms[22m[39m
 [32mΓ£ô[39m __tests__/properties/doctor-role-validation.property.test.ts [2m([22m[2m19 tests[22m[2m)[22m[33m 383[2mms[22m[39m
 [32mΓ£ô[39m __tests__/properties/reset-session-isolation.property.test.ts [2m([22m[2m9 tests[22m[2m)[22m[33m 719[2mms[22m[39m
 [32mΓ£ô[39m __tests__/properties/doctor-view-consistency.property.test.ts [2m([22m[2m8 tests[22m[2m)[22m[33m 1724[2mms[22m[39m
   [33m[2mΓ£ô[22m[39m Property 6: Doctor View Read Consistency[2m > [22mdisplayed messages exactly match database messages [33m894[2mms[22m[39m
[90mstdout[2m | __tests__/properties/3g-load-time.property.test.ts[2m > [22m[2mProperty Test: 3G Load Time[2m > [22m[2mReal-World Scenarios[2m > [22m[2mshould meet budgets for typical Simple Mode home screen
[22m[39m≡ƒôè Typical Simple Mode Home Screen:
  Load Time: 1868ms
  First Contentful Paint: 1368ms
  Time to Interactive: 1868ms

[90mstdout[2m | __tests__/properties/3g-load-time.property.test.ts[2m > [22m[2mProperty Test: 3G Load Time[2m > [22m[2mReal-World Scenarios[2m > [22m[2mshould document optimization recommendations
[22m[39m
≡ƒÆí Optimization Recommendations:
  bundleSize: Keep critical JS < 100KB
  codeSplitting: Split code by route and feature
  compression: Use gzip/brotli compression
  lazyLoading: Lazy load images and non-critical components
  caching: Implement aggressive caching strategy
  cdn: Use CDN for static assets
  preload: Preload critical resources
  prefetch: Prefetch likely next pages

 [32mΓ£ô[39m __tests__/properties/3g-load-time.property.test.ts [2m([22m[2m9 tests[22m[2m)[22m[33m 422[2mms[22m[39m
[90mstdout[2m | __tests__/accessibility/whatsapp-ux-accessibility.test.tsx[2m > [22m[2mWhatsApp-Simple UX - Accessibility Audit[2m > [22m[2mColor Contrast (Requirement 14.2)[2m > [22m[2mshould document color contrast requirements
[22m[39m≡ƒÄ¿ Color Contrast Requirements:
  normalText: 4.5:1 (WCAG AA)
  largeText: 3:1 (WCAG AA)
  uiComponents: 3:1 (WCAG AA)
  primaryButton: #25D366 on white ΓëÑ 3:1
  bodyText: Black on white ΓëÑ 4.5:1

[90mstdout[2m | __tests__/accessibility/whatsapp-ux-accessibility.test.tsx[2m > [22m[2mWhatsApp-Simple UX - Accessibility Audit[2m > [22m[2mIcons and Visual Communication (Requirement 14.3)[2m > [22m[2mshould use universally recognized icons
[22m[39m≡ƒÄ» Universal Icons Used:
  checkmark: Γ£ô
  cancel: Γ£ò
  back: ΓåÉ
  home: ≡ƒÅá
  messages: ≡ƒÆ¼
  profile: ≡ƒæñ
  calendar: ≡ƒôà
  clock: ≡ƒòÉ

[90mstdout[2m | __tests__/accessibility/whatsapp-ux-accessibility.test.tsx[2m > [22m[2mWhatsApp-Simple UX - Accessibility Audit[2m > [22m[2mIcons and Visual Communication (Requirement 14.3)[2m > [22m[2mshould use color coding consistently
[22m[39m≡ƒÄ¿ Color Coding System:
  success: Green (#25D366)
  error: Red
  warning: Yellow
  info: Blue
  neutral: Gray

[90mstdout[2m | __tests__/accessibility/whatsapp-ux-accessibility.test.tsx[2m > [22m[2mWhatsApp-Simple UX - Accessibility Audit[2m > [22m[2mScreen Reader Support (Requirement 14.4)[2m > [22m[2mshould have alt text for images
[22m[39m≡ƒû╝∩╕Å  Image Accessibility:
  requirement: All images must have alt text
  implementation: Use alt prop on img elements
  decorative: Use alt="" for decorative images
  informative: Describe image content in alt text

[90mstdout[2m | __tests__/accessibility/whatsapp-ux-accessibility.test.tsx[2m > [22m[2mWhatsApp-Simple UX - Accessibility Audit[2m > [22m[2mKeyboard Navigation (Requirement 14.5)[2m > [22m[2mshould have visible focus indicators
[22m[39mΓî¿∩╕Å  Keyboard Navigation:
  requirement: Visible focus indicators on all interactive elements
  implementation: Use focus:ring or focus:outline classes
  color: High contrast focus ring
  width: Minimum 2px focus ring

[90mstdout[2m | __tests__/accessibility/whatsapp-ux-accessibility.test.tsx[2m > [22m[2mWhatsApp-Simple UX - Accessibility Audit[2m > [22m[2mText Readability (Requirement 14.6)[2m > [22m[2mshould use minimum font sizes
[22m[39m≡ƒô¥ Font Size Requirements:
  bodyText: 16px minimum
  buttonText: 20px minimum
  headings: 24px minimum
  labels: 14px minimum

[90mstdout[2m | __tests__/accessibility/whatsapp-ux-accessibility.test.tsx[2m > [22m[2mWhatsApp-Simple UX - Accessibility Audit[2m > [22m[2mText Readability (Requirement 14.6)[2m > [22m[2mshould use sentence case instead of ALL CAPS
(node:10376) PromiseRejectionHandledWarning: Promise rejection was 
handled asynchronously (rejection id: 8)
(Use `node --trace-warnings ...` to show where the warning was created)
[22m[39mΓ£à Good text examples (sentence case):
  "Start medical form"
(node:10376) PromiseRejectionHandledWarning: Promise rejection was 
handled asynchronously (rejection id: 11)
  "Book appointment"
  "Send message"
[90mstderr[2m | __tests__/unit/FloatingHelp.test.tsx[2m > 
[22m[2mFloatingHelp Component[2m > [22m[2mHelp Content Display[2m > 
[22m[2mshould show help content when button is clicked
[22m[39mReceived `true` for a non-boolean attribute `jsx`.
Γ¥î Avoid (ALL CAPS):
  "START MEDICAL FORM"
  "BOOK APPOINTMENT"

[90mstdout[2m | __tests__/accessibility/whatsapp-ux-accessibility.test.tsx[2m > [22m[2mWhatsApp-Simple UX - Accessibility Audit[2m > [22m[2mAccessibility Checklist[2m > [22m[2mshould document complete accessibility requirements
[22m[39m
ΓÖ┐ Accessibility Checklist:
  Γ£ô All interactive elements ΓëÑ 48x48dp touchTargets
  Γ£ô Text contrast ΓëÑ 4.5:1, UI ΓëÑ 3:1 colorContrast
  Γ£ô Icons alongside all text labels icons
  Γ£ô Proper HTML5 semantic elements semanticHTML
  Γ£ô ARIA labels for complex interactions ariaLabels
  Γ£ô Alt text for all images altText
  Γ£ô Full keyboard navigation support keyboardNav
  Γ£ô Visible focus indicators focusIndicators
  Γ£ô Minimum 16px body, 20px buttons fontSizes
  Γ£ô Button text Γëñ 3 words textLength
  Γ£ô Sentence case, not ALL CAPS sentenceCase
  Γ£ô Screen reader compatible screenReader

≡ƒÆí Testing Recommendations:
  1. Test with NVDA or JAWS screen reader
  2. Navigate entire app using only keyboard
  3. Use axe DevTools for automated checks
  4. Test with high contrast mode enabled
  5. Verify with actual users with disabilities

[90mstdout[2m | __tests__/accessibility/whatsapp-ux-accessibility.test.tsx[2m > [22m[2mWhatsApp-Simple UX - Accessibility Audit[2m > [22m[2mAccessibility Checklist[2m > [22m[2mshould meet WCAG 2.1 Level AA standards
[22m[39m
≡ƒôï WCAG 2.1 Level AA Compliance:
  level: WCAG 2.1 Level AA
  perceivable: Text alternatives, adaptable, distinguishable
  operable: Keyboard accessible, enough time, navigable
  understandable: Readable, predictable, input assistance

If you want to write it to the DOM, pass a string instead: jsx="true" or 
jsx={value.toString()}.

  robust: Compatible with assistive technologies

 [31mΓ¥»[39m __tests__/accessibility/whatsapp-ux-accessibility.test.tsx [2m([22m[2m21 tests[22m[2m | [22m[31m7 failed[39m[2m)[22m[33m 1187[2mms[22m[39m
[31m   [31m├ù[31m WhatsApp-Simple UX - Accessibility Audit[2m > [22mTouch Target Sizes (Requirement 14.1)[2m > [22mshould have all buttons ΓëÑ 48x48dp[33m 916[2mms[22m[31m[39m
[31m     ΓåÆ expected 0 to be greater than or equal to 48[39m
[31m   [31m├ù[31m WhatsApp-Simple UX - Accessibility Audit[2m > [22mTouch Target Sizes (Requirement 14.1)[2m > [22mshould have action cards with large touch targets[90m 92[2mms[22m[31m[39m
[31m     ΓåÆ Element type is invalid: expected a string (for built-in components) or a class/function (for composite components) but got: undefined. You likely forgot to export your component from the file it's defined in, or you might have mixed up default and named imports.[39m
[31m   [31m├ù[31m WhatsApp-Simple UX - Accessibility Audit[2m > [22mTouch Target Sizes (Requirement 14.1)[2m > [22mshould have bottom nav items with adequate touch targets[90m 20[2mms[22m[31m[39m
[31m     ΓåÆ Element type is invalid: expected a string (for built-in components) or a class/function (for composite components) but got: undefined. You likely forgot to export your component from the file it's defined in, or you might have mixed up default and named imports.[39m
[31m   [31m├ù[31m WhatsApp-Simple UX - Accessibility Audit[2m > [22mTouch Target Sizes (Requirement 14.1)[2m > [22mshould have mode toggle with adequate size[90m 18[2mms[22m[31m[39m
[31m     ΓåÆ Element type is invalid: expected a string (for built-in components) or a class/function (for composite components) but got: undefined. You likely forgot to export your component from the file it's defined in, or you might have mixed up default and named imports.[39m
[31m   [31m├ù[31m WhatsApp-Simple UX - Accessibility Audit[2m > [22mIcons and Visual Communication (Requirement 14.3)[2m > [22mshould display icons alongside text labels[90m 15[2mms[22m[31m[39m
[31m     ΓåÆ Element type is invalid: expected a string (for built-in components) or a class/function (for composite components) but got: undefined. You likely forgot to export your component from the file it's defined in, or you might have mixed up default and named imports.[39m
[31m   [31m├ù[31m WhatsApp-Simple UX - Accessibility Audit[2m > [22mScreen Reader Support (Requirement 14.4)[2m > [22mshould have proper ARIA labels for interactive elements[90m 8[2mms[22m[31m[39m
[31m     ΓåÆ Element type is invalid: expected a string (for built-in components) or a class/function (for composite components) but got: undefined. You likely forgot to export your component from the file it's defined in, or you might have mixed up default and named imports.[39m
[31m   [31m├ù[31m WhatsApp-Simple UX - Accessibility Audit[2m > [22mScreen Reader Support (Requirement 14.4)[2m > [22mshould have semantic HTML structure[90m 14[2mms[22m[31m[39m
[31m     ΓåÆ Element type is invalid: expected a string (for built-in components) or a class/function (for composite components) but got: undefined. You likely forgot to export your component from the file it's defined in, or you might have mixed up default and named imports.[39m
 [32mΓ£ô[39m __tests__/properties/stats-loading-priority.property.test.ts [2m([22m[2m13 tests[22m[2m)[22m[33m 447[2mms[22m[39m
 [32mΓ£ô[39m __tests__/unit/error-handler.test.ts [2m([22m[2m47 tests[22m[2m)[22m[33m 5296[2mms[22m[39m
   [33m[2mΓ£ô[22m[39m Form Validation[2m > [22mvalidateFileSize[2m > [22mshould validate files within size limit [33m571[2mms[22m[39m
   [33m[2mΓ£ô[22m[39m Form Validation[2m > [22mvalidateFileSize[2m > [22mshould reject files exceeding size limit [33m4478[2mms[22m[39m
 [32mΓ£ô[39m __tests__/unit/FloatingHelp.test.tsx [2m([22m[2m35 tests[22m[2m)[22m[33m 3775[2mms[22m[39m
   [33m[2mΓ£ô[22m[39m FloatingHelp Component[2m > [22mRendering and Positioning[2m > [22mshould render the floating help button [33m494[2mms[22m[39m
   [33m[2mΓ£ô[22m[39m FloatingHelp Component[2m > [22mRendering and Positioning[2m > [22mshould render button with correct size (56x56px) [33m698[2mms[22m[39m
   [33m[2mΓ£ô[22m[39m FloatingHelp Component[2m > [22mHelp Content Display[2m > [22mshould show help content when button is clicked [33m356[2mms[22m[39m
 [32mΓ£ô[39m __tests__/properties/modal-context-derivation.property.test.ts [2m([22m[2m8 tests[22m[2m)[22m[33m 655[2mms[22m[39m
 [31mΓ¥»[39m __tests__/unit/useFormValidation.test.tsx [2m([22m[2m24 tests[22m[2m | [22m[31m7 failed[39m[2m)[22m[33m 2519[2mms[22m[39m
[31m   [31m├ù[31m useFormValidation[2m > [22mInitialization[2m > [22mshould initialize with empty values[90m 211[2mms[22m[31m[39m
[31m     ΓåÆ expected true to be false // Object.is equality[39m
[31m   [31m├ù[31m useFormValidation[2m > [22mField Blur and Validation[2m > [22mshould validate and format on blur[90m 25[2mms[22m[31m[39m
[31m     ΓåÆ expected '' to be '0712 345 678' // Object.is equality[39m
[31m   [31m├ù[31m useFormValidation[2m > [22mField Blur and Validation[2m > [22mshould show error on blur with invalid value[90m 40[2mms[22m[31m[39m
[31m     ΓåÆ expected 'Please fill in all required fields Γ£Å∩╕Å' to contain 'email'[39m
[31m   [31m├ù[31m useFormValidation[2m > [22mField Blur and Validation[2m > [22mshould format name on blur[90m 17[2mms[22m[31m[39m
[31m     ΓåÆ expected '' to be 'John Doe' // Object.is equality[39m
[31m   [31m├ù[31m useFormValidation[2m > [22mForm Validation[2m > [22mshould validate all fields[90m 15[2mms[22m[31m[39m
[31m     ΓåÆ expected true to be false // Object.is equality[39m
[31m   [31m├ù[31m useFormValidation[2m > [22mCustom Validators[2m > [22mshould use custom validator when provided[90m 43[2mms[22m[31m[39m
[31m     ΓåÆ expected "spy" to be called with arguments: [ 'test' ][90m

Received: 

[1m  1st spy call:

[22m[2m  Array [[22m
[32m-   "test",[90m
[31m+   "",[90m
[2m  ][22m
[31m[90m

Number of calls: [1m1[22m
[31m[39m
[31m   [31m├ù[31m useFormValidation[2m > [22mReset[2m > [22mshould reset form to initial values[90m 9[2mms[22m[31m[39m
[31m     ΓåÆ expected 'Initial' to be 'Changed' // Object.is equality[39m
   [33m[2mΓ£ô[22m[39m useFileValidation[2m > [22mshould reject files exceeding size limit [33m567[2mms[22m[39m
   [33m[2mΓ£ô[22m[39m useFileValidation[2m > [22mshould call onError callback when validation fails [33m725[2mms[22m[39m
   [33m[2mΓ£ô[22m[39m useFileValidation[2m > [22mshould clear error [33m404[2mms[22m[39m
 [31mΓ¥»[39m __tests__/integration/simplified-booking-flow.test.tsx [2m([22m[2m8 tests[22m[2m | [22m[31m2 failed[39m[2m)[22m[33m 5491[2mms[22m[39m
   [33m[2mΓ£ô[22m[39m Simplified Booking Flow Integration[2m > [22mshould complete booking flow in 3 taps (week -> day -> time) [33m2194[2mms[22m[39m
[31m   [31m├ù[31m Simplified Booking Flow Integration[2m > [22mshould show success screen after confirmation[33m 1678[2mms[22m[31m[39m
[31m     ΓåÆ Unable to find an element with the text: Booking Confirmed! Γ£ô. This could be because the text is broken up by multiple elements. In this case, you can provide a function for your text matcher to make your matcher more flexible.

Ignored nodes: comments, script, style
[36m<body>[31m
  [36m<div>[31m
    [36m<div[31m
      [33mclass[31m=[32m"fixed inset-0 z-[60] flex items-center justify-center p-4"[31m
    [36m>[31m
      [36m<div[31m
        [33mclass[31m=[32m"absolute inset-0 bg-black/40 backdrop-blur-sm"[31m
      [36m/>[31m
      [36m<div[31m
        [33mclass[31m=[32m"relative bg-white rounded-2xl shadow-2xl w-full max-w-md overflow-hidden transform transition-all"[31m
      [36m>[31m
        [36m<div[31m
          [33mclass[31m=[32m"fixed inset-0 z-50 bg-white flex flex-col items-center justify-center p-6"[31m
        [36m>[31m
          [36m<div[31m
            [33mclass[31m=[32m"w-[120px] h-[120px] flex items-center justify-center mb-6 animate-bounce-once"[31m
          [36m>[31m
            [36m<div[31m
              [33mclass[31m=[32m"text-[120px] leading-none"[31m
            [36m>[31m
              [36m<svg[31m
                [33mclass[31m=[32m"lucide lucide-circle-check-big"[31m
                [33mfill[31m=[32m"none"[31m
                [33mheight[31m=[32m"24"[31m
                [33mstroke[31m=[32m"currentColor"[31m
                [33mstroke-linecap[31m=[32m"round"[31m
                [33mstroke-linejoin[31m=[32m"round"[31m
                [33mstroke-width[31m=[32m"2"[31m
                [33mviewBox[31m=[32m"0 0 24 24"[31m
                [33mwidth[31m=[32m"24"[31m
                [33mxmlns[31m=[32m"http://www.w3.org/2000/svg"[31m
              [36m>[31m
                [36m<path[31m
                  [33md[31m=[32m"M21.801 10A10 10 0 1 1 17 3.335"[31m
                [36m/>[31m
                [36m<path[31m
                  [33md[31m=[32m"m9 11 3 3L22 4"[31m
                [36m/>[31m
              [36m</svg>[31m
            [36m</div>[31m
          [36m</div>[31m
          [36m<h1[31m
            [33mclass[31m=[32m"text-2xl font-bold text-gray-900 text-center mb-3"[31m
          [36m>[31m
            [0mBooking Confirmed![0m
          [36m</h1>[31m
          [36m<p[31m
            [33mclass[31m=[32m"text-base text-gray-600 text-center mb-6 max-w-md"[31m
          [36m>[31m
            [0mYour appointment has been successfully scheduled[0m
          [36m</p>[31m
          [36m<div[31m
            [33mclass[31m=[32m"w-full max-w-md space-y-3 mb-6"[31m
          [36m>[31m
            [36m<div[31m
              [33mclass[31m=[32m"bg-gray-50 rounded-xl p-4 flex justify-between items-center"[31m
            [36m>[31m
              [36m<span[31m
                [33mclass[31m=[32m"text-sm font-medium text-gray-700"[31m
              [36m>[31m
                [0mDate & Time[0m
              [36m</span>[31m
              [36m<span[31m
                [33mclass[31m=[32m"text-sm font-bold text-gray-900"[31m
              [36m>[31m
                [0mSunday, Jan 18 at 09:00[0m
              [36m</span>[31m
            [36m</div>[31m
            [36m<div[31m
              [33mclass[31m=[32m"bg-gray-50 rounded-xl p-4 flex justify-between items-center"[31m
            [36m>[31m
              [36m<span[31m
                [33mclass[31m=[32m"text-sm font-medium text-gray-700"[31m
              [36m>[31m
                [0mType[0m
              [36m</span>[31m
              [36m<span[31m
                [33mclass[31m=[32m"text-sm font-bold text-gray-900"[31m
              [36m>[31m
                [0mIn-person Visit[0m
              [36m</span>[31m
            [36m</div>[31m
            [36m<div[31m
              [33mclass[31m=[32m"bg-gray-50 rounded-xl p-4 flex justify-between items-center"[31m
            [36m>[31m
              [36m<span[31m
                [33mclass[31m=[32m"text-sm font-medium text-gray-700"[31m
              [36m>[31m
                [0mLocation[0m
              [36m</span>[31m
              [36m<span[31m
                [33mclass[31m=[32m"text-sm font-bold text-gray-900"[31m
              [36m>[31m
                [0mClinic A[0m
              [36m</span>[31m
            [36m</div>[31m
          [36m</div>[31m
          [36m<div[31m
            [33mclass[31m=[32m"w-full max-w-md space-y-3"[31m
          [36m>[31m
            [36m<button[31m
              [33mclass[31m=[32m"w-full h-14 bg-[#25D366] text-white text-lg font-semibold rounded-xl
                     hover:bg-[#20BD5A] btn-full-feedback
                     shadow-md"[31m
            [36m>[31m
              [0mDone[0m
            [36m</button>[31m
          [36m</div>[31m
          [36m<p[31m
            [33mclass[31m=[32m"text-sm text-gray-500 mt-6"[31m
          [36m>[31m
            [0mClosing in [0m
            [0m3[0m
            [0m second[0m
            [0ms[0m
            [0m...[0m
          [36m</p>[31m
        [36m</div>[31m
      [36m</div>[31m
    [36m</div>[31m
  [36m</div>[31m
[36m</body>[31m

Ignored nodes: comments, script, style
[36m<html>[31m
  [36m<head />[31m
  [36m<body>[31m
    [36m<div>[31m
      [36m<div[31m
        [33mclass[31m=[32m"fixed inset-0 z-[60] flex items-center justify-center p-4"[31m
      [36m>[31m
        [36m<div[31m
          [33mclass[31m=[32m"absolute inset-0 bg-black/40 backdrop-blur-sm"[31m
        [36m/>[31m
        [36m<div[31m
          [33mclass[31m=[32m"relative bg-white rounded-2xl shadow-2xl w-full max-w-md overflow-hidden transform transition-all"[31m
        [36m>[31m
          [36m<div[31m
            [33mclass[31m=[32m"fixed inset-0 z-50 bg-white flex flex-col items-center justify-center p-6"[31m
          [36m>[31m
            [36m<div[31m
              [33mclass[31m=[32m"w-[120px] h-[120px] flex items-center justify-center mb-6 animate-bounce-once"[31m
            [36m>[31m
              [36m<div[31m
                [33mclass[31m=[32m"text-[120px] leading-none"[31m
              [36m>[31m
                [36m<svg[31m
                  [33mclass[31m=[32m"lucide lucide-circle-check-big"[31m
                  [33mfill[31m=[32m"none"[31m
                  [33mheight[31m=[32m"24"[31m
                  [33mstroke[31m=[32m"currentColor"[31m
                  [33mstroke-linecap[31m=[32m"round"[31m
                  [33mstroke-linejoin[31m=[32m"round"[31m
                  [33mstroke-width[31m=[32m"2"[31m
                  [33mviewBox[31m=[32m"0 0 24 24"[31m
                  [33mwidth[31m=[32m"24"[31m
                  [33mxmlns[31m=[32m"http://www.w3.org/2000/svg"[31m
                [36m>[31m
                  [36m<path[31m
                    [33md[31m=[32m"M21.801 10A10 10 0 1 1 17 3.335"[31m
                  [36m/>[31m
                  [36m<path[31m
                    [33md[31m=[32m"m9 11 3 3L22 4"[31m
                  [36m/>[31m
                [36m</svg>[31m
              [36m</div>[31m
            [36m</div>[31m
            [36m<h1[31m
              [33mclass[31m=[32m"text-2xl font-bold text-gray-900 text-center mb-3"[31m
            [36m>[31m
              [0mBooking Confirmed![0m
            [36m</h1>[31m
            [36m<p[31m
              [33mclass[31m=[32m"text-base text-gray-600 text-center mb-6 max-w-md"[31m
            [36m>[31m
              [0mYour appointment has been successfully scheduled[0m
            [36m</p>[31m
            [36m<div[31m
              [33mclass[31m=[32m"w-full max-w-md space-y-3 mb-6"[31m
            [36m>[31m
              [36m<div[31m
                [33mclass[31m=[32m"bg-gray-50 rounded-xl p-4 flex justify-between items-center"[31m
              [36m>[31m
                [36m<span[31m
                  [33mclass[31m=[32m"text-sm font-medium text-gray-700"[31m
                [36m>[31m
                  [0mDate & Time[0m
                [36m</span>[31m
                [36m<span[31m
                  [33mclass[31m=[32m"text-sm font-bold text-gray-900"[31m
                [36m>[31m
                  [0mSunday, Jan 18 at 09:00[0m
                [36m</span>[31m
              [36m</div>[31m
              [36m<div[31m
                [33mclass[31m=[32m"bg-gray-50 rounded-xl p-4 flex justify-between items-center"[31m
              [36m>[31m
                [36m<span[31m
                  [33mclass[31m=[32m"text-sm font-medium text-gray-700"[31m
                [36m>[31m
                  [0mType[0m
                [36m</span>[31m
                [36m<span[31m
                  [33mclass[31m=[32m"text-sm font-bold text-gray-900"[31m
                [36m>[31m
                  [0mIn-person Visit[0m
                [36m</span>[31m
              [36m</div>[31m
              [36m<div[31m
                [33mclass[31m=[32m"bg-gray-50 rounded-xl p-4 flex justify-between items-center"[31m
              [36m>[31m
                [36m<span[31m
                  [33mclass[31m=[32m"text-sm font-medium text-gray-700"[31m
                [36m>[31m
                  [0mLocation[0m
                [36m</span>[31m
                [36m<span[31m
                  [33mclass[31m=[32m"text-sm font-bold text-gray-900"[31m
                [36m>[31m
                  [0mClinic A[0m
                [36m</span>[31m
              [36m</div>[31m
            [36m</div>[31m
            [36m<div[31m
              [33mclass[31m=[32m"w-full max-w-md space-y-3"[31m
            [36m>[31m
              [36m<button[31m
                [33mclass[31m=[32m"w-full h-14 bg-[#25D366] text-white text-lg font-semibold rounded-xl
                     hover:bg-[#20BD5A] btn-full-feedback
                     shadow-md"[31m
              [36m>[31m
                [0mDone[0m
              [36m</button>[31m
            [36m</div>[31m
            [36m<p[31m
              [33mclass[31m=[32m"text-sm text-gray-500 mt-6"[31m
            [36m>[31m
              [0mClosing in [0m
              [0m3[0m
              [0m second[0m
              [0ms[0m
              [0m...[0m
            [36m</p>[31m
          [36m</div>[31m
        [36m</div>[31m
      [36m</div>[31m
    [36m</div>[31m
  [36m</body>[31m
[36m</html>[31m[39m
   [33m[2mΓ£ô[22m[39m Simplified Booking Flow Integration[2m > [22mshould allow navigation back through steps [33m407[2mms[22m[39m
   [33m[2mΓ£ô[22m[39m Simplified Booking Flow Integration[2m > [22mshould toggle between in-person and online appointments [33m392[2mms[22m[39m
[31m   [31m├ù[31m Simplified Booking Flow Integration[2m > [22mshould show loading state while fetching slots[90m 249[2mms[22m[31m[39m
[31m     ΓåÆ Unable to find an element with the text: Loading times.... This could be because the text is broken up by multiple elements. In this case, you can provide a function for your text matcher to make your matcher more flexible.

Ignored nodes: comments, script, style
[36m<body>[31m
  [36m<div>[31m
    [36m<div[31m
      [33mclass[31m=[32m"fixed inset-0 z-[60] flex items-center justify-center p-4"[31m
    [36m>[31m
      [36m<div[31m
        [33mclass[31m=[32m"absolute inset-0 bg-black/40 backdrop-blur-sm"[31m
      [36m/>[31m
      [36m<div[31m
        [33mclass[31m=[32m"relative bg-white rounded-2xl shadow-2xl w-full max-w-md overflow-hidden transform transition-all"[31m
      [36m>[31m
        [36m<div[31m
          [33mclass[31m=[32m"bg-slate-50 border-b border-slate-200 px-6 py-4"[31m
        [36m>[31m
          [36m<div[31m
            [33mclass[31m=[32m"flex flex-col items-center gap-4"[31m
          [36m>[31m
            [36m<div[31m
              [33mclass[31m=[32m"text-center"[31m
            [36m>[31m
              [36m<p[31m
                [33mclass[31m=[32m"text-sm font-medium text-slate-700"[31m
              [36m>[31m
                [0mStep [0m
                [0m3[0m
                [0m of [0m
                [0m4[0m
              [36m</p>[31m
              [36m<p[31m
                [33mclass[31m=[32m"text-xs text-slate-500 mt-1"[31m
              [36m>[31m
                [0mTime[0m
              [36m</p>[31m
            [36m</div>[31m
            [36m<div[31m
              [33mclass[31m=[32m"flex items-center gap-2"[31m
            [36m>[31m
              [36m<button[31m
                [33maria-disabled[31m=[32m"false"[31m
                [33maria-label[31m=[32m"Week (completed)"[31m
                [33mclass[31m=[32m"
                  w-3 h-3 rounded-full transition-all duration-200
                  bg-green-500 scale-100
                  
                  
                  cursor-pointer hover:scale-110
                  
                "[31m
              [36m/>[31m
              [36m<div[31m
                [33mclass[31m=[32m"w-8 h-0.5 bg-slate-200"[31m
              [36m/>[31m
              [36m<button[31m
                [33maria-disabled[31m=[32m"false"[31m
                [33maria-label[31m=[32m"Day (completed)"[31m
                [33mclass[31m=[32m"
                  w-3 h-3 rounded-full transition-all duration-200
                  bg-green-500 scale-100
                  
                  
                  cursor-pointer hover:scale-110
                  
                "[31m
              [36m/>[31m
              [36m<div[31m
                [33mclass[31m=[32m"w-8 h-0.5 bg-slate-200"[31m
              [36m/>[31m
              [36m<button[31m
                [33maria-current[31m=[32m"step"[31m
                [33maria-disabled[31m=[32m"false"[31m
                [33maria-label[31m=[32m"Time (current)"[31m
                [33mclass[31m=[32m"
                  w-3 h-3 rounded-full transition-all duration-200
                  
                  bg-green-500 scale-125 ring-4 ring-green-100
                  
                  cursor-pointer hover:scale-110
                  
                "[31m
              [36m/>[31m
              [36m<div[31m
                [33mclass[31m=[32m"w-8 h-0.5 bg-slate-200"[31m
              [36m/>[31m
              [36m<button[31m
                [33maria-disabled[31m=[32m"true"[31m
                [33maria-label[31m=[32m"Confirm"[31m
                [33mclass[31m=[32m"
                  w-3 h-3 rounded-full transition-all duration-200
                  
                  
                  bg-slate-300 scale-100
                  cursor-not-allowed
                  opacity-50
                "[31m
                [33mdisabled[31m=[32m""[31m
              [36m/>[31m
            [36m</div>[31m
          [36m</div>[31m
        [36m</div>[31m
        [36m<div[31m
          [33mclass[31m=[32m"p-6"[31m
        [36m>[31m
          [36m<button[31m
            [33mclass[31m=[32m"flex items-center gap-2 text-slate-600 hover:text-slate-800 mb-4 transition-colors"[31m
          [36m>[31m
            [36m<svg[31m
              [33mclass[31m=[32m"lucide lucide-chevron-left w-5 h-5"[31m
              [33mfill[31m=[32m"none"[31m
              [33mheight[31m=[32m"24"[31m
              [33mstroke[31m=[32m"currentColor"[31m
              [33mstroke-linecap[31m=[32m"round"[31m
              [33mstroke-linejoin[31m=[32m"round"[31m
              [33mstroke-width[31m=[32m"2"[31m
              [33mviewBox[31m=[32m"0 0 24 24"[31m
              [33mwidth[31m=[32m"24"[31m
              [33mxmlns[31m=[32m"http://www.w3.org/2000/svg"[31m
            [36m>[31m
              [36m<path[31m
                [33md[31m=[32m"m15 18-6-6 6-6"[31m
              [36m/>[31m
            [36m</svg>[31m
            [36m<span[31m
              [33mclass[31m=[32m"text-sm font-medium"[31m
            [36m>[31m
              [0mBack[0m
            [36m</span>[31m
          [36m</button>[31m
          [36m<div[31m
            [33mclass[31m=[32m"flex items-center gap-3 mb-6"[31m
          [36m>[31m
            [36m<div[31m
              [33mclass[31m=[32m"bg-[#25D366]/10 p-3 rounded-full text-[#25D366]"[31m
            [36m>[31m
              [36m<svg[31m
                [33mclass[31m=[32m"lucide lucide-clock w-6 h-6"[31m
                [33mfill[31m=[32m"none"[31m
                [33mheight[31m=[32m"24"[31m
                [33mstroke[31m=[32m"currentColor"[31m
                [33mstroke-linecap[31m=[32m"round"[31m
                [33mstroke-linejoin[31m=[32m"round"[31m
                [33mstroke-width[31m=[32m"2"[31m
                [33mviewBox[31m=[32m"0 0 24 24"[31m
                [33mwidth[31m=[32m"24"[31m
                [33mxmlns[31m=[32m"http://www.w3.org/2000/svg"[31m
              [36m>[31m
                [36m<circle[31m
                  [33mcx[31m=[32m"12"[31m
                  [33mcy[31m=[32m"12"[31m
                  [33mr[31m=[32m"10"[31m
                [36m/>[31m
                [36m<polyline[31m
                  [33mpoints[31m=[32m"12 6 12 12 16 14"[31m
                [36m/>[31m
              [36m</svg>[31m
            [36m</div>[31m
            [36m<div>[31m
              [36m<h2[31m
                [33mclass[31m=[32m"text-xl font-bold text-slate-800"[31m
              [36m>[31m
                [0mChoose a Time[0m
              [36m</h2>[31m
              [36m<p[31m
                [33mclass[31m=[32m"text-sm text-slate-500"[31m
              [36m>[31m
                [0mSunday, Jan 18[0m
              [36m</p>[31m
            [36m</div>[31m
          [36m</div>[31m
          [36m<div[31m
            [33mclass[31m=[32m"flex items-center gap-2 mb-6"[31m
          [36m>[31m
            [36m<button[31m
              [33mclass[31m=[32m"flex-1 px-4 py-3 rounded-xl text-base font-semibold border-2 transition-all border-[#25D366] bg-[#25D366]/10 text-[#25D366]"[31m
            [36m>[31m
              [0mIn-person[0m
            [36m</button>[31m
            [36m<button[31m
              [33mclass[31m=[32m"flex-1 px-4 py-3 rounded-xl text-base font-semibold border-2 transition-all border-slate-200 text-slate-600 hover:bg-slate-50"[31m
            [36m>[31m
              [0mOnline[0m
            [36m</button>[31m
          [36m</div>[31m
          [36m<div[31m
            [33mclass[31m=[32m"space-y-4 max-h-96 overflow-y-auto"[31m
          [36m>[31m
            [36m<div[31m
              [33mclass[31m=[32m"space-y-3"[31m
            [36m>[31m
              [36m<button[31m
                [33mclass[31m=[32m"w-full p-4 border-2 border-slate-200 rounded-xl text-left animate-pulse"[31m
                [33mdisabled[31m=[32m""[31m
              [36m>[31m
                [36m<div[31m
                  [33mclass[31m=[32m"h-5 bg-slate-200 rounded w-24 mb-1"[31m
                [36m/>[31m
                [36m<div[31m
                  [33mclass[31m=[32m"h-4 bg-slate-200 rounded w-16"[31m
                [36m/>[31m
              [36m</button>[31m
              [36m<button[31m
                [33mclass[31m=[32m"w-full p-4 border-2 border-slate-200 rounded-xl text-left animate-pulse"[31m
                [33mdisabled[31m=[32m""[31m
              [36m>[31m
                [36m<div[31m
                  [33mclass[31m=[32m"h-5 bg-slate-200 rounded w-24 mb-1"[31m
                [36m/>[31m
                [36m<div[31m
                  [33mclass[31m=[32m"h-4 bg-slate-200 rounded w-16"[31m
                [36m/>[31m
              [36m</button>[31m
              [36m<button[31m
                [33mclass[31m=[32m"w-full p-4 border-2 border-slate-200 rounded-xl text-left animate-pulse"[31m
                [33mdisabled[31m=[32m""[31m
              [36m>[31m
                [36m<div[31m
                  [33mclass[31m=[32m"h-5 bg-slate-200 rounded w-24 mb-1"[31m
                [36m/>[31m
                [36m<div[31m
                  [33mclass[31m=[32m"h-4 bg-slate-200 rounded w-16"[31m
                [36m/>[31m
              [36m</button>[31m
              [36m<button[31m
                [33mclass[31m=[32m"w-full p-4 border-2 border-slate-200 rounded-xl text-left animate-pulse"[31m
                [33mdisabled[31m=[32m""[31m
              [36m>[31m
                [36m<div[31m
                  [33mclass[31m=[32m"h-5 bg-slate-200 rounded w-24 mb-1"[31m
                [36m/>[31m
                [36m<div[31m
                  [33mclass[31m=[32m"h-4 bg-slate-200 rounded w-16"[31m
                [36m/>[31m
              [36m</button>[31m
            [36m</div>[31m
          [36m</div>[31m
        [36m</div>[31m
      [36m</div>[31m
    [36m</div>[31m
  [36m</div>[31m
[36m</body>[31m[39m
 [32mΓ£ô[39m __tests__/properties/empty-response-auto-retry.property.test.ts [2m([22m[2m11 tests[22m[2m)[22m[33m 956[2mms[22m[39m
 [32mΓ£ô[39m __tests__/properties/response-validation-fallback.property.test.ts [2m([22m[2m12 tests[22m[2m)[22m[33m 1471[2mms[22m[39m
   [33m[2mΓ£ô[22m[39m Property 11: Response Validation with Fallback[2m > [22mvalidates that reply field is non-empty for valid JSON responses [33m404[2mms[22m[39m
 [32mΓ£ô[39m __tests__/properties/duplicate-message-prevention.property.test.ts [2m([22m[2m11 tests[22m[2m)[22m[33m 1264[2mms[22m[39m
 [31mΓ¥»[39m __tests__/unit/ErrorComponents.test.tsx [2m([22m[2m32 tests[22m[2m | [22m[31m1 failed[39m[2m)[22m[33m 1685[2mms[22m[39m
   [33m[2mΓ£ô[22m[39m InlineError[2m > [22mshould render error message with icon [33m464[2mms[22m[39m
[31m   [31m├ù[31m LoadingErrorState[2m > [22mshould show loading state[90m 80[2mms[22m[31m[39m
[31m     ΓåÆ Unable to find an element with the role "status"

There are no available roles.

Ignored nodes: comments, script, style
[36m<body>[31m
  [36m<div>[31m
    [36m<div[31m
      [33mclass[31m=[32m""[31m
    [36m>[31m
      [36m<div[31m
        [33mclass[31m=[32m"flex items-center justify-center p-8"[31m
      [36m>[31m
        [36m<div[31m
          [33mclass[31m=[32m"animate-spin rounded-full h-8 w-8 border-b-2 border-whatsapp-green"[31m
        [36m/>[31m
      [36m</div>[31m
    [36m</div>[31m
  [36m</div>[31m
[36m</body>[31m[39m
 [32mΓ£ô[39m __tests__/properties/session-grouping-sorting.property.test.ts [2m([22m[2m8 tests[22m[2m)[22m[33m 1272[2mms[22m[39m
   [33m[2mΓ£ô[22m[39m Property 1: Session Grouping by Connection[2m > [22meach group should contain only sessions belonging to that specific connection [33m400[2mms[22m[39m
 [32mΓ£ô[39m __tests__/unit/SimplifiedPatientHome.test.tsx [2m([22m[2m20 tests[22m[2m)[22m[33m 1276[2mms[22m[39m
 [32mΓ£ô[39m __tests__/properties/progress-indicator-accuracy.property.test.tsx [2m([22m[2m8 tests[22m[2m)[22m[33m 10781[2mms[22m[39m
   [33m[2mΓ£ô[22m[39m Property 9: Progress Indicator Accuracy[2m > [22mshould display "Step X of Y" format correctly [33m990[2mms[22m[39m
   [33m[2mΓ£ô[22m[39m Property 9: Progress Indicator Accuracy[2m > [22mshould ensure current step (X) never exceeds total steps (Y) [33m1368[2mms[22m[39m
   [33m[2mΓ£ô[22m[39m Property 9: Progress Indicator Accuracy[2m > [22mshould display correct number of dots equal to total steps [33m1486[2mms[22m[39m
   [33m[2mΓ£ô[22m[39m Property 9: Progress Indicator Accuracy[2m > [22mshould display correct step numbers in numbered variant [33m1353[2mms[22m[39m
   [33m[2mΓ£ô[22m[39m Property 9: Progress Indicator Accuracy[2m > [22mshould display percentage between 0 and 100 in bar variant [33m699[2mms[22m[39m
   [33m[2mΓ£ô[22m[39m Property 9: Progress Indicator Accuracy[2m > [22mshould ensure completed steps count is valid [33m2822[2mms[22m[39m
   [33m[2mΓ£ô[22m[39m Property 9: Progress Indicator Accuracy[2m > [22mshould display step labels when showLabels is true [33m1097[2mms[22m[39m
   [33m[2mΓ£ô[22m[39m Property 9: Progress Indicator Accuracy[2m > [22mshould visually distinguish the current step [33m961[2mms[22m[39m
 [32mΓ£ô[39m __tests__/properties/skeleton-screen-display.property.test.tsx [2m([22m[2m16 tests[22m[2m)[22m[33m 27464[2mms[22m[39m
   [33m[2mΓ£ô[22m[39m Property 19: Skeleton Screen Display[2m > [22mSkeleton Components Render Without Errors[2m > [22mshould render StatsCardSkeleton without errors [33m1397[2mms[22m[39m
   [33m[2mΓ£ô[22m[39m Property 19: Skeleton Screen Display[2m > [22mSkeleton Components Render Without Errors[2m > [22mshould render DoctorCardSkeleton without errors [33m938[2mms[22m[39m
   [33m[2mΓ£ô[22m[39m Property 19: Skeleton Screen Display[2m > [22mSkeleton Components Render Without Errors[2m > [22mshould render AppointmentCardSkeleton without errors [33m809[2mms[22m[39m
   [33m[2mΓ£ô[22m[39m Property 19: Skeleton Screen Display[2m > [22mSkeleton Components Render Without Errors[2m > [22mshould render MessageSkeleton with both alignments [33m997[2mms[22m[39m
   [33m[2mΓ£ô[22m[39m Property 19: Skeleton Screen Display[2m > [22mSkeleton Components Render Without Errors[2m > [22mshould render MessageListSkeleton with variable counts [33m2114[2mms[22m[39m
   [33m[2mΓ£ô[22m[39m Property 19: Skeleton Screen Display[2m > [22mSkeleton Components Render Without Errors[2m > [22mshould render PatientCardSkeleton without errors [33m536[2mms[22m[39m
   [33m[2mΓ£ô[22m[39m Property 19: Skeleton Screen Display[2m > [22mSkeleton Components Render Without Errors[2m > [22mshould render IntakeProgressCardSkeleton without errors [33m460[2mms[22m[39m
   [33m[2mΓ£ô[22m[39m Property 19: Skeleton Screen Display[2m > [22mSkeleton Components Render Without Errors[2m > [22mshould render QRCodeSkeleton without errors [33m494[2mms[22m[39m
   [33m[2mΓ£ô[22m[39m Property 19: Skeleton Screen Display[2m > [22mSkeleton Components Render Without Errors[2m > [22mshould render ActionCardSkeleton without errors [33m452[2mms[22m[39m
   [33m[2mΓ£ô[22m[39m Property 19: Skeleton Screen Display[2m > [22mSkeleton Components Render Without Errors[2m > [22mshould render ConversationListSkeleton with variable counts [33m1571[2mms[22m[39m
   [33m[2mΓ£ô[22m[39m Property 19: Skeleton Screen Display[2m > [22mSkeleton Components Have Visual Placeholders[2m > [22mshould have animate-pulse animation on all skeleton components [33m4267[2mms[22m[39m
   [33m[2mΓ£ô[22m[39m Property 19: Skeleton Screen Display[2m > [22mSkeleton Components Have Visual Placeholders[2m > [22mshould have placeholder elements (bg-slate-200) in all skeleton components [33m3786[2mms[22m[39m
   [33m[2mΓ£ô[22m[39m Property 19: Skeleton Screen Display[2m > [22mSkeleton Components Match Layout Structure[2m > [22mshould have circular avatar placeholder in card skeletons [33m1397[2mms[22m[39m
   [33m[2mΓ£ô[22m[39m Property 19: Skeleton Screen Display[2m > [22mSkeleton Components Match Layout Structure[2m > [22mshould have multiple placeholder lines in text-heavy skeletons [33m1236[2mms[22m[39m
   [33m[2mΓ£ô[22m[39m Property 19: Skeleton Screen Display[2m > [22mSkeleton Components Are Accessible[2m > [22mshould not have clickable buttons in skeleton components [33m3380[2mms[22m[39m
   [33m[2mΓ£ô[22m[39m Property 19: Skeleton Screen Display[2m > [22mSkeleton Components Are Accessible[2m > [22mshould not have form inputs in skeleton components [33m3612[2mms[22m[39m
[90mstderr[2m | __tests__/unit/ConfirmationScreen.test.tsx[2m > 
[22m[2mConfirmationScreen Component[2m > [22m[2mRequirement 7.7: 
Auto-close functionality[2m > [22m[2mshould call onClose after 
autoClose milliseconds
[22m[39mAn update to ConfirmationScreen inside a test was not wrapped 
in act(...).

When testing, code that causes React state updates should be wrapped into 
act(...):

act(() => {
  /* fire events that update state */
});
/* assert on the output */

This ensures that you're testing the behavior the user would see in the 
browser. Learn more at https://react.dev/link/wrap-tests-with-act

[90mstderr[2m | __tests__/unit/ConfirmationScreen.test.tsx[2m > 
[22m[2mConfirmationScreen Component[2m > [22m[2mRequirement 7.7: 
Auto-close functionality[2m > [22m[2mshould call onClose after 
autoClose milliseconds
[22m[39mAn update to ConfirmationScreen inside a test was not wrapped 
in act(...).

When testing, code that causes React state updates should be wrapped into 
act(...):

act(() => {
  /* fire events that update state */
});
/* assert on the output */

This ensures that you're testing the behavior the user would see in the 
browser. Learn more at https://react.dev/link/wrap-tests-with-act

[90mstderr[2m | __tests__/unit/ConfirmationScreen.test.tsx[2m > 
[22m[2mConfirmationScreen Component[2m > [22m[2mRequirement 7.7: 
Auto-close functionality[2m > [22m[2mshould call onClose after 
autoClose milliseconds
[22m[39mAn update to ConfirmationScreen inside a test was not wrapped 
in act(...).

When testing, code that causes React state updates should be wrapped into 
act(...):

act(() => {
  /* fire events that update state */
});
/* assert on the output */

This ensures that you're testing the behavior the user would see in the 
browser. Learn more at https://react.dev/link/wrap-tests-with-act

[90mstderr[2m | __tests__/unit/ConfirmationScreen.test.tsx[2m > 
[22m[2mConfirmationScreen Component[2m > [22m[2mRequirement 7.7: 
Auto-close functionality[2m > [22m[2mshould update countdown every 
second
[22m[39mAn update to ConfirmationScreen inside a test was not wrapped 
in act(...).

When testing, code that causes React state updates should be wrapped into 
act(...):

act(() => {
  /* fire events that update state */
});
/* assert on the output */

This ensures that you're testing the behavior the user would see in the 
browser. Learn more at https://react.dev/link/wrap-tests-with-act

[90mstderr[2m | __tests__/unit/ConfirmationScreen.test.tsx[2m > 
[22m[2mConfirmationScreen Component[2m > [22m[2mRequirement 7.7: 
Auto-close functionality[2m > [22m[2mshould update countdown every 
second
[22m[39mAn update to ConfirmationScreen inside a test was not wrapped 
in act(...).

When testing, code that causes React state updates should be wrapped into 
act(...):

act(() => {
  /* fire events that update state */
});
/* assert on the output */

This ensures that you're testing the behavior the user would see in the 
browser. Learn more at https://react.dev/link/wrap-tests-with-act

[90mstderr[2m | __tests__/unit/ConfirmationScreen.test.tsx[2m > 
[22m[2mConfirmationScreen Component[2m > [22m[2mRequirement 7.7: 
Complete integration example[2m > [22m[2mshould render complete 
confirmation with all props
[22m[39mAn update to ConfirmationScreen inside a test was not wrapped 
in act(...).

When testing, code that causes React state updates should be wrapped into 
act(...):

act(() => {
  /* fire events that update state */
});
/* assert on the output */

This ensures that you're testing the behavior the user would see in the 
browser. Learn more at https://react.dev/link/wrap-tests-with-act
An update to ConfirmationScreen inside a test was not wrapped in act(...).

When testing, code that causes React state updates should be wrapped into 
act(...):

act(() => {
  /* fire events that update state */
});
/* assert on the output */

This ensures that you're testing the behavior the user would see in the 
browser. Learn more at https://react.dev/link/wrap-tests-with-act
An update to ConfirmationScreen inside a test was not wrapped in act(...).

When testing, code that causes React state updates should be wrapped into 
act(...):

act(() => {
  /* fire events that update state */
});
/* assert on the output */

This ensures that you're testing the behavior the user would see in the 
browser. Learn more at https://react.dev/link/wrap-tests-with-act

 [32mΓ£ô[39m __tests__/unit/ConfirmationScreen.test.tsx [2m([22m[2m23 tests[22m[2m)[22m[33m 760[2mms[22m[39m
 [32mΓ£ô[39m __tests__/properties/mode-toggle-data-preservation.property.test.ts [2m([22m[2m10 tests[22m[2m)[22m[33m 6817[2mms[22m[39m
   [33m[2mΓ£ô[22m[39m Property 1: Mode Toggle Data Preservation[2m > [22mpreserves arbitrary user state when toggling from simple to advanced [33m762[2mms[22m[39m
   [33m[2mΓ£ô[22m[39m Property 1: Mode Toggle Data Preservation[2m > [22mpreserves arbitrary user state when toggling from advanced to simple [33m455[2mms[22m[39m
   [33m[2mΓ£ô[22m[39m Property 1: Mode Toggle Data Preservation[2m > [22mpreserves component state through multiple mode toggles [33m552[2mms[22m[39m
   [33m[2mΓ£ô[22m[39m Property 1: Mode Toggle Data Preservation[2m > [22mpreserves React component state when mode is toggled [33m1220[2mms[22m[39m
   [33m[2mΓ£ô[22m[39m Property 1: Mode Toggle Data Preservation[2m > [22mpreserves modified state after mode toggle [33m1459[2mms[22m[39m
   [33m[2mΓ£ô[22m[39m Property 1: Mode Toggle Data Preservation[2m > [22mmode persistence to localStorage does not corrupt user state [33m467[2mms[22m[39m
   [33m[2mΓ£ô[22m[39m Property 1: Mode Toggle Data Preservation[2m > [22mpreserves form data structure integrity through mode changes [33m559[2mms[22m[39m
   [33m[2mΓ£ô[22m[39m Property 1: Mode Toggle Data Preservation[2m > [22mpreserves navigation history order through mode changes [33m374[2mms[22m[39m
   [33m[2mΓ£ô[22m[39m Property 1: Mode Toggle Data Preservation[2m > [22mpreserves scroll position through mode changes [33m514[2mms[22m[39m
   [33m[2mΓ£ô[22m[39m Property 1: Mode Toggle Data Preservation[2m > [22mpreserves selected items collection through mode changes [33m448[2mms[22m[39m
 [32mΓ£ô[39m __tests__/properties/doctor-verification-gate.property.test.ts [2m([22m[2m10 tests[22m[2m)[22m[33m 527[2mms[22m[39m
 [32mΓ£ô[39m __tests__/properties/agent-protocol-tracking.property.test.ts [2m([22m[2m20 tests[22m[2m)[22m[33m 600[2mms[22m[39m
 [32mΓ£ô[39m __tests__/properties/connection-uniqueness.property.test.ts [2m([22m[2m8 tests[22m[2m)[22m[33m 471[2mms[22m[39m
[90mstderr[2m | __tests__/integration/api-route-integration.test.ts[2m 
> [22m[2mAPI Route Integration Tests[2m > [22m[2mEnd-to-End Agent 
Progression[2m > [22m[2mshould handle error recovery scenarios 
gracefully
[22m[39mChat API error: Error: API rate limit exceeded
    at [90mC:\Users\DELL\Desktop\a2a-dr.-gemini-intake-agent\[39m__tests
__\integration\api-route-integration.test.ts:204:22
    at [90mfile:///C:/Users/DELL/Desktop/a2a-dr.-gemini-intake-agent/[39
mnode_modules/[4m@vitest/runner[24m/dist/index.js:146:14
    at [90mfile:///C:/Users/DELL/Desktop/a2a-dr.-gemini-intake-agent/[39
mnode_modules/[4m@vitest/runner[24m/dist/index.js:533:11
    at runWithTimeout [90m(file:///C:/Users/DELL/Desktop/a2a-dr.-gemini-i
ntake-agent/[39mnode_modules/[4m@vitest/runner[24m/dist/index.js:39:7[
90m)[39m
    at runTest [90m(file:///C:/Users/DELL/Desktop/a2a-dr.-gemini-intake-a
gent/[39mnode_modules/[4m@vitest/runner[24m/dist/index.js:1056:17[90m)
[39m
[90m    at processTicksAndRejections 
(node:internal/process/task_queues:103:5)[39m
    at runSuite [90m(file:///C:/Users/DELL/Desktop/a2a-dr.-gemini-intake-
agent/[39mnode_modules/[4m@vitest/runner[24m/dist/index.js:1205:15[90m
)[39m
    at runSuite [90m(file:///C:/Users/DELL/Desktop/a2a-dr.-gemini-intake-
agent/[39mnode_modules/[4m@vitest/runner[24m/dist/index.js:1205:15[90m
)[39m
    at runSuite [90m(file:///C:/Users/DELL/Desktop/a2a-dr.-gemini-intake-
agent/[39mnode_modules/[4m@vitest/runner[24m/dist/index.js:1205:15[90m
)[39m
    at runFiles [90m(file:///C:/Users/DELL/Desktop/a2a-dr.-gemini-intake-
agent/[39mnode_modules/[4m@vitest/runner[24m/dist/index.js:1262:5[90m)
[39m
Chat API error: Error: API_KEY not configured
    at [90mC:\Users\DELL\Desktop\a2a-dr.-gemini-intake-agent\[39m__tests
__\integration\api-route-integration.test.ts:209:22
    at [90mfile:///C:/Users/DELL/Desktop/a2a-dr.-gemini-intake-agent/[39
mnode_modules/[4m@vitest/runner[24m/dist/index.js:146:14
    at [90mfile:///C:/Users/DELL/Desktop/a2a-dr.-gemini-intake-agent/[39
mnode_modules/[4m@vitest/runner[24m/dist/index.js:533:11
    at runWithTimeout [90m(file:///C:/Users/DELL/Desktop/a2a-dr.-gemini-i
ntake-agent/[39mnode_modules/[4m@vitest/runner[24m/dist/index.js:39:7[
90m)[39m
    at runTest [90m(file:///C:/Users/DELL/Desktop/a2a-dr.-gemini-intake-a
gent/[39mnode_modules/[4m@vitest/runner[24m/dist/index.js:1056:17[90m)
[39m
[90m    at processTicksAndRejections 
(node:internal/process/task_queues:103:5)[39m
    at runSuite [90m(file:///C:/Users/DELL/Desktop/a2a-dr.-gemini-intake-
agent/[39mnode_modules/[4m@vitest/runner[24m/dist/index.js:1205:15[90m
)[39m
    at runSuite [90m(file:///C:/Users/DELL/Desktop/a2a-dr.-gemini-intake-
agent/[39mnode_modules/[4m@vitest/runner[24m/dist/index.js:1205:15[90m
)[39m
    at runSuite [90m(file:///C:/Users/DELL/Desktop/a2a-dr.-gemini-intake-
agent/[39mnode_modules/[4m@vitest/runner[24m/dist/index.js:1205:15[90m
)[39m
    at runFiles [90m(file:///C:/Users/DELL/Desktop/a2a-dr.-gemini-intake-
agent/[39mnode_modules/[4m@vitest/runner[24m/dist/index.js:1262:5[90m)
[39m

 [32mΓ£ô[39m __tests__/integration/api-route-integration.test.ts [2m([22m[2m5 tests[22m[2m)[22m[90m 184[2mms[22m[39m
 [32mΓ£ô[39m __tests__/properties/response-timeout-handling.property.test.ts [2m([22m[2m13 tests[22m[2m)[22m[90m 292[2mms[22m[39m
 [32mΓ£ô[39m __tests__/properties/medical-data-processing.property.test.ts [2m([22m[2m12 tests[22m[2m)[22m[33m 879[2mms[22m[39m
   [33m[2mΓ£ô[22m[39m Medical Data Processing Properties[2m > [22mProperty 4: Medical Data Merge Preservation[2m > [22mshould merge arrays without losing existing data [33m331[2mms[22m[39m
 [32mΓ£ô[39m __tests__/properties/progressive-content-display.property.test.tsx [2m([22m[2m11 tests[22m[2m)[22m[33m 4602[2mms[22m[39m
   [33m[2mΓ£ô[22m[39m Property: Progressive Content Display[2m > [22mshould render high priority content immediately [33m614[2mms[22m[39m
   [33m[2mΓ£ô[22m[39m Property: Progressive Content Display[2m > [22mshould delay low priority content rendering [33m494[2mms[22m[39m
   [33m[2mΓ£ô[22m[39m Property: Progressive Content Display[2m > [22mshould show fallback while content is not rendered [33m344[2mms[22m[39m
   [33m[2mΓ£ô[22m[39m Property: Progressive Content Display[2m > [22mshould load data progressively in chunks [33m489[2mms[22m[39m
   [33m[2mΓ£ô[22m[39m Property: Progressive Content Display[2m > [22mshould eventually show all data after progressive loading [33m823[2mms[22m[39m
   [33m[2mΓ£ô[22m[39m Property: Progressive Content Display[2m > [22mshould render ProgressiveList items incrementally [33m360[2mms[22m[39m
   [33m[2mΓ£ô[22m[39m Property: Progressive Content Display[2m > [22mshould handle empty data arrays gracefully [33m439[2mms[22m[39m
   [33m[2mΓ£ô[22m[39m Property: Progressive Content Display[2m > [22mshould handle single item arrays correctly [33m334[2mms[22m[39m
 [32mΓ£ô[39m __tests__/properties/consistent-mode-toggle-placement.property.test.ts [2m([22m[2m10 tests[22m[2m)[22m[33m 12324[2mms[22m[39m
   [33m[2mΓ£ô[22m[39m Property 3: Consistent Mode Toggle Placement[2m > [22mmode toggle appears in top-right corner for any screen [33m2204[2mms[22m[39m
   [33m[2mΓ£ô[22m[39m Property 3: Consistent Mode Toggle Placement[2m > [22mmode toggle button has consistent styling across all screens [33m1589[2mms[22m[39m
   [33m[2mΓ£ô[22m[39m Property 3: Consistent Mode Toggle Placement[2m > [22mmode toggle maintains position regardless of screen content height [33m1096[2mms[22m[39m
   [33m[2mΓ£ô[22m[39m Property 3: Consistent Mode Toggle Placement[2m > [22mmode toggle maintains position with or without navigation [33m1164[2mms[22m[39m
   [33m[2mΓ£ô[22m[39m Property 3: Consistent Mode Toggle Placement[2m > [22mmode toggle icon and label are always present [33m877[2mms[22m[39m
   [33m[2mΓ£ô[22m[39m Property 3: Consistent Mode Toggle Placement[2m > [22mmode toggle has consistent gap between icon and label [33m1246[2mms[22m[39m
   [33m[2mΓ£ô[22m[39m Property 3: Consistent Mode Toggle Placement[2m > [22mmode toggle maintains box shadow styling across screens [33m1191[2mms[22m[39m
   [33m[2mΓ£ô[22m[39m Property 3: Consistent Mode Toggle Placement[2m > [22mmode toggle button has accessible aria-label [33m625[2mms[22m[39m
   [33m[2mΓ£ô[22m[39m Property 3: Consistent Mode Toggle Placement[2m > [22mmode toggle position is consistent when rendered in settings [33m1035[2mms[22m[39m
   [33m[2mΓ£ô[22m[39m Property 3: Consistent Mode Toggle Placement[2m > [22mmode toggle maintains consistent padding across all screens [33m1293[2mms[22m[39m
 [32mΓ£ô[39m __tests__/properties/request-deduplication.property.test.ts [2m([22m[2m6 tests[22m[2m)[22m[90m 145[2mms[22m[39m
 [32mΓ£ô[39m __tests__/properties/url-parameter-modal-init.property.test.ts [2m([22m[2m9 tests[22m[2m)[22m[33m 1117[2mms[22m[39m
   [33m[2mΓ£ô[22m[39m Property 1: URL Parameter Modal Initialization[2m > [22mMultiple Connections[2m > [22mfor any params matching one of multiple connections, modal SHALL open with correct connection [33m318[2mms[22m[39m
 [32mΓ£ô[39m __tests__/properties/action-card-icon-size.property.test.tsx [2m([22m[2m13 tests[22m[2m)[22m[33m 5905[2mms[22m[39m
   [33m[2mΓ£ô[22m[39m Property 12: Action Card Icon Size[2m > [22mActionCard component renders icon container with correct dimensions [33m1179[2mms[22m[39m
   [33m[2mΓ£ô[22m[39m Property 12: Action Card Icon Size[2m > [22micon dimensions are consistent across different action card states [33m657[2mms[22m[39m
   [33m[2mΓ£ô[22m[39m Property 12: Action Card Icon Size[2m > [22micon dimensions meet minimum across arbitrary icon content [33m777[2mms[22m[39m
   [33m[2mΓ£ô[22m[39m Property 12: Action Card Icon Size[2m > [22micon container maintains square aspect ratio [33m2524[2mms[22m[39m
   [33m[2mΓ£ô[22m[39m Property 12: Action Card Icon Size[2m > [22mminimum icon size is enforced regardless of card dimensions [33m660[2mms[22m[39m
 [32mΓ£ô[39m __tests__/properties/booking-success-state-cleanup.property.test.ts [2m([22m[2m12 tests[22m[2m)[22m[33m 387[2mms[22m[39m
 [32mΓ£ô[39m __tests__/properties/intake-completeness.property.test.ts [2m([22m[2m11 tests[22m[2m)[22m[90m 278[2mms[22m[39m
[90mstderr[2m | __tests__/unit/VoiceInput.test.tsx[2m > 
[22m[2mVoiceInput Component[2m > [22m[2mshould call onTranscript 
with final transcript
[22m[39mAn update to VoiceInput inside a test was not wrapped in 
act(...).

When testing, code that causes React state updates should be wrapped into 
act(...):

act(() => {
  /* fire events that update state */
});
/* assert on the output */

This ensures that you're testing the behavior the user would see in the 
browser. Learn more at https://react.dev/link/wrap-tests-with-act
An update to VoiceInput inside a test was not wrapped in act(...).

When testing, code that causes React state updates should be wrapped into 
act(...):

act(() => {
  /* fire events that update state */
});
/* assert on the output */

This ensures that you're testing the behavior the user would see in the 
browser. Learn more at https://react.dev/link/wrap-tests-with-act

[90mstderr[2m | __tests__/unit/VoiceInput.test.tsx[2m > 
[22m[2mVoiceInput Component[2m > [22m[2mshould display interim 
transcript
[22m[39mAn update to VoiceInput inside a test was not wrapped in 
act(...).

When testing, code that causes React state updates should be wrapped into 
act(...):

act(() => {
  /* fire events that update state */
});
/* assert on the output */

This ensures that you're testing the behavior the user would see in the 
browser. Learn more at https://react.dev/link/wrap-tests-with-act

[90mstderr[2m | __tests__/unit/VoiceInput.test.tsx[2m > 
[22m[2mVoiceInput Component[2m > [22m[2mshould handle no-speech error
[22m[39mAn update to VoiceInput inside a test was not wrapped in 
act(...).

When testing, code that causes React state updates should be wrapped into 
act(...):

act(() => {
  /* fire events that update state */
});
/* assert on the output */

This ensures that you're testing the behavior the user would see in the 
browser. Learn more at https://react.dev/link/wrap-tests-with-act

[90mstderr[2m | __tests__/unit/VoiceInput.test.tsx[2m > 
[22m[2mVoiceInput Component[2m > [22m[2mshould handle audio-capture 
error
[22m[39mAn update to VoiceInput inside a test was not wrapped in 
act(...).

When testing, code that causes React state updates should be wrapped into 
act(...):

act(() => {
  /* fire events that update state */
});
/* assert on the output */

This ensures that you're testing the behavior the user would see in the 
browser. Learn more at https://react.dev/link/wrap-tests-with-act

[90mstderr[2m | __tests__/unit/VoiceInput.test.tsx[2m > 
[22m[2mVoiceInput Component[2m > [22m[2mshould handle not-allowed 
error
[22m[39mAn update to VoiceInput inside a test was not wrapped in 
act(...).

When testing, code that causes React state updates should be wrapped into 
act(...):

act(() => {
  /* fire events that update state */
});
/* assert on the output */

This ensures that you're testing the behavior the user would see in the 
browser. Learn more at https://react.dev/link/wrap-tests-with-act

[90mstderr[2m | __tests__/unit/VoiceInput.test.tsx[2m > 
[22m[2mVoiceInput Component[2m > [22m[2mshould handle network error
[22m[39mAn update to VoiceInput inside a test was not wrapped in 
act(...).

When testing, code that causes React state updates should be wrapped into 
act(...):

act(() => {
  /* fire events that update state */
});
/* assert on the output */

This ensures that you're testing the behavior the user would see in the 
browser. Learn more at https://react.dev/link/wrap-tests-with-act

[90mstderr[2m | __tests__/unit/VoiceInput.test.tsx[2m > 
[22m[2mVoiceInput Component[2m > [22m[2mshould show processing state 
after final result
[22m[39mAn update to VoiceInput inside a test was not wrapped in 
act(...).

When testing, code that causes React state updates should be wrapped into 
act(...):

act(() => {
  /* fire events that update state */
});
/* assert on the output */

This ensures that you're testing the behavior the user would see in the 
browser. Learn more at https://react.dev/link/wrap-tests-with-act
An update to VoiceInput inside a test was not wrapped in act(...).

When testing, code that causes React state updates should be wrapped into 
act(...):

act(() => {
  /* fire events that update state */
});
/* assert on the output */

This ensures that you're testing the behavior the user would see in the 
browser. Learn more at https://react.dev/link/wrap-tests-with-act

 [32mΓ£ô[39m __tests__/unit/VoiceInput.test.tsx [2m([22m[2m17 tests[22m[2m)[22m[33m 1346[2mms[22m[39m
   [33m[2mΓ£ô[22m[39m VoiceInput Component[2m > [22mshould show processing state after final result [33m543[2mms[22m[39m
 [32mΓ£ô[39m __tests__/properties/send-button-disabled-while-sending.property.test.ts [2m([22m[2m11 tests[22m[2m)[22m[33m 790[2mms[22m[39m
 [32mΓ£ô[39m __tests__/properties/message-persistence-roundtrip.property.test.ts [2m([22m[2m9 tests[22m[2m)[22m[33m 1875[2mms[22m[39m
   [33m[2mΓ£ô[22m[39m Property 2: Message Persistence Round-Trip[2m > [22msingle message content is identical after round-trip [33m527[2mms[22m[39m
   [33m[2mΓ£ô[22m[39m Property 2: Message Persistence Round-Trip[2m > [22mmultiple messages are all retrieved with identical content [33m930[2mms[22m[39m
[90mstderr[2m | 
__tests__/properties/meeting-room-data-consistency.property.test.ts[2m > 
[22m[2mProperty 5: Meeting Room Data Consistency[2m > [22m[2mhandles 
database query errors gracefully
[22m[39mUnhandled error: StreamError: Network connection lost. Please 
check your internet connection.
    at toStreamError [90m(C:\Users\DELL\Desktop\a2a-dr.-gemini-intake-age
nt\[39msrc\server\services\stream-error-handler.ts:337:10[90m)[39m
    at Module.logStreamError [90m(C:\Users\DELL\Desktop\a2a-dr.-gemini-in
take-agent\[39msrc\server\services\stream-error-handler.ts:352:23[90m)[
39m
    at StreamService.getMeetingRoom [90m(C:\Users\DELL\Desktop\a2a-dr.-ge
mini-intake-agent\[39msrc\server\services\stream.ts:331:7[90m)[39m
[90m    at processTicksAndRejections 
(node:internal/process/task_queues:103:5)[39m {
  code: [32m'STREAM_NETWORK_ERROR'[39m,
  originalError: Error: Database connection failed
      at [90mC:\Users\DELL\Desktop\a2a-dr.-gemini-intake-agent\[39m__tes
ts__\properties\meeting-room-data-consistency.property.test.ts:288:48
      at AsyncProperty.predicate [90m(file:///C:/Users/DELL/Desktop/a2a-d
r.-gemini-intake-agent/[39mnode_modules/[4mfast-check[24m/lib/esm/check
/property/AsyncProperty.js:14:59[90m)[39m
      at AsyncProperty.run [90m(file:///C:/Users/DELL/Desktop/a2a-dr.-gem
ini-intake-agent/[39mnode_modules/[4mfast-check[24m/lib/esm/check/prope
rty/AsyncProperty.generic.js:46:39[90m)[39m
      at asyncRunIt [90m(file:///C:/Users/DELL/Desktop/a2a-dr.-gemini-int
ake-agent/[39mnode_modules/[4mfast-check[24m/lib/esm/check/runner/Runne
r.js:33:36[90m)[39m
  [90m    at processTicksAndRejections 
(node:internal/process/task_queues:103:5)[39m
      at [90mC:\Users\DELL\Desktop\a2a-dr.-gemini-intake-agent\[39m__tes
ts__\properties\meeting-room-data-consistency.property.test.ts:282:5
      at [90mfile:///C:/Users/DELL/Desktop/a2a-dr.-gemini-intake-agent/[
39mnode_modules/[4m@vitest/runner[24m/dist/index.js:533:5
      at runTest [90m(file:///C:/Users/DELL/Desktop/a2a-dr.-gemini-intake
-agent/[39mnode_modules/[4m@vitest/runner[24m/dist/index.js:1056:11[90
m)[39m
      at runSuite [90m(file:///C:/Users/DELL/Desktop/a2a-dr.-gemini-intak
e-agent/[39mnode_modules/[4m@vitest/runner[24m/dist/index.js:1205:15[9
0m)[39m
      at runSuite [90m(file:///C:/Users/DELL/Desktop/a2a-dr.-gemini-intak
e-agent/[39mnode_modules/[4m@vitest/runner[24m/dist/index.js:1205:15[9
0m)[39m,
  retryable: [33mtrue[39m,
  fallbackOptions: [
    {
      id: [32m'retry'[39m,
      label: [32m'Reconnect'[39m,
      description: [32m'Try to reconnect when your connection is 
stable'[39m,
      action: [32m'retry'[39m
    }
  ]
}
Unexpected error: {
  code: [32m'INTERNAL_ERROR'[39m,
  message: [32m'Something went wrong. Please try again later.'[39m,
  context: {
    streamErrorCode: [32m'STREAM_NETWORK_ERROR'[39m,
    retryable: [33mtrue[39m,
    originalMessage: [32m'Database connection failed'[39m,
    operation: [32m'getMeetingRoom'[39m,
    appointmentId: [32m'`"|D%\\i}.s%1N{$ %{7Q";xwAx !" $&?!#5'[39m
  },
  stack: [32m'Error: Network connection lost. Please check your internet 
connection.\n'[39m +
    [32m'    at toStreamError (C:\\Users\\DELL\\Desktop\\a2a-dr.-gemini-i
ntake-agent\\src\\server\\services\\stream-error-handler.ts:337:10)\n'[39
m +
    [32m'    at Module.logStreamError (C:\\Users\\DELL\\Desktop\\a2a-dr.-
gemini-intake-agent\\src\\server\\services\\stream-error-handler.ts:352:23
)\n'[39m +
    [32m'    at StreamService.getMeetingRoom (C:\\Users\\DELL\\Desktop\\a
2a-dr.-gemini-intake-agent\\src\\server\\services\\stream.ts:331:7)\n'[39
m +
    [32m'    at processTicksAndRejections 
(node:internal/process/task_queues:103:5)'[39m
}
Unhandled error: StreamError: Network connection lost. Please check your 
internet connection.
    at toStreamError [90m(C:\Users\DELL\Desktop\a2a-dr.-gemini-intake-age
nt\[39msrc\server\services\stream-error-handler.ts:337:10[90m)[39m
    at Module.logStreamError [90m(C:\Users\DELL\Desktop\a2a-dr.-gemini-in
take-agent\[39msrc\server\services\stream-error-handler.ts:352:23[90m)[
39m
    at StreamService.getMeetingRoom [90m(C:\Users\DELL\Desktop\a2a-dr.-ge
mini-intake-agent\[39msrc\server\services\stream.ts:331:7[90m)[39m
[90m    at processTicksAndRejections 
(node:internal/process/task_queues:103:5)[39m {
  code: [32m'STREAM_NETWORK_ERROR'[39m,
  originalError: Error: Database connection failed
      at [90mC:\Users\DELL\Desktop\a2a-dr.-gemini-intake-agent\[39m__tes
ts__\properties\meeting-room-data-consistency.property.test.ts:288:48
      at AsyncProperty.predicate [90m(file:///C:/Users/DELL/Desktop/a2a-d
r.-gemini-intake-agent/[39mnode_modules/[4mfast-check[24m/lib/esm/check
/property/AsyncProperty.js:14:59[90m)[39m
      at AsyncProperty.run [90m(file:///C:/Users/DELL/Desktop/a2a-dr.-gem
ini-intake-agent/[39mnode_modules/[4mfast-check[24m/lib/esm/check/prope
rty/AsyncProperty.generic.js:46:39[90m)[39m
      at asyncRunIt [90m(file:///C:/Users/DELL/Desktop/a2a-dr.-gemini-int
ake-agent/[39mnode_modules/[4mfast-check[24m/lib/esm/check/runner/Runne
r.js:33:36[90m)[39m
  [90m    at processTicksAndRejections 
(node:internal/process/task_queues:103:5)[39m
      at [90mC:\Users\DELL\Desktop\a2a-dr.-gemini-intake-agent\[39m__tes
ts__\properties\meeting-room-data-consistency.property.test.ts:282:5
      at [90mfile:///C:/Users/DELL/Desktop/a2a-dr.-gemini-intake-agent/[
39mnode_modules/[4m@vitest/runner[24m/dist/index.js:533:5
      at runTest [90m(file:///C:/Users/DELL/Desktop/a2a-dr.-gemini-intake
-agent/[39mnode_modules/[4m@vitest/runner[24m/dist/index.js:1056:11[90
m)[39m
      at runSuite [90m(file:///C:/Users/DELL/Desktop/a2a-dr.-gemini-intak
e-agent/[39mnode_modules/[4m@vitest/runner[24m/dist/index.js:1205:15[9
0m)[39m
      at runSuite [90m(file:///C:/Users/DELL/Desktop/a2a-dr.-gemini-intak
e-agent/[39mnode_modules/[4m@vitest/runner[24m/dist/index.js:1205:15[9
0m)[39m,
  retryable: [33mtrue[39m,
  fallbackOptions: [
    {
      id: [32m'retry'[39m,
      label: [32m'Reconnect'[39m,
      description: [32m'Try to reconnect when your connection is 
stable'[39m,
      action: [32m'retry'[39m
    }
  ]
}
Unexpected error: {
  code: [32m'INTERNAL_ERROR'[39m,
  message: [32m'Something went wrong. Please try again later.'[39m,
  context: {
    streamErrorCode: [32m'STREAM_NETWORK_ERROR'[39m,
    retryable: [33mtrue[39m,
    originalMessage: [32m'Database connection failed'[39m,
    operation: [32m'getMeetingRoom'[39m,
    appointmentId: [32m' $I&#ay~~xPz{~P~<|Yy"oP%D!&y"!O#"~"}'[39m
  },
  stack: [32m'Error: Network connection lost. Please check your internet 
connection.\n'[39m +
    [32m'    at toStreamError (C:\\Users\\DELL\\Desktop\\a2a-dr.-gemini-i
ntake-agent\\src\\server\\services\\stream-error-handler.ts:337:10)\n'[39
m +
    [32m'    at Module.logStreamError (C:\\Users\\DELL\\Desktop\\a2a-dr.-
gemini-intake-agent\\src\\server\\services\\stream-error-handler.ts:352:23
)\n'[39m +
    [32m'    at StreamService.getMeetingRoom (C:\\Users\\DELL\\Desktop\\a
2a-dr.-gemini-intake-agent\\src\\server\\services\\stream.ts:331:7)\n'[39
m +
    [32m'    at processTicksAndRejections 
(node:internal/process/task_queues:103:5)'[39m
}
Unhandled error: StreamError: Network connection lost. Please check your 
internet connection.
    at toStreamError [90m(C:\Users\DELL\Desktop\a2a-dr.-gemini-intake-age
nt\[39msrc\server\services\stream-error-handler.ts:337:10[90m)[39m
    at Module.logStreamError [90m(C:\Users\DELL\Desktop\a2a-dr.-gemini-in
take-agent\[39msrc\server\services\stream-error-handler.ts:352:23[90m)[
39m
    at StreamService.getMeetingRoom [90m(C:\Users\DELL\Desktop\a2a-dr.-ge
mini-intake-agent\[39msrc\server\services\stream.ts:331:7[90m)[39m
[90m    at processTicksAndRejections 
(node:internal/process/task_queues:103:5)[39m {
  code: [32m'STREAM_NETWORK_ERROR'[39m,
  originalError: Error: Database connection failed
      at [90mC:\Users\DELL\Desktop\a2a-dr.-gemini-intake-agent\[39m__tes
ts__\properties\meeting-room-data-consistency.property.test.ts:288:48
      at AsyncProperty.predicate [90m(file:///C:/Users/DELL/Desktop/a2a-d
r.-gemini-intake-agent/[39mnode_modules/[4mfast-check[24m/lib/esm/check
/property/AsyncProperty.js:14:59[90m)[39m
      at AsyncProperty.run [90m(file:///C:/Users/DELL/Desktop/a2a-dr.-gem
ini-intake-agent/[39mnode_modules/[4mfast-check[24m/lib/esm/check/prope
rty/AsyncProperty.generic.js:46:39[90m)[39m
      at asyncRunIt [90m(file:///C:/Users/DELL/Desktop/a2a-dr.-gemini-int
ake-agent/[39mnode_modules/[4mfast-check[24m/lib/esm/check/runner/Runne
r.js:33:36[90m)[39m
  [90m    at processTicksAndRejections 
(node:internal/process/task_queues:103:5)[39m
      at [90mC:\Users\DELL\Desktop\a2a-dr.-gemini-intake-agent\[39m__tes
ts__\properties\meeting-room-data-consistency.property.test.ts:282:5
      at [90mfile:///C:/Users/DELL/Desktop/a2a-dr.-gemini-intake-agent/[
39mnode_modules/[4m@vitest/runner[24m/dist/index.js:533:5
      at runTest [90m(file:///C:/Users/DELL/Desktop/a2a-dr.-gemini-intake
-agent/[39mnode_modules/[4m@vitest/runner[24m/dist/index.js:1056:11[90
m)[39m
      at runSuite [90m(file:///C:/Users/DELL/Desktop/a2a-dr.-gemini-intak
e-agent/[39mnode_modules/[4m@vitest/runner[24m/dist/index.js:1205:15[9
0m)[39m
      at runSuite [90m(file:///C:/Users/DELL/Desktop/a2a-dr.-gemini-intak
e-agent/[39mnode_modules/[4m@vitest/runner[24m/dist/index.js:1205:15[9
0m)[39m,
  retryable: [33mtrue[39m,
  fallbackOptions: [
    {
      id: [32m'retry'[39m,
      label: [32m'Reconnect'[39m,
      description: [32m'Try to reconnect when your connection is 
stable'[39m,
      action: [32m'retry'[39m
    }
  ]
}
Unexpected error: {
  code: [32m'INTERNAL_ERROR'[39m,
  message: [32m'Something went wrong. Please try again later.'[39m,
  context: {
    streamErrorCode: [32m'STREAM_NETWORK_ERROR'[39m,
    retryable: [33mtrue[39m,
    originalMessage: [32m'Database connection failed'[39m,
    operation: [32m'getMeetingRoom'[39m,
    appointmentId: [32m' %"!^%}!SR&%%m8""%L&z{!y yIM_\\!!8ap!'[39m
  },
  stack: [32m'Error: Network connection lost. Please check your internet 
connection.\n'[39m +
    [32m'    at toStreamError (C:\\Users\\DELL\\Desktop\\a2a-dr.-gemini-i
ntake-agent\\src\\server\\services\\stream-error-handler.ts:337:10)\n'[39
m +
    [32m'    at Module.logStreamError (C:\\Users\\DELL\\Desktop\\a2a-dr.-
gemini-intake-agent\\src\\server\\services\\stream-error-handler.ts:352:23
)\n'[39m +
    [32m'    at StreamService.getMeetingRoom (C:\\Users\\DELL\\Desktop\\a
2a-dr.-gemini-intake-agent\\src\\server\\services\\stream.ts:331:7)\n'[39
m +
    [32m'    at processTicksAndRejections 
(node:internal/process/task_queues:103:5)'[39m
}
Unhandled error: StreamError: Network connection lost. Please check your 
internet connection.
    at toStreamError [90m(C:\Users\DELL\Desktop\a2a-dr.-gemini-intake-age
nt\[39msrc\server\services\stream-error-handler.ts:337:10[90m)[39m
    at Module.logStreamError [90m(C:\Users\DELL\Desktop\a2a-dr.-gemini-in
take-agent\[39msrc\server\services\stream-error-handler.ts:352:23[90m)[
39m
    at StreamService.getMeetingRoom [90m(C:\Users\DELL\Desktop\a2a-dr.-ge
mini-intake-agent\[39msrc\server\services\stream.ts:331:7[90m)[39m
[90m    at processTicksAndRejections 
(node:internal/process/task_queues:103:5)[39m {
  code: [32m'STREAM_NETWORK_ERROR'[39m,
  originalError: Error: Database connection failed
      at [90mC:\Users\DELL\Desktop\a2a-dr.-gemini-intake-agent\[39m__tes
ts__\properties\meeting-room-data-consistency.property.test.ts:288:48
      at AsyncProperty.predicate [90m(file:///C:/Users/DELL/Desktop/a2a-d
r.-gemini-intake-agent/[39mnode_modules/[4mfast-check[24m/lib/esm/check
/property/AsyncProperty.js:14:59[90m)[39m
      at AsyncProperty.run [90m(file:///C:/Users/DELL/Desktop/a2a-dr.-gem
ini-intake-agent/[39mnode_modules/[4mfast-check[24m/lib/esm/check/prope
rty/AsyncProperty.generic.js:46:39[90m)[39m
      at asyncRunIt [90m(file:///C:/Users/DELL/Desktop/a2a-dr.-gemini-int
ake-agent/[39mnode_modules/[4mfast-check[24m/lib/esm/check/runner/Runne
r.js:33:36[90m)[39m
  [90m    at processTicksAndRejections 
(node:internal/process/task_queues:103:5)[39m
      at [90mC:\Users\DELL\Desktop\a2a-dr.-gemini-intake-agent\[39m__tes
ts__\properties\meeting-room-data-consistency.property.test.ts:282:5
      at [90mfile:///C:/Users/DELL/Desktop/a2a-dr.-gemini-intake-agent/[
39mnode_modules/[4m@vitest/runner[24m/dist/index.js:533:5
      at runTest [90m(file:///C:/Users/DELL/Desktop/a2a-dr.-gemini-intake
-agent/[39mnode_modules/[4m@vitest/runner[24m/dist/index.js:1056:11[90
m)[39m
      at runSuite [90m(file:///C:/Users/DELL/Desktop/a2a-dr.-gemini-intak
e-agent/[39mnode_modules/[4m@vitest/runner[24m/dist/index.js:1205:15[9
0m)[39m
      at runSuite [90m(file:///C:/Users/DELL/Desktop/a2a-dr.-gemini-intak
e-agent/[39mnode_modules/[4m@vitest/runner[24m/dist/index.js:1205:15[9
0m)[39m,
  retryable: [33mtrue[39m,
  fallbackOptions: [
    {
      id: [32m'retry'[39m,
      label: [32m'Reconnect'[39m,
      description: [32m'Try to reconnect when your connection is 
stable'[39m,
      action: [32m'retry'[39m
    }
  ]
}
Unexpected error: {
  code: [32m'INTERNAL_ERROR'[39m,
  message: [32m'Something went wrong. Please try again later.'[39m,
  context: {
    streamErrorCode: [32m'STREAM_NETWORK_ERROR'[39m,
    retryable: [33mtrue[39m,
    originalMessage: [32m'Database connection failed'[39m,
    operation: [32m'getMeetingRoom'[39m,
    appointmentId: [32m`"zv~?"|R$$tJ$d[#yx#1{~#T&2C"![}3n&Z'`[39m
  },
  stack: [32m'Error: Network connection lost. Please check your internet 
connection.\n'[39m +
    [32m'    at toStreamError (C:\\Users\\DELL\\Desktop\\a2a-dr.-gemini-i
ntake-agent\\src\\server\\services\\stream-error-handler.ts:337:10)\n'[39
m +
    [32m'    at Module.logStreamError (C:\\Users\\DELL\\Desktop\\a2a-dr.-
gemini-intake-agent\\src\\server\\services\\stream-error-handler.ts:352:23
)\n'[39m +
    [32m'    at StreamService.getMeetingRoom (C:\\Users\\DELL\\Desktop\\a
2a-dr.-gemini-intake-agent\\src\\server\\services\\stream.ts:331:7)\n'[39
m +
    [32m'    at processTicksAndRejections 
(node:internal/process/task_queues:103:5)'[39m
}
Unhandled error: StreamError: Network connection lost. Please check your 
internet connection.
    at toStreamError [90m(C:\Users\DELL\Desktop\a2a-dr.-gemini-intake-age
nt\[39msrc\server\services\stream-error-handler.ts:337:10[90m)[39m
    at Module.logStreamError [90m(C:\Users\DELL\Desktop\a2a-dr.-gemini-in
take-agent\[39msrc\server\services\stream-error-handler.ts:352:23[90m)[
39m
    at StreamService.getMeetingRoom [90m(C:\Users\DELL\Desktop\a2a-dr.-ge
mini-intake-agent\[39msrc\server\services\stream.ts:331:7[90m)[39m
[90m    at processTicksAndRejections 
(node:internal/process/task_queues:103:5)[39m {
  code: [32m'STREAM_NETWORK_ERROR'[39m,
  originalError: Error: Database connection failed
      at [90mC:\Users\DELL\Desktop\a2a-dr.-gemini-intake-agent\[39m__tes
ts__\properties\meeting-room-data-consistency.property.test.ts:288:48
      at AsyncProperty.predicate [90m(file:///C:/Users/DELL/Desktop/a2a-d
r.-gemini-intake-agent/[39mnode_modules/[4mfast-check[24m/lib/esm/check
/property/AsyncProperty.js:14:59[90m)[39m
      at AsyncProperty.run [90m(file:///C:/Users/DELL/Desktop/a2a-dr.-gem
ini-intake-agent/[39mnode_modules/[4mfast-check[24m/lib/esm/check/prope
rty/AsyncProperty.generic.js:46:39[90m)[39m
      at asyncRunIt [90m(file:///C:/Users/DELL/Desktop/a2a-dr.-gemini-int
ake-agent/[39mnode_modules/[4mfast-check[24m/lib/esm/check/runner/Runne
r.js:33:36[90m)[39m
  [90m    at processTicksAndRejections 
(node:internal/process/task_queues:103:5)[39m
      at [90mC:\Users\DELL\Desktop\a2a-dr.-gemini-intake-agent\[39m__tes
ts__\properties\meeting-room-data-consistency.property.test.ts:282:5
      at [90mfile:///C:/Users/DELL/Desktop/a2a-dr.-gemini-intake-agent/[
39mnode_modules/[4m@vitest/runner[24m/dist/index.js:533:5
      at runTest [90m(file:///C:/Users/DELL/Desktop/a2a-dr.-gemini-intake
-agent/[39mnode_modules/[4m@vitest/runner[24m/dist/index.js:1056:11[90
m)[39m
      at runSuite [90m(file:///C:/Users/DELL/Desktop/a2a-dr.-gemini-intak
e-agent/[39mnode_modules/[4m@vitest/runner[24m/dist/index.js:1205:15[9
0m)[39m
      at runSuite [90m(file:///C:/Users/DELL/Desktop/a2a-dr.-gemini-intak
e-agent/[39mnode_modules/[4m@vitest/runner[24m/dist/index.js:1205:15[9
0m)[39m,
  retryable: [33mtrue[39m,
  fallbackOptions: [
    {
      id: [32m'retry'[39m,
      label: [32m'Reconnect'[39m,
      description: [32m'Try to reconnect when your connection is 
stable'[39m,
      action: [32m'retry'[39m
    }
  ]
}
Unexpected error: {
  code: [32m'INTERNAL_ERROR'[39m,
  message: [32m'Something went wrong. Please try again later.'[39m,
  context: {
    streamErrorCode: [32m'STREAM_NETWORK_ERROR'[39m,
    retryable: [33mtrue[39m,
    originalMessage: [32m'Database connection failed'[39m,
    operation: [32m'getMeetingRoom'[39m,
    appointmentId: [32m'& \\F^$n$\\V# yvM}!s ]#$"|$.%Y"x#T"Q4!'[39m
  },
  stack: [32m'Error: Network connection lost. Please check your internet 
connection.\n'[39m +
    [32m'    at toStreamError (C:\\Users\\DELL\\Desktop\\a2a-dr.-gemini-i
ntake-agent\\src\\server\\services\\stream-error-handler.ts:337:10)\n'[39
m +
    [32m'    at Module.logStreamError (C:\\Users\\DELL\\Desktop\\a2a-dr.-
gemini-intake-agent\\src\\server\\services\\stream-error-handler.ts:352:23
)\n'[39m +
    [32m'    at StreamService.getMeetingRoom (C:\\Users\\DELL\\Desktop\\a
2a-dr.-gemini-intake-agent\\src\\server\\services\\stream.ts:331:7)\n'[39
m +
    [32m'    at processTicksAndRejections 
(node:internal/process/task_queues:103:5)'[39m
}
Unhandled error: StreamError: Network connection lost. Please check your 
internet connection.
    at toStreamError [90m(C:\Users\DELL\Desktop\a2a-dr.-gemini-intake-age
nt\[39msrc\server\services\stream-error-handler.ts:337:10[90m)[39m
    at Module.logStreamError [90m(C:\Users\DELL\Desktop\a2a-dr.-gemini-in
take-agent\[39msrc\server\services\stream-error-handler.ts:352:23[90m)[
39m
    at StreamService.getMeetingRoom [90m(C:\Users\DELL\Desktop\a2a-dr.-ge
mini-intake-agent\[39msrc\server\services\stream.ts:331:7[90m)[39m
[90m    at processTicksAndRejections 
(node:internal/process/task_queues:103:5)[39m {
  code: [32m'STREAM_NETWORK_ERROR'[39m,
  originalError: Error: Database connection failed
      at [90mC:\Users\DELL\Desktop\a2a-dr.-gemini-intake-agent\[39m__tes
ts__\properties\meeting-room-data-consistency.property.test.ts:288:48
      at AsyncProperty.predicate [90m(file:///C:/Users/DELL/Desktop/a2a-d
r.-gemini-intake-agent/[39mnode_modules/[4mfast-check[24m/lib/esm/check
/property/AsyncProperty.js:14:59[90m)[39m
      at AsyncProperty.run [90m(file:///C:/Users/DELL/Desktop/a2a-dr.-gem
ini-intake-agent/[39mnode_modules/[4mfast-check[24m/lib/esm/check/prope
rty/AsyncProperty.generic.js:46:39[90m)[39m
      at asyncRunIt [90m(file:///C:/Users/DELL/Desktop/a2a-dr.-gemini-int
ake-agent/[39mnode_modules/[4mfast-check[24m/lib/esm/check/runner/Runne
r.js:33:36[90m)[39m
  [90m    at processTicksAndRejections 
(node:internal/process/task_queues:103:5)[39m
      at [90mC:\Users\DELL\Desktop\a2a-dr.-gemini-intake-agent\[39m__tes
ts__\properties\meeting-room-data-consistency.property.test.ts:282:5
      at [90mfile:///C:/Users/DELL/Desktop/a2a-dr.-gemini-intake-agent/[
39mnode_modules/[4m@vitest/runner[24m/dist/index.js:533:5
      at runTest [90m(file:///C:/Users/DELL/Desktop/a2a-dr.-gemini-intake
-agent/[39mnode_modules/[4m@vitest/runner[24m/dist/index.js:1056:11[90
m)[39m
      at runSuite [90m(file:///C:/Users/DELL/Desktop/a2a-dr.-gemini-intak
e-agent/[39mnode_modules/[4m@vitest/runner[24m/dist/index.js:1205:15[9
0m)[39m
      at runSuite [90m(file:///C:/Users/DELL/Desktop/a2a-dr.-gemini-intak
e-agent/[39mnode_modules/[4m@vitest/runner[24m/dist/index.js:1205:15[9
0m)[39m,
  retryable: [33mtrue[39m,
  fallbackOptions: [
    {
      id: [32m'retry'[39m,
      label: [32m'Reconnect'[39m,
      description: [32m'Try to reconnect when your connection is 
stable'[39m,
      action: [32m'retry'[39m
    }
  ]
}
Unexpected error: {
  code: [32m'INTERNAL_ERROR'[39m,
  message: [32m'Something went wrong. Please try again later.'[39m,
  context: {
    streamErrorCode: [32m'STREAM_NETWORK_ERROR'[39m,
    retryable: [33mtrue[39m,
    originalMessage: [32m'Database connection failed'[39m,
    operation: [32m'getMeetingRoom'[39m,
    appointmentId: [32m'{}3`Oy" &x!~*?c!$~d%3{ yBz~xQO<=0X$&'[39m
  },
  stack: [32m'Error: Network connection lost. Please check your internet 
connection.\n'[39m +
    [32m'    at toStreamError (C:\\Users\\DELL\\Desktop\\a2a-dr.-gemini-i
ntake-agent\\src\\server\\services\\stream-error-handler.ts:337:10)\n'[39
m +
    [32m'    at Module.logStreamError (C:\\Users\\DELL\\Desktop\\a2a-dr.-
gemini-intake-agent\\src\\server\\services\\stream-error-handler.ts:352:23
)\n'[39m +
    [32m'    at StreamService.getMeetingRoom (C:\\Users\\DELL\\Desktop\\a
2a-dr.-gemini-intake-agent\\src\\server\\services\\stream.ts:331:7)\n'[39
m +
    [32m'    at processTicksAndRejections 
(node:internal/process/task_queues:103:5)'[39m
}
Unhandled error: StreamError: Network connection lost. Please check your 
internet connection.
    at toStreamError [90m(C:\Users\DELL\Desktop\a2a-dr.-gemini-intake-age
nt\[39msrc\server\services\stream-error-handler.ts:337:10[90m)[39m
    at Module.logStreamError [90m(C:\Users\DELL\Desktop\a2a-dr.-gemini-in
take-agent\[39msrc\server\services\stream-error-handler.ts:352:23[90m)[
39m
    at StreamService.getMeetingRoom [90m(C:\Users\DELL\Desktop\a2a-dr.-ge
mini-intake-agent\[39msrc\server\services\stream.ts:331:7[90m)[39m
[90m    at processTicksAndRejections 
(node:internal/process/task_queues:103:5)[39m {
  code: [32m'STREAM_NETWORK_ERROR'[39m,
  originalError: Error: Database connection failed
      at [90mC:\Users\DELL\Desktop\a2a-dr.-gemini-intake-agent\[39m__tes
ts__\properties\meeting-room-data-consistency.property.test.ts:288:48
      at AsyncProperty.predicate [90m(file:///C:/Users/DELL/Desktop/a2a-d
r.-gemini-intake-agent/[39mnode_modules/[4mfast-check[24m/lib/esm/check
/property/AsyncProperty.js:14:59[90m)[39m
      at AsyncProperty.run [90m(file:///C:/Users/DELL/Desktop/a2a-dr.-gem
ini-intake-agent/[39mnode_modules/[4mfast-check[24m/lib/esm/check/prope
rty/AsyncProperty.generic.js:46:39[90m)[39m
      at asyncRunIt [90m(file:///C:/Users/DELL/Desktop/a2a-dr.-gemini-int
ake-agent/[39mnode_modules/[4mfast-check[24m/lib/esm/check/runner/Runne
r.js:33:36[90m)[39m
  [90m    at processTicksAndRejections 
(node:internal/process/task_queues:103:5)[39m
      at [90mC:\Users\DELL\Desktop\a2a-dr.-gemini-intake-agent\[39m__tes
ts__\properties\meeting-room-data-consistency.property.test.ts:282:5
      at [90mfile:///C:/Users/DELL/Desktop/a2a-dr.-gemini-intake-agent/[
39mnode_modules/[4m@vitest/runner[24m/dist/index.js:533:5
      at runTest [90m(file:///C:/Users/DELL/Desktop/a2a-dr.-gemini-intake
-agent/[39mnode_modules/[4m@vitest/runner[24m/dist/index.js:1056:11[90
m)[39m
      at runSuite [90m(file:///C:/Users/DELL/Desktop/a2a-dr.-gemini-intak
e-agent/[39mnode_modules/[4m@vitest/runner[24m/dist/index.js:1205:15[9
0m)[39m
      at runSuite [90m(file:///C:/Users/DELL/Desktop/a2a-dr.-gemini-intak
e-agent/[39mnode_modules/[4m@vitest/runner[24m/dist/index.js:1205:15[9
0m)[39m,
  retryable: [33mtrue[39m,
  fallbackOptions: [
    {
      id: [32m'retry'[39m,
      label: [32m'Reconnect'[39m,
      description: [32m'Try to reconnect when your connection is 
stable'[39m,
      action: [32m'retry'[39m
    }
  ]
}
Unexpected error: {
  code: [32m'INTERNAL_ERROR'[39m,
  message: [32m'Something went wrong. Please try again later.'[39m,
  context: {
    streamErrorCode: [32m'STREAM_NETWORK_ERROR'[39m,
    retryable: [33mtrue[39m,
    originalMessage: [32m'Database connection failed'[39m,
    operation: [32m'getMeetingRoom'[39m,
    appointmentId: [32m'z{;IG! l#I$zV $$2#&M~! "/j!x+6uHz"+|'[39m
  },
  stack: [32m'Error: Network connection lost. Please check your internet 
connection.\n'[39m +
    [32m'    at toStreamError (C:\\Users\\DELL\\Desktop\\a2a-dr.-gemini-i
ntake-agent\\src\\server\\services\\stream-error-handler.ts:337:10)\n'[39
m +
    [32m'    at Module.logStreamError (C:\\Users\\DELL\\Desktop\\a2a-dr.-
gemini-intake-agent\\src\\server\\services\\stream-error-handler.ts:352:23
)\n'[39m +
    [32m'    at StreamService.getMeetingRoom (C:\\Users\\DELL\\Desktop\\a
2a-dr.-gemini-intake-agent\\src\\server\\services\\stream.ts:331:7)\n'[39
m +
    [32m'    at processTicksAndRejections 
(node:internal/process/task_queues:103:5)'[39m
}
Unhandled error: StreamError: Network connection lost. Please check your 
internet connection.
    at toStreamError [90m(C:\Users\DELL\Desktop\a2a-dr.-gemini-intake-age
nt\[39msrc\server\services\stream-error-handler.ts:337:10[90m)[39m
    at Module.logStreamError [90m(C:\Users\DELL\Desktop\a2a-dr.-gemini-in
take-agent\[39msrc\server\services\stream-error-handler.ts:352:23[90m)[
39m
    at StreamService.getMeetingRoom [90m(C:\Users\DELL\Desktop\a2a-dr.-ge
mini-intake-agent\[39msrc\server\services\stream.ts:331:7[90m)[39m
[90m    at processTicksAndRejections 
(node:internal/process/task_queues:103:5)[39m {
  code: [32m'STREAM_NETWORK_ERROR'[39m,
  originalError: Error: Database connection failed
      at [90mC:\Users\DELL\Desktop\a2a-dr.-gemini-intake-agent\[39m__tes
ts__\properties\meeting-room-data-consistency.property.test.ts:288:48
      at AsyncProperty.predicate [90m(file:///C:/Users/DELL/Desktop/a2a-d
r.-gemini-intake-agent/[39mnode_modules/[4mfast-check[24m/lib/esm/check
/property/AsyncProperty.js:14:59[90m)[39m
      at AsyncProperty.run [90m(file:///C:/Users/DELL/Desktop/a2a-dr.-gem
ini-intake-agent/[39mnode_modules/[4mfast-check[24m/lib/esm/check/prope
rty/AsyncProperty.generic.js:46:39[90m)[39m
      at asyncRunIt [90m(file:///C:/Users/DELL/Desktop/a2a-dr.-gemini-int
ake-agent/[39mnode_modules/[4mfast-check[24m/lib/esm/check/runner/Runne
r.js:33:36[90m)[39m
  [90m    at processTicksAndRejections 
(node:internal/process/task_queues:103:5)[39m
      at [90mC:\Users\DELL\Desktop\a2a-dr.-gemini-intake-agent\[39m__tes
ts__\properties\meeting-room-data-consistency.property.test.ts:282:5
      at [90mfile:///C:/Users/DELL/Desktop/a2a-dr.-gemini-intake-agent/[
39mnode_modules/[4m@vitest/runner[24m/dist/index.js:533:5
      at runTest [90m(file:///C:/Users/DELL/Desktop/a2a-dr.-gemini-intake
-agent/[39mnode_modules/[4m@vitest/runner[24m/dist/index.js:1056:11[90
m)[39m
      at runSuite [90m(file:///C:/Users/DELL/Desktop/a2a-dr.-gemini-intak
e-agent/[39mnode_modules/[4m@vitest/runner[24m/dist/index.js:1205:15[9
0m)[39m
      at runSuite [90m(file:///C:/Users/DELL/Desktop/a2a-dr.-gemini-intak
e-agent/[39mnode_modules/[4m@vitest/runner[24m/dist/index.js:1205:15[9
0m)[39m,
  retryable: [33mtrue[39m,
  fallbackOptions: [
    {
      id: [32m'retry'[39m,
      label: [32m'Reconnect'[39m,
      description: [32m'Try to reconnect when your connection is 
stable'[39m,
      action: [32m'retry'[39m
    }
  ]
}
Unexpected error: {
  code: [32m'INTERNAL_ERROR'[39m,
  message: [32m'Something went wrong. Please try again later.'[39m,
  context: {
    streamErrorCode: [32m'STREAM_NETWORK_ERROR'[39m,
    retryable: [33mtrue[39m,
    originalMessage: [32m'Database connection failed'[39m,
    operation: [32m'getMeetingRoom'[39m,
    appointmentId: [32m'#Z@2|A  V6yg&J&}#X$$7"f$hI2+&#n@y"UA'[39m
  },
  stack: [32m'Error: Network connection lost. Please check your internet 
connection.\n'[39m +
    [32m'    at toStreamError (C:\\Users\\DELL\\Desktop\\a2a-dr.-gemini-i
ntake-agent\\src\\server\\services\\stream-error-handler.ts:337:10)\n'[39
m +
    [32m'    at Module.logStreamError (C:\\Users\\DELL\\Desktop\\a2a-dr.-
gemini-intake-agent\\src\\server\\services\\stream-error-handler.ts:352:23
)\n'[39m +
    [32m'    at StreamService.getMeetingRoom (C:\\Users\\DELL\\Desktop\\a
2a-dr.-gemini-intake-agent\\src\\server\\services\\stream.ts:331:7)\n'[39
m +
    [32m'    at processTicksAndRejections 
(node:internal/process/task_queues:103:5)'[39m
}
Unhandled error: StreamError: Network connection lost. Please check your 
internet connection.
    at toStreamError [90m(C:\Users\DELL\Desktop\a2a-dr.-gemini-intake-age
nt\[39msrc\server\services\stream-error-handler.ts:337:10[90m)[39m
    at Module.logStreamError [90m(C:\Users\DELL\Desktop\a2a-dr.-gemini-in
take-agent\[39msrc\server\services\stream-error-handler.ts:352:23[90m)[
39m
    at StreamService.getMeetingRoom [90m(C:\Users\DELL\Desktop\a2a-dr.-ge
mini-intake-agent\[39msrc\server\services\stream.ts:331:7[90m)[39m
[90m    at processTicksAndRejections 
(node:internal/process/task_queues:103:5)[39m {
  code: [32m'STREAM_NETWORK_ERROR'[39m,
  originalError: Error: Database connection failed
      at [90mC:\Users\DELL\Desktop\a2a-dr.-gemini-intake-agent\[39m__tes
ts__\properties\meeting-room-data-consistency.property.test.ts:288:48
      at AsyncProperty.predicate [90m(file:///C:/Users/DELL/Desktop/a2a-d
r.-gemini-intake-agent/[39mnode_modules/[4mfast-check[24m/lib/esm/check
/property/AsyncProperty.js:14:59[90m)[39m
      at AsyncProperty.run [90m(file:///C:/Users/DELL/Desktop/a2a-dr.-gem
ini-intake-agent/[39mnode_modules/[4mfast-check[24m/lib/esm/check/prope
rty/AsyncProperty.generic.js:46:39[90m)[39m
      at asyncRunIt [90m(file:///C:/Users/DELL/Desktop/a2a-dr.-gemini-int
ake-agent/[39mnode_modules/[4mfast-check[24m/lib/esm/check/runner/Runne
r.js:33:36[90m)[39m
  [90m    at processTicksAndRejections 
(node:internal/process/task_queues:103:5)[39m
      at [90mC:\Users\DELL\Desktop\a2a-dr.-gemini-intake-agent\[39m__tes
ts__\properties\meeting-room-data-consistency.property.test.ts:282:5
      at [90mfile:///C:/Users/DELL/Desktop/a2a-dr.-gemini-intake-agent/[
39mnode_modules/[4m@vitest/runner[24m/dist/index.js:533:5
      at runTest [90m(file:///C:/Users/DELL/Desktop/a2a-dr.-gemini-intake
-agent/[39mnode_modules/[4m@vitest/runner[24m/dist/index.js:1056:11[90
m)[39m
      at runSuite [90m(file:///C:/Users/DELL/Desktop/a2a-dr.-gemini-intak
e-agent/[39mnode_modules/[4m@vitest/runner[24m/dist/index.js:1205:15[9
0m)[39m
      at runSuite [90m(file:///C:/Users/DELL/Desktop/a2a-dr.-gemini-intak
e-agent/[39mnode_modules/[4m@vitest/runner[24m/dist/index.js:1205:15[9
0m)[39m,
  retryable: [33mtrue[39m,
  fallbackOptions: [
    {
      id: [32m'retry'[39m,
      label: [32m'Reconnect'[39m,
      description: [32m'Try to reconnect when your connection is 
stable'[39m,
      action: [32m'retry'[39m
    }
  ]
}
Unexpected error: {
  code: [32m'INTERNAL_ERROR'[39m,
  message: [32m'Something went wrong. Please try again later.'[39m,
  context: {
    streamErrorCode: [32m'STREAM_NETWORK_ERROR'[39m,
    retryable: [33mtrue[39m,
    originalMessage: [32m'Database connection failed'[39m,
    operation: [32m'getMeetingRoom'[39m,
    appointmentId: [32m'%!yR`R!& !6%q}!%fS`d&;@DxV`a|0x9xvMY'[39m
  },
  stack: [32m'Error: Network connection lost. Please check your internet 
connection.\n'[39m +
    [32m'    at toStreamError (C:\\Users\\DELL\\Desktop\\a2a-dr.-gemini-i
ntake-agent\\src\\server\\services\\stream-error-handler.ts:337:10)\n'[39
m +
    [32m'    at Module.logStreamError (C:\\Users\\DELL\\Desktop\\a2a-dr.-
gemini-intake-agent\\src\\server\\services\\stream-error-handler.ts:352:23
)\n'[39m +
    [32m'    at StreamService.getMeetingRoom (C:\\Users\\DELL\\Desktop\\a
2a-dr.-gemini-intake-agent\\src\\server\\services\\stream.ts:331:7)\n'[39
m +
    [32m'    at processTicksAndRejections 
(node:internal/process/task_queues:103:5)'[39m
}
Unhandled error: StreamError: Network connection lost. Please check your 
internet connection.
    at toStreamError [90m(C:\Users\DELL\Desktop\a2a-dr.-gemini-intake-age
nt\[39msrc\server\services\stream-error-handler.ts:337:10[90m)[39m
    at Module.logStreamError [90m(C:\Users\DELL\Desktop\a2a-dr.-gemini-in
take-agent\[39msrc\server\services\stream-error-handler.ts:352:23[90m)[
39m
    at StreamService.getMeetingRoom [90m(C:\Users\DELL\Desktop\a2a-dr.-ge
mini-intake-agent\[39msrc\server\services\stream.ts:331:7[90m)[39m
[90m    at processTicksAndRejections 
(node:internal/process/task_queues:103:5)[39m {
  code: [32m'STREAM_NETWORK_ERROR'[39m,
  originalError: Error: Database connection failed
      at [90mC:\Users\DELL\Desktop\a2a-dr.-gemini-intake-agent\[39m__tes
ts__\properties\meeting-room-data-consistency.property.test.ts:288:48
      at AsyncProperty.predicate [90m(file:///C:/Users/DELL/Desktop/a2a-d
r.-gemini-intake-agent/[39mnode_modules/[4mfast-check[24m/lib/esm/check
/property/AsyncProperty.js:14:59[90m)[39m
      at AsyncProperty.run [90m(file:///C:/Users/DELL/Desktop/a2a-dr.-gem
ini-intake-agent/[39mnode_modules/[4mfast-check[24m/lib/esm/check/prope
rty/AsyncProperty.generic.js:46:39[90m)[39m
      at asyncRunIt [90m(file:///C:/Users/DELL/Desktop/a2a-dr.-gemini-int
ake-agent/[39mnode_modules/[4mfast-check[24m/lib/esm/check/runner/Runne
r.js:33:36[90m)[39m
  [90m    at processTicksAndRejections 
(node:internal/process/task_queues:103:5)[39m
      at [90mC:\Users\DELL\Desktop\a2a-dr.-gemini-intake-agent\[39m__tes
ts__\properties\meeting-room-data-consistency.property.test.ts:282:5
      at [90mfile:///C:/Users/DELL/Desktop/a2a-dr.-gemini-intake-agent/[
39mnode_modules/[4m@vitest/runner[24m/dist/index.js:533:5
      at runTest [90m(file:///C:/Users/DELL/Desktop/a2a-dr.-gemini-intake
-agent/[39mnode_modules/[4m@vitest/runner[24m/dist/index.js:1056:11[90
m)[39m
      at runSuite [90m(file:///C:/Users/DELL/Desktop/a2a-dr.-gemini-intak
e-agent/[39mnode_modules/[4m@vitest/runner[24m/dist/index.js:1205:15[9
0m)[39m
      at runSuite [90m(file:///C:/Users/DELL/Desktop/a2a-dr.-gemini-intak
e-agent/[39mnode_modules/[4m@vitest/runner[24m/dist/index.js:1205:15[9
0m)[39m,
  retryable: [33mtrue[39m,
  fallbackOptions: [
    {
      id: [32m'retry'[39m,
      label: [32m'Reconnect'[39m,
      description: [32m'Try to reconnect when your connection is 
stable'[39m,
      action: [32m'retry'[39m
    }
  ]
}
Unexpected error: {
  code: [32m'INTERNAL_ERROR'[39m,
  message: [32m'Something went wrong. Please try again later.'[39m,
  context: {
    streamErrorCode: [32m'STREAM_NETWORK_ERROR'[39m,
    retryable: [33mtrue[39m,
    originalMessage: [32m'Database connection failed'[39m,
    operation: [32m'getMeetingRoom'[39m,
    appointmentId: [32m'}$C&n\\7"4k$R\\lH`b?!Mc.  <]`= He#"_%L'[39m
  },
  stack: [32m'Error: Network connection lost. Please check your internet 
connection.\n'[39m +
    [32m'    at toStreamError (C:\\Users\\DELL\\Desktop\\a2a-dr.-gemini-i
ntake-agent\\src\\server\\services\\stream-error-handler.ts:337:10)\n'[39
m +
    [32m'    at Module.logStreamError (C:\\Users\\DELL\\Desktop\\a2a-dr.-
gemini-intake-agent\\src\\server\\services\\stream-error-handler.ts:352:23
)\n'[39m +
    [32m'    at StreamService.getMeetingRoom (C:\\Users\\DELL\\Desktop\\a
2a-dr.-gemini-intake-agent\\src\\server\\services\\stream.ts:331:7)\n'[39
m +
    [32m'    at processTicksAndRejections 
(node:internal/process/task_queues:103:5)'[39m
}
Unhandled error: StreamError: Network connection lost. Please check your 
internet connection.
    at toStreamError [90m(C:\Users\DELL\Desktop\a2a-dr.-gemini-intake-age
nt\[39msrc\server\services\stream-error-handler.ts:337:10[90m)[39m
    at Module.logStreamError [90m(C:\Users\DELL\Desktop\a2a-dr.-gemini-in
take-agent\[39msrc\server\services\stream-error-handler.ts:352:23[90m)[
39m
    at StreamService.getMeetingRoom [90m(C:\Users\DELL\Desktop\a2a-dr.-ge
mini-intake-agent\[39msrc\server\services\stream.ts:331:7[90m)[39m
[90m    at processTicksAndRejections 
(node:internal/process/task_queues:103:5)[39m {
  code: [32m'STREAM_NETWORK_ERROR'[39m,
  originalError: Error: Database connection failed
      at [90mC:\Users\DELL\Desktop\a2a-dr.-gemini-intake-agent\[39m__tes
ts__\properties\meeting-room-data-consistency.property.test.ts:288:48
      at AsyncProperty.predicate [90m(file:///C:/Users/DELL/Desktop/a2a-d
r.-gemini-intake-agent/[39mnode_modules/[4mfast-check[24m/lib/esm/check
/property/AsyncProperty.js:14:59[90m)[39m
      at AsyncProperty.run [90m(file:///C:/Users/DELL/Desktop/a2a-dr.-gem
ini-intake-agent/[39mnode_modules/[4mfast-check[24m/lib/esm/check/prope
rty/AsyncProperty.generic.js:46:39[90m)[39m
      at asyncRunIt [90m(file:///C:/Users/DELL/Desktop/a2a-dr.-gemini-int
ake-agent/[39mnode_modules/[4mfast-check[24m/lib/esm/check/runner/Runne
r.js:33:36[90m)[39m
  [90m    at processTicksAndRejections 
(node:internal/process/task_queues:103:5)[39m
      at [90mC:\Users\DELL\Desktop\a2a-dr.-gemini-intake-agent\[39m__tes
ts__\properties\meeting-room-data-consistency.property.test.ts:282:5
      at [90mfile:///C:/Users/DELL/Desktop/a2a-dr.-gemini-intake-agent/[
39mnode_modules/[4m@vitest/runner[24m/dist/index.js:533:5
      at runTest [90m(file:///C:/Users/DELL/Desktop/a2a-dr.-gemini-intake
-agent/[39mnode_modules/[4m@vitest/runner[24m/dist/index.js:1056:11[90
m)[39m
      at runSuite [90m(file:///C:/Users/DELL/Desktop/a2a-dr.-gemini-intak
e-agent/[39mnode_modules/[4m@vitest/runner[24m/dist/index.js:1205:15[9
0m)[39m
      at runSuite [90m(file:///C:/Users/DELL/Desktop/a2a-dr.-gemini-intak
e-agent/[39mnode_modules/[4m@vitest/runner[24m/dist/index.js:1205:15[9
0m)[39m,
  retryable: [33mtrue[39m,
  fallbackOptions: [
    {
      id: [32m'retry'[39m,
      label: [32m'Reconnect'[39m,
      description: [32m'Try to reconnect when your connection is 
stable'[39m,
      action: [32m'retry'[39m
    }
  ]
}
Unexpected error: {
  code: [32m'INTERNAL_ERROR'[39m,
  message: [32m'Something went wrong. Please try again later.'[39m,
  context: {
    streamErrorCode: [32m'STREAM_NETWORK_ERROR'[39m,
    retryable: [33mtrue[39m,
    originalMessage: [32m'Database connection failed'[39m,
    operation: [32m'getMeetingRoom'[39m,
    appointmentId: [32m'k{O^q\\Uw#yEk;&]0Goh!,X$I\\pr}#,&OyyK6'[39m
  },
  stack: [32m'Error: Network connection lost. Please check your internet 
connection.\n'[39m +
    [32m'    at toStreamError (C:\\Users\\DELL\\Desktop\\a2a-dr.-gemini-i
ntake-agent\\src\\server\\services\\stream-error-handler.ts:337:10)\n'[39
m +
    [32m'    at Module.logStreamError (C:\\Users\\DELL\\Desktop\\a2a-dr.-
gemini-intake-agent\\src\\server\\services\\stream-error-handler.ts:352:23
)\n'[39m +
    [32m'    at StreamService.getMeetingRoom (C:\\Users\\DELL\\Desktop\\a
2a-dr.-gemini-intake-agent\\src\\server\\services\\stream.ts:331:7)\n'[39
m +
    [32m'    at processTicksAndRejections 
(node:internal/process/task_queues:103:5)'[39m
}
Unhandled error: StreamError: Network connection lost. Please check your 
internet connection.
    at toStreamError [90m(C:\Users\DELL\Desktop\a2a-dr.-gemini-intake-age
nt\[39msrc\server\services\stream-error-handler.ts:337:10[90m)[39m
    at Module.logStreamError [90m(C:\Users\DELL\Desktop\a2a-dr.-gemini-in
take-agent\[39msrc\server\services\stream-error-handler.ts:352:23[90m)[
39m
    at StreamService.getMeetingRoom [90m(C:\Users\DELL\Desktop\a2a-dr.-ge
mini-intake-agent\[39msrc\server\services\stream.ts:331:7[90m)[39m
[90m    at processTicksAndRejections 
(node:internal/process/task_queues:103:5)[39m {
  code: [32m'STREAM_NETWORK_ERROR'[39m,
  originalError: Error: Database connection failed
      at [90mC:\Users\DELL\Desktop\a2a-dr.-gemini-intake-agent\[39m__tes
ts__\properties\meeting-room-data-consistency.property.test.ts:288:48
      at AsyncProperty.predicate [90m(file:///C:/Users/DELL/Desktop/a2a-d
r.-gemini-intake-agent/[39mnode_modules/[4mfast-check[24m/lib/esm/check
/property/AsyncProperty.js:14:59[90m)[39m
      at AsyncProperty.run [90m(file:///C:/Users/DELL/Desktop/a2a-dr.-gem
ini-intake-agent/[39mnode_modules/[4mfast-check[24m/lib/esm/check/prope
rty/AsyncProperty.generic.js:46:39[90m)[39m
      at asyncRunIt [90m(file:///C:/Users/DELL/Desktop/a2a-dr.-gemini-int
ake-agent/[39mnode_modules/[4mfast-check[24m/lib/esm/check/runner/Runne
r.js:33:36[90m)[39m
  [90m    at processTicksAndRejections 
(node:internal/process/task_queues:103:5)[39m
      at [90mC:\Users\DELL\Desktop\a2a-dr.-gemini-intake-agent\[39m__tes
ts__\properties\meeting-room-data-consistency.property.test.ts:282:5
      at [90mfile:///C:/Users/DELL/Desktop/a2a-dr.-gemini-intake-agent/[
39mnode_modules/[4m@vitest/runner[24m/dist/index.js:533:5
      at runTest [90m(file:///C:/Users/DELL/Desktop/a2a-dr.-gemini-intake
-agent/[39mnode_modules/[4m@vitest/runner[24m/dist/index.js:1056:11[90
m)[39m
      at runSuite [90m(file:///C:/Users/DELL/Desktop/a2a-dr.-gemini-intak
e-agent/[39mnode_modules/[4m@vitest/runner[24m/dist/index.js:1205:15[9
0m)[39m
      at runSuite [90m(file:///C:/Users/DELL/Desktop/a2a-dr.-gemini-intak
e-agent/[39mnode_modules/[4m@vitest/runner[24m/dist/index.js:1205:15[9
0m)[39m,
  retryable: [33mtrue[39m,
  fallbackOptions: [
    {
      id: [32m'retry'[39m,
      label: [32m'Reconnect'[39m,
      description: [32m'Try to reconnect when your connection is 
stable'[39m,
      action: [32m'retry'[39m
    }
  ]
}
Unexpected error: {
  code: [32m'INTERNAL_ERROR'[39m,
  message: [32m'Something went wrong. Please try again later.'[39m,
  context: {
    streamErrorCode: [32m'STREAM_NETWORK_ERROR'[39m,
    retryable: [33mtrue[39m,
    originalMessage: [32m'Database connection failed'[39m,
    operation: [32m'getMeetingRoom'[39m,
    appointmentId: [32m'BT K[O_D{c 1&dB-/n snfPrwp\\&I#KL!?fu'[39m
  },
  stack: [32m'Error: Network connection lost. Please check your internet 
connection.\n'[39m +
    [32m'    at toStreamError (C:\\Users\\DELL\\Desktop\\a2a-dr.-gemini-i
ntake-agent\\src\\server\\services\\stream-error-handler.ts:337:10)\n'[39
m +
    [32m'    at Module.logStreamError (C:\\Users\\DELL\\Desktop\\a2a-dr.-
gemini-intake-agent\\src\\server\\services\\stream-error-handler.ts:352:23
)\n'[39m +
    [32m'    at StreamService.getMeetingRoom (C:\\Users\\DELL\\Desktop\\a
2a-dr.-gemini-intake-agent\\src\\server\\services\\stream.ts:331:7)\n'[39
m +
    [32m'    at processTicksAndRejections 
(node:internal/process/task_queues:103:5)'[39m
}
Unhandled error: StreamError: Network connection lost. Please check your 
internet connection.
    at toStreamError [90m(C:\Users\DELL\Desktop\a2a-dr.-gemini-intake-age
nt\[39msrc\server\services\stream-error-handler.ts:337:10[90m)[39m
    at Module.logStreamError [90m(C:\Users\DELL\Desktop\a2a-dr.-gemini-in
take-agent\[39msrc\server\services\stream-error-handler.ts:352:23[90m)[
39m
    at StreamService.getMeetingRoom [90m(C:\Users\DELL\Desktop\a2a-dr.-ge
mini-intake-agent\[39msrc\server\services\stream.ts:331:7[90m)[39m
[90m    at processTicksAndRejections 
(node:internal/process/task_queues:103:5)[39m {
  code: [32m'STREAM_NETWORK_ERROR'[39m,
  originalError: Error: Database connection failed
      at [90mC:\Users\DELL\Desktop\a2a-dr.-gemini-intake-agent\[39m__tes
ts__\properties\meeting-room-data-consistency.property.test.ts:288:48
      at AsyncProperty.predicate [90m(file:///C:/Users/DELL/Desktop/a2a-d
r.-gemini-intake-agent/[39mnode_modules/[4mfast-check[24m/lib/esm/check
/property/AsyncProperty.js:14:59[90m)[39m
      at AsyncProperty.run [90m(file:///C:/Users/DELL/Desktop/a2a-dr.-gem
ini-intake-agent/[39mnode_modules/[4mfast-check[24m/lib/esm/check/prope
rty/AsyncProperty.generic.js:46:39[90m)[39m
      at asyncRunIt [90m(file:///C:/Users/DELL/Desktop/a2a-dr.-gemini-int
ake-agent/[39mnode_modules/[4mfast-check[24m/lib/esm/check/runner/Runne
r.js:33:36[90m)[39m
  [90m    at processTicksAndRejections 
(node:internal/process/task_queues:103:5)[39m
      at [90mC:\Users\DELL\Desktop\a2a-dr.-gemini-intake-agent\[39m__tes
ts__\properties\meeting-room-data-consistency.property.test.ts:282:5
      at [90mfile:///C:/Users/DELL/Desktop/a2a-dr.-gemini-intake-agent/[
39mnode_modules/[4m@vitest/runner[24m/dist/index.js:533:5
      at runTest [90m(file:///C:/Users/DELL/Desktop/a2a-dr.-gemini-intake
-agent/[39mnode_modules/[4m@vitest/runner[24m/dist/index.js:1056:11[90
m)[39m
      at runSuite [90m(file:///C:/Users/DELL/Desktop/a2a-dr.-gemini-intak
e-agent/[39mnode_modules/[4m@vitest/runner[24m/dist/index.js:1205:15[9
0m)[39m
      at runSuite [90m(file:///C:/Users/DELL/Desktop/a2a-dr.-gemini-intak
e-agent/[39mnode_modules/[4m@vitest/runner[24m/dist/index.js:1205:15[9
0m)[39m,
  retryable: [33mtrue[39m,
  fallbackOptions: [
    {
      id: [32m'retry'[39m,
      label: [32m'Reconnect'[39m,
      description: [32m'Try to reconnect when your connection is 
stable'[39m,
      action: [32m'retry'[39m
    }
  ]
}
Unexpected error: {
  code: [32m'INTERNAL_ERROR'[39m,
  message: [32m'Something went wrong. Please try again later.'[39m,
  context: {
    streamErrorCode: [32m'STREAM_NETWORK_ERROR'[39m,
    retryable: [33mtrue[39m,
    originalMessage: [32m'Database connection failed'[39m,
    operation: [32m'getMeetingRoom'[39m,
    appointmentId: [32m'@#$k*9H!6<g~-Dov9lz8)~f_:#$1#s<W&F!!'[39m
  },
  stack: [32m'Error: Network connection lost. Please check your internet 
connection.\n'[39m +
    [32m'    at toStreamError (C:\\Users\\DELL\\Desktop\\a2a-dr.-gemini-i
ntake-agent\\src\\server\\services\\stream-error-handler.ts:337:10)\n'[39
m +
    [32m'    at Module.logStreamError (C:\\Users\\DELL\\Desktop\\a2a-dr.-
gemini-intake-agent\\src\\server\\services\\stream-error-handler.ts:352:23
)\n'[39m +
    [32m'    at StreamService.getMeetingRoom (C:\\Users\\DELL\\Desktop\\a
2a-dr.-gemini-intake-agent\\src\\server\\services\\stream.ts:331:7)\n'[39
m +
    [32m'    at processTicksAndRejections 
(node:internal/process/task_queues:103:5)'[39m
}
Unhandled error: StreamError: Network connection lost. Please check your 
internet connection.
    at toStreamError [90m(C:\Users\DELL\Desktop\a2a-dr.-gemini-intake-age
nt\[39msrc\server\services\stream-error-handler.ts:337:10[90m)[39m
    at Module.logStreamError [90m(C:\Users\DELL\Desktop\a2a-dr.-gemini-in
take-agent\[39msrc\server\services\stream-error-handler.ts:352:23[90m)[
39m
    at StreamService.getMeetingRoom [90m(C:\Users\DELL\Desktop\a2a-dr.-ge
mini-intake-agent\[39msrc\server\services\stream.ts:331:7[90m)[39m
[90m    at processTicksAndRejections 
(node:internal/process/task_queues:103:5)[39m {
  code: [32m'STREAM_NETWORK_ERROR'[39m,
  originalError: Error: Database connection failed
      at [90mC:\Users\DELL\Desktop\a2a-dr.-gemini-intake-agent\[39m__tes
ts__\properties\meeting-room-data-consistency.property.test.ts:288:48
      at AsyncProperty.predicate [90m(file:///C:/Users/DELL/Desktop/a2a-d
r.-gemini-intake-agent/[39mnode_modules/[4mfast-check[24m/lib/esm/check
/property/AsyncProperty.js:14:59[90m)[39m
      at AsyncProperty.run [90m(file:///C:/Users/DELL/Desktop/a2a-dr.-gem
ini-intake-agent/[39mnode_modules/[4mfast-check[24m/lib/esm/check/prope
rty/AsyncProperty.generic.js:46:39[90m)[39m
      at asyncRunIt [90m(file:///C:/Users/DELL/Desktop/a2a-dr.-gemini-int
ake-agent/[39mnode_modules/[4mfast-check[24m/lib/esm/check/runner/Runne
r.js:33:36[90m)[39m
  [90m    at processTicksAndRejections 
(node:internal/process/task_queues:103:5)[39m
      at [90mC:\Users\DELL\Desktop\a2a-dr.-gemini-intake-agent\[39m__tes
ts__\properties\meeting-room-data-consistency.property.test.ts:282:5
      at [90mfile:///C:/Users/DELL/Desktop/a2a-dr.-gemini-intake-agent/[
39mnode_modules/[4m@vitest/runner[24m/dist/index.js:533:5
      at runTest [90m(file:///C:/Users/DELL/Desktop/a2a-dr.-gemini-intake
-agent/[39mnode_modules/[4m@vitest/runner[24m/dist/index.js:1056:11[90
m)[39m
      at runSuite [90m(file:///C:/Users/DELL/Desktop/a2a-dr.-gemini-intak
e-agent/[39mnode_modules/[4m@vitest/runner[24m/dist/index.js:1205:15[9
0m)[39m
      at runSuite [90m(file:///C:/Users/DELL/Desktop/a2a-dr.-gemini-intak
e-agent/[39mnode_modules/[4m@vitest/runner[24m/dist/index.js:1205:15[9
0m)[39m,
  retryable: [33mtrue[39m,
  fallbackOptions: [
    {
      id: [32m'retry'[39m,
      label: [32m'Reconnect'[39m,
      description: [32m'Try to reconnect when your connection is 
stable'[39m,
      action: [32m'retry'[39m
    }
  ]
}
Unexpected error: {
  code: [32m'INTERNAL_ERROR'[39m,
  message: [32m'Something went wrong. Please try again later.'[39m,
  context: {
    streamErrorCode: [32m'STREAM_NETWORK_ERROR'[39m,
    retryable: [33mtrue[39m,
    originalMessage: [32m'Database connection failed'[39m,
    operation: [32m'getMeetingRoom'[39m,
    appointmentId: [32m'p|$#z!-x}$n8ZO&8}jH!Is[$Q#;,KM$B]D64'[39m
  },
  stack: [32m'Error: Network connection lost. Please check your internet 
connection.\n'[39m +
    [32m'    at toStreamError (C:\\Users\\DELL\\Desktop\\a2a-dr.-gemini-i
ntake-agent\\src\\server\\services\\stream-error-handler.ts:337:10)\n'[39
m +
    [32m'    at Module.logStreamError (C:\\Users\\DELL\\Desktop\\a2a-dr.-
gemini-intake-agent\\src\\server\\services\\stream-error-handler.ts:352:23
)\n'[39m +
    [32m'    at StreamService.getMeetingRoom (C:\\Users\\DELL\\Desktop\\a
2a-dr.-gemini-intake-agent\\src\\server\\services\\stream.ts:331:7)\n'[39
m +
    [32m'    at processTicksAndRejections 
(node:internal/process/task_queues:103:5)'[39m
}
Unhandled error: StreamError: Network connection lost. Please check your 
internet connection.
    at toStreamError [90m(C:\Users\DELL\Desktop\a2a-dr.-gemini-intake-age
nt\[39msrc\server\services\stream-error-handler.ts:337:10[90m)[39m
    at Module.logStreamError [90m(C:\Users\DELL\Desktop\a2a-dr.-gemini-in
take-agent\[39msrc\server\services\stream-error-handler.ts:352:23[90m)[
39m
    at StreamService.getMeetingRoom [90m(C:\Users\DELL\Desktop\a2a-dr.-ge
mini-intake-agent\[39msrc\server\services\stream.ts:331:7[90m)[39m
[90m    at processTicksAndRejections 
(node:internal/process/task_queues:103:5)[39m {
  code: [32m'STREAM_NETWORK_ERROR'[39m,
  originalError: Error: Database connection failed
      at [90mC:\Users\DELL\Desktop\a2a-dr.-gemini-intake-agent\[39m__tes
ts__\properties\meeting-room-data-consistency.property.test.ts:288:48
      at AsyncProperty.predicate [90m(file:///C:/Users/DELL/Desktop/a2a-d
r.-gemini-intake-agent/[39mnode_modules/[4mfast-check[24m/lib/esm/check
/property/AsyncProperty.js:14:59[90m)[39m
      at AsyncProperty.run [90m(file:///C:/Users/DELL/Desktop/a2a-dr.-gem
ini-intake-agent/[39mnode_modules/[4mfast-check[24m/lib/esm/check/prope
rty/AsyncProperty.generic.js:46:39[90m)[39m
      at asyncRunIt [90m(file:///C:/Users/DELL/Desktop/a2a-dr.-gemini-int
ake-agent/[39mnode_modules/[4mfast-check[24m/lib/esm/check/runner/Runne
r.js:33:36[90m)[39m
  [90m    at processTicksAndRejections 
(node:internal/process/task_queues:103:5)[39m
      at [90mC:\Users\DELL\Desktop\a2a-dr.-gemini-intake-agent\[39m__tes
ts__\properties\meeting-room-data-consistency.property.test.ts:282:5
      at [90mfile:///C:/Users/DELL/Desktop/a2a-dr.-gemini-intake-agent/[
39mnode_modules/[4m@vitest/runner[24m/dist/index.js:533:5
      at runTest [90m(file:///C:/Users/DELL/Desktop/a2a-dr.-gemini-intake
-agent/[39mnode_modules/[4m@vitest/runner[24m/dist/index.js:1056:11[90
m)[39m
      at runSuite [90m(file:///C:/Users/DELL/Desktop/a2a-dr.-gemini-intak
e-agent/[39mnode_modules/[4m@vitest/runner[24m/dist/index.js:1205:15[9
0m)[39m
      at runSuite [90m(file:///C:/Users/DELL/Desktop/a2a-dr.-gemini-intak
e-agent/[39mnode_modules/[4m@vitest/runner[24m/dist/index.js:1205:15[9
0m)[39m,
  retryable: [33mtrue[39m,
  fallbackOptions: [
    {
      id: [32m'retry'[39m,
      label: [32m'Reconnect'[39m,
      description: [32m'Try to reconnect when your connection is 
stable'[39m,
      action: [32m'retry'[39m
    }
  ]
}
Unexpected error: {
  code: [32m'INTERNAL_ERROR'[39m,
  message: [32m'Something went wrong. Please try again later.'[39m,
  context: {
    streamErrorCode: [32m'STREAM_NETWORK_ERROR'[39m,
    retryable: [33mtrue[39m,
    originalMessage: [32m'Database connection failed'[39m,
    operation: [32m'getMeetingRoom'[39m,
    appointmentId: [32m'"|;H&V(%$_kZ/#!?&~Q$-ewi&il%@m^$}$#"'[39m
  },
  stack: [32m'Error: Network connection lost. Please check your internet 
connection.\n'[39m +
    [32m'    at toStreamError (C:\\Users\\DELL\\Desktop\\a2a-dr.-gemini-i
ntake-agent\\src\\server\\services\\stream-error-handler.ts:337:10)\n'[39
m +
    [32m'    at Module.logStreamError (C:\\Users\\DELL\\Desktop\\a2a-dr.-
gemini-intake-agent\\src\\server\\services\\stream-error-handler.ts:352:23
)\n'[39m +
    [32m'    at StreamService.getMeetingRoom (C:\\Users\\DELL\\Desktop\\a
2a-dr.-gemini-intake-agent\\src\\server\\services\\stream.ts:331:7)\n'[39
m +
    [32m'    at processTicksAndRejections 
(node:internal/process/task_queues:103:5)'[39m
}
Unhandled error: StreamError: Network connection lost. Please check your 
internet connection.
    at toStreamError [90m(C:\Users\DELL\Desktop\a2a-dr.-gemini-intake-age
nt\[39msrc\server\services\stream-error-handler.ts:337:10[90m)[39m
    at Module.logStreamError [90m(C:\Users\DELL\Desktop\a2a-dr.-gemini-in
take-agent\[39msrc\server\services\stream-error-handler.ts:352:23[90m)[
39m
    at StreamService.getMeetingRoom [90m(C:\Users\DELL\Desktop\a2a-dr.-ge
mini-intake-agent\[39msrc\server\services\stream.ts:331:7[90m)[39m
[90m    at processTicksAndRejections 
(node:internal/process/task_queues:103:5)[39m {
  code: [32m'STREAM_NETWORK_ERROR'[39m,
  originalError: Error: Database connection failed
      at [90mC:\Users\DELL\Desktop\a2a-dr.-gemini-intake-agent\[39m__tes
ts__\properties\meeting-room-data-consistency.property.test.ts:288:48
      at AsyncProperty.predicate [90m(file:///C:/Users/DELL/Desktop/a2a-d
r.-gemini-intake-agent/[39mnode_modules/[4mfast-check[24m/lib/esm/check
/property/AsyncProperty.js:14:59[90m)[39m
      at AsyncProperty.run [90m(file:///C:/Users/DELL/Desktop/a2a-dr.-gem
ini-intake-agent/[39mnode_modules/[4mfast-check[24m/lib/esm/check/prope
rty/AsyncProperty.generic.js:46:39[90m)[39m
      at asyncRunIt [90m(file:///C:/Users/DELL/Desktop/a2a-dr.-gemini-int
ake-agent/[39mnode_modules/[4mfast-check[24m/lib/esm/check/runner/Runne
r.js:33:36[90m)[39m
  [90m    at processTicksAndRejections 
(node:internal/process/task_queues:103:5)[39m
      at [90mC:\Users\DELL\Desktop\a2a-dr.-gemini-intake-agent\[39m__tes
ts__\properties\meeting-room-data-consistency.property.test.ts:282:5
      at [90mfile:///C:/Users/DELL/Desktop/a2a-dr.-gemini-intake-agent/[
39mnode_modules/[4m@vitest/runner[24m/dist/index.js:533:5
      at runTest [90m(file:///C:/Users/DELL/Desktop/a2a-dr.-gemini-intake
-agent/[39mnode_modules/[4m@vitest/runner[24m/dist/index.js:1056:11[90
m)[39m
      at runSuite [90m(file:///C:/Users/DELL/Desktop/a2a-dr.-gemini-intak
e-agent/[39mnode_modules/[4m@vitest/runner[24m/dist/index.js:1205:15[9
0m)[39m
      at runSuite [90m(file:///C:/Users/DELL/Desktop/a2a-dr.-gemini-intak
e-agent/[39mnode_modules/[4m@vitest/runner[24m/dist/index.js:1205:15[9
0m)[39m,
  retryable: [33mtrue[39m,
  fallbackOptions: [
    {
      id: [32m'retry'[39m,
      label: [32m'Reconnect'[39m,
      description: [32m'Try to reconnect when your connection is 
stable'[39m,
      action: [32m'retry'[39m
    }
  ]
}
Unexpected error: {
  code: [32m'INTERNAL_ERROR'[39m,
  message: [32m'Something went wrong. Please try again later.'[39m,
  context: {
    streamErrorCode: [32m'STREAM_NETWORK_ERROR'[39m,
    retryable: [33mtrue[39m,
    originalMessage: [32m'Database connection failed'[39m,
    operation: [32m'getMeetingRoom'[39m,
    appointmentId: [32m'O)48K1{Oy[]8"|\\&IOlK u!{}%[QyB"&Q!$}'[39m
  },
  stack: [32m'Error: Network connection lost. Please check your internet 
connection.\n'[39m +
    [32m'    at toStreamError (C:\\Users\\DELL\\Desktop\\a2a-dr.-gemini-i
ntake-agent\\src\\server\\services\\stream-error-handler.ts:337:10)\n'[39
m +
    [32m'    at Module.logStreamError (C:\\Users\\DELL\\Desktop\\a2a-dr.-
gemini-intake-agent\\src\\server\\services\\stream-error-handler.ts:352:23
)\n'[39m +
    [32m'    at StreamService.getMeetingRoom (C:\\Users\\DELL\\Desktop\\a
2a-dr.-gemini-intake-agent\\src\\server\\services\\stream.ts:331:7)\n'[39
m +
    [32m'    at processTicksAndRejections 
(node:internal/process/task_queues:103:5)'[39m
}
Unhandled error: StreamError: Network connection lost. Please check your 
internet connection.
    at toStreamError [90m(C:\Users\DELL\Desktop\a2a-dr.-gemini-intake-age
nt\[39msrc\server\services\stream-error-handler.ts:337:10[90m)[39m
    at Module.logStreamError [90m(C:\Users\DELL\Desktop\a2a-dr.-gemini-in
take-agent\[39msrc\server\services\stream-error-handler.ts:352:23[90m)[
39m
    at StreamService.getMeetingRoom [90m(C:\Users\DELL\Desktop\a2a-dr.-ge
mini-intake-agent\[39msrc\server\services\stream.ts:331:7[90m)[39m
[90m    at processTicksAndRejections 
(node:internal/process/task_queues:103:5)[39m {
  code: [32m'STREAM_NETWORK_ERROR'[39m,
  originalError: Error: Database connection failed
      at [90mC:\Users\DELL\Desktop\a2a-dr.-gemini-intake-agent\[39m__tes
ts__\properties\meeting-room-data-consistency.property.test.ts:288:48
      at AsyncProperty.predicate [90m(file:///C:/Users/DELL/Desktop/a2a-d
r.-gemini-intake-agent/[39mnode_modules/[4mfast-check[24m/lib/esm/check
/property/AsyncProperty.js:14:59[90m)[39m
      at AsyncProperty.run [90m(file:///C:/Users/DELL/Desktop/a2a-dr.-gem
ini-intake-agent/[39mnode_modules/[4mfast-check[24m/lib/esm/check/prope
rty/AsyncProperty.generic.js:46:39[90m)[39m
      at asyncRunIt [90m(file:///C:/Users/DELL/Desktop/a2a-dr.-gemini-int
ake-agent/[39mnode_modules/[4mfast-check[24m/lib/esm/check/runner/Runne
r.js:33:36[90m)[39m
  [90m    at processTicksAndRejections 
(node:internal/process/task_queues:103:5)[39m
      at [90mC:\Users\DELL\Desktop\a2a-dr.-gemini-intake-agent\[39m__tes
ts__\properties\meeting-room-data-consistency.property.test.ts:282:5
      at [90mfile:///C:/Users/DELL/Desktop/a2a-dr.-gemini-intake-agent/[
39mnode_modules/[4m@vitest/runner[24m/dist/index.js:533:5
      at runTest [90m(file:///C:/Users/DELL/Desktop/a2a-dr.-gemini-intake
-agent/[39mnode_modules/[4m@vitest/runner[24m/dist/index.js:1056:11[90
m)[39m
      at runSuite [90m(file:///C:/Users/DELL/Desktop/a2a-dr.-gemini-intak
e-agent/[39mnode_modules/[4m@vitest/runner[24m/dist/index.js:1205:15[9
0m)[39m
      at runSuite [90m(file:///C:/Users/DELL/Desktop/a2a-dr.-gemini-intak
e-agent/[39mnode_modules/[4m@vitest/runner[24m/dist/index.js:1205:15[9
0m)[39m,
  retryable: [33mtrue[39m,
  fallbackOptions: [
    {
      id: [32m'retry'[39m,
      label: [32m'Reconnect'[39m,
      description: [32m'Try to reconnect when your connection is 
stable'[39m,
      action: [32m'retry'[39m
    }
  ]
}
Unexpected error: {
  code: [32m'INTERNAL_ERROR'[39m,
  message: [32m'Something went wrong. Please try again later.'[39m,
  context: {
    streamErrorCode: [32m'STREAM_NETWORK_ERROR'[39m,
    retryable: [33mtrue[39m,
    originalMessage: [32m'Database connection failed'[39m,
    operation: [32m'getMeetingRoom'[39m,
    appointmentId: [32m'Wix>"\\>#&{!Rg+"$ #e8;\\S9|+"# |%&N ;z'[39m
  },
  stack: [32m'Error: Network connection lost. Please check your internet 
connection.\n'[39m +
    [32m'    at toStreamError (C:\\Users\\DELL\\Desktop\\a2a-dr.-gemini-i
ntake-agent\\src\\server\\services\\stream-error-handler.ts:337:10)\n'[39
m +
    [32m'    at Module.logStreamError (C:\\Users\\DELL\\Desktop\\a2a-dr.-
gemini-intake-agent\\src\\server\\services\\stream-error-handler.ts:352:23
)\n'[39m +
    [32m'    at StreamService.getMeetingRoom (C:\\Users\\DELL\\Desktop\\a
2a-dr.-gemini-intake-agent\\src\\server\\services\\stream.ts:331:7)\n'[39
m +
    [32m'    at processTicksAndRejections 
(node:internal/process/task_queues:103:5)'[39m
}
Unhandled error: StreamError: Network connection lost. Please check your 
internet connection.
    at toStreamError [90m(C:\Users\DELL\Desktop\a2a-dr.-gemini-intake-age
nt\[39msrc\server\services\stream-error-handler.ts:337:10[90m)[39m
    at Module.logStreamError [90m(C:\Users\DELL\Desktop\a2a-dr.-gemini-in
take-agent\[39msrc\server\services\stream-error-handler.ts:352:23[90m)[
39m
    at StreamService.getMeetingRoom [90m(C:\Users\DELL\Desktop\a2a-dr.-ge
mini-intake-agent\[39msrc\server\services\stream.ts:331:7[90m)[39m
[90m    at processTicksAndRejections 
(node:internal/process/task_queues:103:5)[39m {
  code: [32m'STREAM_NETWORK_ERROR'[39m,
  originalError: Error: Database connection failed
      at [90mC:\Users\DELL\Desktop\a2a-dr.-gemini-intake-agent\[39m__tes
ts__\properties\meeting-room-data-consistency.property.test.ts:288:48
      at AsyncProperty.predicate [90m(file:///C:/Users/DELL/Desktop/a2a-d
r.-gemini-intake-agent/[39mnode_modules/[4mfast-check[24m/lib/esm/check
/property/AsyncProperty.js:14:59[90m)[39m
      at AsyncProperty.run [90m(file:///C:/Users/DELL/Desktop/a2a-dr.-gem
ini-intake-agent/[39mnode_modules/[4mfast-check[24m/lib/esm/check/prope
rty/AsyncProperty.generic.js:46:39[90m)[39m
      at asyncRunIt [90m(file:///C:/Users/DELL/Desktop/a2a-dr.-gemini-int
ake-agent/[39mnode_modules/[4mfast-check[24m/lib/esm/check/runner/Runne
r.js:33:36[90m)[39m
  [90m    at processTicksAndRejections 
(node:internal/process/task_queues:103:5)[39m
      at [90mC:\Users\DELL\Desktop\a2a-dr.-gemini-intake-agent\[39m__tes
ts__\properties\meeting-room-data-consistency.property.test.ts:282:5
      at [90mfile:///C:/Users/DELL/Desktop/a2a-dr.-gemini-intake-agent/[
39mnode_modules/[4m@vitest/runner[24m/dist/index.js:533:5
      at runTest [90m(file:///C:/Users/DELL/Desktop/a2a-dr.-gemini-intake
-agent/[39mnode_modules/[4m@vitest/runner[24m/dist/index.js:1056:11[90
m)[39m
      at runSuite [90m(file:///C:/Users/DELL/Desktop/a2a-dr.-gemini-intak
e-agent/[39mnode_modules/[4m@vitest/runner[24m/dist/index.js:1205:15[9
0m)[39m
      at runSuite [90m(file:///C:/Users/DELL/Desktop/a2a-dr.-gemini-intak
e-agent/[39mnode_modules/[4m@vitest/runner[24m/dist/index.js:1205:15[9
0m)[39m,
  retryable: [33mtrue[39m,
  fallbackOptions: [
    {
      id: [32m'retry'[39m,
      label: [32m'Reconnect'[39m,
      description: [32m'Try to reconnect when your connection is 
stable'[39m,
      action: [32m'retry'[39m
    }
  ]
}
Unexpected error: {
  code: [32m'INTERNAL_ERROR'[39m,
  message: [32m'Something went wrong. Please try again later.'[39m,
  context: {
    streamErrorCode: [32m'STREAM_NETWORK_ERROR'[39m,
    retryable: [33mtrue[39m,
    originalMessage: [32m'Database connection failed'[39m,
    operation: [32m'getMeetingRoom'[39m,
    appointmentId: [32m'$J>x`X8$T!_Gt!^S(@|@}&gIFw& =\'"-e@$x'[39m
  },
  stack: [32m'Error: Network connection lost. Please check your internet 
connection.\n'[39m +
    [32m'    at toStreamError (C:\\Users\\DELL\\Desktop\\a2a-dr.-gemini-i
ntake-agent\\src\\server\\services\\stream-error-handler.ts:337:10)\n'[39
m +
    [32m'    at Module.logStreamError (C:\\Users\\DELL\\Desktop\\a2a-dr.-
gemini-intake-agent\\src\\server\\services\\stream-error-handler.ts:352:23
)\n'[39m +
    [32m'    at StreamService.getMeetingRoom (C:\\Users\\DELL\\Desktop\\a
2a-dr.-gemini-intake-agent\\src\\server\\services\\stream.ts:331:7)\n'[39
m +
    [32m'    at processTicksAndRejections 
(node:internal/process/task_queues:103:5)'[39m
}
Unhandled error: StreamError: Network connection lost. Please check your 
internet connection.
    at toStreamError [90m(C:\Users\DELL\Desktop\a2a-dr.-gemini-intake-age
nt\[39msrc\server\services\stream-error-handler.ts:337:10[90m)[39m
    at Module.logStreamError [90m(C:\Users\DELL\Desktop\a2a-dr.-gemini-in
take-agent\[39msrc\server\services\stream-error-handler.ts:352:23[90m)[
39m
    at StreamService.getMeetingRoom [90m(C:\Users\DELL\Desktop\a2a-dr.-ge
mini-intake-agent\[39msrc\server\services\stream.ts:331:7[90m)[39m
[90m    at processTicksAndRejections 
(node:internal/process/task_queues:103:5)[39m {
  code: [32m'STREAM_NETWORK_ERROR'[39m,
  originalError: Error: Database connection failed
      at [90mC:\Users\DELL\Desktop\a2a-dr.-gemini-intake-agent\[39m__tes
ts__\properties\meeting-room-data-consistency.property.test.ts:288:48
      at AsyncProperty.predicate [90m(file:///C:/Users/DELL/Desktop/a2a-d
r.-gemini-intake-agent/[39mnode_modules/[4mfast-check[24m/lib/esm/check
/property/AsyncProperty.js:14:59[90m)[39m
      at AsyncProperty.run [90m(file:///C:/Users/DELL/Desktop/a2a-dr.-gem
ini-intake-agent/[39mnode_modules/[4mfast-check[24m/lib/esm/check/prope
rty/AsyncProperty.generic.js:46:39[90m)[39m
      at asyncRunIt [90m(file:///C:/Users/DELL/Desktop/a2a-dr.-gemini-int
ake-agent/[39mnode_modules/[4mfast-check[24m/lib/esm/check/runner/Runne
r.js:33:36[90m)[39m
  [90m    at processTicksAndRejections 
(node:internal/process/task_queues:103:5)[39m
      at [90mC:\Users\DELL\Desktop\a2a-dr.-gemini-intake-agent\[39m__tes
ts__\properties\meeting-room-data-consistency.property.test.ts:282:5
      at [90mfile:///C:/Users/DELL/Desktop/a2a-dr.-gemini-intake-agent/[
39mnode_modules/[4m@vitest/runner[24m/dist/index.js:533:5
      at runTest [90m(file:///C:/Users/DELL/Desktop/a2a-dr.-gemini-intake
-agent/[39mnode_modules/[4m@vitest/runner[24m/dist/index.js:1056:11[90
m)[39m
      at runSuite [90m(file:///C:/Users/DELL/Desktop/a2a-dr.-gemini-intak
e-agent/[39mnode_modules/[4m@vitest/runner[24m/dist/index.js:1205:15[9
0m)[39m
      at runSuite [90m(file:///C:/Users/DELL/Desktop/a2a-dr.-gemini-intak
e-agent/[39mnode_modules/[4m@vitest/runner[24m/dist/index.js:1205:15[9
0m)[39m,
  retryable: [33mtrue[39m,
  fallbackOptions: [
    {
      id: [32m'retry'[39m,
      label: [32m'Reconnect'[39m,
      description: [32m'Try to reconnect when your connection is 
stable'[39m,
      action: [32m'retry'[39m
    }
  ]
}
Unexpected error: {
  code: [32m'INTERNAL_ERROR'[39m,
  message: [32m'Something went wrong. Please try again later.'[39m,
  context: {
    streamErrorCode: [32m'STREAM_NETWORK_ERROR'[39m,
    retryable: [33mtrue[39m,
    originalMessage: [32m'Database connection failed'[39m,
    operation: [32m'getMeetingRoom'[39m,
    appointmentId: [32m'~ AR%Z7Gz}x?pOb~e<zth({ %G~ w&xp! ~1'[39m
  },
  stack: [32m'Error: Network connection lost. Please check your internet 
connection.\n'[39m +
    [32m'    at toStreamError (C:\\Users\\DELL\\Desktop\\a2a-dr.-gemini-i
ntake-agent\\src\\server\\services\\stream-error-handler.ts:337:10)\n'[39
m +
    [32m'    at Module.logStreamError (C:\\Users\\DELL\\Desktop\\a2a-dr.-
gemini-intake-agent\\src\\server\\services\\stream-error-handler.ts:352:23
)\n'[39m +
    [32m'    at StreamService.getMeetingRoom (C:\\Users\\DELL\\Desktop\\a
2a-dr.-gemini-intake-agent\\src\\server\\services\\stream.ts:331:7)\n'[39
m +
    [32m'    at processTicksAndRejections 
(node:internal/process/task_queues:103:5)'[39m
}
Unhandled error: StreamError: Network connection lost. Please check your 
internet connection.
    at toStreamError [90m(C:\Users\DELL\Desktop\a2a-dr.-gemini-intake-age
nt\[39msrc\server\services\stream-error-handler.ts:337:10[90m)[39m
    at Module.logStreamError [90m(C:\Users\DELL\Desktop\a2a-dr.-gemini-in
take-agent\[39msrc\server\services\stream-error-handler.ts:352:23[90m)[
39m
    at StreamService.getMeetingRoom [90m(C:\Users\DELL\Desktop\a2a-dr.-ge
mini-intake-agent\[39msrc\server\services\stream.ts:331:7[90m)[39m
[90m    at processTicksAndRejections 
(node:internal/process/task_queues:103:5)[39m {
  code: [32m'STREAM_NETWORK_ERROR'[39m,
  originalError: Error: Database connection failed
      at [90mC:\Users\DELL\Desktop\a2a-dr.-gemini-intake-agent\[39m__tes
ts__\properties\meeting-room-data-consistency.property.test.ts:288:48
      at AsyncProperty.predicate [90m(file:///C:/Users/DELL/Desktop/a2a-d
r.-gemini-intake-agent/[39mnode_modules/[4mfast-check[24m/lib/esm/check
/property/AsyncProperty.js:14:59[90m)[39m
      at AsyncProperty.run [90m(file:///C:/Users/DELL/Desktop/a2a-dr.-gem
ini-intake-agent/[39mnode_modules/[4mfast-check[24m/lib/esm/check/prope
rty/AsyncProperty.generic.js:46:39[90m)[39m
      at asyncRunIt [90m(file:///C:/Users/DELL/Desktop/a2a-dr.-gemini-int
ake-agent/[39mnode_modules/[4mfast-check[24m/lib/esm/check/runner/Runne
r.js:33:36[90m)[39m
  [90m    at processTicksAndRejections 
(node:internal/process/task_queues:103:5)[39m
      at [90mC:\Users\DELL\Desktop\a2a-dr.-gemini-intake-agent\[39m__tes
ts__\properties\meeting-room-data-consistency.property.test.ts:282:5
      at [90mfile:///C:/Users/DELL/Desktop/a2a-dr.-gemini-intake-agent/[
39mnode_modules/[4m@vitest/runner[24m/dist/index.js:533:5
      at runTest [90m(file:///C:/Users/DELL/Desktop/a2a-dr.-gemini-intake
-agent/[39mnode_modules/[4m@vitest/runner[24m/dist/index.js:1056:11[90
m)[39m
      at runSuite [90m(file:///C:/Users/DELL/Desktop/a2a-dr.-gemini-intak
e-agent/[39mnode_modules/[4m@vitest/runner[24m/dist/index.js:1205:15[9
0m)[39m
      at runSuite [90m(file:///C:/Users/DELL/Desktop/a2a-dr.-gemini-intak
e-agent/[39mnode_modules/[4m@vitest/runner[24m/dist/index.js:1205:15[9
0m)[39m,
  retryable: [33mtrue[39m,
  fallbackOptions: [
    {
      id: [32m'retry'[39m,
      label: [32m'Reconnect'[39m,
      description: [32m'Try to reconnect when your connection is 
stable'[39m,
      action: [32m'retry'[39m
    }
  ]
}
Unexpected error: {
  code: [32m'INTERNAL_ERROR'[39m,
  message: [32m'Something went wrong. Please try again later.'[39m,
  context: {
    streamErrorCode: [32m'STREAM_NETWORK_ERROR'[39m,
    retryable: [33mtrue[39m,
    originalMessage: [32m'Database connection failed'[39m,
    operation: [32m'getMeetingRoom'[39m,
    appointmentId: [32m'"0Xz19X&gz y!f&!L{H|q|}5opnfp%}`w~$B'[39m
  },
  stack: [32m'Error: Network connection lost. Please check your internet 
connection.\n'[39m +
    [32m'    at toStreamError (C:\\Users\\DELL\\Desktop\\a2a-dr.-gemini-i
ntake-agent\\src\\server\\services\\stream-error-handler.ts:337:10)\n'[39
m +
    [32m'    at Module.logStreamError (C:\\Users\\DELL\\Desktop\\a2a-dr.-
gemini-intake-agent\\src\\server\\services\\stream-error-handler.ts:352:23
)\n'[39m +
    [32m'    at StreamService.getMeetingRoom (C:\\Users\\DELL\\Desktop\\a
2a-dr.-gemini-intake-agent\\src\\server\\services\\stream.ts:331:7)\n'[39
m +
    [32m'    at processTicksAndRejections 
(node:internal/process/task_queues:103:5)'[39m
}
Unhandled error: StreamError: Network connection lost. Please check your 
internet connection.
    at toStreamError [90m(C:\Users\DELL\Desktop\a2a-dr.-gemini-intake-age
nt\[39msrc\server\services\stream-error-handler.ts:337:10[90m)[39m
    at Module.logStreamError [90m(C:\Users\DELL\Desktop\a2a-dr.-gemini-in
take-agent\[39msrc\server\services\stream-error-handler.ts:352:23[90m)[
39m
    at StreamService.getMeetingRoom [90m(C:\Users\DELL\Desktop\a2a-dr.-ge
mini-intake-agent\[39msrc\server\services\stream.ts:331:7[90m)[39m
[90m    at processTicksAndRejections 
(node:internal/process/task_queues:103:5)[39m {
  code: [32m'STREAM_NETWORK_ERROR'[39m,
  originalError: Error: Database connection failed
      at [90mC:\Users\DELL\Desktop\a2a-dr.-gemini-intake-agent\[39m__tes
ts__\properties\meeting-room-data-consistency.property.test.ts:288:48
      at AsyncProperty.predicate [90m(file:///C:/Users/DELL/Desktop/a2a-d
r.-gemini-intake-agent/[39mnode_modules/[4mfast-check[24m/lib/esm/check
/property/AsyncProperty.js:14:59[90m)[39m
      at AsyncProperty.run [90m(file:///C:/Users/DELL/Desktop/a2a-dr.-gem
ini-intake-agent/[39mnode_modules/[4mfast-check[24m/lib/esm/check/prope
rty/AsyncProperty.generic.js:46:39[90m)[39m
      at asyncRunIt [90m(file:///C:/Users/DELL/Desktop/a2a-dr.-gemini-int
ake-agent/[39mnode_modules/[4mfast-check[24m/lib/esm/check/runner/Runne
r.js:33:36[90m)[39m
  [90m    at processTicksAndRejections 
(node:internal/process/task_queues:103:5)[39m
      at [90mC:\Users\DELL\Desktop\a2a-dr.-gemini-intake-agent\[39m__tes
ts__\properties\meeting-room-data-consistency.property.test.ts:282:5
      at [90mfile:///C:/Users/DELL/Desktop/a2a-dr.-gemini-intake-agent/[
39mnode_modules/[4m@vitest/runner[24m/dist/index.js:533:5
      at runTest [90m(file:///C:/Users/DELL/Desktop/a2a-dr.-gemini-intake
-agent/[39mnode_modules/[4m@vitest/runner[24m/dist/index.js:1056:11[90
m)[39m
      at runSuite [90m(file:///C:/Users/DELL/Desktop/a2a-dr.-gemini-intak
e-agent/[39mnode_modules/[4m@vitest/runner[24m/dist/index.js:1205:15[9
0m)[39m
      at runSuite [90m(file:///C:/Users/DELL/Desktop/a2a-dr.-gemini-intak
e-agent/[39mnode_modules/[4m@vitest/runner[24m/dist/index.js:1205:15[9
0m)[39m,
  retryable: [33mtrue[39m,
  fallbackOptions: [
    {
      id: [32m'retry'[39m,
      label: [32m'Reconnect'[39m,
      description: [32m'Try to reconnect when your connection is 
stable'[39m,
      action: [32m'retry'[39m
    }
  ]
}
Unexpected error: {
  code: [32m'INTERNAL_ERROR'[39m,
  message: [32m'Something went wrong. Please try again later.'[39m,
  context: {
    streamErrorCode: [32m'STREAM_NETWORK_ERROR'[39m,
    retryable: [33mtrue[39m,
    originalMessage: [32m'Database connection failed'[39m,
    operation: [32m'getMeetingRoom'[39m,
    appointmentId: [32m'r%?%r&yj6BL$l6zzH&"~g *"``|n ";& 4sz'[39m
  },
  stack: [32m'Error: Network connection lost. Please check your internet 
connection.\n'[39m +
    [32m'    at toStreamError (C:\\Users\\DELL\\Desktop\\a2a-dr.-gemini-i
ntake-agent\\src\\server\\services\\stream-error-handler.ts:337:10)\n'[39
m +
    [32m'    at Module.logStreamError (C:\\Users\\DELL\\Desktop\\a2a-dr.-
gemini-intake-agent\\src\\server\\services\\stream-error-handler.ts:352:23
)\n'[39m +
    [32m'    at StreamService.getMeetingRoom (C:\\Users\\DELL\\Desktop\\a
2a-dr.-gemini-intake-agent\\src\\server\\services\\stream.ts:331:7)\n'[39
m +
    [32m'    at processTicksAndRejections 
(node:internal/process/task_queues:103:5)'[39m
}
Unhandled error: StreamError: Network connection lost. Please check your 
internet connection.
    at toStreamError [90m(C:\Users\DELL\Desktop\a2a-dr.-gemini-intake-age
nt\[39msrc\server\services\stream-error-handler.ts:337:10[90m)[39m
    at Module.logStreamError [90m(C:\Users\DELL\Desktop\a2a-dr.-gemini-in
take-agent\[39msrc\server\services\stream-error-handler.ts:352:23[90m)[
39m
    at StreamService.getMeetingRoom [90m(C:\Users\DELL\Desktop\a2a-dr.-ge
mini-intake-agent\[39msrc\server\services\stream.ts:331:7[90m)[39m
[90m    at processTicksAndRejections 
(node:internal/process/task_queues:103:5)[39m {
  code: [32m'STREAM_NETWORK_ERROR'[39m,
  originalError: Error: Database connection failed
      at [90mC:\Users\DELL\Desktop\a2a-dr.-gemini-intake-agent\[39m__tes
ts__\properties\meeting-room-data-consistency.property.test.ts:288:48
      at AsyncProperty.predicate [90m(file:///C:/Users/DELL/Desktop/a2a-d
r.-gemini-intake-agent/[39mnode_modules/[4mfast-check[24m/lib/esm/check
/property/AsyncProperty.js:14:59[90m)[39m
      at AsyncProperty.run [90m(file:///C:/Users/DELL/Desktop/a2a-dr.-gem
ini-intake-agent/[39mnode_modules/[4mfast-check[24m/lib/esm/check/prope
rty/AsyncProperty.generic.js:46:39[90m)[39m
      at asyncRunIt [90m(file:///C:/Users/DELL/Desktop/a2a-dr.-gemini-int
ake-agent/[39mnode_modules/[4mfast-check[24m/lib/esm/check/runner/Runne
r.js:33:36[90m)[39m
  [90m    at processTicksAndRejections 
(node:internal/process/task_queues:103:5)[39m
      at [90mC:\Users\DELL\Desktop\a2a-dr.-gemini-intake-agent\[39m__tes
ts__\properties\meeting-room-data-consistency.property.test.ts:282:5
      at [90mfile:///C:/Users/DELL/Desktop/a2a-dr.-gemini-intake-agent/[
39mnode_modules/[4m@vitest/runner[24m/dist/index.js:533:5
      at runTest [90m(file:///C:/Users/DELL/Desktop/a2a-dr.-gemini-intake
-agent/[39mnode_modules/[4m@vitest/runner[24m/dist/index.js:1056:11[90
m)[39m
      at runSuite [90m(file:///C:/Users/DELL/Desktop/a2a-dr.-gemini-intak
e-agent/[39mnode_modules/[4m@vitest/runner[24m/dist/index.js:1205:15[9
0m)[39m
      at runSuite [90m(file:///C:/Users/DELL/Desktop/a2a-dr.-gemini-intak
e-agent/[39mnode_modules/[4m@vitest/runner[24m/dist/index.js:1205:15[9
0m)[39m,
  retryable: [33mtrue[39m,
  fallbackOptions: [
    {
      id: [32m'retry'[39m,
      label: [32m'Reconnect'[39m,
      description: [32m'Try to reconnect when your connection is 
stable'[39m,
      action: [32m'retry'[39m
    }
  ]
}
Unexpected error: {
  code: [32m'INTERNAL_ERROR'[39m,
  message: [32m'Something went wrong. Please try again later.'[39m,
  context: {
    streamErrorCode: [32m'STREAM_NETWORK_ERROR'[39m,
    retryable: [33mtrue[39m,
    originalMessage: [32m'Database connection failed'[39m,
    operation: [32m'getMeetingRoom'[39m,
    appointmentId: [32m'|f>h{Qsj.%x| Z"#q!5zu"T! rm&%+!*z kf'[39m
  },
  stack: [32m'Error: Network connection lost. Please check your internet 
connection.\n'[39m +
    [32m'    at toStreamError (C:\\Users\\DELL\\Desktop\\a2a-dr.-gemini-i
ntake-agent\\src\\server\\services\\stream-error-handler.ts:337:10)\n'[39
m +
    [32m'    at Module.logStreamError (C:\\Users\\DELL\\Desktop\\a2a-dr.-
gemini-intake-agent\\src\\server\\services\\stream-error-handler.ts:352:23
)\n'[39m +
    [32m'    at StreamService.getMeetingRoom (C:\\Users\\DELL\\Desktop\\a
2a-dr.-gemini-intake-agent\\src\\server\\services\\stream.ts:331:7)\n'[39
m +
    [32m'    at processTicksAndRejections 
(node:internal/process/task_queues:103:5)'[39m
}
Unhandled error: StreamError: Network connection lost. Please check your 
internet connection.
    at toStreamError [90m(C:\Users\DELL\Desktop\a2a-dr.-gemini-intake-age
nt\[39msrc\server\services\stream-error-handler.ts:337:10[90m)[39m
    at Module.logStreamError [90m(C:\Users\DELL\Desktop\a2a-dr.-gemini-in
take-agent\[39msrc\server\services\stream-error-handler.ts:352:23[90m)[
39m
    at StreamService.getMeetingRoom [90m(C:\Users\DELL\Desktop\a2a-dr.-ge
mini-intake-agent\[39msrc\server\services\stream.ts:331:7[90m)[39m
[90m    at processTicksAndRejections 
(node:internal/process/task_queues:103:5)[39m {
  code: [32m'STREAM_NETWORK_ERROR'[39m,
  originalError: Error: Database connection failed
      at [90mC:\Users\DELL\Desktop\a2a-dr.-gemini-intake-agent\[39m__tes
ts__\properties\meeting-room-data-consistency.property.test.ts:288:48
      at AsyncProperty.predicate [90m(file:///C:/Users/DELL/Desktop/a2a-d
r.-gemini-intake-agent/[39mnode_modules/[4mfast-check[24m/lib/esm/check
/property/AsyncProperty.js:14:59[90m)[39m
      at AsyncProperty.run [90m(file:///C:/Users/DELL/Desktop/a2a-dr.-gem
ini-intake-agent/[39mnode_modules/[4mfast-check[24m/lib/esm/check/prope
rty/AsyncProperty.generic.js:46:39[90m)[39m
      at asyncRunIt [90m(file:///C:/Users/DELL/Desktop/a2a-dr.-gemini-int
ake-agent/[39mnode_modules/[4mfast-check[24m/lib/esm/check/runner/Runne
r.js:33:36[90m)[39m
  [90m    at processTicksAndRejections 
(node:internal/process/task_queues:103:5)[39m
      at [90mC:\Users\DELL\Desktop\a2a-dr.-gemini-intake-agent\[39m__tes
ts__\properties\meeting-room-data-consistency.property.test.ts:282:5
      at [90mfile:///C:/Users/DELL/Desktop/a2a-dr.-gemini-intake-agent/[
39mnode_modules/[4m@vitest/runner[24m/dist/index.js:533:5
      at runTest [90m(file:///C:/Users/DELL/Desktop/a2a-dr.-gemini-intake
-agent/[39mnode_modules/[4m@vitest/runner[24m/dist/index.js:1056:11[90
m)[39m
      at runSuite [90m(file:///C:/Users/DELL/Desktop/a2a-dr.-gemini-intak
e-agent/[39mnode_modules/[4m@vitest/runner[24m/dist/index.js:1205:15[9
0m)[39m
      at runSuite [90m(file:///C:/Users/DELL/Desktop/a2a-dr.-gemini-intak
e-agent/[39mnode_modules/[4m@vitest/runner[24m/dist/index.js:1205:15[9
0m)[39m,
  retryable: [33mtrue[39m,
  fallbackOptions: [
    {
      id: [32m'retry'[39m,
      label: [32m'Reconnect'[39m,
      description: [32m'Try to reconnect when your connection is 
stable'[39m,
      action: [32m'retry'[39m
    }
  ]
}
Unexpected error: {
  code: [32m'INTERNAL_ERROR'[39m,
  message: [32m'Something went wrong. Please try again later.'[39m,
  context: {
    streamErrorCode: [32m'STREAM_NETWORK_ERROR'[39m,
    retryable: [33mtrue[39m,
    originalMessage: [32m'Database connection failed'[39m,
    operation: [32m'getMeetingRoom'[39m,
    appointmentId: [32m'LDJZ&:P&S#>#$U!_APS~|j}y "?jxq}$kkw1'[39m
  },
  stack: [32m'Error: Network connection lost. Please check your internet 
connection.\n'[39m +
    [32m'    at toStreamError (C:\\Users\\DELL\\Desktop\\a2a-dr.-gemini-i
ntake-agent\\src\\server\\services\\stream-error-handler.ts:337:10)\n'[39
m +
    [32m'    at Module.logStreamError (C:\\Users\\DELL\\Desktop\\a2a-dr.-
gemini-intake-agent\\src\\server\\services\\stream-error-handler.ts:352:23
)\n'[39m +
    [32m'    at StreamService.getMeetingRoom (C:\\Users\\DELL\\Desktop\\a
2a-dr.-gemini-intake-agent\\src\\server\\services\\stream.ts:331:7)\n'[39
m +
    [32m'    at processTicksAndRejections 
(node:internal/process/task_queues:103:5)'[39m
}
Unhandled error: StreamError: Network connection lost. Please check your 
internet connection.
    at toStreamError [90m(C:\Users\DELL\Desktop\a2a-dr.-gemini-intake-age
nt\[39msrc\server\services\stream-error-handler.ts:337:10[90m)[39m
    at Module.logStreamError [90m(C:\Users\DELL\Desktop\a2a-dr.-gemini-in
take-agent\[39msrc\server\services\stream-error-handler.ts:352:23[90m)[
39m
    at StreamService.getMeetingRoom [90m(C:\Users\DELL\Desktop\a2a-dr.-ge
mini-intake-agent\[39msrc\server\services\stream.ts:331:7[90m)[39m
[90m    at processTicksAndRejections 
(node:internal/process/task_queues:103:5)[39m {
  code: [32m'STREAM_NETWORK_ERROR'[39m,
  originalError: Error: Database connection failed
      at [90mC:\Users\DELL\Desktop\a2a-dr.-gemini-intake-agent\[39m__tes
ts__\properties\meeting-room-data-consistency.property.test.ts:288:48
      at AsyncProperty.predicate [90m(file:///C:/Users/DELL/Desktop/a2a-d
r.-gemini-intake-agent/[39mnode_modules/[4mfast-check[24m/lib/esm/check
/property/AsyncProperty.js:14:59[90m)[39m
      at AsyncProperty.run [90m(file:///C:/Users/DELL/Desktop/a2a-dr.-gem
ini-intake-agent/[39mnode_modules/[4mfast-check[24m/lib/esm/check/prope
rty/AsyncProperty.generic.js:46:39[90m)[39m
      at asyncRunIt [90m(file:///C:/Users/DELL/Desktop/a2a-dr.-gemini-int
ake-agent/[39mnode_modules/[4mfast-check[24m/lib/esm/check/runner/Runne
r.js:33:36[90m)[39m
  [90m    at processTicksAndRejections 
(node:internal/process/task_queues:103:5)[39m
      at [90mC:\Users\DELL\Desktop\a2a-dr.-gemini-intake-agent\[39m__tes
ts__\properties\meeting-room-data-consistency.property.test.ts:282:5
      at [90mfile:///C:/Users/DELL/Desktop/a2a-dr.-gemini-intake-agent/[
39mnode_modules/[4m@vitest/runner[24m/dist/index.js:533:5
      at runTest [90m(file:///C:/Users/DELL/Desktop/a2a-dr.-gemini-intake
-agent/[39mnode_modules/[4m@vitest/runner[24m/dist/index.js:1056:11[90
m)[39m
      at runSuite [90m(file:///C:/Users/DELL/Desktop/a2a-dr.-gemini-intak
e-agent/[39mnode_modules/[4m@vitest/runner[24m/dist/index.js:1205:15[9
0m)[39m
      at runSuite [90m(file:///C:/Users/DELL/Desktop/a2a-dr.-gemini-intak
e-agent/[39mnode_modules/[4m@vitest/runner[24m/dist/index.js:1205:15[9
0m)[39m,
  retryable: [33mtrue[39m,
  fallbackOptions: [
    {
      id: [32m'retry'[39m,
      label: [32m'Reconnect'[39m,
      description: [32m'Try to reconnect when your connection is 
stable'[39m,
      action: [32m'retry'[39m
    }
  ]
}
Unexpected error: {
  code: [32m'INTERNAL_ERROR'[39m,
  message: [32m'Something went wrong. Please try again later.'[39m,
  context: {
    streamErrorCode: [32m'STREAM_NETWORK_ERROR'[39m,
    retryable: [33mtrue[39m,
    originalMessage: [32m'Database connection failed'[39m,
    operation: [32m'getMeetingRoom'[39m,
    appointmentId: [32m`T"Y]$s|'#&{&i7*B)|,t;"6"B!hiI2Bx#&}R`[39m
  },
  stack: [32m'Error: Network connection lost. Please check your internet 
connection.\n'[39m +
    [32m'    at toStreamError (C:\\Users\\DELL\\Desktop\\a2a-dr.-gemini-i
ntake-agent\\src\\server\\services\\stream-error-handler.ts:337:10)\n'[39
m +
    [32m'    at Module.logStreamError (C:\\Users\\DELL\\Desktop\\a2a-dr.-
gemini-intake-agent\\src\\server\\services\\stream-error-handler.ts:352:23
)\n'[39m +
    [32m'    at StreamService.getMeetingRoom (C:\\Users\\DELL\\Desktop\\a
2a-dr.-gemini-intake-agent\\src\\server\\services\\stream.ts:331:7)\n'[39
m +
    [32m'    at processTicksAndRejections 
(node:internal/process/task_queues:103:5)'[39m
}
Unhandled error: StreamError: Network connection lost. Please check your 
internet connection.
    at toStreamError [90m(C:\Users\DELL\Desktop\a2a-dr.-gemini-intake-age
nt\[39msrc\server\services\stream-error-handler.ts:337:10[90m)[39m
    at Module.logStreamError [90m(C:\Users\DELL\Desktop\a2a-dr.-gemini-in
take-agent\[39msrc\server\services\stream-error-handler.ts:352:23[90m)[
39m
    at StreamService.getMeetingRoom [90m(C:\Users\DELL\Desktop\a2a-dr.-ge
mini-intake-agent\[39msrc\server\services\stream.ts:331:7[90m)[39m
[90m    at processTicksAndRejections 
(node:internal/process/task_queues:103:5)[39m {
  code: [32m'STREAM_NETWORK_ERROR'[39m,
  originalError: Error: Database connection failed
      at [90mC:\Users\DELL\Desktop\a2a-dr.-gemini-intake-agent\[39m__tes
ts__\properties\meeting-room-data-consistency.property.test.ts:288:48
      at AsyncProperty.predicate [90m(file:///C:/Users/DELL/Desktop/a2a-d
r.-gemini-intake-agent/[39mnode_modules/[4mfast-check[24m/lib/esm/check
/property/AsyncProperty.js:14:59[90m)[39m
      at AsyncProperty.run [90m(file:///C:/Users/DELL/Desktop/a2a-dr.-gem
ini-intake-agent/[39mnode_modules/[4mfast-check[24m/lib/esm/check/prope
rty/AsyncProperty.generic.js:46:39[90m)[39m
      at asyncRunIt [90m(file:///C:/Users/DELL/Desktop/a2a-dr.-gemini-int
ake-agent/[39mnode_modules/[4mfast-check[24m/lib/esm/check/runner/Runne
r.js:33:36[90m)[39m
  [90m    at processTicksAndRejections 
(node:internal/process/task_queues:103:5)[39m
      at [90mC:\Users\DELL\Desktop\a2a-dr.-gemini-intake-agent\[39m__tes
ts__\properties\meeting-room-data-consistency.property.test.ts:282:5
      at [90mfile:///C:/Users/DELL/Desktop/a2a-dr.-gemini-intake-agent/[
39mnode_modules/[4m@vitest/runner[24m/dist/index.js:533:5
      at runTest [90m(file:///C:/Users/DELL/Desktop/a2a-dr.-gemini-intake
-agent/[39mnode_modules/[4m@vitest/runner[24m/dist/index.js:1056:11[90
m)[39m
      at runSuite [90m(file:///C:/Users/DELL/Desktop/a2a-dr.-gemini-intak
e-agent/[39mnode_modules/[4m@vitest/runner[24m/dist/index.js:1205:15[9
0m)[39m
      at runSuite [90m(file:///C:/Users/DELL/Desktop/a2a-dr.-gemini-intak
e-agent/[39mnode_modules/[4m@vitest/runner[24m/dist/index.js:1205:15[9
0m)[39m,
  retryable: [33mtrue[39m,
  fallbackOptions: [
    {
      id: [32m'retry'[39m,
      label: [32m'Reconnect'[39m,
      description: [32m'Try to reconnect when your connection is 
stable'[39m,
      action: [32m'retry'[39m
    }
  ]
}
Unexpected error: {
  code: [32m'INTERNAL_ERROR'[39m,
  message: [32m'Something went wrong. Please try again later.'[39m,
  context: {
    streamErrorCode: [32m'STREAM_NETWORK_ERROR'[39m,
    retryable: [33mtrue[39m,
    originalMessage: [32m'Database connection failed'[39m,
    operation: [32m'getMeetingRoom'[39m,
    appointmentId: [32m'& "%,V|O8 ?SO; s J\\dVpP"!Lv!PyUzG"\\?'[39m
  },
  stack: [32m'Error: Network connection lost. Please check your internet 
connection.\n'[39m +
    [32m'    at toStreamError (C:\\Users\\DELL\\Desktop\\a2a-dr.-gemini-i
ntake-agent\\src\\server\\services\\stream-error-handler.ts:337:10)\n'[39
m +
    [32m'    at Module.logStreamError (C:\\Users\\DELL\\Desktop\\a2a-dr.-
gemini-intake-agent\\src\\server\\services\\stream-error-handler.ts:352:23
)\n'[39m +
    [32m'    at StreamService.getMeetingRoom (C:\\Users\\DELL\\Desktop\\a
2a-dr.-gemini-intake-agent\\src\\server\\services\\stream.ts:331:7)\n'[39
m +
    [32m'    at processTicksAndRejections 
(node:internal/process/task_queues:103:5)'[39m
}
Unhandled error: StreamError: Network connection lost. Please check your 
internet connection.
    at toStreamError [90m(C:\Users\DELL\Desktop\a2a-dr.-gemini-intake-age
nt\[39msrc\server\services\stream-error-handler.ts:337:10[90m)[39m
    at Module.logStreamError [90m(C:\Users\DELL\Desktop\a2a-dr.-gemini-in
take-agent\[39msrc\server\services\stream-error-handler.ts:352:23[90m)[
39m
    at StreamService.getMeetingRoom [90m(C:\Users\DELL\Desktop\a2a-dr.-ge
mini-intake-agent\[39msrc\server\services\stream.ts:331:7[90m)[39m
[90m    at processTicksAndRejections 
(node:internal/process/task_queues:103:5)[39m {
  code: [32m'STREAM_NETWORK_ERROR'[39m,
  originalError: Error: Database connection failed
      at [90mC:\Users\DELL\Desktop\a2a-dr.-gemini-intake-agent\[39m__tes
ts__\properties\meeting-room-data-consistency.property.test.ts:288:48
      at AsyncProperty.predicate [90m(file:///C:/Users/DELL/Desktop/a2a-d
r.-gemini-intake-agent/[39mnode_modules/[4mfast-check[24m/lib/esm/check
/property/AsyncProperty.js:14:59[90m)[39m
      at AsyncProperty.run [90m(file:///C:/Users/DELL/Desktop/a2a-dr.-gem
ini-intake-agent/[39mnode_modules/[4mfast-check[24m/lib/esm/check/prope
rty/AsyncProperty.generic.js:46:39[90m)[39m
      at asyncRunIt [90m(file:///C:/Users/DELL/Desktop/a2a-dr.-gemini-int
ake-agent/[39mnode_modules/[4mfast-check[24m/lib/esm/check/runner/Runne
r.js:33:36[90m)[39m
  [90m    at processTicksAndRejections 
(node:internal/process/task_queues:103:5)[39m
      at [90mC:\Users\DELL\Desktop\a2a-dr.-gemini-intake-agent\[39m__tes
ts__\properties\meeting-room-data-consistency.property.test.ts:282:5
      at [90mfile:///C:/Users/DELL/Desktop/a2a-dr.-gemini-intake-agent/[
39mnode_modules/[4m@vitest/runner[24m/dist/index.js:533:5
      at runTest [90m(file:///C:/Users/DELL/Desktop/a2a-dr.-gemini-intake
-agent/[39mnode_modules/[4m@vitest/runner[24m/dist/index.js:1056:11[90
m)[39m
      at runSuite [90m(file:///C:/Users/DELL/Desktop/a2a-dr.-gemini-intak
e-agent/[39mnode_modules/[4m@vitest/runner[24m/dist/index.js:1205:15[9
0m)[39m
      at runSuite [90m(file:///C:/Users/DELL/Desktop/a2a-dr.-gemini-intak
e-agent/[39mnode_modules/[4m@vitest/runner[24m/dist/index.js:1205:15[9
0m)[39m,
  retryable: [33mtrue[39m,
  fallbackOptions: [
    {
      id: [32m'retry'[39m,
      label: [32m'Reconnect'[39m,
      description: [32m'Try to reconnect when your connection is 
stable'[39m,
      action: [32m'retry'[39m
    }
  ]
}
Unexpected error: {
  code: [32m'INTERNAL_ERROR'[39m,
  message: [32m'Something went wrong. Please try again later.'[39m,
  context: {
    streamErrorCode: [32m'STREAM_NETWORK_ERROR'[39m,
    retryable: [33mtrue[39m,
    originalMessage: [32m'Database connection failed'[39m,
    operation: [32m'getMeetingRoom'[39m,
    appointmentId: [32m'vH&&,x$n!$)-{U ~IK J1TE2 &1~yxh~! lk'[39m
  },
  stack: [32m'Error: Network connection lost. Please check your internet 
connection.\n'[39m +
    [32m'    at toStreamError (C:\\Users\\DELL\\Desktop\\a2a-dr.-gemini-i
ntake-agent\\src\\server\\services\\stream-error-handler.ts:337:10)\n'[39
m +
    [32m'    at Module.logStreamError (C:\\Users\\DELL\\Desktop\\a2a-dr.-
gemini-intake-agent\\src\\server\\services\\stream-error-handler.ts:352:23
)\n'[39m +
    [32m'    at StreamService.getMeetingRoom (C:\\Users\\DELL\\Desktop\\a
2a-dr.-gemini-intake-agent\\src\\server\\services\\stream.ts:331:7)\n'[39
m +
    [32m'    at processTicksAndRejections 
(node:internal/process/task_queues:103:5)'[39m
}
Unhandled error: StreamError: Network connection lost. Please check your 
internet connection.
    at toStreamError [90m(C:\Users\DELL\Desktop\a2a-dr.-gemini-intake-age
nt\[39msrc\server\services\stream-error-handler.ts:337:10[90m)[39m
    at Module.logStreamError [90m(C:\Users\DELL\Desktop\a2a-dr.-gemini-in
take-agent\[39msrc\server\services\stream-error-handler.ts:352:23[90m)[
39m
    at StreamService.getMeetingRoom [90m(C:\Users\DELL\Desktop\a2a-dr.-ge
mini-intake-agent\[39msrc\server\services\stream.ts:331:7[90m)[39m
[90m    at processTicksAndRejections 
(node:internal/process/task_queues:103:5)[39m {
  code: [32m'STREAM_NETWORK_ERROR'[39m,
  originalError: Error: Database connection failed
      at [90mC:\Users\DELL\Desktop\a2a-dr.-gemini-intake-agent\[39m__tes
ts__\properties\meeting-room-data-consistency.property.test.ts:288:48
      at AsyncProperty.predicate [90m(file:///C:/Users/DELL/Desktop/a2a-d
r.-gemini-intake-agent/[39mnode_modules/[4mfast-check[24m/lib/esm/check
/property/AsyncProperty.js:14:59[90m)[39m
      at AsyncProperty.run [90m(file:///C:/Users/DELL/Desktop/a2a-dr.-gem
ini-intake-agent/[39mnode_modules/[4mfast-check[24m/lib/esm/check/prope
rty/AsyncProperty.generic.js:46:39[90m)[39m
      at asyncRunIt [90m(file:///C:/Users/DELL/Desktop/a2a-dr.-gemini-int
ake-agent/[39mnode_modules/[4mfast-check[24m/lib/esm/check/runner/Runne
r.js:33:36[90m)[39m
  [90m    at processTicksAndRejections 
(node:internal/process/task_queues:103:5)[39m
      at [90mC:\Users\DELL\Desktop\a2a-dr.-gemini-intake-agent\[39m__tes
ts__\properties\meeting-room-data-consistency.property.test.ts:282:5
      at [90mfile:///C:/Users/DELL/Desktop/a2a-dr.-gemini-intake-agent/[
39mnode_modules/[4m@vitest/runner[24m/dist/index.js:533:5
      at runTest [90m(file:///C:/Users/DELL/Desktop/a2a-dr.-gemini-intake
-agent/[39mnode_modules/[4m@vitest/runner[24m/dist/index.js:1056:11[90
m)[39m
      at runSuite [90m(file:///C:/Users/DELL/Desktop/a2a-dr.-gemini-intak
e-agent/[39mnode_modules/[4m@vitest/runner[24m/dist/index.js:1205:15[9
0m)[39m
      at runSuite [90m(file:///C:/Users/DELL/Desktop/a2a-dr.-gemini-intak
e-agent/[39mnode_modules/[4m@vitest/runner[24m/dist/index.js:1205:15[9
0m)[39m,
  retryable: [33mtrue[39m,
  fallbackOptions: [
    {
      id: [32m'retry'[39m,
      label: [32m'Reconnect'[39m,
      description: [32m'Try to reconnect when your connection is 
stable'[39m,
      action: [32m'retry'[39m
    }
  ]
}
Unexpected error: {
  code: [32m'INTERNAL_ERROR'[39m,
  message: [32m'Something went wrong. Please try again later.'[39m,
  context: {
    streamErrorCode: [32m'STREAM_NETWORK_ERROR'[39m,
    retryable: [33mtrue[39m,
    originalMessage: [32m'Database connection failed'[39m,
    operation: [32m'getMeetingRoom'[39m,
    appointmentId: [32m'H!.|:XO-9}%|,|~N%i&V2\\%#s"r$!5Y&$D2t'[39m
  },
  stack: [32m'Error: Network connection lost. Please check your internet 
connection.\n'[39m +
    [32m'    at toStreamError (C:\\Users\\DELL\\Desktop\\a2a-dr.-gemini-i
ntake-agent\\src\\server\\services\\stream-error-handler.ts:337:10)\n'[39
m +
    [32m'    at Module.logStreamError (C:\\Users\\DELL\\Desktop\\a2a-dr.-
gemini-intake-agent\\src\\server\\services\\stream-error-handler.ts:352:23
)\n'[39m +
    [32m'    at StreamService.getMeetingRoom (C:\\Users\\DELL\\Desktop\\a
2a-dr.-gemini-intake-agent\\src\\server\\services\\stream.ts:331:7)\n'[39
m +
    [32m'    at processTicksAndRejections 
(node:internal/process/task_queues:103:5)'[39m
}
Unhandled error: StreamError: Network connection lost. Please check your 
internet connection.
    at toStreamError [90m(C:\Users\DELL\Desktop\a2a-dr.-gemini-intake-age
nt\[39msrc\server\services\stream-error-handler.ts:337:10[90m)[39m
    at Module.logStreamError [90m(C:\Users\DELL\Desktop\a2a-dr.-gemini-in
take-agent\[39msrc\server\services\stream-error-handler.ts:352:23[90m)[
39m
    at StreamService.getMeetingRoom [90m(C:\Users\DELL\Desktop\a2a-dr.-ge
mini-intake-agent\[39msrc\server\services\stream.ts:331:7[90m)[39m
[90m    at processTicksAndRejections 
(node:internal/process/task_queues:103:5)[39m {
  code: [32m'STREAM_NETWORK_ERROR'[39m,
  originalError: Error: Database connection failed
      at [90mC:\Users\DELL\Desktop\a2a-dr.-gemini-intake-agent\[39m__tes
ts__\properties\meeting-room-data-consistency.property.test.ts:288:48
      at AsyncProperty.predicate [90m(file:///C:/Users/DELL/Desktop/a2a-d
r.-gemini-intake-agent/[39mnode_modules/[4mfast-check[24m/lib/esm/check
/property/AsyncProperty.js:14:59[90m)[39m
      at AsyncProperty.run [90m(file:///C:/Users/DELL/Desktop/a2a-dr.-gem
ini-intake-agent/[39mnode_modules/[4mfast-check[24m/lib/esm/check/prope
rty/AsyncProperty.generic.js:46:39[90m)[39m
      at asyncRunIt [90m(file:///C:/Users/DELL/Desktop/a2a-dr.-gemini-int
ake-agent/[39mnode_modules/[4mfast-check[24m/lib/esm/check/runner/Runne
r.js:33:36[90m)[39m
  [90m    at processTicksAndRejections 
(node:internal/process/task_queues:103:5)[39m
      at [90mC:\Users\DELL\Desktop\a2a-dr.-gemini-intake-agent\[39m__tes
ts__\properties\meeting-room-data-consistency.property.test.ts:282:5
      at [90mfile:///C:/Users/DELL/Desktop/a2a-dr.-gemini-intake-agent/[
39mnode_modules/[4m@vitest/runner[24m/dist/index.js:533:5
      at runTest [90m(file:///C:/Users/DELL/Desktop/a2a-dr.-gemini-intake
-agent/[39mnode_modules/[4m@vitest/runner[24m/dist/index.js:1056:11[90
m)[39m
      at runSuite [90m(file:///C:/Users/DELL/Desktop/a2a-dr.-gemini-intak
e-agent/[39mnode_modules/[4m@vitest/runner[24m/dist/index.js:1205:15[9
0m)[39m
      at runSuite [90m(file:///C:/Users/DELL/Desktop/a2a-dr.-gemini-intak
e-agent/[39mnode_modules/[4m@vitest/runner[24m/dist/index.js:1205:15[9
0m)[39m,
  retryable: [33mtrue[39m,
  fallbackOptions: [
    {
      id: [32m'retry'[39m,
      label: [32m'Reconnect'[39m,
      description: [32m'Try to reconnect when your connection is 
stable'[39m,
      action: [32m'retry'[39m
    }
  ]
}
Unexpected error: {
  code: [32m'INTERNAL_ERROR'[39m,
  message: [32m'Something went wrong. Please try again later.'[39m,
  context: {
    streamErrorCode: [32m'STREAM_NETWORK_ERROR'[39m,
    retryable: [33mtrue[39m,
    originalMessage: [32m'Database connection failed'[39m,
    operation: [32m'getMeetingRoom'[39m,
    appointmentId: [32m'f6ABA&/h-<#"j%bRIi}w!S\\".,$M~fwylZ^t'[39m
  },
  stack: [32m'Error: Network connection lost. Please check your internet 
connection.\n'[39m +
    [32m'    at toStreamError (C:\\Users\\DELL\\Desktop\\a2a-dr.-gemini-i
ntake-agent\\src\\server\\services\\stream-error-handler.ts:337:10)\n'[39
m +
    [32m'    at Module.logStreamError (C:\\Users\\DELL\\Desktop\\a2a-dr.-
gemini-intake-agent\\src\\server\\services\\stream-error-handler.ts:352:23
)\n'[39m +
    [32m'    at StreamService.getMeetingRoom (C:\\Users\\DELL\\Desktop\\a
2a-dr.-gemini-intake-agent\\src\\server\\services\\stream.ts:331:7)\n'[39
m +
    [32m'    at processTicksAndRejections 
(node:internal/process/task_queues:103:5)'[39m
}
Unhandled error: StreamError: Network connection lost. Please check your 
internet connection.
    at toStreamError [90m(C:\Users\DELL\Desktop\a2a-dr.-gemini-intake-age
nt\[39msrc\server\services\stream-error-handler.ts:337:10[90m)[39m
    at Module.logStreamError [90m(C:\Users\DELL\Desktop\a2a-dr.-gemini-in
take-agent\[39msrc\server\services\stream-error-handler.ts:352:23[90m)[
39m
    at StreamService.getMeetingRoom [90m(C:\Users\DELL\Desktop\a2a-dr.-ge
mini-intake-agent\[39msrc\server\services\stream.ts:331:7[90m)[39m
[90m    at processTicksAndRejections 
(node:internal/process/task_queues:103:5)[39m {
  code: [32m'STREAM_NETWORK_ERROR'[39m,
  originalError: Error: Database connection failed
      at [90mC:\Users\DELL\Desktop\a2a-dr.-gemini-intake-agent\[39m__tes
ts__\properties\meeting-room-data-consistency.property.test.ts:288:48
      at AsyncProperty.predicate [90m(file:///C:/Users/DELL/Desktop/a2a-d
r.-gemini-intake-agent/[39mnode_modules/[4mfast-check[24m/lib/esm/check
/property/AsyncProperty.js:14:59[90m)[39m
      at AsyncProperty.run [90m(file:///C:/Users/DELL/Desktop/a2a-dr.-gem
ini-intake-agent/[39mnode_modules/[4mfast-check[24m/lib/esm/check/prope
rty/AsyncProperty.generic.js:46:39[90m)[39m
      at asyncRunIt [90m(file:///C:/Users/DELL/Desktop/a2a-dr.-gemini-int
ake-agent/[39mnode_modules/[4mfast-check[24m/lib/esm/check/runner/Runne
r.js:33:36[90m)[39m
  [90m    at processTicksAndRejections 
(node:internal/process/task_queues:103:5)[39m
      at [90mC:\Users\DELL\Desktop\a2a-dr.-gemini-intake-agent\[39m__tes
ts__\properties\meeting-room-data-consistency.property.test.ts:282:5
      at [90mfile:///C:/Users/DELL/Desktop/a2a-dr.-gemini-intake-agent/[
39mnode_modules/[4m@vitest/runner[24m/dist/index.js:533:5
      at runTest [90m(file:///C:/Users/DELL/Desktop/a2a-dr.-gemini-intake
-agent/[39mnode_modules/[4m@vitest/runner[24m/dist/index.js:1056:11[90
m)[39m
      at runSuite [90m(file:///C:/Users/DELL/Desktop/a2a-dr.-gemini-intak
e-agent/[39mnode_modules/[4m@vitest/runner[24m/dist/index.js:1205:15[9
0m)[39m
      at runSuite [90m(file:///C:/Users/DELL/Desktop/a2a-dr.-gemini-intak
e-agent/[39mnode_modules/[4m@vitest/runner[24m/dist/index.js:1205:15[9
0m)[39m,
  retryable: [33mtrue[39m,
  fallbackOptions: [
    {
      id: [32m'retry'[39m,
      label: [32m'Reconnect'[39m,
      description: [32m'Try to reconnect when your connection is 
stable'[39m,
      action: [32m'retry'[39m
    }
  ]
}
Unexpected error: {
  code: [32m'INTERNAL_ERROR'[39m,
  message: [32m'Something went wrong. Please try again later.'[39m,
  context: {
    streamErrorCode: [32m'STREAM_NETWORK_ERROR'[39m,
    retryable: [33mtrue[39m,
    originalMessage: [32m'Database connection failed'[39m,
    operation: [32m'getMeetingRoom'[39m,
    appointmentId: [32m`'"#$-Zlrxz% Z#(s%vC~|04G%+[$qQG {#sF`[39m
  },
  stack: [32m'Error: Network connection lost. Please check your internet 
connection.\n'[39m +
    [32m'    at toStreamError (C:\\Users\\DELL\\Desktop\\a2a-dr.-gemini-i
ntake-agent\\src\\server\\services\\stream-error-handler.ts:337:10)\n'[39
m +
    [32m'    at Module.logStreamError (C:\\Users\\DELL\\Desktop\\a2a-dr.-
gemini-intake-agent\\src\\server\\services\\stream-error-handler.ts:352:23
)\n'[39m +
    [32m'    at StreamService.getMeetingRoom (C:\\Users\\DELL\\Desktop\\a
2a-dr.-gemini-intake-agent\\src\\server\\services\\stream.ts:331:7)\n'[39
m +
    [32m'    at processTicksAndRejections 
(node:internal/process/task_queues:103:5)'[39m
}
Unhandled error: StreamError: Network connection lost. Please check your 
internet connection.
    at toStreamError [90m(C:\Users\DELL\Desktop\a2a-dr.-gemini-intake-age
nt\[39msrc\server\services\stream-error-handler.ts:337:10[90m)[39m
    at Module.logStreamError [90m(C:\Users\DELL\Desktop\a2a-dr.-gemini-in
take-agent\[39msrc\server\services\stream-error-handler.ts:352:23[90m)[
39m
    at StreamService.getMeetingRoom [90m(C:\Users\DELL\Desktop\a2a-dr.-ge
mini-intake-agent\[39msrc\server\services\stream.ts:331:7[90m)[39m
[90m    at processTicksAndRejections 
(node:internal/process/task_queues:103:5)[39m {
  code: [32m'STREAM_NETWORK_ERROR'[39m,
  originalError: Error: Database connection failed
      at [90mC:\Users\DELL\Desktop\a2a-dr.-gemini-intake-agent\[39m__tes
ts__\properties\meeting-room-data-consistency.property.test.ts:288:48
      at AsyncProperty.predicate [90m(file:///C:/Users/DELL/Desktop/a2a-d
r.-gemini-intake-agent/[39mnode_modules/[4mfast-check[24m/lib/esm/check
/property/AsyncProperty.js:14:59[90m)[39m
      at AsyncProperty.run [90m(file:///C:/Users/DELL/Desktop/a2a-dr.-gem
ini-intake-agent/[39mnode_modules/[4mfast-check[24m/lib/esm/check/prope
rty/AsyncProperty.generic.js:46:39[90m)[39m
      at asyncRunIt [90m(file:///C:/Users/DELL/Desktop/a2a-dr.-gemini-int
ake-agent/[39mnode_modules/[4mfast-check[24m/lib/esm/check/runner/Runne
r.js:33:36[90m)[39m
  [90m    at processTicksAndRejections 
(node:internal/process/task_queues:103:5)[39m
      at [90mC:\Users\DELL\Desktop\a2a-dr.-gemini-intake-agent\[39m__tes
ts__\properties\meeting-room-data-consistency.property.test.ts:282:5
      at [90mfile:///C:/Users/DELL/Desktop/a2a-dr.-gemini-intake-agent/[
39mnode_modules/[4m@vitest/runner[24m/dist/index.js:533:5
      at runTest [90m(file:///C:/Users/DELL/Desktop/a2a-dr.-gemini-intake
-agent/[39mnode_modules/[4m@vitest/runner[24m/dist/index.js:1056:11[90
m)[39m
      at runSuite [90m(file:///C:/Users/DELL/Desktop/a2a-dr.-gemini-intak
e-agent/[39mnode_modules/[4m@vitest/runner[24m/dist/index.js:1205:15[9
0m)[39m
      at runSuite [90m(file:///C:/Users/DELL/Desktop/a2a-dr.-gemini-intak
e-agent/[39mnode_modules/[4m@vitest/runner[24m/dist/index.js:1205:15[9
0m)[39m,
  retryable: [33mtrue[39m,
  fallbackOptions: [
    {
      id: [32m'retry'[39m,
      label: [32m'Reconnect'[39m,
      description: [32m'Try to reconnect when your connection is 
stable'[39m,
      action: [32m'retry'[39m
    }
  ]
}
Unexpected error: {
  code: [32m'INTERNAL_ERROR'[39m,
  message: [32m'Something went wrong. Please try again later.'[39m,
  context: {
    streamErrorCode: [32m'STREAM_NETWORK_ERROR'[39m,
    retryable: [33mtrue[39m,
    originalMessage: [32m'Database connection failed'[39m,
    operation: [32m'getMeetingRoom'[39m,
    appointmentId: [32m' !8$:%Y%Bi<x$cC 9<QOb$c?x,y#DxI"}zG#'[39m
  },
  stack: [32m'Error: Network connection lost. Please check your internet 
connection.\n'[39m +
    [32m'    at toStreamError (C:\\Users\\DELL\\Desktop\\a2a-dr.-gemini-i
ntake-agent\\src\\server\\services\\stream-error-handler.ts:337:10)\n'[39
m +
    [32m'    at Module.logStreamError (C:\\Users\\DELL\\Desktop\\a2a-dr.-
gemini-intake-agent\\src\\server\\services\\stream-error-handler.ts:352:23
)\n'[39m +
    [32m'    at StreamService.getMeetingRoom (C:\\Users\\DELL\\Desktop\\a
2a-dr.-gemini-intake-agent\\src\\server\\services\\stream.ts:331:7)\n'[39
m +
    [32m'    at processTicksAndRejections 
(node:internal/process/task_queues:103:5)'[39m
}
Unhandled error: StreamError: Network connection lost. Please check your 
internet connection.
    at toStreamError [90m(C:\Users\DELL\Desktop\a2a-dr.-gemini-intake-age
nt\[39msrc\server\services\stream-error-handler.ts:337:10[90m)[39m
    at Module.logStreamError [90m(C:\Users\DELL\Desktop\a2a-dr.-gemini-in
take-agent\[39msrc\server\services\stream-error-handler.ts:352:23[90m)[
39m
    at StreamService.getMeetingRoom [90m(C:\Users\DELL\Desktop\a2a-dr.-ge
mini-intake-agent\[39msrc\server\services\stream.ts:331:7[90m)[39m
[90m    at processTicksAndRejections 
(node:internal/process/task_queues:103:5)[39m {
  code: [32m'STREAM_NETWORK_ERROR'[39m,
  originalError: Error: Database connection failed
      at [90mC:\Users\DELL\Desktop\a2a-dr.-gemini-intake-agent\[39m__tes
ts__\properties\meeting-room-data-consistency.property.test.ts:288:48
      at AsyncProperty.predicate [90m(file:///C:/Users/DELL/Desktop/a2a-d
r.-gemini-intake-agent/[39mnode_modules/[4mfast-check[24m/lib/esm/check
/property/AsyncProperty.js:14:59[90m)[39m
      at AsyncProperty.run [90m(file:///C:/Users/DELL/Desktop/a2a-dr.-gem
ini-intake-agent/[39mnode_modules/[4mfast-check[24m/lib/esm/check/prope
rty/AsyncProperty.generic.js:46:39[90m)[39m
      at asyncRunIt [90m(file:///C:/Users/DELL/Desktop/a2a-dr.-gemini-int
ake-agent/[39mnode_modules/[4mfast-check[24m/lib/esm/check/runner/Runne
r.js:33:36[90m)[39m
  [90m    at processTicksAndRejections 
(node:internal/process/task_queues:103:5)[39m
      at [90mC:\Users\DELL\Desktop\a2a-dr.-gemini-intake-agent\[39m__tes
ts__\properties\meeting-room-data-consistency.property.test.ts:282:5
      at [90mfile:///C:/Users/DELL/Desktop/a2a-dr.-gemini-intake-agent/[
39mnode_modules/[4m@vitest/runner[24m/dist/index.js:533:5
      at runTest [90m(file:///C:/Users/DELL/Desktop/a2a-dr.-gemini-intake
-agent/[39mnode_modules/[4m@vitest/runner[24m/dist/index.js:1056:11[90
m)[39m
      at runSuite [90m(file:///C:/Users/DELL/Desktop/a2a-dr.-gemini-intak
e-agent/[39mnode_modules/[4m@vitest/runner[24m/dist/index.js:1205:15[9
0m)[39m
      at runSuite [90m(file:///C:/Users/DELL/Desktop/a2a-dr.-gemini-intak
e-agent/[39mnode_modules/[4m@vitest/runner[24m/dist/index.js:1205:15[9
0m)[39m,
  retryable: [33mtrue[39m,
  fallbackOptions: [
    {
      id: [32m'retry'[39m,
      label: [32m'Reconnect'[39m,
      description: [32m'Try to reconnect when your connection is 
stable'[39m,
      action: [32m'retry'[39m
    }
  ]
}
Unexpected error: {
  code: [32m'INTERNAL_ERROR'[39m,
  message: [32m'Something went wrong. Please try again later.'[39m,
  context: {
    streamErrorCode: [32m'STREAM_NETWORK_ERROR'[39m,
    retryable: [33mtrue[39m,
    originalMessage: [32m'Database connection failed'[39m,
    operation: [32m'getMeetingRoom'[39m,
    appointmentId: [32m'6)\\Vv\\zn73$&!"c~6} K"|,%efp"S+&L${#{'[39m
  },
  stack: [32m'Error: Network connection lost. Please check your internet 
connection.\n'[39m +
    [32m'    at toStreamError (C:\\Users\\DELL\\Desktop\\a2a-dr.-gemini-i
ntake-agent\\src\\server\\services\\stream-error-handler.ts:337:10)\n'[39
m +
    [32m'    at Module.logStreamError (C:\\Users\\DELL\\Desktop\\a2a-dr.-
gemini-intake-agent\\src\\server\\services\\stream-error-handler.ts:352:23
)\n'[39m +
    [32m'    at StreamService.getMeetingRoom (C:\\Users\\DELL\\Desktop\\a
2a-dr.-gemini-intake-agent\\src\\server\\services\\stream.ts:331:7)\n'[39
m +
    [32m'    at processTicksAndRejections 
(node:internal/process/task_queues:103:5)'[39m
}
Unhandled error: StreamError: Network connection lost. Please check your 
internet connection.
    at toStreamError [90m(C:\Users\DELL\Desktop\a2a-dr.-gemini-intake-age
nt\[39msrc\server\services\stream-error-handler.ts:337:10[90m)[39m
    at Module.logStreamError [90m(C:\Users\DELL\Desktop\a2a-dr.-gemini-in
take-agent\[39msrc\server\services\stream-error-handler.ts:352:23[90m)[
39m
    at StreamService.getMeetingRoom [90m(C:\Users\DELL\Desktop\a2a-dr.-ge
mini-intake-agent\[39msrc\server\services\stream.ts:331:7[90m)[39m
[90m    at processTicksAndRejections 
(node:internal/process/task_queues:103:5)[39m {
  code: [32m'STREAM_NETWORK_ERROR'[39m,
  originalError: Error: Database connection failed
      at [90mC:\Users\DELL\Desktop\a2a-dr.-gemini-intake-agent\[39m__tes
ts__\properties\meeting-room-data-consistency.property.test.ts:288:48
      at AsyncProperty.predicate [90m(file:///C:/Users/DELL/Desktop/a2a-d
r.-gemini-intake-agent/[39mnode_modules/[4mfast-check[24m/lib/esm/check
/property/AsyncProperty.js:14:59[90m)[39m
      at AsyncProperty.run [90m(file:///C:/Users/DELL/Desktop/a2a-dr.-gem
ini-intake-agent/[39mnode_modules/[4mfast-check[24m/lib/esm/check/prope
rty/AsyncProperty.generic.js:46:39[90m)[39m
      at asyncRunIt [90m(file:///C:/Users/DELL/Desktop/a2a-dr.-gemini-int
ake-agent/[39mnode_modules/[4mfast-check[24m/lib/esm/check/runner/Runne
r.js:33:36[90m)[39m
  [90m    at processTicksAndRejections 
(node:internal/process/task_queues:103:5)[39m
      at [90mC:\Users\DELL\Desktop\a2a-dr.-gemini-intake-agent\[39m__tes
ts__\properties\meeting-room-data-consistency.property.test.ts:282:5
      at [90mfile:///C:/Users/DELL/Desktop/a2a-dr.-gemini-intake-agent/[
39mnode_modules/[4m@vitest/runner[24m/dist/index.js:533:5
      at runTest [90m(file:///C:/Users/DELL/Desktop/a2a-dr.-gemini-intake
-agent/[39mnode_modules/[4m@vitest/runner[24m/dist/index.js:1056:11[90
m)[39m
      at runSuite [90m(file:///C:/Users/DELL/Desktop/a2a-dr.-gemini-intak
e-agent/[39mnode_modules/[4m@vitest/runner[24m/dist/index.js:1205:15[9
0m)[39m
      at runSuite [90m(file:///C:/Users/DELL/Desktop/a2a-dr.-gemini-intak
e-agent/[39mnode_modules/[4m@vitest/runner[24m/dist/index.js:1205:15[9
0m)[39m,
  retryable: [33mtrue[39m,
  fallbackOptions: [
    {
      id: [32m'retry'[39m,
      label: [32m'Reconnect'[39m,
      description: [32m'Try to reconnect when your connection is 
stable'[39m,
      action: [32m'retry'[39m
    }
  ]
}
Unexpected error: {
  code: [32m'INTERNAL_ERROR'[39m,
  message: [32m'Something went wrong. Please try again later.'[39m,
  context: {
    streamErrorCode: [32m'STREAM_NETWORK_ERROR'[39m,
    retryable: [33mtrue[39m,
    originalMessage: [32m'Database connection failed'[39m,
    operation: [32m'getMeetingRoom'[39m,
    appointmentId: [32m'Bs!TO& y|gxH#s}y#F7I%MKxR OB%- $"#h$'[39m
  },
  stack: [32m'Error: Network connection lost. Please check your internet 
connection.\n'[39m +
    [32m'    at toStreamError (C:\\Users\\DELL\\Desktop\\a2a-dr.-gemini-i
ntake-agent\\src\\server\\services\\stream-error-handler.ts:337:10)\n'[39
m +
    [32m'    at Module.logStreamError (C:\\Users\\DELL\\Desktop\\a2a-dr.-
gemini-intake-agent\\src\\server\\services\\stream-error-handler.ts:352:23
)\n'[39m +
    [32m'    at StreamService.getMeetingRoom (C:\\Users\\DELL\\Desktop\\a
2a-dr.-gemini-intake-agent\\src\\server\\services\\stream.ts:331:7)\n'[39
m +
    [32m'    at processTicksAndRejections 
(node:internal/process/task_queues:103:5)'[39m
}
Unhandled error: StreamError: Network connection lost. Please check your 
internet connection.
    at toStreamError [90m(C:\Users\DELL\Desktop\a2a-dr.-gemini-intake-age
nt\[39msrc\server\services\stream-error-handler.ts:337:10[90m)[39m
    at Module.logStreamError [90m(C:\Users\DELL\Desktop\a2a-dr.-gemini-in
take-agent\[39msrc\server\services\stream-error-handler.ts:352:23[90m)[
39m
    at StreamService.getMeetingRoom [90m(C:\Users\DELL\Desktop\a2a-dr.-ge
mini-intake-agent\[39msrc\server\services\stream.ts:331:7[90m)[39m
[90m    at processTicksAndRejections 
(node:internal/process/task_queues:103:5)[39m {
  code: [32m'STREAM_NETWORK_ERROR'[39m,
  originalError: Error: Database connection failed
      at [90mC:\Users\DELL\Desktop\a2a-dr.-gemini-intake-agent\[39m__tes
ts__\properties\meeting-room-data-consistency.property.test.ts:288:48
      at AsyncProperty.predicate [90m(file:///C:/Users/DELL/Desktop/a2a-d
r.-gemini-intake-agent/[39mnode_modules/[4mfast-check[24m/lib/esm/check
/property/AsyncProperty.js:14:59[90m)[39m
      at AsyncProperty.run [90m(file:///C:/Users/DELL/Desktop/a2a-dr.-gem
ini-intake-agent/[39mnode_modules/[4mfast-check[24m/lib/esm/check/prope
rty/AsyncProperty.generic.js:46:39[90m)[39m
      at asyncRunIt [90m(file:///C:/Users/DELL/Desktop/a2a-dr.-gemini-int
ake-agent/[39mnode_modules/[4mfast-check[24m/lib/esm/check/runner/Runne
r.js:33:36[90m)[39m
  [90m    at processTicksAndRejections 
(node:internal/process/task_queues:103:5)[39m
      at [90mC:\Users\DELL\Desktop\a2a-dr.-gemini-intake-agent\[39m__tes
ts__\properties\meeting-room-data-consistency.property.test.ts:282:5
      at [90mfile:///C:/Users/DELL/Desktop/a2a-dr.-gemini-intake-agent/[
39mnode_modules/[4m@vitest/runner[24m/dist/index.js:533:5
      at runTest [90m(file:///C:/Users/DELL/Desktop/a2a-dr.-gemini-intake
-agent/[39mnode_modules/[4m@vitest/runner[24m/dist/index.js:1056:11[90
m)[39m
      at runSuite [90m(file:///C:/Users/DELL/Desktop/a2a-dr.-gemini-intak
e-agent/[39mnode_modules/[4m@vitest/runner[24m/dist/index.js:1205:15[9
0m)[39m
      at runSuite [90m(file:///C:/Users/DELL/Desktop/a2a-dr.-gemini-intak
e-agent/[39mnode_modules/[4m@vitest/runner[24m/dist/index.js:1205:15[9
0m)[39m,
  retryable: [33mtrue[39m,
  fallbackOptions: [
    {
      id: [32m'retry'[39m,
      label: [32m'Reconnect'[39m,
      description: [32m'Try to reconnect when your connection is 
stable'[39m,
      action: [32m'retry'[39m
    }
  ]
}
Unexpected error: {
  code: [32m'INTERNAL_ERROR'[39m,
  message: [32m'Something went wrong. Please try again later.'[39m,
  context: {
    streamErrorCode: [32m'STREAM_NETWORK_ERROR'[39m,
    retryable: [33mtrue[39m,
    originalMessage: [32m'Database connection failed'[39m,
    operation: [32m'getMeetingRoom'[39m,
    appointmentId: [32m'<8#b91~R?$ LnZL#$b&m}!X|Q:bS~D!eI$.a'[39m
  },
  stack: [32m'Error: Network connection lost. Please check your internet 
connection.\n'[39m +
    [32m'    at toStreamError (C:\\Users\\DELL\\Desktop\\a2a-dr.-gemini-i
ntake-agent\\src\\server\\services\\stream-error-handler.ts:337:10)\n'[39
m +
    [32m'    at Module.logStreamError (C:\\Users\\DELL\\Desktop\\a2a-dr.-
gemini-intake-agent\\src\\server\\services\\stream-error-handler.ts:352:23
)\n'[39m +
    [32m'    at StreamService.getMeetingRoom (C:\\Users\\DELL\\Desktop\\a
2a-dr.-gemini-intake-agent\\src\\server\\services\\stream.ts:331:7)\n'[39
m +
    [32m'    at processTicksAndRejections 
(node:internal/process/task_queues:103:5)'[39m
}
Unhandled error: StreamError: Network connection lost. Please check your 
internet connection.
    at toStreamError [90m(C:\Users\DELL\Desktop\a2a-dr.-gemini-intake-age
nt\[39msrc\server\services\stream-error-handler.ts:337:10[90m)[39m
    at Module.logStreamError [90m(C:\Users\DELL\Desktop\a2a-dr.-gemini-in
take-agent\[39msrc\server\services\stream-error-handler.ts:352:23[90m)[
39m
    at StreamService.getMeetingRoom [90m(C:\Users\DELL\Desktop\a2a-dr.-ge
mini-intake-agent\[39msrc\server\services\stream.ts:331:7[90m)[39m
[90m    at processTicksAndRejections 
(node:internal/process/task_queues:103:5)[39m {
  code: [32m'STREAM_NETWORK_ERROR'[39m,
  originalError: Error: Database connection failed
      at [90mC:\Users\DELL\Desktop\a2a-dr.-gemini-intake-agent\[39m__tes
ts__\properties\meeting-room-data-consistency.property.test.ts:288:48
      at AsyncProperty.predicate [90m(file:///C:/Users/DELL/Desktop/a2a-d
r.-gemini-intake-agent/[39mnode_modules/[4mfast-check[24m/lib/esm/check
/property/AsyncProperty.js:14:59[90m)[39m
      at AsyncProperty.run [90m(file:///C:/Users/DELL/Desktop/a2a-dr.-gem
ini-intake-agent/[39mnode_modules/[4mfast-check[24m/lib/esm/check/prope
rty/AsyncProperty.generic.js:46:39[90m)[39m
      at asyncRunIt [90m(file:///C:/Users/DELL/Desktop/a2a-dr.-gemini-int
ake-agent/[39mnode_modules/[4mfast-check[24m/lib/esm/check/runner/Runne
r.js:33:36[90m)[39m
  [90m    at processTicksAndRejections 
(node:internal/process/task_queues:103:5)[39m
      at [90mC:\Users\DELL\Desktop\a2a-dr.-gemini-intake-agent\[39m__tes
ts__\properties\meeting-room-data-consistency.property.test.ts:282:5
      at [90mfile:///C:/Users/DELL/Desktop/a2a-dr.-gemini-intake-agent/[
39mnode_modules/[4m@vitest/runner[24m/dist/index.js:533:5
      at runTest [90m(file:///C:/Users/DELL/Desktop/a2a-dr.-gemini-intake
-agent/[39mnode_modules/[4m@vitest/runner[24m/dist/index.js:1056:11[90
m)[39m
      at runSuite [90m(file:///C:/Users/DELL/Desktop/a2a-dr.-gemini-intak
e-agent/[39mnode_modules/[4m@vitest/runner[24m/dist/index.js:1205:15[9
0m)[39m
      at runSuite [90m(file:///C:/Users/DELL/Desktop/a2a-dr.-gemini-intak
e-agent/[39mnode_modules/[4m@vitest/runner[24m/dist/index.js:1205:15[9
0m)[39m,
  retryable: [33mtrue[39m,
  fallbackOptions: [
    {
      id: [32m'retry'[39m,
      label: [32m'Reconnect'[39m,
      description: [32m'Try to reconnect when your connection is 
stable'[39m,
      action: [32m'retry'[39m
    }
  ]
}
Unexpected error: {
  code: [32m'INTERNAL_ERROR'[39m,
  message: [32m'Something went wrong. Please try again later.'[39m,
  context: {
    streamErrorCode: [32m'STREAM_NETWORK_ERROR'[39m,
    retryable: [33mtrue[39m,
    originalMessage: [32m'Database connection failed'[39m,
    operation: [32m'getMeetingRoom'[39m,
    appointmentId: [32m'Mqz+*Zj%c\\#n&_j {"+YjUG} jC X~Z6%xzx'[39m
  },
  stack: [32m'Error: Network connection lost. Please check your internet 
connection.\n'[39m +
    [32m'    at toStreamError (C:\\Users\\DELL\\Desktop\\a2a-dr.-gemini-i
ntake-agent\\src\\server\\services\\stream-error-handler.ts:337:10)\n'[39
m +
    [32m'    at Module.logStreamError (C:\\Users\\DELL\\Desktop\\a2a-dr.-
gemini-intake-agent\\src\\server\\services\\stream-error-handler.ts:352:23
)\n'[39m +
    [32m'    at StreamService.getMeetingRoom (C:\\Users\\DELL\\Desktop\\a
2a-dr.-gemini-intake-agent\\src\\server\\services\\stream.ts:331:7)\n'[39
m +
    [32m'    at processTicksAndRejections 
(node:internal/process/task_queues:103:5)'[39m
}
Unhandled error: StreamError: Network connection lost. Please check your 
internet connection.
    at toStreamError [90m(C:\Users\DELL\Desktop\a2a-dr.-gemini-intake-age
nt\[39msrc\server\services\stream-error-handler.ts:337:10[90m)[39m
    at Module.logStreamError [90m(C:\Users\DELL\Desktop\a2a-dr.-gemini-in
take-agent\[39msrc\server\services\stream-error-handler.ts:352:23[90m)[
39m
    at StreamService.getMeetingRoom [90m(C:\Users\DELL\Desktop\a2a-dr.-ge
mini-intake-agent\[39msrc\server\services\stream.ts:331:7[90m)[39m
[90m    at processTicksAndRejections 
(node:internal/process/task_queues:103:5)[39m {
  code: [32m'STREAM_NETWORK_ERROR'[39m,
  originalError: Error: Database connection failed
      at [90mC:\Users\DELL\Desktop\a2a-dr.-gemini-intake-agent\[39m__tes
ts__\properties\meeting-room-data-consistency.property.test.ts:288:48
      at AsyncProperty.predicate [90m(file:///C:/Users/DELL/Desktop/a2a-d
r.-gemini-intake-agent/[39mnode_modules/[4mfast-check[24m/lib/esm/check
/property/AsyncProperty.js:14:59[90m)[39m
      at AsyncProperty.run [90m(file:///C:/Users/DELL/Desktop/a2a-dr.-gem
ini-intake-agent/[39mnode_modules/[4mfast-check[24m/lib/esm/check/prope
rty/AsyncProperty.generic.js:46:39[90m)[39m
      at asyncRunIt [90m(file:///C:/Users/DELL/Desktop/a2a-dr.-gemini-int
ake-agent/[39mnode_modules/[4mfast-check[24m/lib/esm/check/runner/Runne
r.js:33:36[90m)[39m
  [90m    at processTicksAndRejections 
(node:internal/process/task_queues:103:5)[39m
      at [90mC:\Users\DELL\Desktop\a2a-dr.-gemini-intake-agent\[39m__tes
ts__\properties\meeting-room-data-consistency.property.test.ts:282:5
      at [90mfile:///C:/Users/DELL/Desktop/a2a-dr.-gemini-intake-agent/[
39mnode_modules/[4m@vitest/runner[24m/dist/index.js:533:5
      at runTest [90m(file:///C:/Users/DELL/Desktop/a2a-dr.-gemini-intake
-agent/[39mnode_modules/[4m@vitest/runner[24m/dist/index.js:1056:11[90
m)[39m
      at runSuite [90m(file:///C:/Users/DELL/Desktop/a2a-dr.-gemini-intak
e-agent/[39mnode_modules/[4m@vitest/runner[24m/dist/index.js:1205:15[9
0m)[39m
      at runSuite [90m(file:///C:/Users/DELL/Desktop/a2a-dr.-gemini-intak
e-agent/[39mnode_modules/[4m@vitest/runner[24m/dist/index.js:1205:15[9
0m)[39m,
  retryable: [33mtrue[39m,
  fallbackOptions: [
    {
      id: [32m'retry'[39m,
      label: [32m'Reconnect'[39m,
      description: [32m'Try to reconnect when your connection is 
stable'[39m,
      action: [32m'retry'[39m
    }
  ]
}
Unexpected error: {
  code: [32m'INTERNAL_ERROR'[39m,
  message: [32m'Something went wrong. Please try again later.'[39m,
  context: {
    streamErrorCode: [32m'STREAM_NETWORK_ERROR'[39m,
    retryable: [33mtrue[39m,
    originalMessage: [32m'Database connection failed'[39m,
    operation: [32m'getMeetingRoom'[39m,
    appointmentId: [32m'H]&cV.X!9P ^|4b#=9"}z~1|#;`Kg2Ez2"#('[39m
  },
  stack: [32m'Error: Network connection lost. Please check your internet 
connection.\n'[39m +
    [32m'    at toStreamError (C:\\Users\\DELL\\Desktop\\a2a-dr.-gemini-i
ntake-agent\\src\\server\\services\\stream-error-handler.ts:337:10)\n'[39
m +
    [32m'    at Module.logStreamError (C:\\Users\\DELL\\Desktop\\a2a-dr.-
gemini-intake-agent\\src\\server\\services\\stream-error-handler.ts:352:23
)\n'[39m +
    [32m'    at StreamService.getMeetingRoom (C:\\Users\\DELL\\Desktop\\a
2a-dr.-gemini-intake-agent\\src\\server\\services\\stream.ts:331:7)\n'[39
m +
    [32m'    at processTicksAndRejections 
(node:internal/process/task_queues:103:5)'[39m
}
Unhandled error: StreamError: Network connection lost. Please check your 
internet connection.
    at toStreamError [90m(C:\Users\DELL\Desktop\a2a-dr.-gemini-intake-age
nt\[39msrc\server\services\stream-error-handler.ts:337:10[90m)[39m
    at Module.logStreamError [90m(C:\Users\DELL\Desktop\a2a-dr.-gemini-in
take-agent\[39msrc\server\services\stream-error-handler.ts:352:23[90m)[
39m
    at StreamService.getMeetingRoom [90m(C:\Users\DELL\Desktop\a2a-dr.-ge
mini-intake-agent\[39msrc\server\services\stream.ts:331:7[90m)[39m
[90m    at processTicksAndRejections 
(node:internal/process/task_queues:103:5)[39m {
  code: [32m'STREAM_NETWORK_ERROR'[39m,
  originalError: Error: Database connection failed
      at [90mC:\Users\DELL\Desktop\a2a-dr.-gemini-intake-agent\[39m__tes
ts__\properties\meeting-room-data-consistency.property.test.ts:288:48
      at AsyncProperty.predicate [90m(file:///C:/Users/DELL/Desktop/a2a-d
r.-gemini-intake-agent/[39mnode_modules/[4mfast-check[24m/lib/esm/check
/property/AsyncProperty.js:14:59[90m)[39m
      at AsyncProperty.run [90m(file:///C:/Users/DELL/Desktop/a2a-dr.-gem
ini-intake-agent/[39mnode_modules/[4mfast-check[24m/lib/esm/check/prope
rty/AsyncProperty.generic.js:46:39[90m)[39m
      at asyncRunIt [90m(file:///C:/Users/DELL/Desktop/a2a-dr.-gemini-int
ake-agent/[39mnode_modules/[4mfast-check[24m/lib/esm/check/runner/Runne
r.js:33:36[90m)[39m
  [90m    at processTicksAndRejections 
(node:internal/process/task_queues:103:5)[39m
      at [90mC:\Users\DELL\Desktop\a2a-dr.-gemini-intake-agent\[39m__tes
ts__\properties\meeting-room-data-consistency.property.test.ts:282:5
      at [90mfile:///C:/Users/DELL/Desktop/a2a-dr.-gemini-intake-agent/[
39mnode_modules/[4m@vitest/runner[24m/dist/index.js:533:5
      at runTest [90m(file:///C:/Users/DELL/Desktop/a2a-dr.-gemini-intake
-agent/[39mnode_modules/[4m@vitest/runner[24m/dist/index.js:1056:11[90
m)[39m
      at runSuite [90m(file:///C:/Users/DELL/Desktop/a2a-dr.-gemini-intak
e-agent/[39mnode_modules/[4m@vitest/runner[24m/dist/index.js:1205:15[9
0m)[39m
      at runSuite [90m(file:///C:/Users/DELL/Desktop/a2a-dr.-gemini-intak
e-agent/[39mnode_modules/[4m@vitest/runner[24m/dist/index.js:1205:15[9
0m)[39m,
  retryable: [33mtrue[39m,
  fallbackOptions: [
    {
      id: [32m'retry'[39m,
      label: [32m'Reconnect'[39m,
      description: [32m'Try to reconnect when your connection is 
stable'[39m,
      action: [32m'retry'[39m
    }
  ]
}
Unexpected error: {
  code: [32m'INTERNAL_ERROR'[39m,
  message: [32m'Something went wrong. Please try again later.'[39m,
  context: {
    streamErrorCode: [32m'STREAM_NETWORK_ERROR'[39m,
    retryable: [33mtrue[39m,
    originalMessage: [32m'Database connection failed'[39m,
    operation: [32m'getMeetingRoom'[39m,
    appointmentId: [32m'eE`5}%%{U!I$n9##9;&Ui&h[D0&&^7`$0i"!'[39m
  },
  stack: [32m'Error: Network connection lost. Please check your internet 
connection.\n'[39m +
    [32m'    at toStreamError (C:\\Users\\DELL\\Desktop\\a2a-dr.-gemini-i
ntake-agent\\src\\server\\services\\stream-error-handler.ts:337:10)\n'[39
m +
    [32m'    at Module.logStreamError (C:\\Users\\DELL\\Desktop\\a2a-dr.-
gemini-intake-agent\\src\\server\\services\\stream-error-handler.ts:352:23
)\n'[39m +
    [32m'    at StreamService.getMeetingRoom (C:\\Users\\DELL\\Desktop\\a
2a-dr.-gemini-intake-agent\\src\\server\\services\\stream.ts:331:7)\n'[39
m +
    [32m'    at processTicksAndRejections 
(node:internal/process/task_queues:103:5)'[39m
}
Unhandled error: StreamError: Network connection lost. Please check your 
internet connection.
    at toStreamError [90m(C:\Users\DELL\Desktop\a2a-dr.-gemini-intake-age
nt\[39msrc\server\services\stream-error-handler.ts:337:10[90m)[39m
    at Module.logStreamError [90m(C:\Users\DELL\Desktop\a2a-dr.-gemini-in
take-agent\[39msrc\server\services\stream-error-handler.ts:352:23[90m)[
39m
    at StreamService.getMeetingRoom [90m(C:\Users\DELL\Desktop\a2a-dr.-ge
mini-intake-agent\[39msrc\server\services\stream.ts:331:7[90m)[39m
[90m    at processTicksAndRejections 
(node:internal/process/task_queues:103:5)[39m {
  code: [32m'STREAM_NETWORK_ERROR'[39m,
  originalError: Error: Database connection failed
      at [90mC:\Users\DELL\Desktop\a2a-dr.-gemini-intake-agent\[39m__tes
ts__\properties\meeting-room-data-consistency.property.test.ts:288:48
      at AsyncProperty.predicate [90m(file:///C:/Users/DELL/Desktop/a2a-d
r.-gemini-intake-agent/[39mnode_modules/[4mfast-check[24m/lib/esm/check
/property/AsyncProperty.js:14:59[90m)[39m
      at AsyncProperty.run [90m(file:///C:/Users/DELL/Desktop/a2a-dr.-gem
ini-intake-agent/[39mnode_modules/[4mfast-check[24m/lib/esm/check/prope
rty/AsyncProperty.generic.js:46:39[90m)[39m
      at asyncRunIt [90m(file:///C:/Users/DELL/Desktop/a2a-dr.-gemini-int
ake-agent/[39mnode_modules/[4mfast-check[24m/lib/esm/check/runner/Runne
r.js:33:36[90m)[39m
  [90m    at processTicksAndRejections 
(node:internal/process/task_queues:103:5)[39m
      at [90mC:\Users\DELL\Desktop\a2a-dr.-gemini-intake-agent\[39m__tes
ts__\properties\meeting-room-data-consistency.property.test.ts:282:5
      at [90mfile:///C:/Users/DELL/Desktop/a2a-dr.-gemini-intake-agent/[
39mnode_modules/[4m@vitest/runner[24m/dist/index.js:533:5
      at runTest [90m(file:///C:/Users/DELL/Desktop/a2a-dr.-gemini-intake
-agent/[39mnode_modules/[4m@vitest/runner[24m/dist/index.js:1056:11[90
m)[39m
      at runSuite [90m(file:///C:/Users/DELL/Desktop/a2a-dr.-gemini-intak
e-agent/[39mnode_modules/[4m@vitest/runner[24m/dist/index.js:1205:15[9
0m)[39m
      at runSuite [90m(file:///C:/Users/DELL/Desktop/a2a-dr.-gemini-intak
e-agent/[39mnode_modules/[4m@vitest/runner[24m/dist/index.js:1205:15[9
0m)[39m,
  retryable: [33mtrue[39m,
  fallbackOptions: [
    {
      id: [32m'retry'[39m,
      label: [32m'Reconnect'[39m,
      description: [32m'Try to reconnect when your connection is 
stable'[39m,
      action: [32m'retry'[39m
    }
  ]
}
Unexpected error: {
  code: [32m'INTERNAL_ERROR'[39m,
  message: [32m'Something went wrong. Please try again later.'[39m,
  context: {
    streamErrorCode: [32m'STREAM_NETWORK_ERROR'[39m,
    retryable: [33mtrue[39m,
    originalMessage: [32m'Database connection failed'[39m,
    operation: [32m'getMeetingRoom'[39m,
    appointmentId: [32m'"vITJX&"%KRm`hg/!n#;d k"&}fh"x{b/y~M'[39m
  },
  stack: [32m'Error: Network connection lost. Please check your internet 
connection.\n'[39m +
    [32m'    at toStreamError (C:\\Users\\DELL\\Desktop\\a2a-dr.-gemini-i
ntake-agent\\src\\server\\services\\stream-error-handler.ts:337:10)\n'[39
m +
    [32m'    at Module.logStreamError (C:\\Users\\DELL\\Desktop\\a2a-dr.-
gemini-intake-agent\\src\\server\\services\\stream-error-handler.ts:352:23
)\n'[39m +
    [32m'    at StreamService.getMeetingRoom (C:\\Users\\DELL\\Desktop\\a
2a-dr.-gemini-intake-agent\\src\\server\\services\\stream.ts:331:7)\n'[39
m +
    [32m'    at processTicksAndRejections 
(node:internal/process/task_queues:103:5)'[39m
}
Unhandled error: StreamError: Network connection lost. Please check your 
internet connection.
    at toStreamError [90m(C:\Users\DELL\Desktop\a2a-dr.-gemini-intake-age
nt\[39msrc\server\services\stream-error-handler.ts:337:10[90m)[39m
    at Module.logStreamError [90m(C:\Users\DELL\Desktop\a2a-dr.-gemini-in
take-agent\[39msrc\server\services\stream-error-handler.ts:352:23[90m)[
39m
    at StreamService.getMeetingRoom [90m(C:\Users\DELL\Desktop\a2a-dr.-ge
mini-intake-agent\[39msrc\server\services\stream.ts:331:7[90m)[39m
[90m    at processTicksAndRejections 
(node:internal/process/task_queues:103:5)[39m {
  code: [32m'STREAM_NETWORK_ERROR'[39m,
  originalError: Error: Database connection failed
      at [90mC:\Users\DELL\Desktop\a2a-dr.-gemini-intake-agent\[39m__tes
ts__\properties\meeting-room-data-consistency.property.test.ts:288:48
      at AsyncProperty.predicate [90m(file:///C:/Users/DELL/Desktop/a2a-d
r.-gemini-intake-agent/[39mnode_modules/[4mfast-check[24m/lib/esm/check
/property/AsyncProperty.js:14:59[90m)[39m
      at AsyncProperty.run [90m(file:///C:/Users/DELL/Desktop/a2a-dr.-gem
ini-intake-agent/[39mnode_modules/[4mfast-check[24m/lib/esm/check/prope
rty/AsyncProperty.generic.js:46:39[90m)[39m
      at asyncRunIt [90m(file:///C:/Users/DELL/Desktop/a2a-dr.-gemini-int
ake-agent/[39mnode_modules/[4mfast-check[24m/lib/esm/check/runner/Runne
r.js:33:36[90m)[39m
  [90m    at processTicksAndRejections 
(node:internal/process/task_queues:103:5)[39m
      at [90mC:\Users\DELL\Desktop\a2a-dr.-gemini-intake-agent\[39m__tes
ts__\properties\meeting-room-data-consistency.property.test.ts:282:5
      at [90mfile:///C:/Users/DELL/Desktop/a2a-dr.-gemini-intake-agent/[
39mnode_modules/[4m@vitest/runner[24m/dist/index.js:533:5
      at runTest [90m(file:///C:/Users/DELL/Desktop/a2a-dr.-gemini-intake
-agent/[39mnode_modules/[4m@vitest/runner[24m/dist/index.js:1056:11[90
m)[39m
      at runSuite [90m(file:///C:/Users/DELL/Desktop/a2a-dr.-gemini-intak
e-agent/[39mnode_modules/[4m@vitest/runner[24m/dist/index.js:1205:15[9
0m)[39m
      at runSuite [90m(file:///C:/Users/DELL/Desktop/a2a-dr.-gemini-intak
e-agent/[39mnode_modules/[4m@vitest/runner[24m/dist/index.js:1205:15[9
0m)[39m,
  retryable: [33mtrue[39m,
  fallbackOptions: [
    {
      id: [32m'retry'[39m,
      label: [32m'Reconnect'[39m,
      description: [32m'Try to reconnect when your connection is 
stable'[39m,
      action: [32m'retry'[39m
    }
  ]
}
Unexpected error: {
  code: [32m'INTERNAL_ERROR'[39m,
  message: [32m'Something went wrong. Please try again later.'[39m,
  context: {
    streamErrorCode: [32m'STREAM_NETWORK_ERROR'[39m,
    retryable: [33mtrue[39m,
    originalMessage: [32m'Database connection failed'[39m,
    operation: [32m'getMeetingRoom'[39m,
    appointmentId: [32m'3%,<&`%5&&<!DYC:"_b\\ H~, \\^&|$."!rQ&'[39m
  },
  stack: [32m'Error: Network connection lost. Please check your internet 
connection.\n'[39m +
    [32m'    at toStreamError (C:\\Users\\DELL\\Desktop\\a2a-dr.-gemini-i
ntake-agent\\src\\server\\services\\stream-error-handler.ts:337:10)\n'[39
m +
    [32m'    at Module.logStreamError (C:\\Users\\DELL\\Desktop\\a2a-dr.-
gemini-intake-agent\\src\\server\\services\\stream-error-handler.ts:352:23
)\n'[39m +
    [32m'    at StreamService.getMeetingRoom (C:\\Users\\DELL\\Desktop\\a
2a-dr.-gemini-intake-agent\\src\\server\\services\\stream.ts:331:7)\n'[39
m +
    [32m'    at processTicksAndRejections 
(node:internal/process/task_queues:103:5)'[39m
}
Unhandled error: StreamError: Network connection lost. Please check your 
internet connection.
    at toStreamError [90m(C:\Users\DELL\Desktop\a2a-dr.-gemini-intake-age
nt\[39msrc\server\services\stream-error-handler.ts:337:10[90m)[39m
    at Module.logStreamError [90m(C:\Users\DELL\Desktop\a2a-dr.-gemini-in
take-agent\[39msrc\server\services\stream-error-handler.ts:352:23[90m)[
39m
    at StreamService.getMeetingRoom [90m(C:\Users\DELL\Desktop\a2a-dr.-ge
mini-intake-agent\[39msrc\server\services\stream.ts:331:7[90m)[39m
[90m    at processTicksAndRejections 
(node:internal/process/task_queues:103:5)[39m {
  code: [32m'STREAM_NETWORK_ERROR'[39m,
  originalError: Error: Database connection failed
      at [90mC:\Users\DELL\Desktop\a2a-dr.-gemini-intake-agent\[39m__tes
ts__\properties\meeting-room-data-consistency.property.test.ts:288:48
      at AsyncProperty.predicate [90m(file:///C:/Users/DELL/Desktop/a2a-d
r.-gemini-intake-agent/[39mnode_modules/[4mfast-check[24m/lib/esm/check
/property/AsyncProperty.js:14:59[90m)[39m
      at AsyncProperty.run [90m(file:///C:/Users/DELL/Desktop/a2a-dr.-gem
ini-intake-agent/[39mnode_modules/[4mfast-check[24m/lib/esm/check/prope
rty/AsyncProperty.generic.js:46:39[90m)[39m
      at asyncRunIt [90m(file:///C:/Users/DELL/Desktop/a2a-dr.-gemini-int
ake-agent/[39mnode_modules/[4mfast-check[24m/lib/esm/check/runner/Runne
r.js:33:36[90m)[39m
  [90m    at processTicksAndRejections 
(node:internal/process/task_queues:103:5)[39m
      at [90mC:\Users\DELL\Desktop\a2a-dr.-gemini-intake-agent\[39m__tes
ts__\properties\meeting-room-data-consistency.property.test.ts:282:5
      at [90mfile:///C:/Users/DELL/Desktop/a2a-dr.-gemini-intake-agent/[
39mnode_modules/[4m@vitest/runner[24m/dist/index.js:533:5
      at runTest [90m(file:///C:/Users/DELL/Desktop/a2a-dr.-gemini-intake
-agent/[39mnode_modules/[4m@vitest/runner[24m/dist/index.js:1056:11[90
m)[39m
      at runSuite [90m(file:///C:/Users/DELL/Desktop/a2a-dr.-gemini-intak
e-agent/[39mnode_modules/[4m@vitest/runner[24m/dist/index.js:1205:15[9
0m)[39m
      at runSuite [90m(file:///C:/Users/DELL/Desktop/a2a-dr.-gemini-intak
e-agent/[39mnode_modules/[4m@vitest/runner[24m/dist/index.js:1205:15[9
0m)[39m,
  retryable: [33mtrue[39m,
  fallbackOptions: [
    {
      id: [32m'retry'[39m,
      label: [32m'Reconnect'[39m,
      description: [32m'Try to reconnect when your connection is 
stable'[39m,
      action: [32m'retry'[39m
    }
  ]
}
Unexpected error: {
  code: [32m'INTERNAL_ERROR'[39m,
  message: [32m'Something went wrong. Please try again later.'[39m,
  context: {
    streamErrorCode: [32m'STREAM_NETWORK_ERROR'[39m,
    retryable: [33mtrue[39m,
    originalMessage: [32m'Database connection failed'[39m,
    operation: [32m'getMeetingRoom'[39m,
    appointmentId: [32m'|@WJn!1#z+#R~{Cy||hu}5<[  Bh"B&X&)p$'[39m
  },
  stack: [32m'Error: Network connection lost. Please check your internet 
connection.\n'[39m +
    [32m'    at toStreamError (C:\\Users\\DELL\\Desktop\\a2a-dr.-gemini-i
ntake-agent\\src\\server\\services\\stream-error-handler.ts:337:10)\n'[39
m +
    [32m'    at Module.logStreamError (C:\\Users\\DELL\\Desktop\\a2a-dr.-
gemini-intake-agent\\src\\server\\services\\stream-error-handler.ts:352:23
)\n'[39m +
    [32m'    at StreamService.getMeetingRoom (C:\\Users\\DELL\\Desktop\\a
2a-dr.-gemini-intake-agent\\src\\server\\services\\stream.ts:331:7)\n'[39
m +
    [32m'    at processTicksAndRejections 
(node:internal/process/task_queues:103:5)'[39m
}
Unhandled error: StreamError: Network connection lost. Please check your 
internet connection.
    at toStreamError [90m(C:\Users\DELL\Desktop\a2a-dr.-gemini-intake-age
nt\[39msrc\server\services\stream-error-handler.ts:337:10[90m)[39m
    at Module.logStreamError [90m(C:\Users\DELL\Desktop\a2a-dr.-gemini-in
take-agent\[39msrc\server\services\stream-error-handler.ts:352:23[90m)[
39m
    at StreamService.getMeetingRoom [90m(C:\Users\DELL\Desktop\a2a-dr.-ge
mini-intake-agent\[39msrc\server\services\stream.ts:331:7[90m)[39m
[90m    at processTicksAndRejections 
(node:internal/process/task_queues:103:5)[39m {
  code: [32m'STREAM_NETWORK_ERROR'[39m,
  originalError: Error: Database connection failed
      at [90mC:\Users\DELL\Desktop\a2a-dr.-gemini-intake-agent\[39m__tes
ts__\properties\meeting-room-data-consistency.property.test.ts:288:48
      at AsyncProperty.predicate [90m(file:///C:/Users/DELL/Desktop/a2a-d
r.-gemini-intake-agent/[39mnode_modules/[4mfast-check[24m/lib/esm/check
/property/AsyncProperty.js:14:59[90m)[39m
      at AsyncProperty.run [90m(file:///C:/Users/DELL/Desktop/a2a-dr.-gem
ini-intake-agent/[39mnode_modules/[4mfast-check[24m/lib/esm/check/prope
rty/AsyncProperty.generic.js:46:39[90m)[39m
      at asyncRunIt [90m(file:///C:/Users/DELL/Desktop/a2a-dr.-gemini-int
ake-agent/[39mnode_modules/[4mfast-check[24m/lib/esm/check/runner/Runne
r.js:33:36[90m)[39m
  [90m    at processTicksAndRejections 
(node:internal/process/task_queues:103:5)[39m
      at [90mC:\Users\DELL\Desktop\a2a-dr.-gemini-intake-agent\[39m__tes
ts__\properties\meeting-room-data-consistency.property.test.ts:282:5
      at [90mfile:///C:/Users/DELL/Desktop/a2a-dr.-gemini-intake-agent/[
39mnode_modules/[4m@vitest/runner[24m/dist/index.js:533:5
      at runTest [90m(file:///C:/Users/DELL/Desktop/a2a-dr.-gemini-intake
-agent/[39mnode_modules/[4m@vitest/runner[24m/dist/index.js:1056:11[90
m)[39m
      at runSuite [90m(file:///C:/Users/DELL/Desktop/a2a-dr.-gemini-intak
e-agent/[39mnode_modules/[4m@vitest/runner[24m/dist/index.js:1205:15[9
0m)[39m
      at runSuite [90m(file:///C:/Users/DELL/Desktop/a2a-dr.-gemini-intak
e-agent/[39mnode_modules/[4m@vitest/runner[24m/dist/index.js:1205:15[9
0m)[39m,
  retryable: [33mtrue[39m,
  fallbackOptions: [
    {
      id: [32m'retry'[39m,
      label: [32m'Reconnect'[39m,
      description: [32m'Try to reconnect when your connection is 
stable'[39m,
      action: [32m'retry'[39m
    }
  ]
}
Unexpected error: {
  code: [32m'INTERNAL_ERROR'[39m,
  message: [32m'Something went wrong. Please try again later.'[39m,
  context: {
    streamErrorCode: [32m'STREAM_NETWORK_ERROR'[39m,
    retryable: [33mtrue[39m,
    originalMessage: [32m'Database connection failed'[39m,
    operation: [32m'getMeetingRoom'[39m,
    appointmentId: [32m`[$!'+K~o} Rn^ez#bx:%]}S".[xx QA7*x^"`[39m
  },
  stack: [32m'Error: Network connection lost. Please check your internet 
connection.\n'[39m +
    [32m'    at toStreamError (C:\\Users\\DELL\\Desktop\\a2a-dr.-gemini-i
ntake-agent\\src\\server\\services\\stream-error-handler.ts:337:10)\n'[39
m +
    [32m'    at Module.logStreamError (C:\\Users\\DELL\\Desktop\\a2a-dr.-
gemini-intake-agent\\src\\server\\services\\stream-error-handler.ts:352:23
)\n'[39m +
    [32m'    at StreamService.getMeetingRoom (C:\\Users\\DELL\\Desktop\\a
2a-dr.-gemini-intake-agent\\src\\server\\services\\stream.ts:331:7)\n'[39
m +
    [32m'    at processTicksAndRejections 
(node:internal/process/task_queues:103:5)'[39m
}
Unhandled error: StreamError: Network connection lost. Please check your 
internet connection.
    at toStreamError [90m(C:\Users\DELL\Desktop\a2a-dr.-gemini-intake-age
nt\[39msrc\server\services\stream-error-handler.ts:337:10[90m)[39m
    at Module.logStreamError [90m(C:\Users\DELL\Desktop\a2a-dr.-gemini-in
take-agent\[39msrc\server\services\stream-error-handler.ts:352:23[90m)[
39m
    at StreamService.getMeetingRoom [90m(C:\Users\DELL\Desktop\a2a-dr.-ge
mini-intake-agent\[39msrc\server\services\stream.ts:331:7[90m)[39m
[90m    at processTicksAndRejections 
(node:internal/process/task_queues:103:5)[39m {
  code: [32m'STREAM_NETWORK_ERROR'[39m,
  originalError: Error: Database connection failed
      at [90mC:\Users\DELL\Desktop\a2a-dr.-gemini-intake-agent\[39m__tes
ts__\properties\meeting-room-data-consistency.property.test.ts:288:48
      at AsyncProperty.predicate [90m(file:///C:/Users/DELL/Desktop/a2a-d
r.-gemini-intake-agent/[39mnode_modules/[4mfast-check[24m/lib/esm/check
/property/AsyncProperty.js:14:59[90m)[39m
      at AsyncProperty.run [90m(file:///C:/Users/DELL/Desktop/a2a-dr.-gem
ini-intake-agent/[39mnode_modules/[4mfast-check[24m/lib/esm/check/prope
rty/AsyncProperty.generic.js:46:39[90m)[39m
      at asyncRunIt [90m(file:///C:/Users/DELL/Desktop/a2a-dr.-gemini-int
ake-agent/[39mnode_modules/[4mfast-check[24m/lib/esm/check/runner/Runne
r.js:33:36[90m)[39m
  [90m    at processTicksAndRejections 
(node:internal/process/task_queues:103:5)[39m
      at [90mC:\Users\DELL\Desktop\a2a-dr.-gemini-intake-agent\[39m__tes
ts__\properties\meeting-room-data-consistency.property.test.ts:282:5
      at [90mfile:///C:/Users/DELL/Desktop/a2a-dr.-gemini-intake-agent/[
39mnode_modules/[4m@vitest/runner[24m/dist/index.js:533:5
      at runTest [90m(file:///C:/Users/DELL/Desktop/a2a-dr.-gemini-intake
-agent/[39mnode_modules/[4m@vitest/runner[24m/dist/index.js:1056:11[90
m)[39m
      at runSuite [90m(file:///C:/Users/DELL/Desktop/a2a-dr.-gemini-intak
e-agent/[39mnode_modules/[4m@vitest/runner[24m/dist/index.js:1205:15[9
0m)[39m
      at runSuite [90m(file:///C:/Users/DELL/Desktop/a2a-dr.-gemini-intak
e-agent/[39mnode_modules/[4m@vitest/runner[24m/dist/index.js:1205:15[9
0m)[39m,
  retryable: [33mtrue[39m,
  fallbackOptions: [
    {
      id: [32m'retry'[39m,
      label: [32m'Reconnect'[39m,
      description: [32m'Try to reconnect when your connection is 
stable'[39m,
      action: [32m'retry'[39m
    }
  ]
}
Unexpected error: {
  code: [32m'INTERNAL_ERROR'[39m,
  message: [32m'Something went wrong. Please try again later.'[39m,
  context: {
    streamErrorCode: [32m'STREAM_NETWORK_ERROR'[39m,
    retryable: [33mtrue[39m,
    originalMessage: [32m'Database connection failed'[39m,
    operation: [32m'getMeetingRoom'[39m,
    appointmentId: [32m'~dt&b]e"#!^nu,WRA&Q<\\ss%i s:& %` UTz'[39m
  },
  stack: [32m'Error: Network connection lost. Please check your internet 
connection.\n'[39m +
    [32m'    at toStreamError (C:\\Users\\DELL\\Desktop\\a2a-dr.-gemini-i
ntake-agent\\src\\server\\services\\stream-error-handler.ts:337:10)\n'[39
m +
    [32m'    at Module.logStreamError (C:\\Users\\DELL\\Desktop\\a2a-dr.-
gemini-intake-agent\\src\\server\\services\\stream-error-handler.ts:352:23
)\n'[39m +
    [32m'    at StreamService.getMeetingRoom (C:\\Users\\DELL\\Desktop\\a
2a-dr.-gemini-intake-agent\\src\\server\\services\\stream.ts:331:7)\n'[39
m +
    [32m'    at processTicksAndRejections 
(node:internal/process/task_queues:103:5)'[39m
}
Unhandled error: StreamError: Network connection lost. Please check your 
internet connection.
    at toStreamError [90m(C:\Users\DELL\Desktop\a2a-dr.-gemini-intake-age
nt\[39msrc\server\services\stream-error-handler.ts:337:10[90m)[39m
    at Module.logStreamError [90m(C:\Users\DELL\Desktop\a2a-dr.-gemini-in
take-agent\[39msrc\server\services\stream-error-handler.ts:352:23[90m)[
39m
    at StreamService.getMeetingRoom [90m(C:\Users\DELL\Desktop\a2a-dr.-ge
mini-intake-agent\[39msrc\server\services\stream.ts:331:7[90m)[39m
[90m    at processTicksAndRejections 
(node:internal/process/task_queues:103:5)[39m {
  code: [32m'STREAM_NETWORK_ERROR'[39m,
  originalError: Error: Database connection failed
      at [90mC:\Users\DELL\Desktop\a2a-dr.-gemini-intake-agent\[39m__tes
ts__\properties\meeting-room-data-consistency.property.test.ts:288:48
      at AsyncProperty.predicate [90m(file:///C:/Users/DELL/Desktop/a2a-d
r.-gemini-intake-agent/[39mnode_modules/[4mfast-check[24m/lib/esm/check
/property/AsyncProperty.js:14:59[90m)[39m
      at AsyncProperty.run [90m(file:///C:/Users/DELL/Desktop/a2a-dr.-gem
ini-intake-agent/[39mnode_modules/[4mfast-check[24m/lib/esm/check/prope
rty/AsyncProperty.generic.js:46:39[90m)[39m
      at asyncRunIt [90m(file:///C:/Users/DELL/Desktop/a2a-dr.-gemini-int
ake-agent/[39mnode_modules/[4mfast-check[24m/lib/esm/check/runner/Runne
r.js:33:36[90m)[39m
  [90m    at processTicksAndRejections 
(node:internal/process/task_queues:103:5)[39m
      at [90mC:\Users\DELL\Desktop\a2a-dr.-gemini-intake-agent\[39m__tes
ts__\properties\meeting-room-data-consistency.property.test.ts:282:5
      at [90mfile:///C:/Users/DELL/Desktop/a2a-dr.-gemini-intake-agent/[
39mnode_modules/[4m@vitest/runner[24m/dist/index.js:533:5
      at runTest [90m(file:///C:/Users/DELL/Desktop/a2a-dr.-gemini-intake
-agent/[39mnode_modules/[4m@vitest/runner[24m/dist/index.js:1056:11[90
m)[39m
      at runSuite [90m(file:///C:/Users/DELL/Desktop/a2a-dr.-gemini-intak
e-agent/[39mnode_modules/[4m@vitest/runner[24m/dist/index.js:1205:15[9
0m)[39m
      at runSuite [90m(file:///C:/Users/DELL/Desktop/a2a-dr.-gemini-intak
e-agent/[39mnode_modules/[4m@vitest/runner[24m/dist/index.js:1205:15[9
0m)[39m,
  retryable: [33mtrue[39m,
  fallbackOptions: [
    {
      id: [32m'retry'[39m,
      label: [32m'Reconnect'[39m,
      description: [32m'Try to reconnect when your connection is 
stable'[39m,
      action: [32m'retry'[39m
    }
  ]
}
Unexpected error: {
  code: [32m'INTERNAL_ERROR'[39m,
  message: [32m'Something went wrong. Please try again later.'[39m,
  context: {
    streamErrorCode: [32m'STREAM_NETWORK_ERROR'[39m,
    retryable: [33mtrue[39m,
    originalMessage: [32m'Database connection failed'[39m,
    operation: [32m'getMeetingRoom'[39m,
    appointmentId: [32m'0$@=yS&!%}w~y)~$"}yRk!Z&t#" R!"}%<k '[39m
  },
  stack: [32m'Error: Network connection lost. Please check your internet 
connection.\n'[39m +
    [32m'    at toStreamError (C:\\Users\\DELL\\Desktop\\a2a-dr.-gemini-i
ntake-agent\\src\\server\\services\\stream-error-handler.ts:337:10)\n'[39
m +
    [32m'    at Module.logStreamError (C:\\Users\\DELL\\Desktop\\a2a-dr.-
gemini-intake-agent\\src\\server\\services\\stream-error-handler.ts:352:23
)\n'[39m +
    [32m'    at StreamService.getMeetingRoom (C:\\Users\\DELL\\Desktop\\a
2a-dr.-gemini-intake-agent\\src\\server\\services\\stream.ts:331:7)\n'[39
m +
    [32m'    at processTicksAndRejections 
(node:internal/process/task_queues:103:5)'[39m
}
Unhandled error: StreamError: Network connection lost. Please check your 
internet connection.
    at toStreamError [90m(C:\Users\DELL\Desktop\a2a-dr.-gemini-intake-age
nt\[39msrc\server\services\stream-error-handler.ts:337:10[90m)[39m
    at Module.logStreamError [90m(C:\Users\DELL\Desktop\a2a-dr.-gemini-in
take-agent\[39msrc\server\services\stream-error-handler.ts:352:23[90m)[
39m
    at StreamService.getMeetingRoom [90m(C:\Users\DELL\Desktop\a2a-dr.-ge
mini-intake-agent\[39msrc\server\services\stream.ts:331:7[90m)[39m
[90m    at processTicksAndRejections 
(node:internal/process/task_queues:103:5)[39m {
  code: [32m'STREAM_NETWORK_ERROR'[39m,
  originalError: Error: Database connection failed
      at [90mC:\Users\DELL\Desktop\a2a-dr.-gemini-intake-agent\[39m__tes
ts__\properties\meeting-room-data-consistency.property.test.ts:288:48
      at AsyncProperty.predicate [90m(file:///C:/Users/DELL/Desktop/a2a-d
r.-gemini-intake-agent/[39mnode_modules/[4mfast-check[24m/lib/esm/check
/property/AsyncProperty.js:14:59[90m)[39m
      at AsyncProperty.run [90m(file:///C:/Users/DELL/Desktop/a2a-dr.-gem
ini-intake-agent/[39mnode_modules/[4mfast-check[24m/lib/esm/check/prope
rty/AsyncProperty.generic.js:46:39[90m)[39m
      at asyncRunIt [90m(file:///C:/Users/DELL/Desktop/a2a-dr.-gemini-int
ake-agent/[39mnode_modules/[4mfast-check[24m/lib/esm/check/runner/Runne
r.js:33:36[90m)[39m
  [90m    at processTicksAndRejections 
(node:internal/process/task_queues:103:5)[39m
      at [90mC:\Users\DELL\Desktop\a2a-dr.-gemini-intake-agent\[39m__tes
ts__\properties\meeting-room-data-consistency.property.test.ts:282:5
      at [90mfile:///C:/Users/DELL/Desktop/a2a-dr.-gemini-intake-agent/[
39mnode_modules/[4m@vitest/runner[24m/dist/index.js:533:5
      at runTest [90m(file:///C:/Users/DELL/Desktop/a2a-dr.-gemini-intake
-agent/[39mnode_modules/[4m@vitest/runner[24m/dist/index.js:1056:11[90
m)[39m
      at runSuite [90m(file:///C:/Users/DELL/Desktop/a2a-dr.-gemini-intak
e-agent/[39mnode_modules/[4m@vitest/runner[24m/dist/index.js:1205:15[9
0m)[39m
      at runSuite [90m(file:///C:/Users/DELL/Desktop/a2a-dr.-gemini-intak
e-agent/[39mnode_modules/[4m@vitest/runner[24m/dist/index.js:1205:15[9
0m)[39m,
  retryable: [33mtrue[39m,
  fallbackOptions: [
    {
      id: [32m'retry'[39m,
      label: [32m'Reconnect'[39m,
      description: [32m'Try to reconnect when your connection is 
stable'[39m,
      action: [32m'retry'[39m
    }
  ]
}
Unexpected error: {
  code: [32m'INTERNAL_ERROR'[39m,
  message: [32m'Something went wrong. Please try again later.'[39m,
  context: {
    streamErrorCode: [32m'STREAM_NETWORK_ERROR'[39m,
    retryable: [33mtrue[39m,
    originalMessage: [32m'Database connection failed'[39m,
    operation: [32m'getMeetingRoom'[39m,
    appointmentId: [32m'y"w#vdqz/>5#!ZJ&!Rx1!O"% I@"##}t#%%<'[39m
  },
  stack: [32m'Error: Network connection lost. Please check your internet 
connection.\n'[39m +
    [32m'    at toStreamError (C:\\Users\\DELL\\Desktop\\a2a-dr.-gemini-i
ntake-agent\\src\\server\\services\\stream-error-handler.ts:337:10)\n'[39
m +
    [32m'    at Module.logStreamError (C:\\Users\\DELL\\Desktop\\a2a-dr.-
gemini-intake-agent\\src\\server\\services\\stream-error-handler.ts:352:23
)\n'[39m +
    [32m'    at StreamService.getMeetingRoom (C:\\Users\\DELL\\Desktop\\a
2a-dr.-gemini-intake-agent\\src\\server\\services\\stream.ts:331:7)\n'[39
m +
    [32m'    at processTicksAndRejections 
(node:internal/process/task_queues:103:5)'[39m
}
Unhandled error: StreamError: Network connection lost. Please check your 
internet connection.
    at toStreamError [90m(C:\Users\DELL\Desktop\a2a-dr.-gemini-intake-age
nt\[39msrc\server\services\stream-error-handler.ts:337:10[90m)[39m
    at Module.logStreamError [90m(C:\Users\DELL\Desktop\a2a-dr.-gemini-in
take-agent\[39msrc\server\services\stream-error-handler.ts:352:23[90m)[
39m
    at StreamService.getMeetingRoom [90m(C:\Users\DELL\Desktop\a2a-dr.-ge
mini-intake-agent\[39msrc\server\services\stream.ts:331:7[90m)[39m
[90m    at processTicksAndRejections 
(node:internal/process/task_queues:103:5)[39m {
  code: [32m'STREAM_NETWORK_ERROR'[39m,
  originalError: Error: Database connection failed
      at [90mC:\Users\DELL\Desktop\a2a-dr.-gemini-intake-agent\[39m__tes
ts__\properties\meeting-room-data-consistency.property.test.ts:288:48
      at AsyncProperty.predicate [90m(file:///C:/Users/DELL/Desktop/a2a-d
r.-gemini-intake-agent/[39mnode_modules/[4mfast-check[24m/lib/esm/check
/property/AsyncProperty.js:14:59[90m)[39m
      at AsyncProperty.run [90m(file:///C:/Users/DELL/Desktop/a2a-dr.-gem
ini-intake-agent/[39mnode_modules/[4mfast-check[24m/lib/esm/check/prope
rty/AsyncProperty.generic.js:46:39[90m)[39m
      at asyncRunIt [90m(file:///C:/Users/DELL/Desktop/a2a-dr.-gemini-int
ake-agent/[39mnode_modules/[4mfast-check[24m/lib/esm/check/runner/Runne
r.js:33:36[90m)[39m
  [90m    at processTicksAndRejections 
(node:internal/process/task_queues:103:5)[39m
      at [90mC:\Users\DELL\Desktop\a2a-dr.-gemini-intake-agent\[39m__tes
ts__\properties\meeting-room-data-consistency.property.test.ts:282:5
      at [90mfile:///C:/Users/DELL/Desktop/a2a-dr.-gemini-intake-agent/[
39mnode_modules/[4m@vitest/runner[24m/dist/index.js:533:5
      at runTest [90m(file:///C:/Users/DELL/Desktop/a2a-dr.-gemini-intake
-agent/[39mnode_modules/[4m@vitest/runner[24m/dist/index.js:1056:11[90
m)[39m
      at runSuite [90m(file:///C:/Users/DELL/Desktop/a2a-dr.-gemini-intak
e-agent/[39mnode_modules/[4m@vitest/runner[24m/dist/index.js:1205:15[9
0m)[39m
      at runSuite [90m(file:///C:/Users/DELL/Desktop/a2a-dr.-gemini-intak
e-agent/[39mnode_modules/[4m@vitest/runner[24m/dist/index.js:1205:15[9
0m)[39m,
  retryable: [33mtrue[39m,
  fallbackOptions: [
    {
      id: [32m'retry'[39m,
      label: [32m'Reconnect'[39m,
      description: [32m'Try to reconnect when your connection is 
stable'[39m,
      action: [32m'retry'[39m
    }
  ]
}
Unexpected error: {
  code: [32m'INTERNAL_ERROR'[39m,
  message: [32m'Something went wrong. Please try again later.'[39m,
  context: {
    streamErrorCode: [32m'STREAM_NETWORK_ERROR'[39m,
    retryable: [33mtrue[39m,
    originalMessage: [32m'Database connection failed'[39m,
    operation: [32m'getMeetingRoom'[39m,
    appointmentId: [32m`+y}&O|>3"y.:= &F5}K/'=V y(JKZc VI}p&`[39m
  },
  stack: [32m'Error: Network connection lost. Please check your internet 
connection.\n'[39m +
    [32m'    at toStreamError (C:\\Users\\DELL\\Desktop\\a2a-dr.-gemini-i
ntake-agent\\src\\server\\services\\stream-error-handler.ts:337:10)\n'[39
m +
    [32m'    at Module.logStreamError (C:\\Users\\DELL\\Desktop\\a2a-dr.-
gemini-intake-agent\\src\\server\\services\\stream-error-handler.ts:352:23
)\n'[39m +
    [32m'    at StreamService.getMeetingRoom (C:\\Users\\DELL\\Desktop\\a
2a-dr.-gemini-intake-agent\\src\\server\\services\\stream.ts:331:7)\n'[39
m +
    [32m'    at processTicksAndRejections 
(node:internal/process/task_queues:103:5)'[39m
}
Unhandled error: StreamError: Network connection lost. Please check your 
internet connection.
    at toStreamError [90m(C:\Users\DELL\Desktop\a2a-dr.-gemini-intake-age
nt\[39msrc\server\services\stream-error-handler.ts:337:10[90m)[39m
    at Module.logStreamError [90m(C:\Users\DELL\Desktop\a2a-dr.-gemini-in
take-agent\[39msrc\server\services\stream-error-handler.ts:352:23[90m)[
39m
    at StreamService.getMeetingRoom [90m(C:\Users\DELL\Desktop\a2a-dr.-ge
mini-intake-agent\[39msrc\server\services\stream.ts:331:7[90m)[39m
[90m    at processTicksAndRejections 
(node:internal/process/task_queues:103:5)[39m {
  code: [32m'STREAM_NETWORK_ERROR'[39m,
  originalError: Error: Database connection failed
      at [90mC:\Users\DELL\Desktop\a2a-dr.-gemini-intake-agent\[39m__tes
ts__\properties\meeting-room-data-consistency.property.test.ts:288:48
      at AsyncProperty.predicate [90m(file:///C:/Users/DELL/Desktop/a2a-d
r.-gemini-intake-agent/[39mnode_modules/[4mfast-check[24m/lib/esm/check
/property/AsyncProperty.js:14:59[90m)[39m
      at AsyncProperty.run [90m(file:///C:/Users/DELL/Desktop/a2a-dr.-gem
ini-intake-agent/[39mnode_modules/[4mfast-check[24m/lib/esm/check/prope
rty/AsyncProperty.generic.js:46:39[90m)[39m
      at asyncRunIt [90m(file:///C:/Users/DELL/Desktop/a2a-dr.-gemini-int
ake-agent/[39mnode_modules/[4mfast-check[24m/lib/esm/check/runner/Runne
r.js:33:36[90m)[39m
  [90m    at processTicksAndRejections 
(node:internal/process/task_queues:103:5)[39m
      at [90mC:\Users\DELL\Desktop\a2a-dr.-gemini-intake-agent\[39m__tes
ts__\properties\meeting-room-data-consistency.property.test.ts:282:5
      at [90mfile:///C:/Users/DELL/Desktop/a2a-dr.-gemini-intake-agent/[
39mnode_modules/[4m@vitest/runner[24m/dist/index.js:533:5
      at runTest [90m(file:///C:/Users/DELL/Desktop/a2a-dr.-gemini-intake
-agent/[39mnode_modules/[4m@vitest/runner[24m/dist/index.js:1056:11[90
m)[39m
      at runSuite [90m(file:///C:/Users/DELL/Desktop/a2a-dr.-gemini-intak
e-agent/[39mnode_modules/[4m@vitest/runner[24m/dist/index.js:1205:15[9
0m)[39m
      at runSuite [90m(file:///C:/Users/DELL/Desktop/a2a-dr.-gemini-intak
e-agent/[39mnode_modules/[4m@vitest/runner[24m/dist/index.js:1205:15[9
0m)[39m,
  retryable: [33mtrue[39m,
  fallbackOptions: [
    {
      id: [32m'retry'[39m,
      label: [32m'Reconnect'[39m,
      description: [32m'Try to reconnect when your connection is 
stable'[39m,
      action: [32m'retry'[39m
    }
  ]
}
Unexpected error: {
  code: [32m'INTERNAL_ERROR'[39m,
  message: [32m'Something went wrong. Please try again later.'[39m,
  context: {
    streamErrorCode: [32m'STREAM_NETWORK_ERROR'[39m,
    retryable: [33mtrue[39m,
    originalMessage: [32m'Database connection failed'[39m,
    operation: [32m'getMeetingRoom'[39m,
    appointmentId: [32m'E|67)x$Q:djxy SbxCFqJDD$y5eFCLxt[{&V'[39m
  },
  stack: [32m'Error: Network connection lost. Please check your internet 
connection.\n'[39m +
    [32m'    at toStreamError (C:\\Users\\DELL\\Desktop\\a2a-dr.-gemini-i
ntake-agent\\src\\server\\services\\stream-error-handler.ts:337:10)\n'[39
m +
    [32m'    at Module.logStreamError (C:\\Users\\DELL\\Desktop\\a2a-dr.-
gemini-intake-agent\\src\\server\\services\\stream-error-handler.ts:352:23
)\n'[39m +
    [32m'    at StreamService.getMeetingRoom (C:\\Users\\DELL\\Desktop\\a
2a-dr.-gemini-intake-agent\\src\\server\\services\\stream.ts:331:7)\n'[39
m +
    [32m'    at processTicksAndRejections 
(node:internal/process/task_queues:103:5)'[39m
}
Unhandled error: StreamError: Network connection lost. Please check your 
internet connection.
    at toStreamError [90m(C:\Users\DELL\Desktop\a2a-dr.-gemini-intake-age
nt\[39msrc\server\services\stream-error-handler.ts:337:10[90m)[39m
    at Module.logStreamError [90m(C:\Users\DELL\Desktop\a2a-dr.-gemini-in
take-agent\[39msrc\server\services\stream-error-handler.ts:352:23[90m)[
39m
    at StreamService.getMeetingRoom [90m(C:\Users\DELL\Desktop\a2a-dr.-ge
mini-intake-agent\[39msrc\server\services\stream.ts:331:7[90m)[39m
[90m    at processTicksAndRejections 
(node:internal/process/task_queues:103:5)[39m {
  code: [32m'STREAM_NETWORK_ERROR'[39m,
  originalError: Error: Database connection failed
      at [90mC:\Users\DELL\Desktop\a2a-dr.-gemini-intake-agent\[39m__tes
ts__\properties\meeting-room-data-consistency.property.test.ts:288:48
      at AsyncProperty.predicate [90m(file:///C:/Users/DELL/Desktop/a2a-d
r.-gemini-intake-agent/[39mnode_modules/[4mfast-check[24m/lib/esm/check
/property/AsyncProperty.js:14:59[90m)[39m
      at AsyncProperty.run [90m(file:///C:/Users/DELL/Desktop/a2a-dr.-gem
ini-intake-agent/[39mnode_modules/[4mfast-check[24m/lib/esm/check/prope
rty/AsyncProperty.generic.js:46:39[90m)[39m
      at asyncRunIt [90m(file:///C:/Users/DELL/Desktop/a2a-dr.-gemini-int
ake-agent/[39mnode_modules/[4mfast-check[24m/lib/esm/check/runner/Runne
r.js:33:36[90m)[39m
  [90m    at processTicksAndRejections 
(node:internal/process/task_queues:103:5)[39m
      at [90mC:\Users\DELL\Desktop\a2a-dr.-gemini-intake-agent\[39m__tes
ts__\properties\meeting-room-data-consistency.property.test.ts:282:5
      at [90mfile:///C:/Users/DELL/Desktop/a2a-dr.-gemini-intake-agent/[
39mnode_modules/[4m@vitest/runner[24m/dist/index.js:533:5
      at runTest [90m(file:///C:/Users/DELL/Desktop/a2a-dr.-gemini-intake
-agent/[39mnode_modules/[4m@vitest/runner[24m/dist/index.js:1056:11[90
m)[39m
      at runSuite [90m(file:///C:/Users/DELL/Desktop/a2a-dr.-gemini-intak
e-agent/[39mnode_modules/[4m@vitest/runner[24m/dist/index.js:1205:15[9
0m)[39m
      at runSuite [90m(file:///C:/Users/DELL/Desktop/a2a-dr.-gemini-intak
e-agent/[39mnode_modules/[4m@vitest/runner[24m/dist/index.js:1205:15[9
0m)[39m,
  retryable: [33mtrue[39m,
  fallbackOptions: [
    {
      id: [32m'retry'[39m,
      label: [32m'Reconnect'[39m,
      description: [32m'Try to reconnect when your connection is 
stable'[39m,
      action: [32m'retry'[39m
    }
  ]
}
Unexpected error: {
  code: [32m'INTERNAL_ERROR'[39m,
  message: [32m'Something went wrong. Please try again later.'[39m,
  context: {
    streamErrorCode: [32m'STREAM_NETWORK_ERROR'[39m,
    retryable: [33mtrue[39m,
    originalMessage: [32m'Database connection failed'[39m,
    operation: [32m'getMeetingRoom'[39m,
    appointmentId: [32m' AJx!Gu#pz8kSY#>MIVz<>v%! #27 \\z}G$!'[39m
  },
  stack: [32m'Error: Network connection lost. Please check your internet 
connection.\n'[39m +
    [32m'    at toStreamError (C:\\Users\\DELL\\Desktop\\a2a-dr.-gemini-i
ntake-agent\\src\\server\\services\\stream-error-handler.ts:337:10)\n'[39
m +
    [32m'    at Module.logStreamError (C:\\Users\\DELL\\Desktop\\a2a-dr.-
gemini-intake-agent\\src\\server\\services\\stream-error-handler.ts:352:23
)\n'[39m +
    [32m'    at StreamService.getMeetingRoom (C:\\Users\\DELL\\Desktop\\a
2a-dr.-gemini-intake-agent\\src\\server\\services\\stream.ts:331:7)\n'[39
m +
    [32m'    at processTicksAndRejections 
(node:internal/process/task_queues:103:5)'[39m
}
Unhandled error: StreamError: Network connection lost. Please check your 
internet connection.
    at toStreamError [90m(C:\Users\DELL\Desktop\a2a-dr.-gemini-intake-age
nt\[39msrc\server\services\stream-error-handler.ts:337:10[90m)[39m
    at Module.logStreamError [90m(C:\Users\DELL\Desktop\a2a-dr.-gemini-in
take-agent\[39msrc\server\services\stream-error-handler.ts:352:23[90m)[
39m
    at StreamService.getMeetingRoom [90m(C:\Users\DELL\Desktop\a2a-dr.-ge
mini-intake-agent\[39msrc\server\services\stream.ts:331:7[90m)[39m
[90m    at processTicksAndRejections 
(node:internal/process/task_queues:103:5)[39m {
  code: [32m'STREAM_NETWORK_ERROR'[39m,
  originalError: Error: Database connection failed
      at [90mC:\Users\DELL\Desktop\a2a-dr.-gemini-intake-agent\[39m__tes
ts__\properties\meeting-room-data-consistency.property.test.ts:288:48
      at AsyncProperty.predicate [90m(file:///C:/Users/DELL/Desktop/a2a-d
r.-gemini-intake-agent/[39mnode_modules/[4mfast-check[24m/lib/esm/check
/property/AsyncProperty.js:14:59[90m)[39m
      at AsyncProperty.run [90m(file:///C:/Users/DELL/Desktop/a2a-dr.-gem
ini-intake-agent/[39mnode_modules/[4mfast-check[24m/lib/esm/check/prope
rty/AsyncProperty.generic.js:46:39[90m)[39m
      at asyncRunIt [90m(file:///C:/Users/DELL/Desktop/a2a-dr.-gemini-int
ake-agent/[39mnode_modules/[4mfast-check[24m/lib/esm/check/runner/Runne
r.js:33:36[90m)[39m
  [90m    at processTicksAndRejections 
(node:internal/process/task_queues:103:5)[39m
      at [90mC:\Users\DELL\Desktop\a2a-dr.-gemini-intake-agent\[39m__tes
ts__\properties\meeting-room-data-consistency.property.test.ts:282:5
      at [90mfile:///C:/Users/DELL/Desktop/a2a-dr.-gemini-intake-agent/[
39mnode_modules/[4m@vitest/runner[24m/dist/index.js:533:5
      at runTest [90m(file:///C:/Users/DELL/Desktop/a2a-dr.-gemini-intake
-agent/[39mnode_modules/[4m@vitest/runner[24m/dist/index.js:1056:11[90
m)[39m
      at runSuite [90m(file:///C:/Users/DELL/Desktop/a2a-dr.-gemini-intak
e-agent/[39mnode_modules/[4m@vitest/runner[24m/dist/index.js:1205:15[9
0m)[39m
      at runSuite [90m(file:///C:/Users/DELL/Desktop/a2a-dr.-gemini-intak
e-agent/[39mnode_modules/[4m@vitest/runner[24m/dist/index.js:1205:15[9
0m)[39m,
  retryable: [33mtrue[39m,
  fallbackOptions: [
    {
      id: [32m'retry'[39m,
      label: [32m'Reconnect'[39m,
      description: [32m'Try to reconnect when your connection is 
stable'[39m,
      action: [32m'retry'[39m
    }
  ]
}
Unexpected error: {
  code: [32m'INTERNAL_ERROR'[39m,
  message: [32m'Something went wrong. Please try again later.'[39m,
  context: {
    streamErrorCode: [32m'STREAM_NETWORK_ERROR'[39m,
    retryable: [33mtrue[39m,
    originalMessage: [32m'Database connection failed'[39m,
    operation: [32m'getMeetingRoom'[39m,
    appointmentId: [32m'[~$$"$|#y}nz$#!H&*PMuP$?} 4U{Im%!~!Q'[39m
  },
  stack: [32m'Error: Network connection lost. Please check your internet 
connection.\n'[39m +
    [32m'    at toStreamError (C:\\Users\\DELL\\Desktop\\a2a-dr.-gemini-i
ntake-agent\\src\\server\\services\\stream-error-handler.ts:337:10)\n'[39
m +
    [32m'    at Module.logStreamError (C:\\Users\\DELL\\Desktop\\a2a-dr.-
gemini-intake-agent\\src\\server\\services\\stream-error-handler.ts:352:23
)\n'[39m +
    [32m'    at StreamService.getMeetingRoom (C:\\Users\\DELL\\Desktop\\a
2a-dr.-gemini-intake-agent\\src\\server\\services\\stream.ts:331:7)\n'[39
m +
    [32m'    at processTicksAndRejections 
(node:internal/process/task_queues:103:5)'[39m
}
Unhandled error: StreamError: Network connection lost. Please check your 
internet connection.
    at toStreamError [90m(C:\Users\DELL\Desktop\a2a-dr.-gemini-intake-age
nt\[39msrc\server\services\stream-error-handler.ts:337:10[90m)[39m
    at Module.logStreamError [90m(C:\Users\DELL\Desktop\a2a-dr.-gemini-in
take-agent\[39msrc\server\services\stream-error-handler.ts:352:23[90m)[
39m
    at StreamService.getMeetingRoom [90m(C:\Users\DELL\Desktop\a2a-dr.-ge
mini-intake-agent\[39msrc\server\services\stream.ts:331:7[90m)[39m
[90m    at processTicksAndRejections 
(node:internal/process/task_queues:103:5)[39m {
  code: [32m'STREAM_NETWORK_ERROR'[39m,
  originalError: Error: Database connection failed
      at [90mC:\Users\DELL\Desktop\a2a-dr.-gemini-intake-agent\[39m__tes
ts__\properties\meeting-room-data-consistency.property.test.ts:288:48
      at AsyncProperty.predicate [90m(file:///C:/Users/DELL/Desktop/a2a-d
r.-gemini-intake-agent/[39mnode_modules/[4mfast-check[24m/lib/esm/check
/property/AsyncProperty.js:14:59[90m)[39m
      at AsyncProperty.run [90m(file:///C:/Users/DELL/Desktop/a2a-dr.-gem
ini-intake-agent/[39mnode_modules/[4mfast-check[24m/lib/esm/check/prope
rty/AsyncProperty.generic.js:46:39[90m)[39m
      at asyncRunIt [90m(file:///C:/Users/DELL/Desktop/a2a-dr.-gemini-int
ake-agent/[39mnode_modules/[4mfast-check[24m/lib/esm/check/runner/Runne
r.js:33:36[90m)[39m
  [90m    at processTicksAndRejections 
(node:internal/process/task_queues:103:5)[39m
      at [90mC:\Users\DELL\Desktop\a2a-dr.-gemini-intake-agent\[39m__tes
ts__\properties\meeting-room-data-consistency.property.test.ts:282:5
      at [90mfile:///C:/Users/DELL/Desktop/a2a-dr.-gemini-intake-agent/[
39mnode_modules/[4m@vitest/runner[24m/dist/index.js:533:5
      at runTest [90m(file:///C:/Users/DELL/Desktop/a2a-dr.-gemini-intake
-agent/[39mnode_modules/[4m@vitest/runner[24m/dist/index.js:1056:11[90
m)[39m
      at runSuite [90m(file:///C:/Users/DELL/Desktop/a2a-dr.-gemini-intak
e-agent/[39mnode_modules/[4m@vitest/runner[24m/dist/index.js:1205:15[9
0m)[39m
      at runSuite [90m(file:///C:/Users/DELL/Desktop/a2a-dr.-gemini-intak
e-agent/[39mnode_modules/[4m@vitest/runner[24m/dist/index.js:1205:15[9
0m)[39m,
  retryable: [33mtrue[39m,
  fallbackOptions: [
    {
      id: [32m'retry'[39m,
      label: [32m'Reconnect'[39m,
      description: [32m'Try to reconnect when your connection is 
stable'[39m,
      action: [32m'retry'[39m
    }
  ]
}
Unexpected error: {
  code: [32m'INTERNAL_ERROR'[39m,
  message: [32m'Something went wrong. Please try again later.'[39m,
  context: {
    streamErrorCode: [32m'STREAM_NETWORK_ERROR'[39m,
    retryable: [33mtrue[39m,
    originalMessage: [32m'Database connection failed'[39m,
    operation: [32m'getMeetingRoom'[39m,
    appointmentId: [32m'AIOy{-{K!C!`!tzmZ>{r`5ozx!x,V^DQ"Zhd'[39m
  },
  stack: [32m'Error: Network connection lost. Please check your internet 
connection.\n'[39m +
    [32m'    at toStreamError (C:\\Users\\DELL\\Desktop\\a2a-dr.-gemini-i
ntake-agent\\src\\server\\services\\stream-error-handler.ts:337:10)\n'[39
m +
    [32m'    at Module.logStreamError (C:\\Users\\DELL\\Desktop\\a2a-dr.-
gemini-intake-agent\\src\\server\\services\\stream-error-handler.ts:352:23
)\n'[39m +
    [32m'    at StreamService.getMeetingRoom (C:\\Users\\DELL\\Desktop\\a
2a-dr.-gemini-intake-agent\\src\\server\\services\\stream.ts:331:7)\n'[39
m +
    [32m'    at processTicksAndRejections 
(node:internal/process/task_queues:103:5)'[39m
}
Unhandled error: StreamError: Network connection lost. Please check your 
internet connection.
    at toStreamError [90m(C:\Users\DELL\Desktop\a2a-dr.-gemini-intake-age
nt\[39msrc\server\services\stream-error-handler.ts:337:10[90m)[39m
    at Module.logStreamError [90m(C:\Users\DELL\Desktop\a2a-dr.-gemini-in
take-agent\[39msrc\server\services\stream-error-handler.ts:352:23[90m)[
39m
    at StreamService.getMeetingRoom [90m(C:\Users\DELL\Desktop\a2a-dr.-ge
mini-intake-agent\[39msrc\server\services\stream.ts:331:7[90m)[39m
[90m    at processTicksAndRejections 
(node:internal/process/task_queues:103:5)[39m {
  code: [32m'STREAM_NETWORK_ERROR'[39m,
  originalError: Error: Database connection failed
      at [90mC:\Users\DELL\Desktop\a2a-dr.-gemini-intake-agent\[39m__tes
ts__\properties\meeting-room-data-consistency.property.test.ts:288:48
      at AsyncProperty.predicate [90m(file:///C:/Users/DELL/Desktop/a2a-d
r.-gemini-intake-agent/[39mnode_modules/[4mfast-check[24m/lib/esm/check
/property/AsyncProperty.js:14:59[90m)[39m
      at AsyncProperty.run [90m(file:///C:/Users/DELL/Desktop/a2a-dr.-gem
ini-intake-agent/[39mnode_modules/[4mfast-check[24m/lib/esm/check/prope
rty/AsyncProperty.generic.js:46:39[90m)[39m
      at asyncRunIt [90m(file:///C:/Users/DELL/Desktop/a2a-dr.-gemini-int
ake-agent/[39mnode_modules/[4mfast-check[24m/lib/esm/check/runner/Runne
r.js:33:36[90m)[39m
  [90m    at processTicksAndRejections 
(node:internal/process/task_queues:103:5)[39m
      at [90mC:\Users\DELL\Desktop\a2a-dr.-gemini-intake-agent\[39m__tes
ts__\properties\meeting-room-data-consistency.property.test.ts:282:5
      at [90mfile:///C:/Users/DELL/Desktop/a2a-dr.-gemini-intake-agent/[
39mnode_modules/[4m@vitest/runner[24m/dist/index.js:533:5
      at runTest [90m(file:///C:/Users/DELL/Desktop/a2a-dr.-gemini-intake
-agent/[39mnode_modules/[4m@vitest/runner[24m/dist/index.js:1056:11[90
m)[39m
      at runSuite [90m(file:///C:/Users/DELL/Desktop/a2a-dr.-gemini-intak
e-agent/[39mnode_modules/[4m@vitest/runner[24m/dist/index.js:1205:15[9
0m)[39m
      at runSuite [90m(file:///C:/Users/DELL/Desktop/a2a-dr.-gemini-intak
e-agent/[39mnode_modules/[4m@vitest/runner[24m/dist/index.js:1205:15[9
0m)[39m,
  retryable: [33mtrue[39m,
  fallbackOptions: [
    {
      id: [32m'retry'[39m,
      label: [32m'Reconnect'[39m,
      description: [32m'Try to reconnect when your connection is 
stable'[39m,
      action: [32m'retry'[39m
    }
  ]
}
Unexpected error: {
  code: [32m'INTERNAL_ERROR'[39m,
  message: [32m'Something went wrong. Please try again later.'[39m,
  context: {
    streamErrorCode: [32m'STREAM_NETWORK_ERROR'[39m,
    retryable: [33mtrue[39m,
    originalMessage: [32m'Database connection failed'[39m,
    operation: [32m'getMeetingRoom'[39m,
    appointmentId: [32m`&#G~dD.mj&y6"q32U#>||#2z".':BE&H=Ey_`[39m
  },
  stack: [32m'Error: Network connection lost. Please check your internet 
connection.\n'[39m +
    [32m'    at toStreamError (C:\\Users\\DELL\\Desktop\\a2a-dr.-gemini-i
ntake-agent\\src\\server\\services\\stream-error-handler.ts:337:10)\n'[39
m +
    [32m'    at Module.logStreamError (C:\\Users\\DELL\\Desktop\\a2a-dr.-
gemini-intake-agent\\src\\server\\services\\stream-error-handler.ts:352:23
)\n'[39m +
    [32m'    at StreamService.getMeetingRoom (C:\\Users\\DELL\\Desktop\\a
2a-dr.-gemini-intake-agent\\src\\server\\services\\stream.ts:331:7)\n'[39
m +
    [32m'    at processTicksAndRejections 
(node:internal/process/task_queues:103:5)'[39m
}
Unhandled error: StreamError: Network connection lost. Please check your 
internet connection.
    at toStreamError [90m(C:\Users\DELL\Desktop\a2a-dr.-gemini-intake-age
nt\[39msrc\server\services\stream-error-handler.ts:337:10[90m)[39m
    at Module.logStreamError [90m(C:\Users\DELL\Desktop\a2a-dr.-gemini-in
take-agent\[39msrc\server\services\stream-error-handler.ts:352:23[90m)[
39m
    at StreamService.getMeetingRoom [90m(C:\Users\DELL\Desktop\a2a-dr.-ge
mini-intake-agent\[39msrc\server\services\stream.ts:331:7[90m)[39m
[90m    at processTicksAndRejections 
(node:internal/process/task_queues:103:5)[39m {
  code: [32m'STREAM_NETWORK_ERROR'[39m,
  originalError: Error: Database connection failed
      at [90mC:\Users\DELL\Desktop\a2a-dr.-gemini-intake-agent\[39m__tes
ts__\properties\meeting-room-data-consistency.property.test.ts:288:48
      at AsyncProperty.predicate [90m(file:///C:/Users/DELL/Desktop/a2a-d
r.-gemini-intake-agent/[39mnode_modules/[4mfast-check[24m/lib/esm/check
/property/AsyncProperty.js:14:59[90m)[39m
      at AsyncProperty.run [90m(file:///C:/Users/DELL/Desktop/a2a-dr.-gem
ini-intake-agent/[39mnode_modules/[4mfast-check[24m/lib/esm/check/prope
rty/AsyncProperty.generic.js:46:39[90m)[39m
      at asyncRunIt [90m(file:///C:/Users/DELL/Desktop/a2a-dr.-gemini-int
ake-agent/[39mnode_modules/[4mfast-check[24m/lib/esm/check/runner/Runne
r.js:33:36[90m)[39m
  [90m    at processTicksAndRejections 
(node:internal/process/task_queues:103:5)[39m
      at [90mC:\Users\DELL\Desktop\a2a-dr.-gemini-intake-agent\[39m__tes
ts__\properties\meeting-room-data-consistency.property.test.ts:282:5
      at [90mfile:///C:/Users/DELL/Desktop/a2a-dr.-gemini-intake-agent/[
39mnode_modules/[4m@vitest/runner[24m/dist/index.js:533:5
      at runTest [90m(file:///C:/Users/DELL/Desktop/a2a-dr.-gemini-intake
-agent/[39mnode_modules/[4m@vitest/runner[24m/dist/index.js:1056:11[90
m)[39m
      at runSuite [90m(file:///C:/Users/DELL/Desktop/a2a-dr.-gemini-intak
e-agent/[39mnode_modules/[4m@vitest/runner[24m/dist/index.js:1205:15[9
0m)[39m
      at runSuite [90m(file:///C:/Users/DELL/Desktop/a2a-dr.-gemini-intak
e-agent/[39mnode_modules/[4m@vitest/runner[24m/dist/index.js:1205:15[9
0m)[39m,
  retryable: [33mtrue[39m,
  fallbackOptions: [
    {
      id: [32m'retry'[39m,
      label: [32m'Reconnect'[39m,
      description: [32m'Try to reconnect when your connection is 
stable'[39m,
      action: [32m'retry'[39m
    }
  ]
}
Unexpected error: {
  code: [32m'INTERNAL_ERROR'[39m,
  message: [32m'Something went wrong. Please try again later.'[39m,
  context: {
    streamErrorCode: [32m'STREAM_NETWORK_ERROR'[39m,
    retryable: [33mtrue[39m,
    originalMessage: [32m'Database connection failed'[39m,
    operation: [32m'getMeetingRoom'[39m,
    appointmentId: [32m'}ih|xx6)z 53U6$I72 z& o%%|(:g$B%H|#_'[39m
  },
  stack: [32m'Error: Network connection lost. Please check your internet 
connection.\n'[39m +
    [32m'    at toStreamError (C:\\Users\\DELL\\Desktop\\a2a-dr.-gemini-i
ntake-agent\\src\\server\\services\\stream-error-handler.ts:337:10)\n'[39
m +
    [32m'    at Module.logStreamError (C:\\Users\\DELL\\Desktop\\a2a-dr.-
gemini-intake-agent\\src\\server\\services\\stream-error-handler.ts:352:23
)\n'[39m +
    [32m'    at StreamService.getMeetingRoom (C:\\Users\\DELL\\Desktop\\a
2a-dr.-gemini-intake-agent\\src\\server\\services\\stream.ts:331:7)\n'[39
m +
    [32m'    at processTicksAndRejections 
(node:internal/process/task_queues:103:5)'[39m
}
Unhandled error: StreamError: Network connection lost. Please check your 
internet connection.
    at toStreamError [90m(C:\Users\DELL\Desktop\a2a-dr.-gemini-intake-age
nt\[39msrc\server\services\stream-error-handler.ts:337:10[90m)[39m
    at Module.logStreamError [90m(C:\Users\DELL\Desktop\a2a-dr.-gemini-in
take-agent\[39msrc\server\services\stream-error-handler.ts:352:23[90m)[
39m
    at StreamService.getMeetingRoom [90m(C:\Users\DELL\Desktop\a2a-dr.-ge
mini-intake-agent\[39msrc\server\services\stream.ts:331:7[90m)[39m
[90m    at processTicksAndRejections 
(node:internal/process/task_queues:103:5)[39m {
  code: [32m'STREAM_NETWORK_ERROR'[39m,
  originalError: Error: Database connection failed
      at [90mC:\Users\DELL\Desktop\a2a-dr.-gemini-intake-agent\[39m__tes
ts__\properties\meeting-room-data-consistency.property.test.ts:288:48
      at AsyncProperty.predicate [90m(file:///C:/Users/DELL/Desktop/a2a-d
r.-gemini-intake-agent/[39mnode_modules/[4mfast-check[24m/lib/esm/check
/property/AsyncProperty.js:14:59[90m)[39m
      at AsyncProperty.run [90m(file:///C:/Users/DELL/Desktop/a2a-dr.-gem
ini-intake-agent/[39mnode_modules/[4mfast-check[24m/lib/esm/check/prope
rty/AsyncProperty.generic.js:46:39[90m)[39m
      at asyncRunIt [90m(file:///C:/Users/DELL/Desktop/a2a-dr.-gemini-int
ake-agent/[39mnode_modules/[4mfast-check[24m/lib/esm/check/runner/Runne
r.js:33:36[90m)[39m
  [90m    at processTicksAndRejections 
(node:internal/process/task_queues:103:5)[39m
      at [90mC:\Users\DELL\Desktop\a2a-dr.-gemini-intake-agent\[39m__tes
ts__\properties\meeting-room-data-consistency.property.test.ts:282:5
      at [90mfile:///C:/Users/DELL/Desktop/a2a-dr.-gemini-intake-agent/[
39mnode_modules/[4m@vitest/runner[24m/dist/index.js:533:5
      at runTest [90m(file:///C:/Users/DELL/Desktop/a2a-dr.-gemini-intake
-agent/[39mnode_modules/[4m@vitest/runner[24m/dist/index.js:1056:11[90
m)[39m
      at runSuite [90m(file:///C:/Users/DELL/Desktop/a2a-dr.-gemini-intak
e-agent/[39mnode_modules/[4m@vitest/runner[24m/dist/index.js:1205:15[9
0m)[39m
      at runSuite [90m(file:///C:/Users/DELL/Desktop/a2a-dr.-gemini-intak
e-agent/[39mnode_modules/[4m@vitest/runner[24m/dist/index.js:1205:15[9
0m)[39m,
  retryable: [33mtrue[39m,
  fallbackOptions: [
    {
      id: [32m'retry'[39m,
      label: [32m'Reconnect'[39m,
      description: [32m'Try to reconnect when your connection is 
stable'[39m,
      action: [32m'retry'[39m
    }
  ]
}
Unexpected error: {
  code: [32m'INTERNAL_ERROR'[39m,
  message: [32m'Something went wrong. Please try again later.'[39m,
  context: {
    streamErrorCode: [32m'STREAM_NETWORK_ERROR'[39m,
    retryable: [33mtrue[39m,
    originalMessage: [32m'Database connection failed'[39m,
    operation: [32m'getMeetingRoom'[39m,
    appointmentId: [32m'&[",r|x#!b! aii:x9{LN~&/f&K"$-.$ Pn&'[39m
  },
  stack: [32m'Error: Network connection lost. Please check your internet 
connection.\n'[39m +
    [32m'    at toStreamError (C:\\Users\\DELL\\Desktop\\a2a-dr.-gemini-i
ntake-agent\\src\\server\\services\\stream-error-handler.ts:337:10)\n'[39
m +
    [32m'    at Module.logStreamError (C:\\Users\\DELL\\Desktop\\a2a-dr.-
gemini-intake-agent\\src\\server\\services\\stream-error-handler.ts:352:23
)\n'[39m +
    [32m'    at StreamService.getMeetingRoom (C:\\Users\\DELL\\Desktop\\a
2a-dr.-gemini-intake-agent\\src\\server\\services\\stream.ts:331:7)\n'[39
m +
    [32m'    at processTicksAndRejections 
(node:internal/process/task_queues:103:5)'[39m
}
Unhandled error: StreamError: Network connection lost. Please check your 
internet connection.
    at toStreamError [90m(C:\Users\DELL\Desktop\a2a-dr.-gemini-intake-age
nt\[39msrc\server\services\stream-error-handler.ts:337:10[90m)[39m
    at Module.logStreamError [90m(C:\Users\DELL\Desktop\a2a-dr.-gemini-in
take-agent\[39msrc\server\services\stream-error-handler.ts:352:23[90m)[
39m
    at StreamService.getMeetingRoom [90m(C:\Users\DELL\Desktop\a2a-dr.-ge
mini-intake-agent\[39msrc\server\services\stream.ts:331:7[90m)[39m
[90m    at processTicksAndRejections 
(node:internal/process/task_queues:103:5)[39m {
  code: [32m'STREAM_NETWORK_ERROR'[39m,
  originalError: Error: Database connection failed
      at [90mC:\Users\DELL\Desktop\a2a-dr.-gemini-intake-agent\[39m__tes
ts__\properties\meeting-room-data-consistency.property.test.ts:288:48
      at AsyncProperty.predicate [90m(file:///C:/Users/DELL/Desktop/a2a-d
r.-gemini-intake-agent/[39mnode_modules/[4mfast-check[24m/lib/esm/check
/property/AsyncProperty.js:14:59[90m)[39m
      at AsyncProperty.run [90m(file:///C:/Users/DELL/Desktop/a2a-dr.-gem
ini-intake-agent/[39mnode_modules/[4mfast-check[24m/lib/esm/check/prope
rty/AsyncProperty.generic.js:46:39[90m)[39m
      at asyncRunIt [90m(file:///C:/Users/DELL/Desktop/a2a-dr.-gemini-int
ake-agent/[39mnode_modules/[4mfast-check[24m/lib/esm/check/runner/Runne
r.js:33:36[90m)[39m
  [90m    at processTicksAndRejections 
(node:internal/process/task_queues:103:5)[39m
      at [90mC:\Users\DELL\Desktop\a2a-dr.-gemini-intake-agent\[39m__tes
ts__\properties\meeting-room-data-consistency.property.test.ts:282:5
      at [90mfile:///C:/Users/DELL/Desktop/a2a-dr.-gemini-intake-agent/[
39mnode_modules/[4m@vitest/runner[24m/dist/index.js:533:5
      at runTest [90m(file:///C:/Users/DELL/Desktop/a2a-dr.-gemini-intake
-agent/[39mnode_modules/[4m@vitest/runner[24m/dist/index.js:1056:11[90
m)[39m
      at runSuite [90m(file:///C:/Users/DELL/Desktop/a2a-dr.-gemini-intak
e-agent/[39mnode_modules/[4m@vitest/runner[24m/dist/index.js:1205:15[9
0m)[39m
      at runSuite [90m(file:///C:/Users/DELL/Desktop/a2a-dr.-gemini-intak
e-agent/[39mnode_modules/[4m@vitest/runner[24m/dist/index.js:1205:15[9
0m)[39m,
  retryable: [33mtrue[39m,
  fallbackOptions: [
    {
      id: [32m'retry'[39m,
      label: [32m'Reconnect'[39m,
      description: [32m'Try to reconnect when your connection is 
stable'[39m,
      action: [32m'retry'[39m
    }
  ]
}
Unexpected error: {
  code: [32m'INTERNAL_ERROR'[39m,
  message: [32m'Something went wrong. Please try again later.'[39m,
  context: {
    streamErrorCode: [32m'STREAM_NETWORK_ERROR'[39m,
    retryable: [33mtrue[39m,
    originalMessage: [32m'Database connection failed'[39m,
    operation: [32m'getMeetingRoom'[39m,
    appointmentId: [32m'uz:`"&/IY$l!G;$B; b!FC\\}&\\W\\zb^,0  {'[39m
  },
  stack: [32m'Error: Network connection lost. Please check your internet 
connection.\n'[39m +
    [32m'    at toStreamError (C:\\Users\\DELL\\Desktop\\a2a-dr.-gemini-i
ntake-agent\\src\\server\\services\\stream-error-handler.ts:337:10)\n'[39
m +
    [32m'    at Module.logStreamError (C:\\Users\\DELL\\Desktop\\a2a-dr.-
gemini-intake-agent\\src\\server\\services\\stream-error-handler.ts:352:23
)\n'[39m +
    [32m'    at StreamService.getMeetingRoom (C:\\Users\\DELL\\Desktop\\a
2a-dr.-gemini-intake-agent\\src\\server\\services\\stream.ts:331:7)\n'[39
m +
    [32m'    at processTicksAndRejections 
(node:internal/process/task_queues:103:5)'[39m
}
Unhandled error: StreamError: Network connection lost. Please check your 
internet connection.
    at toStreamError [90m(C:\Users\DELL\Desktop\a2a-dr.-gemini-intake-age
nt\[39msrc\server\services\stream-error-handler.ts:337:10[90m)[39m
    at Module.logStreamError [90m(C:\Users\DELL\Desktop\a2a-dr.-gemini-in
take-agent\[39msrc\server\services\stream-error-handler.ts:352:23[90m)[
39m
    at StreamService.getMeetingRoom [90m(C:\Users\DELL\Desktop\a2a-dr.-ge
mini-intake-agent\[39msrc\server\services\stream.ts:331:7[90m)[39m
[90m    at processTicksAndRejections 
(node:internal/process/task_queues:103:5)[39m {
  code: [32m'STREAM_NETWORK_ERROR'[39m,
  originalError: Error: Database connection failed
      at [90mC:\Users\DELL\Desktop\a2a-dr.-gemini-intake-agent\[39m__tes
ts__\properties\meeting-room-data-consistency.property.test.ts:288:48
      at AsyncProperty.predicate [90m(file:///C:/Users/DELL/Desktop/a2a-d
r.-gemini-intake-agent/[39mnode_modules/[4mfast-check[24m/lib/esm/check
/property/AsyncProperty.js:14:59[90m)[39m
      at AsyncProperty.run [90m(file:///C:/Users/DELL/Desktop/a2a-dr.-gem
ini-intake-agent/[39mnode_modules/[4mfast-check[24m/lib/esm/check/prope
rty/AsyncProperty.generic.js:46:39[90m)[39m
      at asyncRunIt [90m(file:///C:/Users/DELL/Desktop/a2a-dr.-gemini-int
ake-agent/[39mnode_modules/[4mfast-check[24m/lib/esm/check/runner/Runne
r.js:33:36[90m)[39m
  [90m    at processTicksAndRejections 
(node:internal/process/task_queues:103:5)[39m
      at [90mC:\Users\DELL\Desktop\a2a-dr.-gemini-intake-agent\[39m__tes
ts__\properties\meeting-room-data-consistency.property.test.ts:282:5
      at [90mfile:///C:/Users/DELL/Desktop/a2a-dr.-gemini-intake-agent/[
39mnode_modules/[4m@vitest/runner[24m/dist/index.js:533:5
      at runTest [90m(file:///C:/Users/DELL/Desktop/a2a-dr.-gemini-intake
-agent/[39mnode_modules/[4m@vitest/runner[24m/dist/index.js:1056:11[90
m)[39m
      at runSuite [90m(file:///C:/Users/DELL/Desktop/a2a-dr.-gemini-intak
e-agent/[39mnode_modules/[4m@vitest/runner[24m/dist/index.js:1205:15[9
0m)[39m
      at runSuite [90m(file:///C:/Users/DELL/Desktop/a2a-dr.-gemini-intak
e-agent/[39mnode_modules/[4m@vitest/runner[24m/dist/index.js:1205:15[9
0m)[39m,
  retryable: [33mtrue[39m,
  fallbackOptions: [
    {
      id: [32m'retry'[39m,
      label: [32m'Reconnect'[39m,
      description: [32m'Try to reconnect when your connection is 
stable'[39m,
      action: [32m'retry'[39m
    }
  ]
}
Unexpected error: {
  code: [32m'INTERNAL_ERROR'[39m,
  message: [32m'Something went wrong. Please try again later.'[39m,
  context: {
    streamErrorCode: [32m'STREAM_NETWORK_ERROR'[39m,
    retryable: [33mtrue[39m,
    originalMessage: [32m'Database connection failed'[39m,
    operation: [32m'getMeetingRoom'[39m,
    appointmentId: [32m`1L'TV\\!~H@!:C5%!%/EUqx*b&Cgr"!"nB|UC`[39m
  },
  stack: [32m'Error: Network connection lost. Please check your internet 
connection.\n'[39m +
    [32m'    at toStreamError (C:\\Users\\DELL\\Desktop\\a2a-dr.-gemini-i
ntake-agent\\src\\server\\services\\stream-error-handler.ts:337:10)\n'[39
m +
    [32m'    at Module.logStreamError (C:\\Users\\DELL\\Desktop\\a2a-dr.-
gemini-intake-agent\\src\\server\\services\\stream-error-handler.ts:352:23
)\n'[39m +
    [32m'    at StreamService.getMeetingRoom (C:\\Users\\DELL\\Desktop\\a
2a-dr.-gemini-intake-agent\\src\\server\\services\\stream.ts:331:7)\n'[39
m +
    [32m'    at processTicksAndRejections 
(node:internal/process/task_queues:103:5)'[39m
}
Unhandled error: StreamError: Network connection lost. Please check your 
internet connection.
    at toStreamError [90m(C:\Users\DELL\Desktop\a2a-dr.-gemini-intake-age
nt\[39msrc\server\services\stream-error-handler.ts:337:10[90m)[39m
    at Module.logStreamError [90m(C:\Users\DELL\Desktop\a2a-dr.-gemini-in
take-agent\[39msrc\server\services\stream-error-handler.ts:352:23[90m)[
39m
    at StreamService.getMeetingRoom [90m(C:\Users\DELL\Desktop\a2a-dr.-ge
mini-intake-agent\[39msrc\server\services\stream.ts:331:7[90m)[39m
[90m    at processTicksAndRejections 
(node:internal/process/task_queues:103:5)[39m {
  code: [32m'STREAM_NETWORK_ERROR'[39m,
  originalError: Error: Database connection failed
      at [90mC:\Users\DELL\Desktop\a2a-dr.-gemini-intake-agent\[39m__tes
ts__\properties\meeting-room-data-consistency.property.test.ts:288:48
      at AsyncProperty.predicate [90m(file:///C:/Users/DELL/Desktop/a2a-d
r.-gemini-intake-agent/[39mnode_modules/[4mfast-check[24m/lib/esm/check
/property/AsyncProperty.js:14:59[90m)[39m
      at AsyncProperty.run [90m(file:///C:/Users/DELL/Desktop/a2a-dr.-gem
ini-intake-agent/[39mnode_modules/[4mfast-check[24m/lib/esm/check/prope
rty/AsyncProperty.generic.js:46:39[90m)[39m
      at asyncRunIt [90m(file:///C:/Users/DELL/Desktop/a2a-dr.-gemini-int
ake-agent/[39mnode_modules/[4mfast-check[24m/lib/esm/check/runner/Runne
r.js:33:36[90m)[39m
  [90m    at processTicksAndRejections 
(node:internal/process/task_queues:103:5)[39m
      at [90mC:\Users\DELL\Desktop\a2a-dr.-gemini-intake-agent\[39m__tes
ts__\properties\meeting-room-data-consistency.property.test.ts:282:5
      at [90mfile:///C:/Users/DELL/Desktop/a2a-dr.-gemini-intake-agent/[
39mnode_modules/[4m@vitest/runner[24m/dist/index.js:533:5
      at runTest [90m(file:///C:/Users/DELL/Desktop/a2a-dr.-gemini-intake
-agent/[39mnode_modules/[4m@vitest/runner[24m/dist/index.js:1056:11[90
m)[39m
      at runSuite [90m(file:///C:/Users/DELL/Desktop/a2a-dr.-gemini-intak
e-agent/[39mnode_modules/[4m@vitest/runner[24m/dist/index.js:1205:15[9
0m)[39m
      at runSuite [90m(file:///C:/Users/DELL/Desktop/a2a-dr.-gemini-intak
e-agent/[39mnode_modules/[4m@vitest/runner[24m/dist/index.js:1205:15[9
0m)[39m,
  retryable: [33mtrue[39m,
  fallbackOptions: [
    {
      id: [32m'retry'[39m,
      label: [32m'Reconnect'[39m,
      description: [32m'Try to reconnect when your connection is 
stable'[39m,
      action: [32m'retry'[39m
    }
  ]
}
Unexpected error: {
  code: [32m'INTERNAL_ERROR'[39m,
  message: [32m'Something went wrong. Please try again later.'[39m,
  context: {
    streamErrorCode: [32m'STREAM_NETWORK_ERROR'[39m,
    retryable: [33mtrue[39m,
    originalMessage: [32m'Database connection failed'[39m,
    operation: [32m'getMeetingRoom'[39m,
    appointmentId: [32m`x[t(ysC|'f1T!sQA|!lzF#2}E, ^%"#py$~ `[39m
  },
  stack: [32m'Error: Network connection lost. Please check your internet 
connection.\n'[39m +
    [32m'    at toStreamError (C:\\Users\\DELL\\Desktop\\a2a-dr.-gemini-i
ntake-agent\\src\\server\\services\\stream-error-handler.ts:337:10)\n'[39
m +
    [32m'    at Module.logStreamError (C:\\Users\\DELL\\Desktop\\a2a-dr.-
gemini-intake-agent\\src\\server\\services\\stream-error-handler.ts:352:23
)\n'[39m +
    [32m'    at StreamService.getMeetingRoom (C:\\Users\\DELL\\Desktop\\a
2a-dr.-gemini-intake-agent\\src\\server\\services\\stream.ts:331:7)\n'[39
m +
    [32m'    at processTicksAndRejections 
(node:internal/process/task_queues:103:5)'[39m
}
Unhandled error: StreamError: Network connection lost. Please check your 
internet connection.
    at toStreamError [90m(C:\Users\DELL\Desktop\a2a-dr.-gemini-intake-age
nt\[39msrc\server\services\stream-error-handler.ts:337:10[90m)[39m
    at Module.logStreamError [90m(C:\Users\DELL\Desktop\a2a-dr.-gemini-in
take-agent\[39msrc\server\services\stream-error-handler.ts:352:23[90m)[
39m
    at StreamService.getMeetingRoom [90m(C:\Users\DELL\Desktop\a2a-dr.-ge
mini-intake-agent\[39msrc\server\services\stream.ts:331:7[90m)[39m
[90m    at processTicksAndRejections 
(node:internal/process/task_queues:103:5)[39m {
  code: [32m'STREAM_NETWORK_ERROR'[39m,
  originalError: Error: Database connection failed
      at [90mC:\Users\DELL\Desktop\a2a-dr.-gemini-intake-agent\[39m__tes
ts__\properties\meeting-room-data-consistency.property.test.ts:288:48
      at AsyncProperty.predicate [90m(file:///C:/Users/DELL/Desktop/a2a-d
r.-gemini-intake-agent/[39mnode_modules/[4mfast-check[24m/lib/esm/check
/property/AsyncProperty.js:14:59[90m)[39m
      at AsyncProperty.run [90m(file:///C:/Users/DELL/Desktop/a2a-dr.-gem
ini-intake-agent/[39mnode_modules/[4mfast-check[24m/lib/esm/check/prope
rty/AsyncProperty.generic.js:46:39[90m)[39m
      at asyncRunIt [90m(file:///C:/Users/DELL/Desktop/a2a-dr.-gemini-int
ake-agent/[39mnode_modules/[4mfast-check[24m/lib/esm/check/runner/Runne
r.js:33:36[90m)[39m
  [90m    at processTicksAndRejections 
(node:internal/process/task_queues:103:5)[39m
      at [90mC:\Users\DELL\Desktop\a2a-dr.-gemini-intake-agent\[39m__tes
ts__\properties\meeting-room-data-consistency.property.test.ts:282:5
      at [90mfile:///C:/Users/DELL/Desktop/a2a-dr.-gemini-intake-agent/[
39mnode_modules/[4m@vitest/runner[24m/dist/index.js:533:5
      at runTest [90m(file:///C:/Users/DELL/Desktop/a2a-dr.-gemini-intake
-agent/[39mnode_modules/[4m@vitest/runner[24m/dist/index.js:1056:11[90
m)[39m
      at runSuite [90m(file:///C:/Users/DELL/Desktop/a2a-dr.-gemini-intak
e-agent/[39mnode_modules/[4m@vitest/runner[24m/dist/index.js:1205:15[9
0m)[39m
      at runSuite [90m(file:///C:/Users/DELL/Desktop/a2a-dr.-gemini-intak
e-agent/[39mnode_modules/[4m@vitest/runner[24m/dist/index.js:1205:15[9
0m)[39m,
  retryable: [33mtrue[39m,
  fallbackOptions: [
    {
      id: [32m'retry'[39m,
      label: [32m'Reconnect'[39m,
      description: [32m'Try to reconnect when your connection is 
stable'[39m,
      action: [32m'retry'[39m
    }
  ]
}
Unexpected error: {
  code: [32m'INTERNAL_ERROR'[39m,
  message: [32m'Something went wrong. Please try again later.'[39m,
  context: {
    streamErrorCode: [32m'STREAM_NETWORK_ERROR'[39m,
    retryable: [33mtrue[39m,
    originalMessage: [32m'Database connection failed'[39m,
    operation: [32m'getMeetingRoom'[39m,
    appointmentId: [32m'!  dK+<}g#_%#0|qi{Rd&Mx$wN M~JxhD&}$'[39m
  },
  stack: [32m'Error: Network connection lost. Please check your internet 
connection.\n'[39m +
    [32m'    at toStreamError (C:\\Users\\DELL\\Desktop\\a2a-dr.-gemini-i
ntake-agent\\src\\server\\services\\stream-error-handler.ts:337:10)\n'[39
m +
    [32m'    at Module.logStreamError (C:\\Users\\DELL\\Desktop\\a2a-dr.-
gemini-intake-agent\\src\\server\\services\\stream-error-handler.ts:352:23
)\n'[39m +
    [32m'    at StreamService.getMeetingRoom (C:\\Users\\DELL\\Desktop\\a
2a-dr.-gemini-intake-agent\\src\\server\\services\\stream.ts:331:7)\n'[39
m +
    [32m'    at processTicksAndRejections 
(node:internal/process/task_queues:103:5)'[39m
}
Unhandled error: StreamError: Network connection lost. Please check your 
internet connection.
    at toStreamError [90m(C:\Users\DELL\Desktop\a2a-dr.-gemini-intake-age
nt\[39msrc\server\services\stream-error-handler.ts:337:10[90m)[39m
    at Module.logStreamError [90m(C:\Users\DELL\Desktop\a2a-dr.-gemini-in
take-agent\[39msrc\server\services\stream-error-handler.ts:352:23[90m)[
39m
    at StreamService.getMeetingRoom [90m(C:\Users\DELL\Desktop\a2a-dr.-ge
mini-intake-agent\[39msrc\server\services\stream.ts:331:7[90m)[39m
[90m    at processTicksAndRejections 
(node:internal/process/task_queues:103:5)[39m {
  code: [32m'STREAM_NETWORK_ERROR'[39m,
  originalError: Error: Database connection failed
      at [90mC:\Users\DELL\Desktop\a2a-dr.-gemini-intake-agent\[39m__tes
ts__\properties\meeting-room-data-consistency.property.test.ts:288:48
      at AsyncProperty.predicate [90m(file:///C:/Users/DELL/Desktop/a2a-d
r.-gemini-intake-agent/[39mnode_modules/[4mfast-check[24m/lib/esm/check
/property/AsyncProperty.js:14:59[90m)[39m
      at AsyncProperty.run [90m(file:///C:/Users/DELL/Desktop/a2a-dr.-gem
ini-intake-agent/[39mnode_modules/[4mfast-check[24m/lib/esm/check/prope
rty/AsyncProperty.generic.js:46:39[90m)[39m
      at asyncRunIt [90m(file:///C:/Users/DELL/Desktop/a2a-dr.-gemini-int
ake-agent/[39mnode_modules/[4mfast-check[24m/lib/esm/check/runner/Runne
r.js:33:36[90m)[39m
  [90m    at processTicksAndRejections 
(node:internal/process/task_queues:103:5)[39m
      at [90mC:\Users\DELL\Desktop\a2a-dr.-gemini-intake-agent\[39m__tes
ts__\properties\meeting-room-data-consistency.property.test.ts:282:5
      at [90mfile:///C:/Users/DELL/Desktop/a2a-dr.-gemini-intake-agent/[
39mnode_modules/[4m@vitest/runner[24m/dist/index.js:533:5
      at runTest [90m(file:///C:/Users/DELL/Desktop/a2a-dr.-gemini-intake
-agent/[39mnode_modules/[4m@vitest/runner[24m/dist/index.js:1056:11[90
m)[39m
      at runSuite [90m(file:///C:/Users/DELL/Desktop/a2a-dr.-gemini-intak
e-agent/[39mnode_modules/[4m@vitest/runner[24m/dist/index.js:1205:15[9
0m)[39m
      at runSuite [90m(file:///C:/Users/DELL/Desktop/a2a-dr.-gemini-intak
e-agent/[39mnode_modules/[4m@vitest/runner[24m/dist/index.js:1205:15[9
0m)[39m,
  retryable: [33mtrue[39m,
  fallbackOptions: [
    {
      id: [32m'retry'[39m,
      label: [32m'Reconnect'[39m,
      description: [32m'Try to reconnect when your connection is 
stable'[39m,
      action: [32m'retry'[39m
    }
  ]
}
Unexpected error: {
  code: [32m'INTERNAL_ERROR'[39m,
  message: [32m'Something went wrong. Please try again later.'[39m,
  context: {
    streamErrorCode: [32m'STREAM_NETWORK_ERROR'[39m,
    retryable: [33mtrue[39m,
    originalMessage: [32m'Database connection failed'[39m,
    operation: [32m'getMeetingRoom'[39m,
    appointmentId: [32m'%joygPYEX$x&%*T d-"|"&|P"~?L{z].(yl#'[39m
  },
  stack: [32m'Error: Network connection lost. Please check your internet 
connection.\n'[39m +
    [32m'    at toStreamError (C:\\Users\\DELL\\Desktop\\a2a-dr.-gemini-i
ntake-agent\\src\\server\\services\\stream-error-handler.ts:337:10)\n'[39
m +
    [32m'    at Module.logStreamError (C:\\Users\\DELL\\Desktop\\a2a-dr.-
gemini-intake-agent\\src\\server\\services\\stream-error-handler.ts:352:23
)\n'[39m +
    [32m'    at StreamService.getMeetingRoom (C:\\Users\\DELL\\Desktop\\a
2a-dr.-gemini-intake-agent\\src\\server\\services\\stream.ts:331:7)\n'[39
m +
    [32m'    at processTicksAndRejections 
(node:internal/process/task_queues:103:5)'[39m
}
Unhandled error: StreamError: Network connection lost. Please check your 
internet connection.
    at toStreamError [90m(C:\Users\DELL\Desktop\a2a-dr.-gemini-intake-age
nt\[39msrc\server\services\stream-error-handler.ts:337:10[90m)[39m
    at Module.logStreamError [90m(C:\Users\DELL\Desktop\a2a-dr.-gemini-in
take-agent\[39msrc\server\services\stream-error-handler.ts:352:23[90m)[
39m
    at StreamService.getMeetingRoom [90m(C:\Users\DELL\Desktop\a2a-dr.-ge
mini-intake-agent\[39msrc\server\services\stream.ts:331:7[90m)[39m
[90m    at processTicksAndRejections 
(node:internal/process/task_queues:103:5)[39m {
  code: [32m'STREAM_NETWORK_ERROR'[39m,
  originalError: Error: Database connection failed
      at [90mC:\Users\DELL\Desktop\a2a-dr.-gemini-intake-agent\[39m__tes
ts__\properties\meeting-room-data-consistency.property.test.ts:288:48
      at AsyncProperty.predicate [90m(file:///C:/Users/DELL/Desktop/a2a-d
r.-gemini-intake-agent/[39mnode_modules/[4mfast-check[24m/lib/esm/check
/property/AsyncProperty.js:14:59[90m)[39m
      at AsyncProperty.run [90m(file:///C:/Users/DELL/Desktop/a2a-dr.-gem
ini-intake-agent/[39mnode_modules/[4mfast-check[24m/lib/esm/check/prope
rty/AsyncProperty.generic.js:46:39[90m)[39m
      at asyncRunIt [90m(file:///C:/Users/DELL/Desktop/a2a-dr.-gemini-int
ake-agent/[39mnode_modules/[4mfast-check[24m/lib/esm/check/runner/Runne
r.js:33:36[90m)[39m
  [90m    at processTicksAndRejections 
(node:internal/process/task_queues:103:5)[39m
      at [90mC:\Users\DELL\Desktop\a2a-dr.-gemini-intake-agent\[39m__tes
ts__\properties\meeting-room-data-consistency.property.test.ts:282:5
      at [90mfile:///C:/Users/DELL/Desktop/a2a-dr.-gemini-intake-agent/[
39mnode_modules/[4m@vitest/runner[24m/dist/index.js:533:5
      at runTest [90m(file:///C:/Users/DELL/Desktop/a2a-dr.-gemini-intake
-agent/[39mnode_modules/[4m@vitest/runner[24m/dist/index.js:1056:11[90
m)[39m
      at runSuite [90m(file:///C:/Users/DELL/Desktop/a2a-dr.-gemini-intak
e-agent/[39mnode_modules/[4m@vitest/runner[24m/dist/index.js:1205:15[9
0m)[39m
      at runSuite [90m(file:///C:/Users/DELL/Desktop/a2a-dr.-gemini-intak
e-agent/[39mnode_modules/[4m@vitest/runner[24m/dist/index.js:1205:15[9
0m)[39m,
  retryable: [33mtrue[39m,
  fallbackOptions: [
    {
      id: [32m'retry'[39m,
      label: [32m'Reconnect'[39m,
      description: [32m'Try to reconnect when your connection is 
stable'[39m,
      action: [32m'retry'[39m
    }
  ]
}
Unexpected error: {
  code: [32m'INTERNAL_ERROR'[39m,
  message: [32m'Something went wrong. Please try again later.'[39m,
  context: {
    streamErrorCode: [32m'STREAM_NETWORK_ERROR'[39m,
    retryable: [33mtrue[39m,
    originalMessage: [32m'Database connection failed'[39m,
    operation: [32m'getMeetingRoom'[39m,
    appointmentId: [32m'`"%]O%$cXy"y&%0x` |Tbtrx!>#<V_& L{F '[39m
  },
  stack: [32m'Error: Network connection lost. Please check your internet 
connection.\n'[39m +
    [32m'    at toStreamError (C:\\Users\\DELL\\Desktop\\a2a-dr.-gemini-i
ntake-agent\\src\\server\\services\\stream-error-handler.ts:337:10)\n'[39
m +
    [32m'    at Module.logStreamError (C:\\Users\\DELL\\Desktop\\a2a-dr.-
gemini-intake-agent\\src\\server\\services\\stream-error-handler.ts:352:23
)\n'[39m +
    [32m'    at StreamService.getMeetingRoom (C:\\Users\\DELL\\Desktop\\a
2a-dr.-gemini-intake-agent\\src\\server\\services\\stream.ts:331:7)\n'[39
m +
    [32m'    at processTicksAndRejections 
(node:internal/process/task_queues:103:5)'[39m
}
Unhandled error: StreamError: Network connection lost. Please check your 
internet connection.
    at toStreamError [90m(C:\Users\DELL\Desktop\a2a-dr.-gemini-intake-age
nt\[39msrc\server\services\stream-error-handler.ts:337:10[90m)[39m
    at Module.logStreamError [90m(C:\Users\DELL\Desktop\a2a-dr.-gemini-in
take-agent\[39msrc\server\services\stream-error-handler.ts:352:23[90m)[
39m
    at StreamService.getMeetingRoom [90m(C:\Users\DELL\Desktop\a2a-dr.-ge
mini-intake-agent\[39msrc\server\services\stream.ts:331:7[90m)[39m
[90m    at processTicksAndRejections 
(node:internal/process/task_queues:103:5)[39m {
  code: [32m'STREAM_NETWORK_ERROR'[39m,
  originalError: Error: Database connection failed
      at [90mC:\Users\DELL\Desktop\a2a-dr.-gemini-intake-agent\[39m__tes
ts__\properties\meeting-room-data-consistency.property.test.ts:288:48
      at AsyncProperty.predicate [90m(file:///C:/Users/DELL/Desktop/a2a-d
r.-gemini-intake-agent/[39mnode_modules/[4mfast-check[24m/lib/esm/check
/property/AsyncProperty.js:14:59[90m)[39m
      at AsyncProperty.run [90m(file:///C:/Users/DELL/Desktop/a2a-dr.-gem
ini-intake-agent/[39mnode_modules/[4mfast-check[24m/lib/esm/check/prope
rty/AsyncProperty.generic.js:46:39[90m)[39m
      at asyncRunIt [90m(file:///C:/Users/DELL/Desktop/a2a-dr.-gemini-int
ake-agent/[39mnode_modules/[4mfast-check[24m/lib/esm/check/runner/Runne
r.js:33:36[90m)[39m
  [90m    at processTicksAndRejections 
(node:internal/process/task_queues:103:5)[39m
      at [90mC:\Users\DELL\Desktop\a2a-dr.-gemini-intake-agent\[39m__tes
ts__\properties\meeting-room-data-consistency.property.test.ts:282:5
      at [90mfile:///C:/Users/DELL/Desktop/a2a-dr.-gemini-intake-agent/[
39mnode_modules/[4m@vitest/runner[24m/dist/index.js:533:5
      at runTest [90m(file:///C:/Users/DELL/Desktop/a2a-dr.-gemini-intake
-agent/[39mnode_modules/[4m@vitest/runner[24m/dist/index.js:1056:11[90
m)[39m
      at runSuite [90m(file:///C:/Users/DELL/Desktop/a2a-dr.-gemini-intak
e-agent/[39mnode_modules/[4m@vitest/runner[24m/dist/index.js:1205:15[9
0m)[39m
      at runSuite [90m(file:///C:/Users/DELL/Desktop/a2a-dr.-gemini-intak
e-agent/[39mnode_modules/[4m@vitest/runner[24m/dist/index.js:1205:15[9
0m)[39m,
  retryable: [33mtrue[39m,
  fallbackOptions: [
    {
      id: [32m'retry'[39m,
      label: [32m'Reconnect'[39m,
      description: [32m'Try to reconnect when your connection is 
stable'[39m,
      action: [32m'retry'[39m
    }
  ]
}
Unexpected error: {
  code: [32m'INTERNAL_ERROR'[39m,
  message: [32m'Something went wrong. Please try again later.'[39m,
  context: {
    streamErrorCode: [32m'STREAM_NETWORK_ERROR'[39m,
    retryable: [33mtrue[39m,
    originalMessage: [32m'Database connection failed'[39m,
    operation: [32m'getMeetingRoom'[39m,
    appointmentId: [32m'W|Dz2x~$P"a <D?d*~zY#}Z"||i)O0K&m)o#'[39m
  },
  stack: [32m'Error: Network connection lost. Please check your internet 
connection.\n'[39m +
    [32m'    at toStreamError (C:\\Users\\DELL\\Desktop\\a2a-dr.-gemini-i
ntake-agent\\src\\server\\services\\stream-error-handler.ts:337:10)\n'[39
m +
    [32m'    at Module.logStreamError (C:\\Users\\DELL\\Desktop\\a2a-dr.-
gemini-intake-agent\\src\\server\\services\\stream-error-handler.ts:352:23
)\n'[39m +
    [32m'    at StreamService.getMeetingRoom (C:\\Users\\DELL\\Desktop\\a
2a-dr.-gemini-intake-agent\\src\\server\\services\\stream.ts:331:7)\n'[39
m +
    [32m'    at processTicksAndRejections 
(node:internal/process/task_queues:103:5)'[39m
}
Unhandled error: StreamError: Network connection lost. Please check your 
internet connection.
    at toStreamError [90m(C:\Users\DELL\Desktop\a2a-dr.-gemini-intake-age
nt\[39msrc\server\services\stream-error-handler.ts:337:10[90m)[39m
    at Module.logStreamError [90m(C:\Users\DELL\Desktop\a2a-dr.-gemini-in
take-agent\[39msrc\server\services\stream-error-handler.ts:352:23[90m)[
39m
    at StreamService.getMeetingRoom [90m(C:\Users\DELL\Desktop\a2a-dr.-ge
mini-intake-agent\[39msrc\server\services\stream.ts:331:7[90m)[39m
[90m    at processTicksAndRejections 
(node:internal/process/task_queues:103:5)[39m {
  code: [32m'STREAM_NETWORK_ERROR'[39m,
  originalError: Error: Database connection failed
      at [90mC:\Users\DELL\Desktop\a2a-dr.-gemini-intake-agent\[39m__tes
ts__\properties\meeting-room-data-consistency.property.test.ts:288:48
      at AsyncProperty.predicate [90m(file:///C:/Users/DELL/Desktop/a2a-d
r.-gemini-intake-agent/[39mnode_modules/[4mfast-check[24m/lib/esm/check
/property/AsyncProperty.js:14:59[90m)[39m
      at AsyncProperty.run [90m(file:///C:/Users/DELL/Desktop/a2a-dr.-gem
ini-intake-agent/[39mnode_modules/[4mfast-check[24m/lib/esm/check/prope
rty/AsyncProperty.generic.js:46:39[90m)[39m
      at asyncRunIt [90m(file:///C:/Users/DELL/Desktop/a2a-dr.-gemini-int
ake-agent/[39mnode_modules/[4mfast-check[24m/lib/esm/check/runner/Runne
r.js:33:36[90m)[39m
  [90m    at processTicksAndRejections 
(node:internal/process/task_queues:103:5)[39m
      at [90mC:\Users\DELL\Desktop\a2a-dr.-gemini-intake-agent\[39m__tes
ts__\properties\meeting-room-data-consistency.property.test.ts:282:5
      at [90mfile:///C:/Users/DELL/Desktop/a2a-dr.-gemini-intake-agent/[
39mnode_modules/[4m@vitest/runner[24m/dist/index.js:533:5
      at runTest [90m(file:///C:/Users/DELL/Desktop/a2a-dr.-gemini-intake
-agent/[39mnode_modules/[4m@vitest/runner[24m/dist/index.js:1056:11[90
m)[39m
      at runSuite [90m(file:///C:/Users/DELL/Desktop/a2a-dr.-gemini-intak
e-agent/[39mnode_modules/[4m@vitest/runner[24m/dist/index.js:1205:15[9
0m)[39m
      at runSuite [90m(file:///C:/Users/DELL/Desktop/a2a-dr.-gemini-intak
e-agent/[39mnode_modules/[4m@vitest/runner[24m/dist/index.js:1205:15[9
0m)[39m,
  retryable: [33mtrue[39m,
  fallbackOptions: [
    {
      id: [32m'retry'[39m,
      label: [32m'Reconnect'[39m,
      description: [32m'Try to reconnect when your connection is 
stable'[39m,
      action: [32m'retry'[39m
    }
  ]
}
Unexpected error: {
  code: [32m'INTERNAL_ERROR'[39m,
  message: [32m'Something went wrong. Please try again later.'[39m,
  context: {
    streamErrorCode: [32m'STREAM_NETWORK_ERROR'[39m,
    retryable: [33mtrue[39m,
    originalMessage: [32m'Database connection failed'[39m,
    operation: [32m'getMeetingRoom'[39m,
    appointmentId: [32m'8yjr""&_~"Oz%M&d#jw*$gCma% mAla3$~n^'[39m
  },
  stack: [32m'Error: Network connection lost. Please check your internet 
connection.\n'[39m +
    [32m'    at toStreamError (C:\\Users\\DELL\\Desktop\\a2a-dr.-gemini-i
ntake-agent\\src\\server\\services\\stream-error-handler.ts:337:10)\n'[39
m +
    [32m'    at Module.logStreamError (C:\\Users\\DELL\\Desktop\\a2a-dr.-
gemini-intake-agent\\src\\server\\services\\stream-error-handler.ts:352:23
)\n'[39m +
    [32m'    at StreamService.getMeetingRoom (C:\\Users\\DELL\\Desktop\\a
2a-dr.-gemini-intake-agent\\src\\server\\services\\stream.ts:331:7)\n'[39
m +
    [32m'    at processTicksAndRejections 
(node:internal/process/task_queues:103:5)'[39m
}
Unhandled error: StreamError: Network connection lost. Please check your 
internet connection.
    at toStreamError [90m(C:\Users\DELL\Desktop\a2a-dr.-gemini-intake-age
nt\[39msrc\server\services\stream-error-handler.ts:337:10[90m)[39m
    at Module.logStreamError [90m(C:\Users\DELL\Desktop\a2a-dr.-gemini-in
take-agent\[39msrc\server\services\stream-error-handler.ts:352:23[90m)[
39m
    at StreamService.getMeetingRoom [90m(C:\Users\DELL\Desktop\a2a-dr.-ge
mini-intake-agent\[39msrc\server\services\stream.ts:331:7[90m)[39m
[90m    at processTicksAndRejections 
(node:internal/process/task_queues:103:5)[39m {
  code: [32m'STREAM_NETWORK_ERROR'[39m,
  originalError: Error: Database connection failed
      at [90mC:\Users\DELL\Desktop\a2a-dr.-gemini-intake-agent\[39m__tes
ts__\properties\meeting-room-data-consistency.property.test.ts:288:48
      at AsyncProperty.predicate [90m(file:///C:/Users/DELL/Desktop/a2a-d
r.-gemini-intake-agent/[39mnode_modules/[4mfast-check[24m/lib/esm/check
/property/AsyncProperty.js:14:59[90m)[39m
      at AsyncProperty.run [90m(file:///C:/Users/DELL/Desktop/a2a-dr.-gem
ini-intake-agent/[39mnode_modules/[4mfast-check[24m/lib/esm/check/prope
rty/AsyncProperty.generic.js:46:39[90m)[39m
      at asyncRunIt [90m(file:///C:/Users/DELL/Desktop/a2a-dr.-gemini-int
ake-agent/[39mnode_modules/[4mfast-check[24m/lib/esm/check/runner/Runne
r.js:33:36[90m)[39m
  [90m    at processTicksAndRejections 
(node:internal/process/task_queues:103:5)[39m
      at [90mC:\Users\DELL\Desktop\a2a-dr.-gemini-intake-agent\[39m__tes
ts__\properties\meeting-room-data-consistency.property.test.ts:282:5
      at [90mfile:///C:/Users/DELL/Desktop/a2a-dr.-gemini-intake-agent/[
39mnode_modules/[4m@vitest/runner[24m/dist/index.js:533:5
      at runTest [90m(file:///C:/Users/DELL/Desktop/a2a-dr.-gemini-intake
-agent/[39mnode_modules/[4m@vitest/runner[24m/dist/index.js:1056:11[90
m)[39m
      at runSuite [90m(file:///C:/Users/DELL/Desktop/a2a-dr.-gemini-intak
e-agent/[39mnode_modules/[4m@vitest/runner[24m/dist/index.js:1205:15[9
0m)[39m
      at runSuite [90m(file:///C:/Users/DELL/Desktop/a2a-dr.-gemini-intak
e-agent/[39mnode_modules/[4m@vitest/runner[24m/dist/index.js:1205:15[9
0m)[39m,
  retryable: [33mtrue[39m,
  fallbackOptions: [
    {
      id: [32m'retry'[39m,
      label: [32m'Reconnect'[39m,
      description: [32m'Try to reconnect when your connection is 
stable'[39m,
      action: [32m'retry'[39m
    }
  ]
}
Unexpected error: {
  code: [32m'INTERNAL_ERROR'[39m,
  message: [32m'Something went wrong. Please try again later.'[39m,
  context: {
    streamErrorCode: [32m'STREAM_NETWORK_ERROR'[39m,
    retryable: [33mtrue[39m,
    originalMessage: [32m'Database connection failed'[39m,
    operation: [32m'getMeetingRoom'[39m,
    appointmentId: [32m'b"&1sW*~D/gS{y!Ay!]8%B~5}HFy {3yX%)_'[39m
  },
  stack: [32m'Error: Network connection lost. Please check your internet 
connection.\n'[39m +
    [32m'    at toStreamError (C:\\Users\\DELL\\Desktop\\a2a-dr.-gemini-i
ntake-agent\\src\\server\\services\\stream-error-handler.ts:337:10)\n'[39
m +
    [32m'    at Module.logStreamError (C:\\Users\\DELL\\Desktop\\a2a-dr.-
gemini-intake-agent\\src\\server\\services\\stream-error-handler.ts:352:23
)\n'[39m +
    [32m'    at StreamService.getMeetingRoom (C:\\Users\\DELL\\Desktop\\a
2a-dr.-gemini-intake-agent\\src\\server\\services\\stream.ts:331:7)\n'[39
m +
    [32m'    at processTicksAndRejections 
(node:internal/process/task_queues:103:5)'[39m
}
Unhandled error: StreamError: Network connection lost. Please check your 
internet connection.
    at toStreamError [90m(C:\Users\DELL\Desktop\a2a-dr.-gemini-intake-age
nt\[39msrc\server\services\stream-error-handler.ts:337:10[90m)[39m
    at Module.logStreamError [90m(C:\Users\DELL\Desktop\a2a-dr.-gemini-in
take-agent\[39msrc\server\services\stream-error-handler.ts:352:23[90m)[
39m
    at StreamService.getMeetingRoom [90m(C:\Users\DELL\Desktop\a2a-dr.-ge
mini-intake-agent\[39msrc\server\services\stream.ts:331:7[90m)[39m
[90m    at processTicksAndRejections 
(node:internal/process/task_queues:103:5)[39m {
  code: [32m'STREAM_NETWORK_ERROR'[39m,
  originalError: Error: Database connection failed
      at [90mC:\Users\DELL\Desktop\a2a-dr.-gemini-intake-agent\[39m__tes
ts__\properties\meeting-room-data-consistency.property.test.ts:288:48
      at AsyncProperty.predicate [90m(file:///C:/Users/DELL/Desktop/a2a-d
r.-gemini-intake-agent/[39mnode_modules/[4mfast-check[24m/lib/esm/check
/property/AsyncProperty.js:14:59[90m)[39m
      at AsyncProperty.run [90m(file:///C:/Users/DELL/Desktop/a2a-dr.-gem
ini-intake-agent/[39mnode_modules/[4mfast-check[24m/lib/esm/check/prope
rty/AsyncProperty.generic.js:46:39[90m)[39m
      at asyncRunIt [90m(file:///C:/Users/DELL/Desktop/a2a-dr.-gemini-int
ake-agent/[39mnode_modules/[4mfast-check[24m/lib/esm/check/runner/Runne
r.js:33:36[90m)[39m
  [90m    at processTicksAndRejections 
(node:internal/process/task_queues:103:5)[39m
      at [90mC:\Users\DELL\Desktop\a2a-dr.-gemini-intake-agent\[39m__tes
ts__\properties\meeting-room-data-consistency.property.test.ts:282:5
      at [90mfile:///C:/Users/DELL/Desktop/a2a-dr.-gemini-intake-agent/[
39mnode_modules/[4m@vitest/runner[24m/dist/index.js:533:5
      at runTest [90m(file:///C:/Users/DELL/Desktop/a2a-dr.-gemini-intake
-agent/[39mnode_modules/[4m@vitest/runner[24m/dist/index.js:1056:11[90
m)[39m
      at runSuite [90m(file:///C:/Users/DELL/Desktop/a2a-dr.-gemini-intak
e-agent/[39mnode_modules/[4m@vitest/runner[24m/dist/index.js:1205:15[9
0m)[39m
      at runSuite [90m(file:///C:/Users/DELL/Desktop/a2a-dr.-gemini-intak
e-agent/[39mnode_modules/[4m@vitest/runner[24m/dist/index.js:1205:15[9
0m)[39m,
  retryable: [33mtrue[39m,
  fallbackOptions: [
    {
      id: [32m'retry'[39m,
      label: [32m'Reconnect'[39m,
      description: [32m'Try to reconnect when your connection is 
stable'[39m,
      action: [32m'retry'[39m
    }
  ]
}
Unexpected error: {
  code: [32m'INTERNAL_ERROR'[39m,
  message: [32m'Something went wrong. Please try again later.'[39m,
  context: {
    streamErrorCode: [32m'STREAM_NETWORK_ERROR'[39m,
    retryable: [33mtrue[39m,
    originalMessage: [32m'Database connection failed'[39m,
    operation: [32m'getMeetingRoom'[39m,
    appointmentId: [32m`AZxe_vjy e'H~;zxy""y}{emDBoA1~R8"4M{`[39m
  },
  stack: [32m'Error: Network connection lost. Please check your internet 
connection.\n'[39m +
    [32m'    at toStreamError (C:\\Users\\DELL\\Desktop\\a2a-dr.-gemini-i
ntake-agent\\src\\server\\services\\stream-error-handler.ts:337:10)\n'[39
m +
    [32m'    at Module.logStreamError (C:\\Users\\DELL\\Desktop\\a2a-dr.-
gemini-intake-agent\\src\\server\\services\\stream-error-handler.ts:352:23
)\n'[39m +
    [32m'    at StreamService.getMeetingRoom (C:\\Users\\DELL\\Desktop\\a
2a-dr.-gemini-intake-agent\\src\\server\\services\\stream.ts:331:7)\n'[39
m +
    [32m'    at processTicksAndRejections 
(node:internal/process/task_queues:103:5)'[39m
}
Unhandled error: StreamError: Network connection lost. Please check your 
internet connection.
    at toStreamError [90m(C:\Users\DELL\Desktop\a2a-dr.-gemini-intake-age
nt\[39msrc\server\services\stream-error-handler.ts:337:10[90m)[39m
    at Module.logStreamError [90m(C:\Users\DELL\Desktop\a2a-dr.-gemini-in
take-agent\[39msrc\server\services\stream-error-handler.ts:352:23[90m)[
39m
    at StreamService.getMeetingRoom [90m(C:\Users\DELL\Desktop\a2a-dr.-ge
mini-intake-agent\[39msrc\server\services\stream.ts:331:7[90m)[39m
[90m    at processTicksAndRejections 
(node:internal/process/task_queues:103:5)[39m {
  code: [32m'STREAM_NETWORK_ERROR'[39m,
  originalError: Error: Database connection failed
      at [90mC:\Users\DELL\Desktop\a2a-dr.-gemini-intake-agent\[39m__tes
ts__\properties\meeting-room-data-consistency.property.test.ts:288:48
      at AsyncProperty.predicate [90m(file:///C:/Users/DELL/Desktop/a2a-d
r.-gemini-intake-agent/[39mnode_modules/[4mfast-check[24m/lib/esm/check
/property/AsyncProperty.js:14:59[90m)[39m
      at AsyncProperty.run [90m(file:///C:/Users/DELL/Desktop/a2a-dr.-gem
ini-intake-agent/[39mnode_modules/[4mfast-check[24m/lib/esm/check/prope
rty/AsyncProperty.generic.js:46:39[90m)[39m
      at asyncRunIt [90m(file:///C:/Users/DELL/Desktop/a2a-dr.-gemini-int
ake-agent/[39mnode_modules/[4mfast-check[24m/lib/esm/check/runner/Runne
r.js:33:36[90m)[39m
  [90m    at processTicksAndRejections 
(node:internal/process/task_queues:103:5)[39m
      at [90mC:\Users\DELL\Desktop\a2a-dr.-gemini-intake-agent\[39m__tes
ts__\properties\meeting-room-data-consistency.property.test.ts:282:5
      at [90mfile:///C:/Users/DELL/Desktop/a2a-dr.-gemini-intake-agent/[
39mnode_modules/[4m@vitest/runner[24m/dist/index.js:533:5
      at runTest [90m(file:///C:/Users/DELL/Desktop/a2a-dr.-gemini-intake
-agent/[39mnode_modules/[4m@vitest/runner[24m/dist/index.js:1056:11[90
m)[39m
      at runSuite [90m(file:///C:/Users/DELL/Desktop/a2a-dr.-gemini-intak
e-agent/[39mnode_modules/[4m@vitest/runner[24m/dist/index.js:1205:15[9
0m)[39m
      at runSuite [90m(file:///C:/Users/DELL/Desktop/a2a-dr.-gemini-intak
e-agent/[39mnode_modules/[4m@vitest/runner[24m/dist/index.js:1205:15[9
0m)[39m,
  retryable: [33mtrue[39m,
  fallbackOptions: [
    {
      id: [32m'retry'[39m,
      label: [32m'Reconnect'[39m,
      description: [32m'Try to reconnect when your connection is 
stable'[39m,
      action: [32m'retry'[39m
    }
  ]
}
Unexpected error: {
  code: [32m'INTERNAL_ERROR'[39m,
  message: [32m'Something went wrong. Please try again later.'[39m,
  context: {
    streamErrorCode: [32m'STREAM_NETWORK_ERROR'[39m,
    retryable: [33mtrue[39m,
    originalMessage: [32m'Database connection failed'[39m,
    operation: [32m'getMeetingRoom'[39m,
    appointmentId: [32m`) Ou!jB*Tgedv] ""}$2n >~$EwQ'C i[ c!`[39m
  },
  stack: [32m'Error: Network connection lost. Please check your internet 
connection.\n'[39m +
    [32m'    at toStreamError (C:\\Users\\DELL\\Desktop\\a2a-dr.-gemini-i
ntake-agent\\src\\server\\services\\stream-error-handler.ts:337:10)\n'[39
m +
    [32m'    at Module.logStreamError (C:\\Users\\DELL\\Desktop\\a2a-dr.-
gemini-intake-agent\\src\\server\\services\\stream-error-handler.ts:352:23
)\n'[39m +
    [32m'    at StreamService.getMeetingRoom (C:\\Users\\DELL\\Desktop\\a
2a-dr.-gemini-intake-agent\\src\\server\\services\\stream.ts:331:7)\n'[39
m +
    [32m'    at processTicksAndRejections 
(node:internal/process/task_queues:103:5)'[39m
}
Unhandled error: StreamError: Network connection lost. Please check your 
internet connection.
    at toStreamError [90m(C:\Users\DELL\Desktop\a2a-dr.-gemini-intake-age
nt\[39msrc\server\services\stream-error-handler.ts:337:10[90m)[39m
    at Module.logStreamError [90m(C:\Users\DELL\Desktop\a2a-dr.-gemini-in
take-agent\[39msrc\server\services\stream-error-handler.ts:352:23[90m)[
39m
    at StreamService.getMeetingRoom [90m(C:\Users\DELL\Desktop\a2a-dr.-ge
mini-intake-agent\[39msrc\server\services\stream.ts:331:7[90m)[39m
[90m    at processTicksAndRejections 
(node:internal/process/task_queues:103:5)[39m {
  code: [32m'STREAM_NETWORK_ERROR'[39m,
  originalError: Error: Database connection failed
      at [90mC:\Users\DELL\Desktop\a2a-dr.-gemini-intake-agent\[39m__tes
ts__\properties\meeting-room-data-consistency.property.test.ts:288:48
      at AsyncProperty.predicate [90m(file:///C:/Users/DELL/Desktop/a2a-d
r.-gemini-intake-agent/[39mnode_modules/[4mfast-check[24m/lib/esm/check
/property/AsyncProperty.js:14:59[90m)[39m
      at AsyncProperty.run [90m(file:///C:/Users/DELL/Desktop/a2a-dr.-gem
ini-intake-agent/[39mnode_modules/[4mfast-check[24m/lib/esm/check/prope
rty/AsyncProperty.generic.js:46:39[90m)[39m
      at asyncRunIt [90m(file:///C:/Users/DELL/Desktop/a2a-dr.-gemini-int
ake-agent/[39mnode_modules/[4mfast-check[24m/lib/esm/check/runner/Runne
r.js:33:36[90m)[39m
  [90m    at processTicksAndRejections 
(node:internal/process/task_queues:103:5)[39m
      at [90mC:\Users\DELL\Desktop\a2a-dr.-gemini-intake-agent\[39m__tes
ts__\properties\meeting-room-data-consistency.property.test.ts:282:5
      at [90mfile:///C:/Users/DELL/Desktop/a2a-dr.-gemini-intake-agent/[
39mnode_modules/[4m@vitest/runner[24m/dist/index.js:533:5
      at runTest [90m(file:///C:/Users/DELL/Desktop/a2a-dr.-gemini-intake
-agent/[39mnode_modules/[4m@vitest/runner[24m/dist/index.js:1056:11[90
m)[39m
      at runSuite [90m(file:///C:/Users/DELL/Desktop/a2a-dr.-gemini-intak
e-agent/[39mnode_modules/[4m@vitest/runner[24m/dist/index.js:1205:15[9
0m)[39m
      at runSuite [90m(file:///C:/Users/DELL/Desktop/a2a-dr.-gemini-intak
e-agent/[39mnode_modules/[4m@vitest/runner[24m/dist/index.js:1205:15[9
0m)[39m,
  retryable: [33mtrue[39m,
  fallbackOptions: [
    {
      id: [32m'retry'[39m,
      label: [32m'Reconnect'[39m,
      description: [32m'Try to reconnect when your connection is 
stable'[39m,
      action: [32m'retry'[39m
    }
  ]
}
Unexpected error: {
  code: [32m'INTERNAL_ERROR'[39m,
  message: [32m'Something went wrong. Please try again later.'[39m,
  context: {
    streamErrorCode: [32m'STREAM_NETWORK_ERROR'[39m,
    retryable: [33mtrue[39m,
    originalMessage: [32m'Database connection failed'[39m,
    operation: [32m'getMeetingRoom'[39m,
    appointmentId: [32m'#+;|~z$s{z#{tL-p G}mhw{"0&[8!p Rtx~i'[39m
  },
  stack: [32m'Error: Network connection lost. Please check your internet 
connection.\n'[39m +
    [32m'    at toStreamError (C:\\Users\\DELL\\Desktop\\a2a-dr.-gemini-i
ntake-agent\\src\\server\\services\\stream-error-handler.ts:337:10)\n'[39
m +
    [32m'    at Module.logStreamError (C:\\Users\\DELL\\Desktop\\a2a-dr.-
gemini-intake-agent\\src\\server\\services\\stream-error-handler.ts:352:23
)\n'[39m +
    [32m'    at StreamService.getMeetingRoom (C:\\Users\\DELL\\Desktop\\a
2a-dr.-gemini-intake-agent\\src\\server\\services\\stream.ts:331:7)\n'[39
m +
    [32m'    at processTicksAndRejections 
(node:internal/process/task_queues:103:5)'[39m
}
Unhandled error: StreamError: Network connection lost. Please check your 
internet connection.
    at toStreamError [90m(C:\Users\DELL\Desktop\a2a-dr.-gemini-intake-age
nt\[39msrc\server\services\stream-error-handler.ts:337:10[90m)[39m
    at Module.logStreamError [90m(C:\Users\DELL\Desktop\a2a-dr.-gemini-in
take-agent\[39msrc\server\services\stream-error-handler.ts:352:23[90m)[
39m
    at StreamService.getMeetingRoom [90m(C:\Users\DELL\Desktop\a2a-dr.-ge
mini-intake-agent\[39msrc\server\services\stream.ts:331:7[90m)[39m
[90m    at processTicksAndRejections 
(node:internal/process/task_queues:103:5)[39m {
  code: [32m'STREAM_NETWORK_ERROR'[39m,
  originalError: Error: Database connection failed
      at [90mC:\Users\DELL\Desktop\a2a-dr.-gemini-intake-agent\[39m__tes
ts__\properties\meeting-room-data-consistency.property.test.ts:288:48
      at AsyncProperty.predicate [90m(file:///C:/Users/DELL/Desktop/a2a-d
r.-gemini-intake-agent/[39mnode_modules/[4mfast-check[24m/lib/esm/check
/property/AsyncProperty.js:14:59[90m)[39m
      at AsyncProperty.run [90m(file:///C:/Users/DELL/Desktop/a2a-dr.-gem
ini-intake-agent/[39mnode_modules/[4mfast-check[24m/lib/esm/check/prope
rty/AsyncProperty.generic.js:46:39[90m)[39m
      at asyncRunIt [90m(file:///C:/Users/DELL/Desktop/a2a-dr.-gemini-int
ake-agent/[39mnode_modules/[4mfast-check[24m/lib/esm/check/runner/Runne
r.js:33:36[90m)[39m
  [90m    at processTicksAndRejections 
(node:internal/process/task_queues:103:5)[39m
      at [90mC:\Users\DELL\Desktop\a2a-dr.-gemini-intake-agent\[39m__tes
ts__\properties\meeting-room-data-consistency.property.test.ts:282:5
      at [90mfile:///C:/Users/DELL/Desktop/a2a-dr.-gemini-intake-agent/[
39mnode_modules/[4m@vitest/runner[24m/dist/index.js:533:5
      at runTest [90m(file:///C:/Users/DELL/Desktop/a2a-dr.-gemini-intake
-agent/[39mnode_modules/[4m@vitest/runner[24m/dist/index.js:1056:11[90
m)[39m
      at runSuite [90m(file:///C:/Users/DELL/Desktop/a2a-dr.-gemini-intak
e-agent/[39mnode_modules/[4m@vitest/runner[24m/dist/index.js:1205:15[9
0m)[39m
      at runSuite [90m(file:///C:/Users/DELL/Desktop/a2a-dr.-gemini-intak
e-agent/[39mnode_modules/[4m@vitest/runner[24m/dist/index.js:1205:15[9
0m)[39m,
  retryable: [33mtrue[39m,
  fallbackOptions: [
    {
      id: [32m'retry'[39m,
      label: [32m'Reconnect'[39m,
      description: [32m'Try to reconnect when your connection is 
stable'[39m,
      action: [32m'retry'[39m
    }
  ]
}
Unexpected error: {
  code: [32m'INTERNAL_ERROR'[39m,
  message: [32m'Something went wrong. Please try again later.'[39m,
  context: {
    streamErrorCode: [32m'STREAM_NETWORK_ERROR'[39m,
    retryable: [33mtrue[39m,
    originalMessage: [32m'Database connection failed'[39m,
    operation: [32m'getMeetingRoom'[39m,
    appointmentId: [32m'Ijw&|yz>5~%#7^g&X%%U0L6e#!!dG&y<Rn{-'[39m
  },
  stack: [32m'Error: Network connection lost. Please check your internet 
connection.\n'[39m +
    [32m'    at toStreamError (C:\\Users\\DELL\\Desktop\\a2a-dr.-gemini-i
ntake-agent\\src\\server\\services\\stream-error-handler.ts:337:10)\n'[39
m +
    [32m'    at Module.logStreamError (C:\\Users\\DELL\\Desktop\\a2a-dr.-
gemini-intake-agent\\src\\server\\services\\stream-error-handler.ts:352:23
)\n'[39m +
    [32m'    at StreamService.getMeetingRoom (C:\\Users\\DELL\\Desktop\\a
2a-dr.-gemini-intake-agent\\src\\server\\services\\stream.ts:331:7)\n'[39
m +
    [32m'    at processTicksAndRejections 
(node:internal/process/task_queues:103:5)'[39m
}
Unhandled error: StreamError: Network connection lost. Please check your 
internet connection.
    at toStreamError [90m(C:\Users\DELL\Desktop\a2a-dr.-gemini-intake-age
nt\[39msrc\server\services\stream-error-handler.ts:337:10[90m)[39m
    at Module.logStreamError [90m(C:\Users\DELL\Desktop\a2a-dr.-gemini-in
take-agent\[39msrc\server\services\stream-error-handler.ts:352:23[90m)[
39m
    at StreamService.getMeetingRoom [90m(C:\Users\DELL\Desktop\a2a-dr.-ge
mini-intake-agent\[39msrc\server\services\stream.ts:331:7[90m)[39m
[90m    at processTicksAndRejections 
(node:internal/process/task_queues:103:5)[39m {
  code: [32m'STREAM_NETWORK_ERROR'[39m,
  originalError: Error: Database connection failed
      at [90mC:\Users\DELL\Desktop\a2a-dr.-gemini-intake-agent\[39m__tes
ts__\properties\meeting-room-data-consistency.property.test.ts:288:48
      at AsyncProperty.predicate [90m(file:///C:/Users/DELL/Desktop/a2a-d
r.-gemini-intake-agent/[39mnode_modules/[4mfast-check[24m/lib/esm/check
/property/AsyncProperty.js:14:59[90m)[39m
      at AsyncProperty.run [90m(file:///C:/Users/DELL/Desktop/a2a-dr.-gem
ini-intake-agent/[39mnode_modules/[4mfast-check[24m/lib/esm/check/prope
rty/AsyncProperty.generic.js:46:39[90m)[39m
      at asyncRunIt [90m(file:///C:/Users/DELL/Desktop/a2a-dr.-gemini-int
ake-agent/[39mnode_modules/[4mfast-check[24m/lib/esm/check/runner/Runne
r.js:33:36[90m)[39m
  [90m    at processTicksAndRejections 
(node:internal/process/task_queues:103:5)[39m
      at [90mC:\Users\DELL\Desktop\a2a-dr.-gemini-intake-agent\[39m__tes
ts__\properties\meeting-room-data-consistency.property.test.ts:282:5
      at [90mfile:///C:/Users/DELL/Desktop/a2a-dr.-gemini-intake-agent/[
39mnode_modules/[4m@vitest/runner[24m/dist/index.js:533:5
      at runTest [90m(file:///C:/Users/DELL/Desktop/a2a-dr.-gemini-intake
-agent/[39mnode_modules/[4m@vitest/runner[24m/dist/index.js:1056:11[90
m)[39m
      at runSuite [90m(file:///C:/Users/DELL/Desktop/a2a-dr.-gemini-intak
e-agent/[39mnode_modules/[4m@vitest/runner[24m/dist/index.js:1205:15[9
0m)[39m
      at runSuite [90m(file:///C:/Users/DELL/Desktop/a2a-dr.-gemini-intak
e-agent/[39mnode_modules/[4m@vitest/runner[24m/dist/index.js:1205:15[9
0m)[39m,
  retryable: [33mtrue[39m,
  fallbackOptions: [
    {
      id: [32m'retry'[39m,
      label: [32m'Reconnect'[39m,
      description: [32m'Try to reconnect when your connection is 
stable'[39m,
      action: [32m'retry'[39m
    }
  ]
}
Unexpected error: {
  code: [32m'INTERNAL_ERROR'[39m,
  message: [32m'Something went wrong. Please try again later.'[39m,
  context: {
    streamErrorCode: [32m'STREAM_NETWORK_ERROR'[39m,
    retryable: [33mtrue[39m,
    originalMessage: [32m'Database connection failed'[39m,
    operation: [32m'getMeetingRoom'[39m,
    appointmentId: [32m'q`01!$Q-{-7jt@1%2wDvz%~"z&)=%jz#6|Vm'[39m
  },
  stack: [32m'Error: Network connection lost. Please check your internet 
connection.\n'[39m +
    [32m'    at toStreamError (C:\\Users\\DELL\\Desktop\\a2a-dr.-gemini-i
ntake-agent\\src\\server\\services\\stream-error-handler.ts:337:10)\n'[39
m +
    [32m'    at Module.logStreamError (C:\\Users\\DELL\\Desktop\\a2a-dr.-
gemini-intake-agent\\src\\server\\services\\stream-error-handler.ts:352:23
)\n'[39m +
    [32m'    at StreamService.getMeetingRoom (C:\\Users\\DELL\\Desktop\\a
2a-dr.-gemini-intake-agent\\src\\server\\services\\stream.ts:331:7)\n'[39
m +
    [32m'    at processTicksAndRejections 
(node:internal/process/task_queues:103:5)'[39m
}
Unhandled error: StreamError: Network connection lost. Please check your 
internet connection.
    at toStreamError [90m(C:\Users\DELL\Desktop\a2a-dr.-gemini-intake-age
nt\[39msrc\server\services\stream-error-handler.ts:337:10[90m)[39m
    at Module.logStreamError [90m(C:\Users\DELL\Desktop\a2a-dr.-gemini-in
take-agent\[39msrc\server\services\stream-error-handler.ts:352:23[90m)[
39m
    at StreamService.getMeetingRoom [90m(C:\Users\DELL\Desktop\a2a-dr.-ge
mini-intake-agent\[39msrc\server\services\stream.ts:331:7[90m)[39m
[90m    at processTicksAndRejections 
(node:internal/process/task_queues:103:5)[39m {
  code: [32m'STREAM_NETWORK_ERROR'[39m,
  originalError: Error: Database connection failed
      at [90mC:\Users\DELL\Desktop\a2a-dr.-gemini-intake-agent\[39m__tes
ts__\properties\meeting-room-data-consistency.property.test.ts:288:48
      at AsyncProperty.predicate [90m(file:///C:/Users/DELL/Desktop/a2a-d
r.-gemini-intake-agent/[39mnode_modules/[4mfast-check[24m/lib/esm/check
/property/AsyncProperty.js:14:59[90m)[39m
      at AsyncProperty.run [90m(file:///C:/Users/DELL/Desktop/a2a-dr.-gem
ini-intake-agent/[39mnode_modules/[4mfast-check[24m/lib/esm/check/prope
rty/AsyncProperty.generic.js:46:39[90m)[39m
      at asyncRunIt [90m(file:///C:/Users/DELL/Desktop/a2a-dr.-gemini-int
ake-agent/[39mnode_modules/[4mfast-check[24m/lib/esm/check/runner/Runne
r.js:33:36[90m)[39m
  [90m    at processTicksAndRejections 
(node:internal/process/task_queues:103:5)[39m
      at [90mC:\Users\DELL\Desktop\a2a-dr.-gemini-intake-agent\[39m__tes
ts__\properties\meeting-room-data-consistency.property.test.ts:282:5
      at [90mfile:///C:/Users/DELL/Desktop/a2a-dr.-gemini-intake-agent/[
39mnode_modules/[4m@vitest/runner[24m/dist/index.js:533:5
      at runTest [90m(file:///C:/Users/DELL/Desktop/a2a-dr.-gemini-intake
-agent/[39mnode_modules/[4m@vitest/runner[24m/dist/index.js:1056:11[90
m)[39m
      at runSuite [90m(file:///C:/Users/DELL/Desktop/a2a-dr.-gemini-intak
e-agent/[39mnode_modules/[4m@vitest/runner[24m/dist/index.js:1205:15[9
0m)[39m
      at runSuite [90m(file:///C:/Users/DELL/Desktop/a2a-dr.-gemini-intak
e-agent/[39mnode_modules/[4m@vitest/runner[24m/dist/index.js:1205:15[9
0m)[39m,
  retryable: [33mtrue[39m,
  fallbackOptions: [
    {
      id: [32m'retry'[39m,
      label: [32m'Reconnect'[39m,
      description: [32m'Try to reconnect when your connection is 
stable'[39m,
      action: [32m'retry'[39m
    }
  ]
}
Unexpected error: {
  code: [32m'INTERNAL_ERROR'[39m,
  message: [32m'Something went wrong. Please try again later.'[39m,
  context: {
    streamErrorCode: [32m'STREAM_NETWORK_ERROR'[39m,
    retryable: [33mtrue[39m,
    originalMessage: [32m'Database connection failed'[39m,
    operation: [32m'getMeetingRoom'[39m,
    appointmentId: [32m'\'!}{ /P&"fw*}X{F Pm4#$!}+`ts6e}#0%zB'[39m
  },
  stack: [32m'Error: Network connection lost. Please check your internet 
connection.\n'[39m +
    [32m'    at toStreamError (C:\\Users\\DELL\\Desktop\\a2a-dr.-gemini-i
ntake-agent\\src\\server\\services\\stream-error-handler.ts:337:10)\n'[39
m +
    [32m'    at Module.logStreamError (C:\\Users\\DELL\\Desktop\\a2a-dr.-
gemini-intake-agent\\src\\server\\services\\stream-error-handler.ts:352:23
)\n'[39m +
    [32m'    at StreamService.getMeetingRoom (C:\\Users\\DELL\\Desktop\\a
2a-dr.-gemini-intake-agent\\src\\server\\services\\stream.ts:331:7)\n'[39
m +
    [32m'    at processTicksAndRejections 
(node:internal/process/task_queues:103:5)'[39m
}
Unhandled error: StreamError: Network connection lost. Please check your 
internet connection.
    at toStreamError [90m(C:\Users\DELL\Desktop\a2a-dr.-gemini-intake-age
nt\[39msrc\server\services\stream-error-handler.ts:337:10[90m)[39m
    at Module.logStreamError [90m(C:\Users\DELL\Desktop\a2a-dr.-gemini-in
take-agent\[39msrc\server\services\stream-error-handler.ts:352:23[90m)[
39m
    at StreamService.getMeetingRoom [90m(C:\Users\DELL\Desktop\a2a-dr.-ge
mini-intake-agent\[39msrc\server\services\stream.ts:331:7[90m)[39m
[90m    at processTicksAndRejections 
(node:internal/process/task_queues:103:5)[39m {
  code: [32m'STREAM_NETWORK_ERROR'[39m,
  originalError: Error: Database connection failed
      at [90mC:\Users\DELL\Desktop\a2a-dr.-gemini-intake-agent\[39m__tes
ts__\properties\meeting-room-data-consistency.property.test.ts:288:48
      at AsyncProperty.predicate [90m(file:///C:/Users/DELL/Desktop/a2a-d
r.-gemini-intake-agent/[39mnode_modules/[4mfast-check[24m/lib/esm/check
/property/AsyncProperty.js:14:59[90m)[39m
      at AsyncProperty.run [90m(file:///C:/Users/DELL/Desktop/a2a-dr.-gem
ini-intake-agent/[39mnode_modules/[4mfast-check[24m/lib/esm/check/prope
rty/AsyncProperty.generic.js:46:39[90m)[39m
      at asyncRunIt [90m(file:///C:/Users/DELL/Desktop/a2a-dr.-gemini-int
ake-agent/[39mnode_modules/[4mfast-check[24m/lib/esm/check/runner/Runne
r.js:33:36[90m)[39m
  [90m    at processTicksAndRejections 
(node:internal/process/task_queues:103:5)[39m
      at [90mC:\Users\DELL\Desktop\a2a-dr.-gemini-intake-agent\[39m__tes
ts__\properties\meeting-room-data-consistency.property.test.ts:282:5
      at [90mfile:///C:/Users/DELL/Desktop/a2a-dr.-gemini-intake-agent/[
39mnode_modules/[4m@vitest/runner[24m/dist/index.js:533:5
      at runTest [90m(file:///C:/Users/DELL/Desktop/a2a-dr.-gemini-intake
-agent/[39mnode_modules/[4m@vitest/runner[24m/dist/index.js:1056:11[90
m)[39m
      at runSuite [90m(file:///C:/Users/DELL/Desktop/a2a-dr.-gemini-intak
e-agent/[39mnode_modules/[4m@vitest/runner[24m/dist/index.js:1205:15[9
0m)[39m
      at runSuite [90m(file:///C:/Users/DELL/Desktop/a2a-dr.-gemini-intak
e-agent/[39mnode_modules/[4m@vitest/runner[24m/dist/index.js:1205:15[9
0m)[39m,
  retryable: [33mtrue[39m,
  fallbackOptions: [
    {
      id: [32m'retry'[39m,
      label: [32m'Reconnect'[39m,
      description: [32m'Try to reconnect when your connection is 
stable'[39m,
      action: [32m'retry'[39m
    }
  ]
}
Unexpected error: {
  code: [32m'INTERNAL_ERROR'[39m,
  message: [32m'Something went wrong. Please try again later.'[39m,
  context: {
    streamErrorCode: [32m'STREAM_NETWORK_ERROR'[39m,
    retryable: [33mtrue[39m,
    originalMessage: [32m'Database connection failed'[39m,
    operation: [32m'getMeetingRoom'[39m,
    appointmentId: [32m',zvd`}{"%G!y~s!L{H~,$=fm*CfROs5M?#!k'[39m
  },
  stack: [32m'Error: Network connection lost. Please check your internet 
connection.\n'[39m +
    [32m'    at toStreamError (C:\\Users\\DELL\\Desktop\\a2a-dr.-gemini-i
ntake-agent\\src\\server\\services\\stream-error-handler.ts:337:10)\n'[39
m +
    [32m'    at Module.logStreamError (C:\\Users\\DELL\\Desktop\\a2a-dr.-
gemini-intake-agent\\src\\server\\services\\stream-error-handler.ts:352:23
)\n'[39m +
    [32m'    at StreamService.getMeetingRoom (C:\\Users\\DELL\\Desktop\\a
2a-dr.-gemini-intake-agent\\src\\server\\services\\stream.ts:331:7)\n'[39
m +
    [32m'    at processTicksAndRejections 
(node:internal/process/task_queues:103:5)'[39m
}
Unhandled error: StreamError: Network connection lost. Please check your 
internet connection.
    at toStreamError [90m(C:\Users\DELL\Desktop\a2a-dr.-gemini-intake-age
nt\[39msrc\server\services\stream-error-handler.ts:337:10[90m)[39m
    at Module.logStreamError [90m(C:\Users\DELL\Desktop\a2a-dr.-gemini-in
take-agent\[39msrc\server\services\stream-error-handler.ts:352:23[90m)[
39m
    at StreamService.getMeetingRoom [90m(C:\Users\DELL\Desktop\a2a-dr.-ge
mini-intake-agent\[39msrc\server\services\stream.ts:331:7[90m)[39m
[90m    at processTicksAndRejections 
(node:internal/process/task_queues:103:5)[39m {
  code: [32m'STREAM_NETWORK_ERROR'[39m,
  originalError: Error: Database connection failed
      at [90mC:\Users\DELL\Desktop\a2a-dr.-gemini-intake-agent\[39m__tes
ts__\properties\meeting-room-data-consistency.property.test.ts:288:48
      at AsyncProperty.predicate [90m(file:///C:/Users/DELL/Desktop/a2a-d
r.-gemini-intake-agent/[39mnode_modules/[4mfast-check[24m/lib/esm/check
/property/AsyncProperty.js:14:59[90m)[39m
      at AsyncProperty.run [90m(file:///C:/Users/DELL/Desktop/a2a-dr.-gem
ini-intake-agent/[39mnode_modules/[4mfast-check[24m/lib/esm/check/prope
rty/AsyncProperty.generic.js:46:39[90m)[39m
      at asyncRunIt [90m(file:///C:/Users/DELL/Desktop/a2a-dr.-gemini-int
ake-agent/[39mnode_modules/[4mfast-check[24m/lib/esm/check/runner/Runne
r.js:33:36[90m)[39m
  [90m    at processTicksAndRejections 
(node:internal/process/task_queues:103:5)[39m
      at [90mC:\Users\DELL\Desktop\a2a-dr.-gemini-intake-agent\[39m__tes
ts__\properties\meeting-room-data-consistency.property.test.ts:282:5
      at [90mfile:///C:/Users/DELL/Desktop/a2a-dr.-gemini-intake-agent/[
39mnode_modules/[4m@vitest/runner[24m/dist/index.js:533:5
      at runTest [90m(file:///C:/Users/DELL/Desktop/a2a-dr.-gemini-intake
-agent/[39mnode_modules/[4m@vitest/runner[24m/dist/index.js:1056:11[90
m)[39m
      at runSuite [90m(file:///C:/Users/DELL/Desktop/a2a-dr.-gemini-intak
e-agent/[39mnode_modules/[4m@vitest/runner[24m/dist/index.js:1205:15[9
0m)[39m
      at runSuite [90m(file:///C:/Users/DELL/Desktop/a2a-dr.-gemini-intak
e-agent/[39mnode_modules/[4m@vitest/runner[24m/dist/index.js:1205:15[9
0m)[39m,
  retryable: [33mtrue[39m,
  fallbackOptions: [
    {
      id: [32m'retry'[39m,
      label: [32m'Reconnect'[39m,
      description: [32m'Try to reconnect when your connection is 
stable'[39m,
      action: [32m'retry'[39m
    }
  ]
}
Unexpected error: {
  code: [32m'INTERNAL_ERROR'[39m,
  message: [32m'Something went wrong. Please try again later.'[39m,
  context: {
    streamErrorCode: [32m'STREAM_NETWORK_ERROR'[39m,
    retryable: [33mtrue[39m,
    originalMessage: [32m'Database connection failed'[39m,
    operation: [32m'getMeetingRoom'[39m,
    appointmentId: [32m'V"8%& } 0`1,x,v|4|{]!2%:ZyLVBw"z#$&f'[39m
  },
  stack: [32m'Error: Network connection lost. Please check your internet 
connection.\n'[39m +
    [32m'    at toStreamError (C:\\Users\\DELL\\Desktop\\a2a-dr.-gemini-i
ntake-agent\\src\\server\\services\\stream-error-handler.ts:337:10)\n'[39
m +
    [32m'    at Module.logStreamError (C:\\Users\\DELL\\Desktop\\a2a-dr.-
gemini-intake-agent\\src\\server\\services\\stream-error-handler.ts:352:23
)\n'[39m +
    [32m'    at StreamService.getMeetingRoom (C:\\Users\\DELL\\Desktop\\a
2a-dr.-gemini-intake-agent\\src\\server\\services\\stream.ts:331:7)\n'[39
m +
    [32m'    at processTicksAndRejections 
(node:internal/process/task_queues:103:5)'[39m
}
Unhandled error: StreamError: Network connection lost. Please check your 
internet connection.
    at toStreamError [90m(C:\Users\DELL\Desktop\a2a-dr.-gemini-intake-age
nt\[39msrc\server\services\stream-error-handler.ts:337:10[90m)[39m
    at Module.logStreamError [90m(C:\Users\DELL\Desktop\a2a-dr.-gemini-in
take-agent\[39msrc\server\services\stream-error-handler.ts:352:23[90m)[
39m
    at StreamService.getMeetingRoom [90m(C:\Users\DELL\Desktop\a2a-dr.-ge
mini-intake-agent\[39msrc\server\services\stream.ts:331:7[90m)[39m
[90m    at processTicksAndRejections 
(node:internal/process/task_queues:103:5)[39m {
  code: [32m'STREAM_NETWORK_ERROR'[39m,
  originalError: Error: Database connection failed
      at [90mC:\Users\DELL\Desktop\a2a-dr.-gemini-intake-agent\[39m__tes
ts__\properties\meeting-room-data-consistency.property.test.ts:288:48
      at AsyncProperty.predicate [90m(file:///C:/Users/DELL/Desktop/a2a-d
r.-gemini-intake-agent/[39mnode_modules/[4mfast-check[24m/lib/esm/check
/property/AsyncProperty.js:14:59[90m)[39m
      at AsyncProperty.run [90m(file:///C:/Users/DELL/Desktop/a2a-dr.-gem
ini-intake-agent/[39mnode_modules/[4mfast-check[24m/lib/esm/check/prope
rty/AsyncProperty.generic.js:46:39[90m)[39m
      at asyncRunIt [90m(file:///C:/Users/DELL/Desktop/a2a-dr.-gemini-int
ake-agent/[39mnode_modules/[4mfast-check[24m/lib/esm/check/runner/Runne
r.js:33:36[90m)[39m
  [90m    at processTicksAndRejections 
(node:internal/process/task_queues:103:5)[39m
      at [90mC:\Users\DELL\Desktop\a2a-dr.-gemini-intake-agent\[39m__tes
ts__\properties\meeting-room-data-consistency.property.test.ts:282:5
      at [90mfile:///C:/Users/DELL/Desktop/a2a-dr.-gemini-intake-agent/[
39mnode_modules/[4m@vitest/runner[24m/dist/index.js:533:5
      at runTest [90m(file:///C:/Users/DELL/Desktop/a2a-dr.-gemini-intake
-agent/[39mnode_modules/[4m@vitest/runner[24m/dist/index.js:1056:11[90
m)[39m
      at runSuite [90m(file:///C:/Users/DELL/Desktop/a2a-dr.-gemini-intak
e-agent/[39mnode_modules/[4m@vitest/runner[24m/dist/index.js:1205:15[9
0m)[39m
      at runSuite [90m(file:///C:/Users/DELL/Desktop/a2a-dr.-gemini-intak
e-agent/[39mnode_modules/[4m@vitest/runner[24m/dist/index.js:1205:15[9
0m)[39m,
  retryable: [33mtrue[39m,
  fallbackOptions: [
    {
      id: [32m'retry'[39m,
      label: [32m'Reconnect'[39m,
      description: [32m'Try to reconnect when your connection is 
stable'[39m,
      action: [32m'retry'[39m
    }
  ]
}
Unexpected error: {
  code: [32m'INTERNAL_ERROR'[39m,
  message: [32m'Something went wrong. Please try again later.'[39m,
  context: {
    streamErrorCode: [32m'STREAM_NETWORK_ERROR'[39m,
    retryable: [33mtrue[39m,
    originalMessage: [32m'Database connection failed'[39m,
    operation: [32m'getMeetingRoom'[39m,
    appointmentId: [32m'#/!j91ai;%"y&5+Zd ":L.1L~l\\5d B}%s3w'[39m
  },
  stack: [32m'Error: Network connection lost. Please check your internet 
connection.\n'[39m +
    [32m'    at toStreamError (C:\\Users\\DELL\\Desktop\\a2a-dr.-gemini-i
ntake-agent\\src\\server\\services\\stream-error-handler.ts:337:10)\n'[39
m +
    [32m'    at Module.logStreamError (C:\\Users\\DELL\\Desktop\\a2a-dr.-
gemini-intake-agent\\src\\server\\services\\stream-error-handler.ts:352:23
)\n'[39m +
    [32m'    at StreamService.getMeetingRoom (C:\\Users\\DELL\\Desktop\\a
2a-dr.-gemini-intake-agent\\src\\server\\services\\stream.ts:331:7)\n'[39
m +
    [32m'    at processTicksAndRejections 
(node:internal/process/task_queues:103:5)'[39m
}
Unhandled error: StreamError: Network connection lost. Please check your 
internet connection.
    at toStreamError [90m(C:\Users\DELL\Desktop\a2a-dr.-gemini-intake-age
nt\[39msrc\server\services\stream-error-handler.ts:337:10[90m)[39m
    at Module.logStreamError [90m(C:\Users\DELL\Desktop\a2a-dr.-gemini-in
take-agent\[39msrc\server\services\stream-error-handler.ts:352:23[90m)[
39m
    at StreamService.getMeetingRoom [90m(C:\Users\DELL\Desktop\a2a-dr.-ge
mini-intake-agent\[39msrc\server\services\stream.ts:331:7[90m)[39m
[90m    at processTicksAndRejections 
(node:internal/process/task_queues:103:5)[39m {
  code: [32m'STREAM_NETWORK_ERROR'[39m,
  originalError: Error: Database connection failed
      at [90mC:\Users\DELL\Desktop\a2a-dr.-gemini-intake-agent\[39m__tes
ts__\properties\meeting-room-data-consistency.property.test.ts:288:48
      at AsyncProperty.predicate [90m(file:///C:/Users/DELL/Desktop/a2a-d
r.-gemini-intake-agent/[39mnode_modules/[4mfast-check[24m/lib/esm/check
/property/AsyncProperty.js:14:59[90m)[39m
      at AsyncProperty.run [90m(file:///C:/Users/DELL/Desktop/a2a-dr.-gem
ini-intake-agent/[39mnode_modules/[4mfast-check[24m/lib/esm/check/prope
rty/AsyncProperty.generic.js:46:39[90m)[39m
      at asyncRunIt [90m(file:///C:/Users/DELL/Desktop/a2a-dr.-gemini-int
ake-agent/[39mnode_modules/[4mfast-check[24m/lib/esm/check/runner/Runne
r.js:33:36[90m)[39m
  [90m    at processTicksAndRejections 
(node:internal/process/task_queues:103:5)[39m
      at [90mC:\Users\DELL\Desktop\a2a-dr.-gemini-intake-agent\[39m__tes
ts__\properties\meeting-room-data-consistency.property.test.ts:282:5
      at [90mfile:///C:/Users/DELL/Desktop/a2a-dr.-gemini-intake-agent/[
39mnode_modules/[4m@vitest/runner[24m/dist/index.js:533:5
      at runTest [90m(file:///C:/Users/DELL/Desktop/a2a-dr.-gemini-intake
-agent/[39mnode_modules/[4m@vitest/runner[24m/dist/index.js:1056:11[90
m)[39m
      at runSuite [90m(file:///C:/Users/DELL/Desktop/a2a-dr.-gemini-intak
e-agent/[39mnode_modules/[4m@vitest/runner[24m/dist/index.js:1205:15[9
0m)[39m
      at runSuite [90m(file:///C:/Users/DELL/Desktop/a2a-dr.-gemini-intak
e-agent/[39mnode_modules/[4m@vitest/runner[24m/dist/index.js:1205:15[9
0m)[39m,
  retryable: [33mtrue[39m,
  fallbackOptions: [
    {
      id: [32m'retry'[39m,
      label: [32m'Reconnect'[39m,
      description: [32m'Try to reconnect when your connection is 
stable'[39m,
      action: [32m'retry'[39m
    }
  ]
}
Unexpected error: {
  code: [32m'INTERNAL_ERROR'[39m,
  message: [32m'Something went wrong. Please try again later.'[39m,
  context: {
    streamErrorCode: [32m'STREAM_NETWORK_ERROR'[39m,
    retryable: [33mtrue[39m,
    originalMessage: [32m'Database connection failed'[39m,
    operation: [32m'getMeetingRoom'[39m,
    appointmentId: [32m`M)"{S vV3o&"-v!h%"#'!*{!J.-+'"!Q#>-V`[39m
  },
  stack: [32m'Error: Network connection lost. Please check your internet 
connection.\n'[39m +
    [32m'    at toStreamError (C:\\Users\\DELL\\Desktop\\a2a-dr.-gemini-i
ntake-agent\\src\\server\\services\\stream-error-handler.ts:337:10)\n'[39
m +
    [32m'    at Module.logStreamError (C:\\Users\\DELL\\Desktop\\a2a-dr.-
gemini-intake-agent\\src\\server\\services\\stream-error-handler.ts:352:23
)\n'[39m +
    [32m'    at StreamService.getMeetingRoom (C:\\Users\\DELL\\Desktop\\a
2a-dr.-gemini-intake-agent\\src\\server\\services\\stream.ts:331:7)\n'[39
m +
    [32m'    at processTicksAndRejections 
(node:internal/process/task_queues:103:5)'[39m
}
Unhandled error: StreamError: Network connection lost. Please check your 
internet connection.
    at toStreamError [90m(C:\Users\DELL\Desktop\a2a-dr.-gemini-intake-age
nt\[39msrc\server\services\stream-error-handler.ts:337:10[90m)[39m
    at Module.logStreamError [90m(C:\Users\DELL\Desktop\a2a-dr.-gemini-in
take-agent\[39msrc\server\services\stream-error-handler.ts:352:23[90m)[
39m
    at StreamService.getMeetingRoom [90m(C:\Users\DELL\Desktop\a2a-dr.-ge
mini-intake-agent\[39msrc\server\services\stream.ts:331:7[90m)[39m
[90m    at processTicksAndRejections 
(node:internal/process/task_queues:103:5)[39m {
  code: [32m'STREAM_NETWORK_ERROR'[39m,
  originalError: Error: Database connection failed
      at [90mC:\Users\DELL\Desktop\a2a-dr.-gemini-intake-agent\[39m__tes
ts__\properties\meeting-room-data-consistency.property.test.ts:288:48
      at AsyncProperty.predicate [90m(file:///C:/Users/DELL/Desktop/a2a-d
r.-gemini-intake-agent/[39mnode_modules/[4mfast-check[24m/lib/esm/check
/property/AsyncProperty.js:14:59[90m)[39m
      at AsyncProperty.run [90m(file:///C:/Users/DELL/Desktop/a2a-dr.-gem
ini-intake-agent/[39mnode_modules/[4mfast-check[24m/lib/esm/check/prope
rty/AsyncProperty.generic.js:46:39[90m)[39m
      at asyncRunIt [90m(file:///C:/Users/DELL/Desktop/a2a-dr.-gemini-int
ake-agent/[39mnode_modules/[4mfast-check[24m/lib/esm/check/runner/Runne
r.js:33:36[90m)[39m
  [90m    at processTicksAndRejections 
(node:internal/process/task_queues:103:5)[39m
      at [90mC:\Users\DELL\Desktop\a2a-dr.-gemini-intake-agent\[39m__tes
ts__\properties\meeting-room-data-consistency.property.test.ts:282:5
      at [90mfile:///C:/Users/DELL/Desktop/a2a-dr.-gemini-intake-agent/[
39mnode_modules/[4m@vitest/runner[24m/dist/index.js:533:5
      at runTest [90m(file:///C:/Users/DELL/Desktop/a2a-dr.-gemini-intake
-agent/[39mnode_modules/[4m@vitest/runner[24m/dist/index.js:1056:11[90
m)[39m
      at runSuite [90m(file:///C:/Users/DELL/Desktop/a2a-dr.-gemini-intak
e-agent/[39mnode_modules/[4m@vitest/runner[24m/dist/index.js:1205:15[9
0m)[39m
      at runSuite [90m(file:///C:/Users/DELL/Desktop/a2a-dr.-gemini-intak
e-agent/[39mnode_modules/[4m@vitest/runner[24m/dist/index.js:1205:15[9
0m)[39m,
  retryable: [33mtrue[39m,
  fallbackOptions: [
    {
      id: [32m'retry'[39m,
      label: [32m'Reconnect'[39m,
      description: [32m'Try to reconnect when your connection is 
stable'[39m,
      action: [32m'retry'[39m
    }
  ]
}
Unexpected error: {
  code: [32m'INTERNAL_ERROR'[39m,
  message: [32m'Something went wrong. Please try again later.'[39m,
  context: {
    streamErrorCode: [32m'STREAM_NETWORK_ERROR'[39m,
    retryable: [33mtrue[39m,
    originalMessage: [32m'Database connection failed'[39m,
    operation: [32m'getMeetingRoom'[39m,
    appointmentId: [32m'k|%4A!E!%$#"v7#$wr}$grKy{#~Y[# <n*dA'[39m
  },
  stack: [32m'Error: Network connection lost. Please check your internet 
connection.\n'[39m +
    [32m'    at toStreamError (C:\\Users\\DELL\\Desktop\\a2a-dr.-gemini-i
ntake-agent\\src\\server\\services\\stream-error-handler.ts:337:10)\n'[39
m +
    [32m'    at Module.logStreamError (C:\\Users\\DELL\\Desktop\\a2a-dr.-
gemini-intake-agent\\src\\server\\services\\stream-error-handler.ts:352:23
)\n'[39m +
    [32m'    at StreamService.getMeetingRoom (C:\\Users\\DELL\\Desktop\\a
2a-dr.-gemini-intake-agent\\src\\server\\services\\stream.ts:331:7)\n'[39
m +
    [32m'    at processTicksAndRejections 
(node:internal/process/task_queues:103:5)'[39m
}
Unhandled error: StreamError: Network connection lost. Please check your 
internet connection.
    at toStreamError [90m(C:\Users\DELL\Desktop\a2a-dr.-gemini-intake-age
nt\[39msrc\server\services\stream-error-handler.ts:337:10[90m)[39m
    at Module.logStreamError [90m(C:\Users\DELL\Desktop\a2a-dr.-gemini-in
take-agent\[39msrc\server\services\stream-error-handler.ts:352:23[90m)[
39m
    at StreamService.getMeetingRoom [90m(C:\Users\DELL\Desktop\a2a-dr.-ge
mini-intake-agent\[39msrc\server\services\stream.ts:331:7[90m)[39m
[90m    at processTicksAndRejections 
(node:internal/process/task_queues:103:5)[39m {
  code: [32m'STREAM_NETWORK_ERROR'[39m,
  originalError: Error: Database connection failed
      at [90mC:\Users\DELL\Desktop\a2a-dr.-gemini-intake-agent\[39m__tes
ts__\properties\meeting-room-data-consistency.property.test.ts:288:48
      at AsyncProperty.predicate [90m(file:///C:/Users/DELL/Desktop/a2a-d
r.-gemini-intake-agent/[39mnode_modules/[4mfast-check[24m/lib/esm/check
/property/AsyncProperty.js:14:59[90m)[39m
      at AsyncProperty.run [90m(file:///C:/Users/DELL/Desktop/a2a-dr.-gem
ini-intake-agent/[39mnode_modules/[4mfast-check[24m/lib/esm/check/prope
rty/AsyncProperty.generic.js:46:39[90m)[39m
      at asyncRunIt [90m(file:///C:/Users/DELL/Desktop/a2a-dr.-gemini-int
ake-agent/[39mnode_modules/[4mfast-check[24m/lib/esm/check/runner/Runne
r.js:33:36[90m)[39m
  [90m    at processTicksAndRejections 
(node:internal/process/task_queues:103:5)[39m
      at [90mC:\Users\DELL\Desktop\a2a-dr.-gemini-intake-agent\[39m__tes
ts__\properties\meeting-room-data-consistency.property.test.ts:282:5
      at [90mfile:///C:/Users/DELL/Desktop/a2a-dr.-gemini-intake-agent/[
39mnode_modules/[4m@vitest/runner[24m/dist/index.js:533:5
      at runTest [90m(file:///C:/Users/DELL/Desktop/a2a-dr.-gemini-intake
-agent/[39mnode_modules/[4m@vitest/runner[24m/dist/index.js:1056:11[90
m)[39m
      at runSuite [90m(file:///C:/Users/DELL/Desktop/a2a-dr.-gemini-intak
e-agent/[39mnode_modules/[4m@vitest/runner[24m/dist/index.js:1205:15[9
0m)[39m
      at runSuite [90m(file:///C:/Users/DELL/Desktop/a2a-dr.-gemini-intak
e-agent/[39mnode_modules/[4m@vitest/runner[24m/dist/index.js:1205:15[9
0m)[39m,
  retryable: [33mtrue[39m,
  fallbackOptions: [
    {
      id: [32m'retry'[39m,
      label: [32m'Reconnect'[39m,
      description: [32m'Try to reconnect when your connection is 
stable'[39m,
      action: [32m'retry'[39m
    }
  ]
}
Unexpected error: {
  code: [32m'INTERNAL_ERROR'[39m,
  message: [32m'Something went wrong. Please try again later.'[39m,
  context: {
    streamErrorCode: [32m'STREAM_NETWORK_ERROR'[39m,
    retryable: [33mtrue[39m,
    originalMessage: [32m'Database connection failed'[39m,
    operation: [32m'getMeetingRoom'[39m,
    appointmentId: [32m"Wyf{t0@|}a#z $$ ';+w~/#HggpO%;<%waMV"[39m
  },
  stack: [32m'Error: Network connection lost. Please check your internet 
connection.\n'[39m +
    [32m'    at toStreamError (C:\\Users\\DELL\\Desktop\\a2a-dr.-gemini-i
ntake-agent\\src\\server\\services\\stream-error-handler.ts:337:10)\n'[39
m +
    [32m'    at Module.logStreamError (C:\\Users\\DELL\\Desktop\\a2a-dr.-
gemini-intake-agent\\src\\server\\services\\stream-error-handler.ts:352:23
)\n'[39m +
    [32m'    at StreamService.getMeetingRoom (C:\\Users\\DELL\\Desktop\\a
2a-dr.-gemini-intake-agent\\src\\server\\services\\stream.ts:331:7)\n'[39
m +
    [32m'    at processTicksAndRejections 
(node:internal/process/task_queues:103:5)'[39m
}
Unhandled error: StreamError: Network connection lost. Please check your 
internet connection.
    at toStreamError [90m(C:\Users\DELL\Desktop\a2a-dr.-gemini-intake-age
nt\[39msrc\server\services\stream-error-handler.ts:337:10[90m)[39m
    at Module.logStreamError [90m(C:\Users\DELL\Desktop\a2a-dr.-gemini-in
take-agent\[39msrc\server\services\stream-error-handler.ts:352:23[90m)[
39m
    at StreamService.getMeetingRoom [90m(C:\Users\DELL\Desktop\a2a-dr.-ge
mini-intake-agent\[39msrc\server\services\stream.ts:331:7[90m)[39m
[90m    at processTicksAndRejections 
(node:internal/process/task_queues:103:5)[39m {
  code: [32m'STREAM_NETWORK_ERROR'[39m,
  originalError: Error: Database connection failed
      at [90mC:\Users\DELL\Desktop\a2a-dr.-gemini-intake-agent\[39m__tes
ts__\properties\meeting-room-data-consistency.property.test.ts:288:48
      at AsyncProperty.predicate [90m(file:///C:/Users/DELL/Desktop/a2a-d
r.-gemini-intake-agent/[39mnode_modules/[4mfast-check[24m/lib/esm/check
/property/AsyncProperty.js:14:59[90m)[39m
      at AsyncProperty.run [90m(file:///C:/Users/DELL/Desktop/a2a-dr.-gem
ini-intake-agent/[39mnode_modules/[4mfast-check[24m/lib/esm/check/prope
rty/AsyncProperty.generic.js:46:39[90m)[39m
      at asyncRunIt [90m(file:///C:/Users/DELL/Desktop/a2a-dr.-gemini-int
ake-agent/[39mnode_modules/[4mfast-check[24m/lib/esm/check/runner/Runne
r.js:33:36[90m)[39m
  [90m    at processTicksAndRejections 
(node:internal/process/task_queues:103:5)[39m
      at [90mC:\Users\DELL\Desktop\a2a-dr.-gemini-intake-agent\[39m__tes
ts__\properties\meeting-room-data-consistency.property.test.ts:282:5
      at [90mfile:///C:/Users/DELL/Desktop/a2a-dr.-gemini-intake-agent/[
39mnode_modules/[4m@vitest/runner[24m/dist/index.js:533:5
      at runTest [90m(file:///C:/Users/DELL/Desktop/a2a-dr.-gemini-intake
-agent/[39mnode_modules/[4m@vitest/runner[24m/dist/index.js:1056:11[90
m)[39m
      at runSuite [90m(file:///C:/Users/DELL/Desktop/a2a-dr.-gemini-intak
e-agent/[39mnode_modules/[4m@vitest/runner[24m/dist/index.js:1205:15[9
0m)[39m
      at runSuite [90m(file:///C:/Users/DELL/Desktop/a2a-dr.-gemini-intak
e-agent/[39mnode_modules/[4m@vitest/runner[24m/dist/index.js:1205:15[9
0m)[39m,
  retryable: [33mtrue[39m,
  fallbackOptions: [
    {
      id: [32m'retry'[39m,
      label: [32m'Reconnect'[39m,
      description: [32m'Try to reconnect when your connection is 
stable'[39m,
      action: [32m'retry'[39m
    }
  ]
}
Unexpected error: {
  code: [32m'INTERNAL_ERROR'[39m,
  message: [32m'Something went wrong. Please try again later.'[39m,
  context: {
    streamErrorCode: [32m'STREAM_NETWORK_ERROR'[39m,
    retryable: [33mtrue[39m,
    originalMessage: [32m'Database connection failed'[39m,
    operation: [32m'getMeetingRoom'[39m,
    appointmentId: [32m'?P/1@#vdz$_yRBBKm=~Kv=z$F!|$u=# +w(k'[39m
  },
  stack: [32m'Error: Network connection lost. Please check your internet 
connection.\n'[39m +
    [32m'    at toStreamError (C:\\Users\\DELL\\Desktop\\a2a-dr.-gemini-i
ntake-agent\\src\\server\\services\\stream-error-handler.ts:337:10)\n'[39
m +
    [32m'    at Module.logStreamError (C:\\Users\\DELL\\Desktop\\a2a-dr.-
gemini-intake-agent\\src\\server\\services\\stream-error-handler.ts:352:23
)\n'[39m +
    [32m'    at StreamService.getMeetingRoom (C:\\Users\\DELL\\Desktop\\a
2a-dr.-gemini-intake-agent\\src\\server\\services\\stream.ts:331:7)\n'[39
m +
    [32m'    at processTicksAndRejections 
(node:internal/process/task_queues:103:5)'[39m
}
Unhandled error: StreamError: Network connection lost. Please check your 
internet connection.
    at toStreamError [90m(C:\Users\DELL\Desktop\a2a-dr.-gemini-intake-age
nt\[39msrc\server\services\stream-error-handler.ts:337:10[90m)[39m
    at Module.logStreamError [90m(C:\Users\DELL\Desktop\a2a-dr.-gemini-in
take-agent\[39msrc\server\services\stream-error-handler.ts:352:23[90m)[
39m
    at StreamService.getMeetingRoom [90m(C:\Users\DELL\Desktop\a2a-dr.-ge
mini-intake-agent\[39msrc\server\services\stream.ts:331:7[90m)[39m
[90m    at processTicksAndRejections 
(node:internal/process/task_queues:103:5)[39m {
  code: [32m'STREAM_NETWORK_ERROR'[39m,
  originalError: Error: Database connection failed
      at [90mC:\Users\DELL\Desktop\a2a-dr.-gemini-intake-agent\[39m__tes
ts__\properties\meeting-room-data-consistency.property.test.ts:288:48
      at AsyncProperty.predicate [90m(file:///C:/Users/DELL/Desktop/a2a-d
r.-gemini-intake-agent/[39mnode_modules/[4mfast-check[24m/lib/esm/check
/property/AsyncProperty.js:14:59[90m)[39m
      at AsyncProperty.run [90m(file:///C:/Users/DELL/Desktop/a2a-dr.-gem
ini-intake-agent/[39mnode_modules/[4mfast-check[24m/lib/esm/check/prope
rty/AsyncProperty.generic.js:46:39[90m)[39m
      at asyncRunIt [90m(file:///C:/Users/DELL/Desktop/a2a-dr.-gemini-int
ake-agent/[39mnode_modules/[4mfast-check[24m/lib/esm/check/runner/Runne
r.js:33:36[90m)[39m
  [90m    at processTicksAndRejections 
(node:internal/process/task_queues:103:5)[39m
      at [90mC:\Users\DELL\Desktop\a2a-dr.-gemini-intake-agent\[39m__tes
ts__\properties\meeting-room-data-consistency.property.test.ts:282:5
      at [90mfile:///C:/Users/DELL/Desktop/a2a-dr.-gemini-intake-agent/[
39mnode_modules/[4m@vitest/runner[24m/dist/index.js:533:5
      at runTest [90m(file:///C:/Users/DELL/Desktop/a2a-dr.-gemini-intake
-agent/[39mnode_modules/[4m@vitest/runner[24m/dist/index.js:1056:11[90
m)[39m
      at runSuite [90m(file:///C:/Users/DELL/Desktop/a2a-dr.-gemini-intak
e-agent/[39mnode_modules/[4m@vitest/runner[24m/dist/index.js:1205:15[9
0m)[39m
      at runSuite [90m(file:///C:/Users/DELL/Desktop/a2a-dr.-gemini-intak
e-agent/[39mnode_modules/[4m@vitest/runner[24m/dist/index.js:1205:15[9
0m)[39m,
  retryable: [33mtrue[39m,
  fallbackOptions: [
    {
      id: [32m'retry'[39m,
      label: [32m'Reconnect'[39m,
      description: [32m'Try to reconnect when your connection is 
stable'[39m,
      action: [32m'retry'[39m
    }
  ]
}
Unexpected error: {
  code: [32m'INTERNAL_ERROR'[39m,
  message: [32m'Something went wrong. Please try again later.'[39m,
  context: {
    streamErrorCode: [32m'STREAM_NETWORK_ERROR'[39m,
    retryable: [33mtrue[39m,
    originalMessage: [32m'Database connection failed'[39m,
    operation: [32m'getMeetingRoom'[39m,
    appointmentId: [32m'}n?/%9oVS*LoR&\\&2%b~C;0/~,l|$M"LesZ7'[39m
  },
  stack: [32m'Error: Network connection lost. Please check your internet 
connection.\n'[39m +
    [32m'    at toStreamError (C:\\Users\\DELL\\Desktop\\a2a-dr.-gemini-i
ntake-agent\\src\\server\\services\\stream-error-handler.ts:337:10)\n'[39
m +
    [32m'    at Module.logStreamError (C:\\Users\\DELL\\Desktop\\a2a-dr.-
gemini-intake-agent\\src\\server\\services\\stream-error-handler.ts:352:23
)\n'[39m +
    [32m'    at StreamService.getMeetingRoom (C:\\Users\\DELL\\Desktop\\a
2a-dr.-gemini-intake-agent\\src\\server\\services\\stream.ts:331:7)\n'[39
m +
    [32m'    at processTicksAndRejections 
(node:internal/process/task_queues:103:5)'[39m
}
Unhandled error: StreamError: Network connection lost. Please check your 
internet connection.
    at toStreamError [90m(C:\Users\DELL\Desktop\a2a-dr.-gemini-intake-age
nt\[39msrc\server\services\stream-error-handler.ts:337:10[90m)[39m
    at Module.logStreamError [90m(C:\Users\DELL\Desktop\a2a-dr.-gemini-in
take-agent\[39msrc\server\services\stream-error-handler.ts:352:23[90m)[
39m
    at StreamService.getMeetingRoom [90m(C:\Users\DELL\Desktop\a2a-dr.-ge
mini-intake-agent\[39msrc\server\services\stream.ts:331:7[90m)[39m
[90m    at processTicksAndRejections 
(node:internal/process/task_queues:103:5)[39m {
  code: [32m'STREAM_NETWORK_ERROR'[39m,
  originalError: Error: Database connection failed
      at [90mC:\Users\DELL\Desktop\a2a-dr.-gemini-intake-agent\[39m__tes
ts__\properties\meeting-room-data-consistency.property.test.ts:288:48
      at AsyncProperty.predicate [90m(file:///C:/Users/DELL/Desktop/a2a-d
r.-gemini-intake-agent/[39mnode_modules/[4mfast-check[24m/lib/esm/check
/property/AsyncProperty.js:14:59[90m)[39m
      at AsyncProperty.run [90m(file:///C:/Users/DELL/Desktop/a2a-dr.-gem
ini-intake-agent/[39mnode_modules/[4mfast-check[24m/lib/esm/check/prope
rty/AsyncProperty.generic.js:46:39[90m)[39m
      at asyncRunIt [90m(file:///C:/Users/DELL/Desktop/a2a-dr.-gemini-int
ake-agent/[39mnode_modules/[4mfast-check[24m/lib/esm/check/runner/Runne
r.js:33:36[90m)[39m
  [90m    at processTicksAndRejections 
(node:internal/process/task_queues:103:5)[39m
      at [90mC:\Users\DELL\Desktop\a2a-dr.-gemini-intake-agent\[39m__tes
ts__\properties\meeting-room-data-consistency.property.test.ts:282:5
      at [90mfile:///C:/Users/DELL/Desktop/a2a-dr.-gemini-intake-agent/[
39mnode_modules/[4m@vitest/runner[24m/dist/index.js:533:5
      at runTest [90m(file:///C:/Users/DELL/Desktop/a2a-dr.-gemini-intake
-agent/[39mnode_modules/[4m@vitest/runner[24m/dist/index.js:1056:11[90
m)[39m
      at runSuite [90m(file:///C:/Users/DELL/Desktop/a2a-dr.-gemini-intak
e-agent/[39mnode_modules/[4m@vitest/runner[24m/dist/index.js:1205:15[9
0m)[39m
      at runSuite [90m(file:///C:/Users/DELL/Desktop/a2a-dr.-gemini-intak
e-agent/[39mnode_modules/[4m@vitest/runner[24m/dist/index.js:1205:15[9
0m)[39m,
  retryable: [33mtrue[39m,
  fallbackOptions: [
    {
      id: [32m'retry'[39m,
      label: [32m'Reconnect'[39m,
      description: [32m'Try to reconnect when your connection is 
stable'[39m,
      action: [32m'retry'[39m
    }
  ]
}
Unexpected error: {
  code: [32m'INTERNAL_ERROR'[39m,
  message: [32m'Something went wrong. Please try again later.'[39m,
  context: {
    streamErrorCode: [32m'STREAM_NETWORK_ERROR'[39m,
    retryable: [33mtrue[39m,
    originalMessage: [32m'Database connection failed'[39m,
    operation: [32m'getMeetingRoom'[39m,
    appointmentId: [32m'#}$6~q5&x=$x{zw$;>Gm+m"=-D 3$c-~5kyD'[39m
  },
  stack: [32m'Error: Network connection lost. Please check your internet 
connection.\n'[39m +
    [32m'    at toStreamError (C:\\Users\\DELL\\Desktop\\a2a-dr.-gemini-i
ntake-agent\\src\\server\\services\\stream-error-handler.ts:337:10)\n'[39
m +
    [32m'    at Module.logStreamError (C:\\Users\\DELL\\Desktop\\a2a-dr.-
gemini-intake-agent\\src\\server\\services\\stream-error-handler.ts:352:23
)\n'[39m +
    [32m'    at StreamService.getMeetingRoom (C:\\Users\\DELL\\Desktop\\a
2a-dr.-gemini-intake-agent\\src\\server\\services\\stream.ts:331:7)\n'[39
m +
    [32m'    at processTicksAndRejections 
(node:internal/process/task_queues:103:5)'[39m
}
Unhandled error: StreamError: Network connection lost. Please check your 
internet connection.
    at toStreamError [90m(C:\Users\DELL\Desktop\a2a-dr.-gemini-intake-age
nt\[39msrc\server\services\stream-error-handler.ts:337:10[90m)[39m
    at Module.logStreamError [90m(C:\Users\DELL\Desktop\a2a-dr.-gemini-in
take-agent\[39msrc\server\services\stream-error-handler.ts:352:23[90m)[
39m
    at StreamService.getMeetingRoom [90m(C:\Users\DELL\Desktop\a2a-dr.-ge
mini-intake-agent\[39msrc\server\services\stream.ts:331:7[90m)[39m
[90m    at processTicksAndRejections 
(node:internal/process/task_queues:103:5)[39m {
  code: [32m'STREAM_NETWORK_ERROR'[39m,
  originalError: Error: Database connection failed
      at [90mC:\Users\DELL\Desktop\a2a-dr.-gemini-intake-agent\[39m__tes
ts__\properties\meeting-room-data-consistency.property.test.ts:288:48
      at AsyncProperty.predicate [90m(file:///C:/Users/DELL/Desktop/a2a-d
r.-gemini-intake-agent/[39mnode_modules/[4mfast-check[24m/lib/esm/check
/property/AsyncProperty.js:14:59[90m)[39m
      at AsyncProperty.run [90m(file:///C:/Users/DELL/Desktop/a2a-dr.-gem
ini-intake-agent/[39mnode_modules/[4mfast-check[24m/lib/esm/check/prope
rty/AsyncProperty.generic.js:46:39[90m)[39m
      at asyncRunIt [90m(file:///C:/Users/DELL/Desktop/a2a-dr.-gemini-int
ake-agent/[39mnode_modules/[4mfast-check[24m/lib/esm/check/runner/Runne
r.js:33:36[90m)[39m
  [90m    at processTicksAndRejections 
(node:internal/process/task_queues:103:5)[39m
      at [90mC:\Users\DELL\Desktop\a2a-dr.-gemini-intake-agent\[39m__tes
ts__\properties\meeting-room-data-consistency.property.test.ts:282:5
      at [90mfile:///C:/Users/DELL/Desktop/a2a-dr.-gemini-intake-agent/[
39mnode_modules/[4m@vitest/runner[24m/dist/index.js:533:5
      at runTest [90m(file:///C:/Users/DELL/Desktop/a2a-dr.-gemini-intake
-agent/[39mnode_modules/[4m@vitest/runner[24m/dist/index.js:1056:11[90
m)[39m
      at runSuite [90m(file:///C:/Users/DELL/Desktop/a2a-dr.-gemini-intak
e-agent/[39mnode_modules/[4m@vitest/runner[24m/dist/index.js:1205:15[9
0m)[39m
      at runSuite [90m(file:///C:/Users/DELL/Desktop/a2a-dr.-gemini-intak
e-agent/[39mnode_modules/[4m@vitest/runner[24m/dist/index.js:1205:15[9
0m)[39m,
  retryable: [33mtrue[39m,
  fallbackOptions: [
    {
      id: [32m'retry'[39m,
      label: [32m'Reconnect'[39m,
      description: [32m'Try to reconnect when your connection is 
stable'[39m,
      action: [32m'retry'[39m
    }
  ]
}
Unexpected error: {
  code: [32m'INTERNAL_ERROR'[39m,
  message: [32m'Something went wrong. Please try again later.'[39m,
  context: {
    streamErrorCode: [32m'STREAM_NETWORK_ERROR'[39m,
    retryable: [33mtrue[39m,
    originalMessage: [32m'Database connection failed'[39m,
    operation: [32m'getMeetingRoom'[39m,
    appointmentId: [32m`L(DYB"G_'Z&4k.N#zV0pfg~<0U}@{Asz#?Fe`[39m
  },
  stack: [32m'Error: Network connection lost. Please check your internet 
connection.\n'[39m +
    [32m'    at toStreamError (C:\\Users\\DELL\\Desktop\\a2a-dr.-gemini-i
ntake-agent\\src\\server\\services\\stream-error-handler.ts:337:10)\n'[39
m +
    [32m'    at Module.logStreamError (C:\\Users\\DELL\\Desktop\\a2a-dr.-
gemini-intake-agent\\src\\server\\services\\stream-error-handler.ts:352:23
)\n'[39m +
    [32m'    at StreamService.getMeetingRoom (C:\\Users\\DELL\\Desktop\\a
2a-dr.-gemini-intake-agent\\src\\server\\services\\stream.ts:331:7)\n'[39
m +
    [32m'    at processTicksAndRejections 
(node:internal/process/task_queues:103:5)'[39m
}
Unhandled error: StreamError: Network connection lost. Please check your 
internet connection.
    at toStreamError [90m(C:\Users\DELL\Desktop\a2a-dr.-gemini-intake-age
nt\[39msrc\server\services\stream-error-handler.ts:337:10[90m)[39m
    at Module.logStreamError [90m(C:\Users\DELL\Desktop\a2a-dr.-gemini-in
take-agent\[39msrc\server\services\stream-error-handler.ts:352:23[90m)[
39m
    at StreamService.getMeetingRoom [90m(C:\Users\DELL\Desktop\a2a-dr.-ge
mini-intake-agent\[39msrc\server\services\stream.ts:331:7[90m)[39m
[90m    at processTicksAndRejections 
(node:internal/process/task_queues:103:5)[39m {
  code: [32m'STREAM_NETWORK_ERROR'[39m,
  originalError: Error: Database connection failed
      at [90mC:\Users\DELL\Desktop\a2a-dr.-gemini-intake-agent\[39m__tes
ts__\properties\meeting-room-data-consistency.property.test.ts:288:48
      at AsyncProperty.predicate [90m(file:///C:/Users/DELL/Desktop/a2a-d
r.-gemini-intake-agent/[39mnode_modules/[4mfast-check[24m/lib/esm/check
/property/AsyncProperty.js:14:59[90m)[39m
      at AsyncProperty.run [90m(file:///C:/Users/DELL/Desktop/a2a-dr.-gem
ini-intake-agent/[39mnode_modules/[4mfast-check[24m/lib/esm/check/prope
rty/AsyncProperty.generic.js:46:39[90m)[39m
      at asyncRunIt [90m(file:///C:/Users/DELL/Desktop/a2a-dr.-gemini-int
ake-agent/[39mnode_modules/[4mfast-check[24m/lib/esm/check/runner/Runne
r.js:33:36[90m)[39m
  [90m    at processTicksAndRejections 
(node:internal/process/task_queues:103:5)[39m
      at [90mC:\Users\DELL\Desktop\a2a-dr.-gemini-intake-agent\[39m__tes
ts__\properties\meeting-room-data-consistency.property.test.ts:282:5
      at [90mfile:///C:/Users/DELL/Desktop/a2a-dr.-gemini-intake-agent/[
39mnode_modules/[4m@vitest/runner[24m/dist/index.js:533:5
      at runTest [90m(file:///C:/Users/DELL/Desktop/a2a-dr.-gemini-intake
-agent/[39mnode_modules/[4m@vitest/runner[24m/dist/index.js:1056:11[90
m)[39m
      at runSuite [90m(file:///C:/Users/DELL/Desktop/a2a-dr.-gemini-intak
e-agent/[39mnode_modules/[4m@vitest/runner[24m/dist/index.js:1205:15[9
0m)[39m
      at runSuite [90m(file:///C:/Users/DELL/Desktop/a2a-dr.-gemini-intak
e-agent/[39mnode_modules/[4m@vitest/runner[24m/dist/index.js:1205:15[9
0m)[39m,
  retryable: [33mtrue[39m,
  fallbackOptions: [
    {
      id: [32m'retry'[39m,
      label: [32m'Reconnect'[39m,
      description: [32m'Try to reconnect when your connection is 
stable'[39m,
      action: [32m'retry'[39m
    }
  ]
}
Unexpected error: {
  code: [32m'INTERNAL_ERROR'[39m,
  message: [32m'Something went wrong. Please try again later.'[39m,
  context: {
    streamErrorCode: [32m'STREAM_NETWORK_ERROR'[39m,
    retryable: [33mtrue[39m,
    originalMessage: [32m'Database connection failed'[39m,
    operation: [32m'getMeetingRoom'[39m,
    appointmentId: [32m'!& y0}#}s]#<xJ&E_{>~6|-By2nYx:   i""'[39m
  },
  stack: [32m'Error: Network connection lost. Please check your internet 
connection.\n'[39m +
    [32m'    at toStreamError (C:\\Users\\DELL\\Desktop\\a2a-dr.-gemini-i
ntake-agent\\src\\server\\services\\stream-error-handler.ts:337:10)\n'[39
m +
    [32m'    at Module.logStreamError (C:\\Users\\DELL\\Desktop\\a2a-dr.-
gemini-intake-agent\\src\\server\\services\\stream-error-handler.ts:352:23
)\n'[39m +
    [32m'    at StreamService.getMeetingRoom (C:\\Users\\DELL\\Desktop\\a
2a-dr.-gemini-intake-agent\\src\\server\\services\\stream.ts:331:7)\n'[39
m +
    [32m'    at processTicksAndRejections 
(node:internal/process/task_queues:103:5)'[39m
}
Unhandled error: StreamError: Network connection lost. Please check your 
internet connection.
    at toStreamError [90m(C:\Users\DELL\Desktop\a2a-dr.-gemini-intake-age
nt\[39msrc\server\services\stream-error-handler.ts:337:10[90m)[39m
    at Module.logStreamError [90m(C:\Users\DELL\Desktop\a2a-dr.-gemini-in
take-agent\[39msrc\server\services\stream-error-handler.ts:352:23[90m)[
39m
    at StreamService.getMeetingRoom [90m(C:\Users\DELL\Desktop\a2a-dr.-ge
mini-intake-agent\[39msrc\server\services\stream.ts:331:7[90m)[39m
[90m    at processTicksAndRejections 
(node:internal/process/task_queues:103:5)[39m {
  code: [32m'STREAM_NETWORK_ERROR'[39m,
  originalError: Error: Database connection failed
      at [90mC:\Users\DELL\Desktop\a2a-dr.-gemini-intake-agent\[39m__tes
ts__\properties\meeting-room-data-consistency.property.test.ts:288:48
      at AsyncProperty.predicate [90m(file:///C:/Users/DELL/Desktop/a2a-d
r.-gemini-intake-agent/[39mnode_modules/[4mfast-check[24m/lib/esm/check
/property/AsyncProperty.js:14:59[90m)[39m
      at AsyncProperty.run [90m(file:///C:/Users/DELL/Desktop/a2a-dr.-gem
ini-intake-agent/[39mnode_modules/[4mfast-check[24m/lib/esm/check/prope
rty/AsyncProperty.generic.js:46:39[90m)[39m
      at asyncRunIt [90m(file:///C:/Users/DELL/Desktop/a2a-dr.-gemini-int
ake-agent/[39mnode_modules/[4mfast-check[24m/lib/esm/check/runner/Runne
r.js:33:36[90m)[39m
  [90m    at processTicksAndRejections 
(node:internal/process/task_queues:103:5)[39m
      at [90mC:\Users\DELL\Desktop\a2a-dr.-gemini-intake-agent\[39m__tes
ts__\properties\meeting-room-data-consistency.property.test.ts:282:5
      at [90mfile:///C:/Users/DELL/Desktop/a2a-dr.-gemini-intake-agent/[
39mnode_modules/[4m@vitest/runner[24m/dist/index.js:533:5
      at runTest [90m(file:///C:/Users/DELL/Desktop/a2a-dr.-gemini-intake
-agent/[39mnode_modules/[4m@vitest/runner[24m/dist/index.js:1056:11[90
m)[39m
      at runSuite [90m(file:///C:/Users/DELL/Desktop/a2a-dr.-gemini-intak
e-agent/[39mnode_modules/[4m@vitest/runner[24m/dist/index.js:1205:15[9
0m)[39m
      at runSuite [90m(file:///C:/Users/DELL/Desktop/a2a-dr.-gemini-intak
e-agent/[39mnode_modules/[4m@vitest/runner[24m/dist/index.js:1205:15[9
0m)[39m,
  retryable: [33mtrue[39m,
  fallbackOptions: [
    {
      id: [32m'retry'[39m,
      label: [32m'Reconnect'[39m,
      description: [32m'Try to reconnect when your connection is 
stable'[39m,
      action: [32m'retry'[39m
    }
  ]
}
Unexpected error: {
  code: [32m'INTERNAL_ERROR'[39m,
  message: [32m'Something went wrong. Please try again later.'[39m,
  context: {
    streamErrorCode: [32m'STREAM_NETWORK_ERROR'[39m,
    retryable: [33mtrue[39m,
    originalMessage: [32m'Database connection failed'[39m,
    operation: [32m'getMeetingRoom'[39m,
    appointmentId: [32m'.Q!c?$!m` =`9~}+I_%%&!$H%DZh&84(I{ >'[39m
  },
  stack: [32m'Error: Network connection lost. Please check your internet 
connection.\n'[39m +
    [32m'    at toStreamError (C:\\Users\\DELL\\Desktop\\a2a-dr.-gemini-i
ntake-agent\\src\\server\\services\\stream-error-handler.ts:337:10)\n'[39
m +
    [32m'    at Module.logStreamError (C:\\Users\\DELL\\Desktop\\a2a-dr.-
gemini-intake-agent\\src\\server\\services\\stream-error-handler.ts:352:23
)\n'[39m +
    [32m'    at StreamService.getMeetingRoom (C:\\Users\\DELL\\Desktop\\a
2a-dr.-gemini-intake-agent\\src\\server\\services\\stream.ts:331:7)\n'[39
m +
    [32m'    at processTicksAndRejections 
(node:internal/process/task_queues:103:5)'[39m
}
Unhandled error: StreamError: Network connection lost. Please check your 
internet connection.
    at toStreamError [90m(C:\Users\DELL\Desktop\a2a-dr.-gemini-intake-age
nt\[39msrc\server\services\stream-error-handler.ts:337:10[90m)[39m
    at Module.logStreamError [90m(C:\Users\DELL\Desktop\a2a-dr.-gemini-in
take-agent\[39msrc\server\services\stream-error-handler.ts:352:23[90m)[
39m
    at StreamService.getMeetingRoom [90m(C:\Users\DELL\Desktop\a2a-dr.-ge
mini-intake-agent\[39msrc\server\services\stream.ts:331:7[90m)[39m
[90m    at processTicksAndRejections 
(node:internal/process/task_queues:103:5)[39m {
  code: [32m'STREAM_NETWORK_ERROR'[39m,
  originalError: Error: Database connection failed
      at [90mC:\Users\DELL\Desktop\a2a-dr.-gemini-intake-agent\[39m__tes
ts__\properties\meeting-room-data-consistency.property.test.ts:288:48
      at AsyncProperty.predicate [90m(file:///C:/Users/DELL/Desktop/a2a-d
r.-gemini-intake-agent/[39mnode_modules/[4mfast-check[24m/lib/esm/check
/property/AsyncProperty.js:14:59[90m)[39m
      at AsyncProperty.run [90m(file:///C:/Users/DELL/Desktop/a2a-dr.-gem
ini-intake-agent/[39mnode_modules/[4mfast-check[24m/lib/esm/check/prope
rty/AsyncProperty.generic.js:46:39[90m)[39m
      at asyncRunIt [90m(file:///C:/Users/DELL/Desktop/a2a-dr.-gemini-int
ake-agent/[39mnode_modules/[4mfast-check[24m/lib/esm/check/runner/Runne
r.js:33:36[90m)[39m
  [90m    at processTicksAndRejections 
(node:internal/process/task_queues:103:5)[39m
      at [90mC:\Users\DELL\Desktop\a2a-dr.-gemini-intake-agent\[39m__tes
ts__\properties\meeting-room-data-consistency.property.test.ts:282:5
      at [90mfile:///C:/Users/DELL/Desktop/a2a-dr.-gemini-intake-agent/[
39mnode_modules/[4m@vitest/runner[24m/dist/index.js:533:5
      at runTest [90m(file:///C:/Users/DELL/Desktop/a2a-dr.-gemini-intake
-agent/[39mnode_modules/[4m@vitest/runner[24m/dist/index.js:1056:11[90
m)[39m
      at runSuite [90m(file:///C:/Users/DELL/Desktop/a2a-dr.-gemini-intak
e-agent/[39mnode_modules/[4m@vitest/runner[24m/dist/index.js:1205:15[9
0m)[39m
      at runSuite [90m(file:///C:/Users/DELL/Desktop/a2a-dr.-gemini-intak
e-agent/[39mnode_modules/[4m@vitest/runner[24m/dist/index.js:1205:15[9
0m)[39m,
  retryable: [33mtrue[39m,
  fallbackOptions: [
    {
      id: [32m'retry'[39m,
      label: [32m'Reconnect'[39m,
      description: [32m'Try to reconnect when your connection is 
stable'[39m,
      action: [32m'retry'[39m
    }
  ]
}
Unexpected error: {
  code: [32m'INTERNAL_ERROR'[39m,
  message: [32m'Something went wrong. Please try again later.'[39m,
  context: {
    streamErrorCode: [32m'STREAM_NETWORK_ERROR'[39m,
    retryable: [33mtrue[39m,
    originalMessage: [32m'Database connection failed'[39m,
    operation: [32m'getMeetingRoom'[39m,
    appointmentId: [32m'04$&!I#{xjf}r|0M$(5& _-dpy"#,159Yk#|'[39m
  },
  stack: [32m'Error: Network connection lost. Please check your internet 
connection.\n'[39m +
    [32m'    at toStreamError (C:\\Users\\DELL\\Desktop\\a2a-dr.-gemini-i
ntake-agent\\src\\server\\services\\stream-error-handler.ts:337:10)\n'[39
m +
    [32m'    at Module.logStreamError (C:\\Users\\DELL\\Desktop\\a2a-dr.-
gemini-intake-agent\\src\\server\\services\\stream-error-handler.ts:352:23
)\n'[39m +
    [32m'    at StreamService.getMeetingRoom (C:\\Users\\DELL\\Desktop\\a
2a-dr.-gemini-intake-agent\\src\\server\\services\\stream.ts:331:7)\n'[39
m +
    [32m'    at processTicksAndRejections 
(node:internal/process/task_queues:103:5)'[39m
}
Unhandled error: StreamError: Network connection lost. Please check your 
internet connection.
    at toStreamError [90m(C:\Users\DELL\Desktop\a2a-dr.-gemini-intake-age
nt\[39msrc\server\services\stream-error-handler.ts:337:10[90m)[39m
    at Module.logStreamError [90m(C:\Users\DELL\Desktop\a2a-dr.-gemini-in
take-agent\[39msrc\server\services\stream-error-handler.ts:352:23[90m)[
39m
    at StreamService.getMeetingRoom [90m(C:\Users\DELL\Desktop\a2a-dr.-ge
mini-intake-agent\[39msrc\server\services\stream.ts:331:7[90m)[39m
[90m    at processTicksAndRejections 
(node:internal/process/task_queues:103:5)[39m {
  code: [32m'STREAM_NETWORK_ERROR'[39m,
  originalError: Error: Database connection failed
      at [90mC:\Users\DELL\Desktop\a2a-dr.-gemini-intake-agent\[39m__tes
ts__\properties\meeting-room-data-consistency.property.test.ts:288:48
      at AsyncProperty.predicate [90m(file:///C:/Users/DELL/Desktop/a2a-d
r.-gemini-intake-agent/[39mnode_modules/[4mfast-check[24m/lib/esm/check
/property/AsyncProperty.js:14:59[90m)[39m
      at AsyncProperty.run [90m(file:///C:/Users/DELL/Desktop/a2a-dr.-gem
ini-intake-agent/[39mnode_modules/[4mfast-check[24m/lib/esm/check/prope
rty/AsyncProperty.generic.js:46:39[90m)[39m
      at asyncRunIt [90m(file:///C:/Users/DELL/Desktop/a2a-dr.-gemini-int
ake-agent/[39mnode_modules/[4mfast-check[24m/lib/esm/check/runner/Runne
r.js:33:36[90m)[39m
  [90m    at processTicksAndRejections 
(node:internal/process/task_queues:103:5)[39m
      at [90mC:\Users\DELL\Desktop\a2a-dr.-gemini-intake-agent\[39m__tes
ts__\properties\meeting-room-data-consistency.property.test.ts:282:5
      at [90mfile:///C:/Users/DELL/Desktop/a2a-dr.-gemini-intake-agent/[
39mnode_modules/[4m@vitest/runner[24m/dist/index.js:533:5
      at runTest [90m(file:///C:/Users/DELL/Desktop/a2a-dr.-gemini-intake
-agent/[39mnode_modules/[4m@vitest/runner[24m/dist/index.js:1056:11[90
m)[39m
      at runSuite [90m(file:///C:/Users/DELL/Desktop/a2a-dr.-gemini-intak
e-agent/[39mnode_modules/[4m@vitest/runner[24m/dist/index.js:1205:15[9
0m)[39m
      at runSuite [90m(file:///C:/Users/DELL/Desktop/a2a-dr.-gemini-intak
e-agent/[39mnode_modules/[4m@vitest/runner[24m/dist/index.js:1205:15[9
0m)[39m,
  retryable: [33mtrue[39m,
  fallbackOptions: [
    {
      id: [32m'retry'[39m,
      label: [32m'Reconnect'[39m,
      description: [32m'Try to reconnect when your connection is 
stable'[39m,
      action: [32m'retry'[39m
    }
  ]
}
Unexpected error: {
  code: [32m'INTERNAL_ERROR'[39m,
  message: [32m'Something went wrong. Please try again later.'[39m,
  context: {
    streamErrorCode: [32m'STREAM_NETWORK_ERROR'[39m,
    retryable: [33mtrue[39m,
    originalMessage: [32m'Database connection failed'[39m,
    operation: [32m'getMeetingRoom'[39m,
    appointmentId: [32m'~!6CCG}_w,|~R ~QgzT$y*#%Ww!s%A2!#$TP'[39m
  },
  stack: [32m'Error: Network connection lost. Please check your internet 
connection.\n'[39m +
    [32m'    at toStreamError (C:\\Users\\DELL\\Desktop\\a2a-dr.-gemini-i
ntake-agent\\src\\server\\services\\stream-error-handler.ts:337:10)\n'[39
m +
    [32m'    at Module.logStreamError (C:\\Users\\DELL\\Desktop\\a2a-dr.-
gemini-intake-agent\\src\\server\\services\\stream-error-handler.ts:352:23
)\n'[39m +
    [32m'    at StreamService.getMeetingRoom (C:\\Users\\DELL\\Desktop\\a
2a-dr.-gemini-intake-agent\\src\\server\\services\\stream.ts:331:7)\n'[39
m +
    [32m'    at processTicksAndRejections 
(node:internal/process/task_queues:103:5)'[39m
}
Unhandled error: StreamError: Network connection lost. Please check your 
internet connection.
    at toStreamError [90m(C:\Users\DELL\Desktop\a2a-dr.-gemini-intake-age
nt\[39msrc\server\services\stream-error-handler.ts:337:10[90m)[39m
    at Module.logStreamError [90m(C:\Users\DELL\Desktop\a2a-dr.-gemini-in
take-agent\[39msrc\server\services\stream-error-handler.ts:352:23[90m)[
39m
    at StreamService.getMeetingRoom [90m(C:\Users\DELL\Desktop\a2a-dr.-ge
mini-intake-agent\[39msrc\server\services\stream.ts:331:7[90m)[39m
[90m    at processTicksAndRejections 
(node:internal/process/task_queues:103:5)[39m {
  code: [32m'STREAM_NETWORK_ERROR'[39m,
  originalError: Error: Database connection failed
      at [90mC:\Users\DELL\Desktop\a2a-dr.-gemini-intake-agent\[39m__tes
ts__\properties\meeting-room-data-consistency.property.test.ts:288:48
      at AsyncProperty.predicate [90m(file:///C:/Users/DELL/Desktop/a2a-d
r.-gemini-intake-agent/[39mnode_modules/[4mfast-check[24m/lib/esm/check
/property/AsyncProperty.js:14:59[90m)[39m
      at AsyncProperty.run [90m(file:///C:/Users/DELL/Desktop/a2a-dr.-gem
ini-intake-agent/[39mnode_modules/[4mfast-check[24m/lib/esm/check/prope
rty/AsyncProperty.generic.js:46:39[90m)[39m
      at asyncRunIt [90m(file:///C:/Users/DELL/Desktop/a2a-dr.-gemini-int
ake-agent/[39mnode_modules/[4mfast-check[24m/lib/esm/check/runner/Runne
r.js:33:36[90m)[39m
  [90m    at processTicksAndRejections 
(node:internal/process/task_queues:103:5)[39m
      at [90mC:\Users\DELL\Desktop\a2a-dr.-gemini-intake-agent\[39m__tes
ts__\properties\meeting-room-data-consistency.property.test.ts:282:5
      at [90mfile:///C:/Users/DELL/Desktop/a2a-dr.-gemini-intake-agent/[
39mnode_modules/[4m@vitest/runner[24m/dist/index.js:533:5
      at runTest [90m(file:///C:/Users/DELL/Desktop/a2a-dr.-gemini-intake
-agent/[39mnode_modules/[4m@vitest/runner[24m/dist/index.js:1056:11[90
m)[39m
      at runSuite [90m(file:///C:/Users/DELL/Desktop/a2a-dr.-gemini-intak
e-agent/[39mnode_modules/[4m@vitest/runner[24m/dist/index.js:1205:15[9
0m)[39m
      at runSuite [90m(file:///C:/Users/DELL/Desktop/a2a-dr.-gemini-intak
e-agent/[39mnode_modules/[4m@vitest/runner[24m/dist/index.js:1205:15[9
0m)[39m,
  retryable: [33mtrue[39m,
  fallbackOptions: [
    {
      id: [32m'retry'[39m,
      label: [32m'Reconnect'[39m,
      description: [32m'Try to reconnect when your connection is 
stable'[39m,
      action: [32m'retry'[39m
    }
  ]
}
Unexpected error: {
  code: [32m'INTERNAL_ERROR'[39m,
  message: [32m'Something went wrong. Please try again later.'[39m,
  context: {
    streamErrorCode: [32m'STREAM_NETWORK_ERROR'[39m,
    retryable: [33mtrue[39m,
    originalMessage: [32m'Database connection failed'[39m,
    operation: [32m'getMeetingRoom'[39m,
    appointmentId: [32m`P$&t$'~l,_>H%z)&%%MTzZ-zbfylW!+H"#F'`[39m
  },
  stack: [32m'Error: Network connection lost. Please check your internet 
connection.\n'[39m +
    [32m'    at toStreamError (C:\\Users\\DELL\\Desktop\\a2a-dr.-gemini-i
ntake-agent\\src\\server\\services\\stream-error-handler.ts:337:10)\n'[39
m +
    [32m'    at Module.logStreamError (C:\\Users\\DELL\\Desktop\\a2a-dr.-
gemini-intake-agent\\src\\server\\services\\stream-error-handler.ts:352:23
)\n'[39m +
    [32m'    at StreamService.getMeetingRoom (C:\\Users\\DELL\\Desktop\\a
2a-dr.-gemini-intake-agent\\src\\server\\services\\stream.ts:331:7)\n'[39
m +
    [32m'    at processTicksAndRejections 
(node:internal/process/task_queues:103:5)'[39m
}
Unhandled error: StreamError: Network connection lost. Please check your 
internet connection.
    at toStreamError [90m(C:\Users\DELL\Desktop\a2a-dr.-gemini-intake-age
nt\[39msrc\server\services\stream-error-handler.ts:337:10[90m)[39m
    at Module.logStreamError [90m(C:\Users\DELL\Desktop\a2a-dr.-gemini-in
take-agent\[39msrc\server\services\stream-error-handler.ts:352:23[90m)[
39m
    at StreamService.getMeetingRoom [90m(C:\Users\DELL\Desktop\a2a-dr.-ge
mini-intake-agent\[39msrc\server\services\stream.ts:331:7[90m)[39m
[90m    at processTicksAndRejections 
(node:internal/process/task_queues:103:5)[39m {
  code: [32m'STREAM_NETWORK_ERROR'[39m,
  originalError: Error: Database connection failed
      at [90mC:\Users\DELL\Desktop\a2a-dr.-gemini-intake-agent\[39m__tes
ts__\properties\meeting-room-data-consistency.property.test.ts:288:48
      at AsyncProperty.predicate [90m(file:///C:/Users/DELL/Desktop/a2a-d
r.-gemini-intake-agent/[39mnode_modules/[4mfast-check[24m/lib/esm/check
/property/AsyncProperty.js:14:59[90m)[39m
      at AsyncProperty.run [90m(file:///C:/Users/DELL/Desktop/a2a-dr.-gem
ini-intake-agent/[39mnode_modules/[4mfast-check[24m/lib/esm/check/prope
rty/AsyncProperty.generic.js:46:39[90m)[39m
      at asyncRunIt [90m(file:///C:/Users/DELL/Desktop/a2a-dr.-gemini-int
ake-agent/[39mnode_modules/[4mfast-check[24m/lib/esm/check/runner/Runne
r.js:33:36[90m)[39m
  [90m    at processTicksAndRejections 
(node:internal/process/task_queues:103:5)[39m
      at [90mC:\Users\DELL\Desktop\a2a-dr.-gemini-intake-agent\[39m__tes
ts__\properties\meeting-room-data-consistency.property.test.ts:282:5
      at [90mfile:///C:/Users/DELL/Desktop/a2a-dr.-gemini-intake-agent/[
39mnode_modules/[4m@vitest/runner[24m/dist/index.js:533:5
      at runTest [90m(file:///C:/Users/DELL/Desktop/a2a-dr.-gemini-intake
-agent/[39mnode_modules/[4m@vitest/runner[24m/dist/index.js:1056:11[90
m)[39m
      at runSuite [90m(file:///C:/Users/DELL/Desktop/a2a-dr.-gemini-intak
e-agent/[39mnode_modules/[4m@vitest/runner[24m/dist/index.js:1205:15[9
0m)[39m
      at runSuite [90m(file:///C:/Users/DELL/Desktop/a2a-dr.-gemini-intak
e-agent/[39mnode_modules/[4m@vitest/runner[24m/dist/index.js:1205:15[9
0m)[39m,
  retryable: [33mtrue[39m,
  fallbackOptions: [
    {
      id: [32m'retry'[39m,
      label: [32m'Reconnect'[39m,
      description: [32m'Try to reconnect when your connection is 
stable'[39m,
      action: [32m'retry'[39m
    }
  ]
}
Unexpected error: {
  code: [32m'INTERNAL_ERROR'[39m,
  message: [32m'Something went wrong. Please try again later.'[39m,
  context: {
    streamErrorCode: [32m'STREAM_NETWORK_ERROR'[39m,
    retryable: [33mtrue[39m,
    originalMessage: [32m'Database connection failed'[39m,
    operation: [32m'getMeetingRoom'[39m,
    appointmentId: [32m'$ACr& j+]d$%yB]} Hg3/`}V)#Ctj&:{/9P4'[39m
  },
  stack: [32m'Error: Network connection lost. Please check your internet 
connection.\n'[39m +
    [32m'    at toStreamError (C:\\Users\\DELL\\Desktop\\a2a-dr.-gemini-i
ntake-agent\\src\\server\\services\\stream-error-handler.ts:337:10)\n'[39
m +
    [32m'    at Module.logStreamError (C:\\Users\\DELL\\Desktop\\a2a-dr.-
gemini-intake-agent\\src\\server\\services\\stream-error-handler.ts:352:23
)\n'[39m +
    [32m'    at StreamService.getMeetingRoom (C:\\Users\\DELL\\Desktop\\a
2a-dr.-gemini-intake-agent\\src\\server\\services\\stream.ts:331:7)\n'[39
m +
    [32m'    at processTicksAndRejections 
(node:internal/process/task_queues:103:5)'[39m
}
Unhandled error: StreamError: Network connection lost. Please check your 
internet connection.
    at toStreamError [90m(C:\Users\DELL\Desktop\a2a-dr.-gemini-intake-age
nt\[39msrc\server\services\stream-error-handler.ts:337:10[90m)[39m
    at Module.logStreamError [90m(C:\Users\DELL\Desktop\a2a-dr.-gemini-in
take-agent\[39msrc\server\services\stream-error-handler.ts:352:23[90m)[
39m
    at StreamService.getMeetingRoom [90m(C:\Users\DELL\Desktop\a2a-dr.-ge
mini-intake-agent\[39msrc\server\services\stream.ts:331:7[90m)[39m
[90m    at processTicksAndRejections 
(node:internal/process/task_queues:103:5)[39m {
  code: [32m'STREAM_NETWORK_ERROR'[39m,
  originalError: Error: Database connection failed
      at [90mC:\Users\DELL\Desktop\a2a-dr.-gemini-intake-agent\[39m__tes
ts__\properties\meeting-room-data-consistency.property.test.ts:288:48
      at AsyncProperty.predicate [90m(file:///C:/Users/DELL/Desktop/a2a-d
r.-gemini-intake-agent/[39mnode_modules/[4mfast-check[24m/lib/esm/check
/property/AsyncProperty.js:14:59[90m)[39m
      at AsyncProperty.run [90m(file:///C:/Users/DELL/Desktop/a2a-dr.-gem
ini-intake-agent/[39mnode_modules/[4mfast-check[24m/lib/esm/check/prope
rty/AsyncProperty.generic.js:46:39[90m)[39m
      at asyncRunIt [90m(file:///C:/Users/DELL/Desktop/a2a-dr.-gemini-int
ake-agent/[39mnode_modules/[4mfast-check[24m/lib/esm/check/runner/Runne
r.js:33:36[90m)[39m
  [90m    at processTicksAndRejections 
(node:internal/process/task_queues:103:5)[39m
      at [90mC:\Users\DELL\Desktop\a2a-dr.-gemini-intake-agent\[39m__tes
ts__\properties\meeting-room-data-consistency.property.test.ts:282:5
      at [90mfile:///C:/Users/DELL/Desktop/a2a-dr.-gemini-intake-agent/[
39mnode_modules/[4m@vitest/runner[24m/dist/index.js:533:5
      at runTest [90m(file:///C:/Users/DELL/Desktop/a2a-dr.-gemini-intake
-agent/[39mnode_modules/[4m@vitest/runner[24m/dist/index.js:1056:11[90
m)[39m
      at runSuite [90m(file:///C:/Users/DELL/Desktop/a2a-dr.-gemini-intak
e-agent/[39mnode_modules/[4m@vitest/runner[24m/dist/index.js:1205:15[9
0m)[39m
      at runSuite [90m(file:///C:/Users/DELL/Desktop/a2a-dr.-gemini-intak
e-agent/[39mnode_modules/[4m@vitest/runner[24m/dist/index.js:1205:15[9
0m)[39m,
  retryable: [33mtrue[39m,
  fallbackOptions: [
    {
      id: [32m'retry'[39m,
      label: [32m'Reconnect'[39m,
      description: [32m'Try to reconnect when your connection is 
stable'[39m,
      action: [32m'retry'[39m
    }
  ]
}
Unexpected error: {
  code: [32m'INTERNAL_ERROR'[39m,
  message: [32m'Something went wrong. Please try again later.'[39m,
  context: {
    streamErrorCode: [32m'STREAM_NETWORK_ERROR'[39m,
    retryable: [33mtrue[39m,
    originalMessage: [32m'Database connection failed'[39m,
    operation: [32m'getMeetingRoom'[39m,
    appointmentId: [32m"pzP<63{5c$2204l)voZtV{|]#RH5_M#%<xr'"[39m
  },
  stack: [32m'Error: Network connection lost. Please check your internet 
connection.\n'[39m +
    [32m'    at toStreamError (C:\\Users\\DELL\\Desktop\\a2a-dr.-gemini-i
ntake-agent\\src\\server\\services\\stream-error-handler.ts:337:10)\n'[39
m +
    [32m'    at Module.logStreamError (C:\\Users\\DELL\\Desktop\\a2a-dr.-
gemini-intake-agent\\src\\server\\services\\stream-error-handler.ts:352:23
)\n'[39m +
    [32m'    at StreamService.getMeetingRoom (C:\\Users\\DELL\\Desktop\\a
2a-dr.-gemini-intake-agent\\src\\server\\services\\stream.ts:331:7)\n'[39
m +
    [32m'    at processTicksAndRejections 
(node:internal/process/task_queues:103:5)'[39m
}
Unhandled error: StreamError: Network connection lost. Please check your 
internet connection.
    at toStreamError [90m(C:\Users\DELL\Desktop\a2a-dr.-gemini-intake-age
nt\[39msrc\server\services\stream-error-handler.ts:337:10[90m)[39m
    at Module.logStreamError [90m(C:\Users\DELL\Desktop\a2a-dr.-gemini-in
take-agent\[39msrc\server\services\stream-error-handler.ts:352:23[90m)[
39m
    at StreamService.getMeetingRoom [90m(C:\Users\DELL\Desktop\a2a-dr.-ge
mini-intake-agent\[39msrc\server\services\stream.ts:331:7[90m)[39m
[90m    at processTicksAndRejections 
(node:internal/process/task_queues:103:5)[39m {
  code: [32m'STREAM_NETWORK_ERROR'[39m,
  originalError: Error: Database connection failed
      at [90mC:\Users\DELL\Desktop\a2a-dr.-gemini-intake-agent\[39m__tes
ts__\properties\meeting-room-data-consistency.property.test.ts:288:48
      at AsyncProperty.predicate [90m(file:///C:/Users/DELL/Desktop/a2a-d
r.-gemini-intake-agent/[39mnode_modules/[4mfast-check[24m/lib/esm/check
/property/AsyncProperty.js:14:59[90m)[39m
      at AsyncProperty.run [90m(file:///C:/Users/DELL/Desktop/a2a-dr.-gem
ini-intake-agent/[39mnode_modules/[4mfast-check[24m/lib/esm/check/prope
rty/AsyncProperty.generic.js:46:39[90m)[39m
      at asyncRunIt [90m(file:///C:/Users/DELL/Desktop/a2a-dr.-gemini-int
ake-agent/[39mnode_modules/[4mfast-check[24m/lib/esm/check/runner/Runne
r.js:33:36[90m)[39m
  [90m    at processTicksAndRejections 
(node:internal/process/task_queues:103:5)[39m
      at [90mC:\Users\DELL\Desktop\a2a-dr.-gemini-intake-agent\[39m__tes
ts__\properties\meeting-room-data-consistency.property.test.ts:282:5
      at [90mfile:///C:/Users/DELL/Desktop/a2a-dr.-gemini-intake-agent/[
39mnode_modules/[4m@vitest/runner[24m/dist/index.js:533:5
      at runTest [90m(file:///C:/Users/DELL/Desktop/a2a-dr.-gemini-intake
-agent/[39mnode_modules/[4m@vitest/runner[24m/dist/index.js:1056:11[90
m)[39m
      at runSuite [90m(file:///C:/Users/DELL/Desktop/a2a-dr.-gemini-intak
e-agent/[39mnode_modules/[4m@vitest/runner[24m/dist/index.js:1205:15[9
0m)[39m
      at runSuite [90m(file:///C:/Users/DELL/Desktop/a2a-dr.-gemini-intak
e-agent/[39mnode_modules/[4m@vitest/runner[24m/dist/index.js:1205:15[9
0m)[39m,
  retryable: [33mtrue[39m,
  fallbackOptions: [
    {
      id: [32m'retry'[39m,
      label: [32m'Reconnect'[39m,
      description: [32m'Try to reconnect when your connection is 
stable'[39m,
      action: [32m'retry'[39m
    }
  ]
}
Unexpected error: {
  code: [32m'INTERNAL_ERROR'[39m,
  message: [32m'Something went wrong. Please try again later.'[39m,
  context: {
    streamErrorCode: [32m'STREAM_NETWORK_ERROR'[39m,
    retryable: [33mtrue[39m,
    originalMessage: [32m'Database connection failed'[39m,
    operation: [32m'getMeetingRoom'[39m,
    appointmentId: [32m's"F$M !~1n%#"x["<"oM44^W`,n6 #>vu"O!'[39m
  },
  stack: [32m'Error: Network connection lost. Please check your internet 
connection.\n'[39m +
    [32m'    at toStreamError (C:\\Users\\DELL\\Desktop\\a2a-dr.-gemini-i
ntake-agent\\src\\server\\services\\stream-error-handler.ts:337:10)\n'[39
m +
    [32m'    at Module.logStreamError (C:\\Users\\DELL\\Desktop\\a2a-dr.-
gemini-intake-agent\\src\\server\\services\\stream-error-handler.ts:352:23
)\n'[39m +
    [32m'    at StreamService.getMeetingRoom (C:\\Users\\DELL\\Desktop\\a
2a-dr.-gemini-intake-agent\\src\\server\\services\\stream.ts:331:7)\n'[39
m +
    [32m'    at processTicksAndRejections 
(node:internal/process/task_queues:103:5)'[39m
}
Unhandled error: StreamError: Network connection lost. Please check your 
internet connection.
    at toStreamError [90m(C:\Users\DELL\Desktop\a2a-dr.-gemini-intake-age
nt\[39msrc\server\services\stream-error-handler.ts:337:10[90m)[39m
    at Module.logStreamError [90m(C:\Users\DELL\Desktop\a2a-dr.-gemini-in
take-agent\[39msrc\server\services\stream-error-handler.ts:352:23[90m)[
39m
    at StreamService.getMeetingRoom [90m(C:\Users\DELL\Desktop\a2a-dr.-ge
mini-intake-agent\[39msrc\server\services\stream.ts:331:7[90m)[39m
[90m    at processTicksAndRejections 
(node:internal/process/task_queues:103:5)[39m {
  code: [32m'STREAM_NETWORK_ERROR'[39m,
  originalError: Error: Database connection failed
      at [90mC:\Users\DELL\Desktop\a2a-dr.-gemini-intake-agent\[39m__tes
ts__\properties\meeting-room-data-consistency.property.test.ts:288:48
      at AsyncProperty.predicate [90m(file:///C:/Users/DELL/Desktop/a2a-d
r.-gemini-intake-agent/[39mnode_modules/[4mfast-check[24m/lib/esm/check
/property/AsyncProperty.js:14:59[90m)[39m
      at AsyncProperty.run [90m(file:///C:/Users/DELL/Desktop/a2a-dr.-gem
ini-intake-agent/[39mnode_modules/[4mfast-check[24m/lib/esm/check/prope
rty/AsyncProperty.generic.js:46:39[90m)[39m
      at asyncRunIt [90m(file:///C:/Users/DELL/Desktop/a2a-dr.-gemini-int
ake-agent/[39mnode_modules/[4mfast-check[24m/lib/esm/check/runner/Runne
r.js:33:36[90m)[39m
  [90m    at processTicksAndRejections 
(node:internal/process/task_queues:103:5)[39m
      at [90mC:\Users\DELL\Desktop\a2a-dr.-gemini-intake-agent\[39m__tes
ts__\properties\meeting-room-data-consistency.property.test.ts:282:5
      at [90mfile:///C:/Users/DELL/Desktop/a2a-dr.-gemini-intake-agent/[
39mnode_modules/[4m@vitest/runner[24m/dist/index.js:533:5
      at runTest [90m(file:///C:/Users/DELL/Desktop/a2a-dr.-gemini-intake
-agent/[39mnode_modules/[4m@vitest/runner[24m/dist/index.js:1056:11[90
m)[39m
      at runSuite [90m(file:///C:/Users/DELL/Desktop/a2a-dr.-gemini-intak
e-agent/[39mnode_modules/[4m@vitest/runner[24m/dist/index.js:1205:15[9
0m)[39m
      at runSuite [90m(file:///C:/Users/DELL/Desktop/a2a-dr.-gemini-intak
e-agent/[39mnode_modules/[4m@vitest/runner[24m/dist/index.js:1205:15[9
0m)[39m,
  retryable: [33mtrue[39m,
  fallbackOptions: [
    {
      id: [32m'retry'[39m,
      label: [32m'Reconnect'[39m,
      description: [32m'Try to reconnect when your connection is 
stable'[39m,
      action: [32m'retry'[39m
    }
  ]
}
Unexpected error: {
  code: [32m'INTERNAL_ERROR'[39m,
  message: [32m'Something went wrong. Please try again later.'[39m,
  context: {
    streamErrorCode: [32m'STREAM_NETWORK_ERROR'[39m,
    retryable: [33mtrue[39m,
    originalMessage: [32m'Database connection failed'[39m,
    operation: [32m'getMeetingRoom'[39m,
    appointmentId: [32m`c(.$.$$7h#{_%P#'~x%bx kE"Ee_/!?g5# z`[39m
  },
  stack: [32m'Error: Network connection lost. Please check your internet 
connection.\n'[39m +
    [32m'    at toStreamError (C:\\Users\\DELL\\Desktop\\a2a-dr.-gemini-i
ntake-agent\\src\\server\\services\\stream-error-handler.ts:337:10)\n'[39
m +
    [32m'    at Module.logStreamError (C:\\Users\\DELL\\Desktop\\a2a-dr.-
gemini-intake-agent\\src\\server\\services\\stream-error-handler.ts:352:23
)\n'[39m +
    [32m'    at StreamService.getMeetingRoom (C:\\Users\\DELL\\Desktop\\a
2a-dr.-gemini-intake-agent\\src\\server\\services\\stream.ts:331:7)\n'[39
m +
    [32m'    at processTicksAndRejections 
(node:internal/process/task_queues:103:5)'[39m
}
Unhandled error: StreamError: Network connection lost. Please check your 
internet connection.
    at toStreamError [90m(C:\Users\DELL\Desktop\a2a-dr.-gemini-intake-age
nt\[39msrc\server\services\stream-error-handler.ts:337:10[90m)[39m
    at Module.logStreamError [90m(C:\Users\DELL\Desktop\a2a-dr.-gemini-in
take-agent\[39msrc\server\services\stream-error-handler.ts:352:23[90m)[
39m
    at StreamService.getMeetingRoom [90m(C:\Users\DELL\Desktop\a2a-dr.-ge
mini-intake-agent\[39msrc\server\services\stream.ts:331:7[90m)[39m
[90m    at processTicksAndRejections 
(node:internal/process/task_queues:103:5)[39m {
  code: [32m'STREAM_NETWORK_ERROR'[39m,
  originalError: Error: Database connection failed
      at [90mC:\Users\DELL\Desktop\a2a-dr.-gemini-intake-agent\[39m__tes
ts__\properties\meeting-room-data-consistency.property.test.ts:288:48
      at AsyncProperty.predicate [90m(file:///C:/Users/DELL/Desktop/a2a-d
r.-gemini-intake-agent/[39mnode_modules/[4mfast-check[24m/lib/esm/check
/property/AsyncProperty.js:14:59[90m)[39m
      at AsyncProperty.run [90m(file:///C:/Users/DELL/Desktop/a2a-dr.-gem
ini-intake-agent/[39mnode_modules/[4mfast-check[24m/lib/esm/check/prope
rty/AsyncProperty.generic.js:46:39[90m)[39m
      at asyncRunIt [90m(file:///C:/Users/DELL/Desktop/a2a-dr.-gemini-int
ake-agent/[39mnode_modules/[4mfast-check[24m/lib/esm/check/runner/Runne
r.js:33:36[90m)[39m
  [90m    at processTicksAndRejections 
(node:internal/process/task_queues:103:5)[39m
      at [90mC:\Users\DELL\Desktop\a2a-dr.-gemini-intake-agent\[39m__tes
ts__\properties\meeting-room-data-consistency.property.test.ts:282:5
      at [90mfile:///C:/Users/DELL/Desktop/a2a-dr.-gemini-intake-agent/[
39mnode_modules/[4m@vitest/runner[24m/dist/index.js:533:5
      at runTest [90m(file:///C:/Users/DELL/Desktop/a2a-dr.-gemini-intake
-agent/[39mnode_modules/[4m@vitest/runner[24m/dist/index.js:1056:11[90
m)[39m
      at runSuite [90m(file:///C:/Users/DELL/Desktop/a2a-dr.-gemini-intak
e-agent/[39mnode_modules/[4m@vitest/runner[24m/dist/index.js:1205:15[9
0m)[39m
      at runSuite [90m(file:///C:/Users/DELL/Desktop/a2a-dr.-gemini-intak
e-agent/[39mnode_modules/[4m@vitest/runner[24m/dist/index.js:1205:15[9
0m)[39m,
  retryable: [33mtrue[39m,
  fallbackOptions: [
    {
      id: [32m'retry'[39m,
      label: [32m'Reconnect'[39m,
      description: [32m'Try to reconnect when your connection is 
stable'[39m,
      action: [32m'retry'[39m
    }
  ]
}
Unexpected error: {
  code: [32m'INTERNAL_ERROR'[39m,
  message: [32m'Something went wrong. Please try again later.'[39m,
  context: {
    streamErrorCode: [32m'STREAM_NETWORK_ERROR'[39m,
    retryable: [33mtrue[39m,
    originalMessage: [32m'Database connection failed'[39m,
    operation: [32m'getMeetingRoom'[39m,
    appointmentId: [32m` ]%&"$}8<y5 +z0$?{a "n'y"{:}8"%z-"$3`[39m
  },
  stack: [32m'Error: Network connection lost. Please check your internet 
connection.\n'[39m +
    [32m'    at toStreamError (C:\\Users\\DELL\\Desktop\\a2a-dr.-gemini-i
ntake-agent\\src\\server\\services\\stream-error-handler.ts:337:10)\n'[39
m +
    [32m'    at Module.logStreamError (C:\\Users\\DELL\\Desktop\\a2a-dr.-
gemini-intake-agent\\src\\server\\services\\stream-error-handler.ts:352:23
)\n'[39m +
    [32m'    at StreamService.getMeetingRoom (C:\\Users\\DELL\\Desktop\\a
2a-dr.-gemini-intake-agent\\src\\server\\services\\stream.ts:331:7)\n'[39
m +
    [32m'    at processTicksAndRejections 
(node:internal/process/task_queues:103:5)'[39m
}
Unhandled error: StreamError: Network connection lost. Please check your 
internet connection.
    at toStreamError [90m(C:\Users\DELL\Desktop\a2a-dr.-gemini-intake-age
nt\[39msrc\server\services\stream-error-handler.ts:337:10[90m)[39m
    at Module.logStreamError [90m(C:\Users\DELL\Desktop\a2a-dr.-gemini-in
take-agent\[39msrc\server\services\stream-error-handler.ts:352:23[90m)[
39m
    at StreamService.getMeetingRoom [90m(C:\Users\DELL\Desktop\a2a-dr.-ge
mini-intake-agent\[39msrc\server\services\stream.ts:331:7[90m)[39m
[90m    at processTicksAndRejections 
(node:internal/process/task_queues:103:5)[39m {
  code: [32m'STREAM_NETWORK_ERROR'[39m,
  originalError: Error: Database connection failed
      at [90mC:\Users\DELL\Desktop\a2a-dr.-gemini-intake-agent\[39m__tes
ts__\properties\meeting-room-data-consistency.property.test.ts:288:48
      at AsyncProperty.predicate [90m(file:///C:/Users/DELL/Desktop/a2a-d
r.-gemini-intake-agent/[39mnode_modules/[4mfast-check[24m/lib/esm/check
/property/AsyncProperty.js:14:59[90m)[39m
      at AsyncProperty.run [90m(file:///C:/Users/DELL/Desktop/a2a-dr.-gem
ini-intake-agent/[39mnode_modules/[4mfast-check[24m/lib/esm/check/prope
rty/AsyncProperty.generic.js:46:39[90m)[39m
      at asyncRunIt [90m(file:///C:/Users/DELL/Desktop/a2a-dr.-gemini-int
ake-agent/[39mnode_modules/[4mfast-check[24m/lib/esm/check/runner/Runne
r.js:33:36[90m)[39m
  [90m    at processTicksAndRejections 
(node:internal/process/task_queues:103:5)[39m
      at [90mC:\Users\DELL\Desktop\a2a-dr.-gemini-intake-agent\[39m__tes
ts__\properties\meeting-room-data-consistency.property.test.ts:282:5
      at [90mfile:///C:/Users/DELL/Desktop/a2a-dr.-gemini-intake-agent/[
39mnode_modules/[4m@vitest/runner[24m/dist/index.js:533:5
      at runTest [90m(file:///C:/Users/DELL/Desktop/a2a-dr.-gemini-intake
-agent/[39mnode_modules/[4m@vitest/runner[24m/dist/index.js:1056:11[90
m)[39m
      at runSuite [90m(file:///C:/Users/DELL/Desktop/a2a-dr.-gemini-intak
e-agent/[39mnode_modules/[4m@vitest/runner[24m/dist/index.js:1205:15[9
0m)[39m
      at runSuite [90m(file:///C:/Users/DELL/Desktop/a2a-dr.-gemini-intak
e-agent/[39mnode_modules/[4m@vitest/runner[24m/dist/index.js:1205:15[9
0m)[39m,
  retryable: [33mtrue[39m,
  fallbackOptions: [
    {
      id: [32m'retry'[39m,
      label: [32m'Reconnect'[39m,
      description: [32m'Try to reconnect when your connection is 
stable'[39m,
      action: [32m'retry'[39m
    }
  ]
}
Unexpected error: {
  code: [32m'INTERNAL_ERROR'[39m,
  message: [32m'Something went wrong. Please try again later.'[39m,
  context: {
    streamErrorCode: [32m'STREAM_NETWORK_ERROR'[39m,
    retryable: [33mtrue[39m,
    originalMessage: [32m'Database connection failed'[39m,
    operation: [32m'getMeetingRoom'[39m,
    appointmentId: [32m'!33U}&*q$]"*)ET.J`Iu=M)#`VR$1 wqBmx,'[39m
  },
  stack: [32m'Error: Network connection lost. Please check your internet 
connection.\n'[39m +
    [32m'    at toStreamError (C:\\Users\\DELL\\Desktop\\a2a-dr.-gemini-i
ntake-agent\\src\\server\\services\\stream-error-handler.ts:337:10)\n'[39
m +
    [32m'    at Module.logStreamError (C:\\Users\\DELL\\Desktop\\a2a-dr.-
gemini-intake-agent\\src\\server\\services\\stream-error-handler.ts:352:23
)\n'[39m +
    [32m'    at StreamService.getMeetingRoom (C:\\Users\\DELL\\Desktop\\a
2a-dr.-gemini-intake-agent\\src\\server\\services\\stream.ts:331:7)\n'[39
m +
    [32m'    at processTicksAndRejections 
(node:internal/process/task_queues:103:5)'[39m
}
Unhandled error: StreamError: Network connection lost. Please check your 
internet connection.
    at toStreamError [90m(C:\Users\DELL\Desktop\a2a-dr.-gemini-intake-age
nt\[39msrc\server\services\stream-error-handler.ts:337:10[90m)[39m
    at Module.logStreamError [90m(C:\Users\DELL\Desktop\a2a-dr.-gemini-in
take-agent\[39msrc\server\services\stream-error-handler.ts:352:23[90m)[
39m
    at StreamService.getMeetingRoom [90m(C:\Users\DELL\Desktop\a2a-dr.-ge
mini-intake-agent\[39msrc\server\services\stream.ts:331:7[90m)[39m
[90m    at processTicksAndRejections 
(node:internal/process/task_queues:103:5)[39m {
  code: [32m'STREAM_NETWORK_ERROR'[39m,
  originalError: Error: Database connection failed
      at [90mC:\Users\DELL\Desktop\a2a-dr.-gemini-intake-agent\[39m__tes
ts__\properties\meeting-room-data-consistency.property.test.ts:288:48
      at AsyncProperty.predicate [90m(file:///C:/Users/DELL/Desktop/a2a-d
r.-gemini-intake-agent/[39mnode_modules/[4mfast-check[24m/lib/esm/check
/property/AsyncProperty.js:14:59[90m)[39m
      at AsyncProperty.run [90m(file:///C:/Users/DELL/Desktop/a2a-dr.-gem
ini-intake-agent/[39mnode_modules/[4mfast-check[24m/lib/esm/check/prope
rty/AsyncProperty.generic.js:46:39[90m)[39m
      at asyncRunIt [90m(file:///C:/Users/DELL/Desktop/a2a-dr.-gemini-int
ake-agent/[39mnode_modules/[4mfast-check[24m/lib/esm/check/runner/Runne
r.js:33:36[90m)[39m
  [90m    at processTicksAndRejections 
(node:internal/process/task_queues:103:5)[39m
      at [90mC:\Users\DELL\Desktop\a2a-dr.-gemini-intake-agent\[39m__tes
ts__\properties\meeting-room-data-consistency.property.test.ts:282:5
      at [90mfile:///C:/Users/DELL/Desktop/a2a-dr.-gemini-intake-agent/[
39mnode_modules/[4m@vitest/runner[24m/dist/index.js:533:5
      at runTest [90m(file:///C:/Users/DELL/Desktop/a2a-dr.-gemini-intake
-agent/[39mnode_modules/[4m@vitest/runner[24m/dist/index.js:1056:11[90
m)[39m
      at runSuite [90m(file:///C:/Users/DELL/Desktop/a2a-dr.-gemini-intak
e-agent/[39mnode_modules/[4m@vitest/runner[24m/dist/index.js:1205:15[9
0m)[39m
      at runSuite [90m(file:///C:/Users/DELL/Desktop/a2a-dr.-gemini-intak
e-agent/[39mnode_modules/[4m@vitest/runner[24m/dist/index.js:1205:15[9
0m)[39m,
  retryable: [33mtrue[39m,
  fallbackOptions: [
    {
      id: [32m'retry'[39m,
      label: [32m'Reconnect'[39m,
      description: [32m'Try to reconnect when your connection is 
stable'[39m,
      action: [32m'retry'[39m
    }
  ]
}
Unexpected error: {
  code: [32m'INTERNAL_ERROR'[39m,
  message: [32m'Something went wrong. Please try again later.'[39m,
  context: {
    streamErrorCode: [32m'STREAM_NETWORK_ERROR'[39m,
    retryable: [33mtrue[39m,
    originalMessage: [32m'Database connection failed'[39m,
    operation: [32m'getMeetingRoom'[39m,
    appointmentId: [32m`*{|!z=>d&.o~y }?z=dMU"""4 Q"~# ^x}f'`[39m
  },
  stack: [32m'Error: Network connection lost. Please check your internet 
connection.\n'[39m +
    [32m'    at toStreamError (C:\\Users\\DELL\\Desktop\\a2a-dr.-gemini-i
ntake-agent\\src\\server\\services\\stream-error-handler.ts:337:10)\n'[39
m +
    [32m'    at Module.logStreamError (C:\\Users\\DELL\\Desktop\\a2a-dr.-
gemini-intake-agent\\src\\server\\services\\stream-error-handler.ts:352:23
)\n'[39m +
    [32m'    at StreamService.getMeetingRoom (C:\\Users\\DELL\\Desktop\\a
2a-dr.-gemini-intake-agent\\src\\server\\services\\stream.ts:331:7)\n'[39
m +
    [32m'    at processTicksAndRejections 
(node:internal/process/task_queues:103:5)'[39m
}
Unhandled error: StreamError: Network connection lost. Please check your 
internet connection.
    at toStreamError [90m(C:\Users\DELL\Desktop\a2a-dr.-gemini-intake-age
nt\[39msrc\server\services\stream-error-handler.ts:337:10[90m)[39m
    at Module.logStreamError [90m(C:\Users\DELL\Desktop\a2a-dr.-gemini-in
take-agent\[39msrc\server\services\stream-error-handler.ts:352:23[90m)[
39m
    at StreamService.getMeetingRoom [90m(C:\Users\DELL\Desktop\a2a-dr.-ge
mini-intake-agent\[39msrc\server\services\stream.ts:331:7[90m)[39m
[90m    at processTicksAndRejections 
(node:internal/process/task_queues:103:5)[39m {
  code: [32m'STREAM_NETWORK_ERROR'[39m,
  originalError: Error: Database connection failed
      at [90mC:\Users\DELL\Desktop\a2a-dr.-gemini-intake-agent\[39m__tes
ts__\properties\meeting-room-data-consistency.property.test.ts:288:48
      at AsyncProperty.predicate [90m(file:///C:/Users/DELL/Desktop/a2a-d
r.-gemini-intake-agent/[39mnode_modules/[4mfast-check[24m/lib/esm/check
/property/AsyncProperty.js:14:59[90m)[39m
      at AsyncProperty.run [90m(file:///C:/Users/DELL/Desktop/a2a-dr.-gem
ini-intake-agent/[39mnode_modules/[4mfast-check[24m/lib/esm/check/prope
rty/AsyncProperty.generic.js:46:39[90m)[39m
      at asyncRunIt [90m(file:///C:/Users/DELL/Desktop/a2a-dr.-gemini-int
ake-agent/[39mnode_modules/[4mfast-check[24m/lib/esm/check/runner/Runne
r.js:33:36[90m)[39m
  [90m    at processTicksAndRejections 
(node:internal/process/task_queues:103:5)[39m
      at [90mC:\Users\DELL\Desktop\a2a-dr.-gemini-intake-agent\[39m__tes
ts__\properties\meeting-room-data-consistency.property.test.ts:282:5
      at [90mfile:///C:/Users/DELL/Desktop/a2a-dr.-gemini-intake-agent/[
39mnode_modules/[4m@vitest/runner[24m/dist/index.js:533:5
      at runTest [90m(file:///C:/Users/DELL/Desktop/a2a-dr.-gemini-intake
-agent/[39mnode_modules/[4m@vitest/runner[24m/dist/index.js:1056:11[90
m)[39m
      at runSuite [90m(file:///C:/Users/DELL/Desktop/a2a-dr.-gemini-intak
e-agent/[39mnode_modules/[4m@vitest/runner[24m/dist/index.js:1205:15[9
0m)[39m
      at runSuite [90m(file:///C:/Users/DELL/Desktop/a2a-dr.-gemini-intak
e-agent/[39mnode_modules/[4m@vitest/runner[24m/dist/index.js:1205:15[9
0m)[39m,
  retryable: [33mtrue[39m,
  fallbackOptions: [
    {
      id: [32m'retry'[39m,
      label: [32m'Reconnect'[39m,
      description: [32m'Try to reconnect when your connection is 
stable'[39m,
      action: [32m'retry'[39m
    }
  ]
}
Unexpected error: {
  code: [32m'INTERNAL_ERROR'[39m,
  message: [32m'Something went wrong. Please try again later.'[39m,
  context: {
    streamErrorCode: [32m'STREAM_NETWORK_ERROR'[39m,
    retryable: [33mtrue[39m,
    originalMessage: [32m'Database connection failed'[39m,
    operation: [32m'getMeetingRoom'[39m,
    appointmentId: [32m'$%/VA#% |p$x`w|9zs O,%:bk@~7hg2!Qek"'[39m
  },
  stack: [32m'Error: Network connection lost. Please check your internet 
connection.\n'[39m +
    [32m'    at toStreamError (C:\\Users\\DELL\\Desktop\\a2a-dr.-gemini-i
ntake-agent\\src\\server\\services\\stream-error-handler.ts:337:10)\n'[39
m +
    [32m'    at Module.logStreamError (C:\\Users\\DELL\\Desktop\\a2a-dr.-
gemini-intake-agent\\src\\server\\services\\stream-error-handler.ts:352:23
)\n'[39m +
    [32m'    at StreamService.getMeetingRoom (C:\\Users\\DELL\\Desktop\\a
2a-dr.-gemini-intake-agent\\src\\server\\services\\stream.ts:331:7)\n'[39
m +
    [32m'    at processTicksAndRejections 
(node:internal/process/task_queues:103:5)'[39m
}
Unhandled error: StreamError: Network connection lost. Please check your 
internet connection.
    at toStreamError [90m(C:\Users\DELL\Desktop\a2a-dr.-gemini-intake-age
nt\[39msrc\server\services\stream-error-handler.ts:337:10[90m)[39m
    at Module.logStreamError [90m(C:\Users\DELL\Desktop\a2a-dr.-gemini-in
take-agent\[39msrc\server\services\stream-error-handler.ts:352:23[90m)[
39m
    at StreamService.getMeetingRoom [90m(C:\Users\DELL\Desktop\a2a-dr.-ge
mini-intake-agent\[39msrc\server\services\stream.ts:331:7[90m)[39m
[90m    at processTicksAndRejections 
(node:internal/process/task_queues:103:5)[39m {
  code: [32m'STREAM_NETWORK_ERROR'[39m,
  originalError: Error: Database connection failed
      at [90mC:\Users\DELL\Desktop\a2a-dr.-gemini-intake-agent\[39m__tes
ts__\properties\meeting-room-data-consistency.property.test.ts:288:48
      at AsyncProperty.predicate [90m(file:///C:/Users/DELL/Desktop/a2a-d
r.-gemini-intake-agent/[39mnode_modules/[4mfast-check[24m/lib/esm/check
/property/AsyncProperty.js:14:59[90m)[39m
      at AsyncProperty.run [90m(file:///C:/Users/DELL/Desktop/a2a-dr.-gem
ini-intake-agent/[39mnode_modules/[4mfast-check[24m/lib/esm/check/prope
rty/AsyncProperty.generic.js:46:39[90m)[39m
      at asyncRunIt [90m(file:///C:/Users/DELL/Desktop/a2a-dr.-gemini-int
ake-agent/[39mnode_modules/[4mfast-check[24m/lib/esm/check/runner/Runne
r.js:33:36[90m)[39m
  [90m    at processTicksAndRejections 
(node:internal/process/task_queues:103:5)[39m
      at [90mC:\Users\DELL\Desktop\a2a-dr.-gemini-intake-agent\[39m__tes
ts__\properties\meeting-room-data-consistency.property.test.ts:282:5
      at [90mfile:///C:/Users/DELL/Desktop/a2a-dr.-gemini-intake-agent/[
39mnode_modules/[4m@vitest/runner[24m/dist/index.js:533:5
      at runTest [90m(file:///C:/Users/DELL/Desktop/a2a-dr.-gemini-intake
-agent/[39mnode_modules/[4m@vitest/runner[24m/dist/index.js:1056:11[90
m)[39m
      at runSuite [90m(file:///C:/Users/DELL/Desktop/a2a-dr.-gemini-intak
e-agent/[39mnode_modules/[4m@vitest/runner[24m/dist/index.js:1205:15[9
0m)[39m
      at runSuite [90m(file:///C:/Users/DELL/Desktop/a2a-dr.-gemini-intak
e-agent/[39mnode_modules/[4m@vitest/runner[24m/dist/index.js:1205:15[9
0m)[39m,
  retryable: [33mtrue[39m,
  fallbackOptions: [
    {
      id: [32m'retry'[39m,
      label: [32m'Reconnect'[39m,
      description: [32m'Try to reconnect when your connection is 
stable'[39m,
      action: [32m'retry'[39m
    }
  ]
}
Unexpected error: {
  code: [32m'INTERNAL_ERROR'[39m,
  message: [32m'Something went wrong. Please try again later.'[39m,
  context: {
    streamErrorCode: [32m'STREAM_NETWORK_ERROR'[39m,
    retryable: [33mtrue[39m,
    originalMessage: [32m'Database connection failed'[39m,
    operation: [32m'getMeetingRoom'[39m,
    appointmentId: [32m'%:bS"L!~ feg`Qja!$-Av6b8|z}z-g smQRW'[39m
  },
  stack: [32m'Error: Network connection lost. Please check your internet 
connection.\n'[39m +
    [32m'    at toStreamError (C:\\Users\\DELL\\Desktop\\a2a-dr.-gemini-i
ntake-agent\\src\\server\\services\\stream-error-handler.ts:337:10)\n'[39
m +
    [32m'    at Module.logStreamError (C:\\Users\\DELL\\Desktop\\a2a-dr.-
gemini-intake-agent\\src\\server\\services\\stream-error-handler.ts:352:23
)\n'[39m +
    [32m'    at StreamService.getMeetingRoom (C:\\Users\\DELL\\Desktop\\a
2a-dr.-gemini-intake-agent\\src\\server\\services\\stream.ts:331:7)\n'[39
m +
    [32m'    at processTicksAndRejections 
(node:internal/process/task_queues:103:5)'[39m
}
Unhandled error: StreamError: Network connection lost. Please check your 
internet connection.
    at toStreamError [90m(C:\Users\DELL\Desktop\a2a-dr.-gemini-intake-age
nt\[39msrc\server\services\stream-error-handler.ts:337:10[90m)[39m
    at Module.logStreamError [90m(C:\Users\DELL\Desktop\a2a-dr.-gemini-in
take-agent\[39msrc\server\services\stream-error-handler.ts:352:23[90m)[
39m
    at StreamService.getMeetingRoom [90m(C:\Users\DELL\Desktop\a2a-dr.-ge
mini-intake-agent\[39msrc\server\services\stream.ts:331:7[90m)[39m
[90m    at processTicksAndRejections 
(node:internal/process/task_queues:103:5)[39m {
  code: [32m'STREAM_NETWORK_ERROR'[39m,
  originalError: Error: Database connection failed
      at [90mC:\Users\DELL\Desktop\a2a-dr.-gemini-intake-agent\[39m__tes
ts__\properties\meeting-room-data-consistency.property.test.ts:288:48
      at AsyncProperty.predicate [90m(file:///C:/Users/DELL/Desktop/a2a-d
r.-gemini-intake-agent/[39mnode_modules/[4mfast-check[24m/lib/esm/check
/property/AsyncProperty.js:14:59[90m)[39m
      at AsyncProperty.run [90m(file:///C:/Users/DELL/Desktop/a2a-dr.-gem
ini-intake-agent/[39mnode_modules/[4mfast-check[24m/lib/esm/check/prope
rty/AsyncProperty.generic.js:46:39[90m)[39m
      at asyncRunIt [90m(file:///C:/Users/DELL/Desktop/a2a-dr.-gemini-int
ake-agent/[39mnode_modules/[4mfast-check[24m/lib/esm/check/runner/Runne
r.js:33:36[90m)[39m
  [90m    at processTicksAndRejections 
(node:internal/process/task_queues:103:5)[39m
      at [90mC:\Users\DELL\Desktop\a2a-dr.-gemini-intake-agent\[39m__tes
ts__\properties\meeting-room-data-consistency.property.test.ts:282:5
      at [90mfile:///C:/Users/DELL/Desktop/a2a-dr.-gemini-intake-agent/[
39mnode_modules/[4m@vitest/runner[24m/dist/index.js:533:5
      at runTest [90m(file:///C:/Users/DELL/Desktop/a2a-dr.-gemini-intake
-agent/[39mnode_modules/[4m@vitest/runner[24m/dist/index.js:1056:11[90
m)[39m
      at runSuite [90m(file:///C:/Users/DELL/Desktop/a2a-dr.-gemini-intak
e-agent/[39mnode_modules/[4m@vitest/runner[24m/dist/index.js:1205:15[9
0m)[39m
      at runSuite [90m(file:///C:/Users/DELL/Desktop/a2a-dr.-gemini-intak
e-agent/[39mnode_modules/[4m@vitest/runner[24m/dist/index.js:1205:15[9
0m)[39m,
  retryable: [33mtrue[39m,
  fallbackOptions: [
    {
      id: [32m'retry'[39m,
      label: [32m'Reconnect'[39m,
      description: [32m'Try to reconnect when your connection is 
stable'[39m,
      action: [32m'retry'[39m
    }
  ]
}
Unexpected error: {
  code: [32m'INTERNAL_ERROR'[39m,
  message: [32m'Something went wrong. Please try again later.'[39m,
  context: {
    streamErrorCode: [32m'STREAM_NETWORK_ERROR'[39m,
    retryable: [33mtrue[39m,
    originalMessage: [32m'Database connection failed'[39m,
    operation: [32m'getMeetingRoom'[39m,
    appointmentId: [32m'5H#~}"3#${~ZJIqhKj#Kd%!d!A &kz9Rv~8b'[39m
  },
  stack: [32m'Error: Network connection lost. Please check your internet 
connection.\n'[39m +
    [32m'    at toStreamError (C:\\Users\\DELL\\Desktop\\a2a-dr.-gemini-i
ntake-agent\\src\\server\\services\\stream-error-handler.ts:337:10)\n'[39
m +
    [32m'    at Module.logStreamError (C:\\Users\\DELL\\Desktop\\a2a-dr.-
gemini-intake-agent\\src\\server\\services\\stream-error-handler.ts:352:23
)\n'[39m +
    [32m'    at StreamService.getMeetingRoom (C:\\Users\\DELL\\Desktop\\a
2a-dr.-gemini-intake-agent\\src\\server\\services\\stream.ts:331:7)\n'[39
m +
    [32m'    at processTicksAndRejections 
(node:internal/process/task_queues:103:5)'[39m
}
Unhandled error: StreamError: Network connection lost. Please check your 
internet connection.
    at toStreamError [90m(C:\Users\DELL\Desktop\a2a-dr.-gemini-intake-age
nt\[39msrc\server\services\stream-error-handler.ts:337:10[90m)[39m
    at Module.logStreamError [90m(C:\Users\DELL\Desktop\a2a-dr.-gemini-in
take-agent\[39msrc\server\services\stream-error-handler.ts:352:23[90m)[
39m
    at StreamService.getMeetingRoom [90m(C:\Users\DELL\Desktop\a2a-dr.-ge
mini-intake-agent\[39msrc\server\services\stream.ts:331:7[90m)[39m
[90m    at processTicksAndRejections 
(node:internal/process/task_queues:103:5)[39m {
  code: [32m'STREAM_NETWORK_ERROR'[39m,
  originalError: Error: Database connection failed
      at [90mC:\Users\DELL\Desktop\a2a-dr.-gemini-intake-agent\[39m__tes
ts__\properties\meeting-room-data-consistency.property.test.ts:288:48
      at AsyncProperty.predicate [90m(file:///C:/Users/DELL/Desktop/a2a-d
r.-gemini-intake-agent/[39mnode_modules/[4mfast-check[24m/lib/esm/check
/property/AsyncProperty.js:14:59[90m)[39m
      at AsyncProperty.run [90m(file:///C:/Users/DELL/Desktop/a2a-dr.-gem
ini-intake-agent/[39mnode_modules/[4mfast-check[24m/lib/esm/check/prope
rty/AsyncProperty.generic.js:46:39[90m)[39m
      at asyncRunIt [90m(file:///C:/Users/DELL/Desktop/a2a-dr.-gemini-int
ake-agent/[39mnode_modules/[4mfast-check[24m/lib/esm/check/runner/Runne
r.js:33:36[90m)[39m
  [90m    at processTicksAndRejections 
(node:internal/process/task_queues:103:5)[39m
      at [90mC:\Users\DELL\Desktop\a2a-dr.-gemini-intake-agent\[39m__tes
ts__\properties\meeting-room-data-consistency.property.test.ts:282:5
      at [90mfile:///C:/Users/DELL/Desktop/a2a-dr.-gemini-intake-agent/[
39mnode_modules/[4m@vitest/runner[24m/dist/index.js:533:5
      at runTest [90m(file:///C:/Users/DELL/Desktop/a2a-dr.-gemini-intake
-agent/[39mnode_modules/[4m@vitest/runner[24m/dist/index.js:1056:11[90
m)[39m
      at runSuite [90m(file:///C:/Users/DELL/Desktop/a2a-dr.-gemini-intak
e-agent/[39mnode_modules/[4m@vitest/runner[24m/dist/index.js:1205:15[9
0m)[39m
      at runSuite [90m(file:///C:/Users/DELL/Desktop/a2a-dr.-gemini-intak
e-agent/[39mnode_modules/[4m@vitest/runner[24m/dist/index.js:1205:15[9
0m)[39m,
  retryable: [33mtrue[39m,
  fallbackOptions: [
    {
      id: [32m'retry'[39m,
      label: [32m'Reconnect'[39m,
      description: [32m'Try to reconnect when your connection is 
stable'[39m,
      action: [32m'retry'[39m
    }
  ]
}
Unexpected error: {
  code: [32m'INTERNAL_ERROR'[39m,
  message: [32m'Something went wrong. Please try again later.'[39m,
  context: {
    streamErrorCode: [32m'STREAM_NETWORK_ERROR'[39m,
    retryable: [33mtrue[39m,
    originalMessage: [32m'Database connection failed'[39m,
    operation: [32m'getMeetingRoom'[39m,
    appointmentId: [32m'@o>T" njc8YI"s!x{[O!ey\\K%/;z%%t\\*"a$'[39m
  },
  stack: [32m'Error: Network connection lost. Please check your internet 
connection.\n'[39m +
    [32m'    at toStreamError (C:\\Users\\DELL\\Desktop\\a2a-dr.-gemini-i
ntake-agent\\src\\server\\services\\stream-error-handler.ts:337:10)\n'[39
m +
    [32m'    at Module.logStreamError (C:\\Users\\DELL\\Desktop\\a2a-dr.-
gemini-intake-agent\\src\\server\\services\\stream-error-handler.ts:352:23
)\n'[39m +
    [32m'    at StreamService.getMeetingRoom (C:\\Users\\DELL\\Desktop\\a
2a-dr.-gemini-intake-agent\\src\\server\\services\\stream.ts:331:7)\n'[39
m +
    [32m'    at processTicksAndRejections 
(node:internal/process/task_queues:103:5)'[39m
}
Unhandled error: StreamError: Network connection lost. Please check your 
internet connection.
    at toStreamError [90m(C:\Users\DELL\Desktop\a2a-dr.-gemini-intake-age
nt\[39msrc\server\services\stream-error-handler.ts:337:10[90m)[39m
    at Module.logStreamError [90m(C:\Users\DELL\Desktop\a2a-dr.-gemini-in
take-agent\[39msrc\server\services\stream-error-handler.ts:352:23[90m)[
39m
    at StreamService.getMeetingRoom [90m(C:\Users\DELL\Desktop\a2a-dr.-ge
mini-intake-agent\[39msrc\server\services\stream.ts:331:7[90m)[39m
[90m    at processTicksAndRejections 
(node:internal/process/task_queues:103:5)[39m {
  code: [32m'STREAM_NETWORK_ERROR'[39m,
  originalError: Error: Database connection failed
      at [90mC:\Users\DELL\Desktop\a2a-dr.-gemini-intake-agent\[39m__tes
ts__\properties\meeting-room-data-consistency.property.test.ts:288:48
      at AsyncProperty.predicate [90m(file:///C:/Users/DELL/Desktop/a2a-d
r.-gemini-intake-agent/[39mnode_modules/[4mfast-check[24m/lib/esm/check
/property/AsyncProperty.js:14:59[90m)[39m
      at AsyncProperty.run [90m(file:///C:/Users/DELL/Desktop/a2a-dr.-gem
ini-intake-agent/[39mnode_modules/[4mfast-check[24m/lib/esm/check/prope
rty/AsyncProperty.generic.js:46:39[90m)[39m
      at asyncRunIt [90m(file:///C:/Users/DELL/Desktop/a2a-dr.-gemini-int
ake-agent/[39mnode_modules/[4mfast-check[24m/lib/esm/check/runner/Runne
r.js:33:36[90m)[39m
  [90m    at processTicksAndRejections 
(node:internal/process/task_queues:103:5)[39m
      at [90mC:\Users\DELL\Desktop\a2a-dr.-gemini-intake-agent\[39m__tes
ts__\properties\meeting-room-data-consistency.property.test.ts:282:5
      at [90mfile:///C:/Users/DELL/Desktop/a2a-dr.-gemini-intake-agent/[
39mnode_modules/[4m@vitest/runner[24m/dist/index.js:533:5
      at runTest [90m(file:///C:/Users/DELL/Desktop/a2a-dr.-gemini-intake
-agent/[39mnode_modules/[4m@vitest/runner[24m/dist/index.js:1056:11[90
m)[39m
      at runSuite [90m(file:///C:/Users/DELL/Desktop/a2a-dr.-gemini-intak
e-agent/[39mnode_modules/[4m@vitest/runner[24m/dist/index.js:1205:15[9
0m)[39m
      at runSuite [90m(file:///C:/Users/DELL/Desktop/a2a-dr.-gemini-intak
e-agent/[39mnode_modules/[4m@vitest/runner[24m/dist/index.js:1205:15[9
0m)[39m,
  retryable: [33mtrue[39m,
  fallbackOptions: [
    {
      id: [32m'retry'[39m,
      label: [32m'Reconnect'[39m,
      description: [32m'Try to reconnect when your connection is 
stable'[39m,
      action: [32m'retry'[39m
    }
  ]
}
Unexpected error: {
  code: [32m'INTERNAL_ERROR'[39m,
  message: [32m'Something went wrong. Please try again later.'[39m,
  context: {
    streamErrorCode: [32m'STREAM_NETWORK_ERROR'[39m,
    retryable: [33mtrue[39m,
    originalMessage: [32m'Database connection failed'[39m,
    operation: [32m'getMeetingRoom'[39m,
    appointmentId: [32m'&" &%% aOeZ5{is.N4$="xy#~Ww| 5v{"?{ '[39m
  },
  stack: [32m'Error: Network connection lost. Please check your internet 
connection.\n'[39m +
    [32m'    at toStreamError (C:\\Users\\DELL\\Desktop\\a2a-dr.-gemini-i
ntake-agent\\src\\server\\services\\stream-error-handler.ts:337:10)\n'[39
m +
    [32m'    at Module.logStreamError (C:\\Users\\DELL\\Desktop\\a2a-dr.-
gemini-intake-agent\\src\\server\\services\\stream-error-handler.ts:352:23
)\n'[39m +
    [32m'    at StreamService.getMeetingRoom (C:\\Users\\DELL\\Desktop\\a
2a-dr.-gemini-intake-agent\\src\\server\\services\\stream.ts:331:7)\n'[39
m +
    [32m'    at processTicksAndRejections 
(node:internal/process/task_queues:103:5)'[39m
}
Unhandled error: StreamError: Network connection lost. Please check your 
internet connection.
    at toStreamError [90m(C:\Users\DELL\Desktop\a2a-dr.-gemini-intake-age
nt\[39msrc\server\services\stream-error-handler.ts:337:10[90m)[39m
    at Module.logStreamError [90m(C:\Users\DELL\Desktop\a2a-dr.-gemini-in
take-agent\[39msrc\server\services\stream-error-handler.ts:352:23[90m)[
39m
    at StreamService.getMeetingRoom [90m(C:\Users\DELL\Desktop\a2a-dr.-ge
mini-intake-agent\[39msrc\server\services\stream.ts:331:7[90m)[39m
[90m    at processTicksAndRejections 
(node:internal/process/task_queues:103:5)[39m {
  code: [32m'STREAM_NETWORK_ERROR'[39m,
  originalError: Error: Database connection failed
      at [90mC:\Users\DELL\Desktop\a2a-dr.-gemini-intake-agent\[39m__tes
ts__\properties\meeting-room-data-consistency.property.test.ts:288:48
      at AsyncProperty.predicate [90m(file:///C:/Users/DELL/Desktop/a2a-d
r.-gemini-intake-agent/[39mnode_modules/[4mfast-check[24m/lib/esm/check
/property/AsyncProperty.js:14:59[90m)[39m
      at AsyncProperty.run [90m(file:///C:/Users/DELL/Desktop/a2a-dr.-gem
ini-intake-agent/[39mnode_modules/[4mfast-check[24m/lib/esm/check/prope
rty/AsyncProperty.generic.js:46:39[90m)[39m
      at asyncRunIt [90m(file:///C:/Users/DELL/Desktop/a2a-dr.-gemini-int
ake-agent/[39mnode_modules/[4mfast-check[24m/lib/esm/check/runner/Runne
r.js:33:36[90m)[39m
  [90m    at processTicksAndRejections 
(node:internal/process/task_queues:103:5)[39m
      at [90mC:\Users\DELL\Desktop\a2a-dr.-gemini-intake-agent\[39m__tes
ts__\properties\meeting-room-data-consistency.property.test.ts:282:5
      at [90mfile:///C:/Users/DELL/Desktop/a2a-dr.-gemini-intake-agent/[
39mnode_modules/[4m@vitest/runner[24m/dist/index.js:533:5
      at runTest [90m(file:///C:/Users/DELL/Desktop/a2a-dr.-gemini-intake
-agent/[39mnode_modules/[4m@vitest/runner[24m/dist/index.js:1056:11[90
m)[39m
      at runSuite [90m(file:///C:/Users/DELL/Desktop/a2a-dr.-gemini-intak
e-agent/[39mnode_modules/[4m@vitest/runner[24m/dist/index.js:1205:15[9
0m)[39m
      at runSuite [90m(file:///C:/Users/DELL/Desktop/a2a-dr.-gemini-intak
e-agent/[39mnode_modules/[4m@vitest/runner[24m/dist/index.js:1205:15[9
0m)[39m,
  retryable: [33mtrue[39m,
  fallbackOptions: [
    {
      id: [32m'retry'[39m,
      label: [32m'Reconnect'[39m,
      description: [32m'Try to reconnect when your connection is 
stable'[39m,
      action: [32m'retry'[39m
    }
  ]
}
Unexpected error: {
  code: [32m'INTERNAL_ERROR'[39m,
  message: [32m'Something went wrong. Please try again later.'[39m,
  context: {
    streamErrorCode: [32m'STREAM_NETWORK_ERROR'[39m,
    retryable: [33mtrue[39m,
    originalMessage: [32m'Database connection failed'[39m,
    operation: [32m'getMeetingRoom'[39m,
    appointmentId: [32m'[h-A@%z&#T! zn3;j&WxH<E#}Uf?!}TM|gxa'[39m
  },
  stack: [32m'Error: Network connection lost. Please check your internet 
connection.\n'[39m +
    [32m'    at toStreamError (C:\\Users\\DELL\\Desktop\\a2a-dr.-gemini-i
ntake-agent\\src\\server\\services\\stream-error-handler.ts:337:10)\n'[39
m +
    [32m'    at Module.logStreamError (C:\\Users\\DELL\\Desktop\\a2a-dr.-
gemini-intake-agent\\src\\server\\services\\stream-error-handler.ts:352:23
)\n'[39m +
    [32m'    at StreamService.getMeetingRoom (C:\\Users\\DELL\\Desktop\\a
2a-dr.-gemini-intake-agent\\src\\server\\services\\stream.ts:331:7)\n'[39
m +
    [32m'    at processTicksAndRejections 
(node:internal/process/task_queues:103:5)'[39m
}
Unhandled error: StreamError: Network connection lost. Please check your 
internet connection.
    at toStreamError [90m(C:\Users\DELL\Desktop\a2a-dr.-gemini-intake-age
nt\[39msrc\server\services\stream-error-handler.ts:337:10[90m)[39m
    at Module.logStreamError [90m(C:\Users\DELL\Desktop\a2a-dr.-gemini-in
take-agent\[39msrc\server\services\stream-error-handler.ts:352:23[90m)[
39m
    at StreamService.getMeetingRoom [90m(C:\Users\DELL\Desktop\a2a-dr.-ge
mini-intake-agent\[39msrc\server\services\stream.ts:331:7[90m)[39m
[90m    at processTicksAndRejections 
(node:internal/process/task_queues:103:5)[39m {
  code: [32m'STREAM_NETWORK_ERROR'[39m,
  originalError: Error: Database connection failed
      at [90mC:\Users\DELL\Desktop\a2a-dr.-gemini-intake-agent\[39m__tes
ts__\properties\meeting-room-data-consistency.property.test.ts:288:48
      at AsyncProperty.predicate [90m(file:///C:/Users/DELL/Desktop/a2a-d
r.-gemini-intake-agent/[39mnode_modules/[4mfast-check[24m/lib/esm/check
/property/AsyncProperty.js:14:59[90m)[39m
      at AsyncProperty.run [90m(file:///C:/Users/DELL/Desktop/a2a-dr.-gem
ini-intake-agent/[39mnode_modules/[4mfast-check[24m/lib/esm/check/prope
rty/AsyncProperty.generic.js:46:39[90m)[39m
      at asyncRunIt [90m(file:///C:/Users/DELL/Desktop/a2a-dr.-gemini-int
ake-agent/[39mnode_modules/[4mfast-check[24m/lib/esm/check/runner/Runne
r.js:33:36[90m)[39m
  [90m    at processTicksAndRejections 
(node:internal/process/task_queues:103:5)[39m
      at [90mC:\Users\DELL\Desktop\a2a-dr.-gemini-intake-agent\[39m__tes
ts__\properties\meeting-room-data-consistency.property.test.ts:282:5
      at [90mfile:///C:/Users/DELL/Desktop/a2a-dr.-gemini-intake-agent/[
39mnode_modules/[4m@vitest/runner[24m/dist/index.js:533:5
      at runTest [90m(file:///C:/Users/DELL/Desktop/a2a-dr.-gemini-intake
-agent/[39mnode_modules/[4m@vitest/runner[24m/dist/index.js:1056:11[90
m)[39m
      at runSuite [90m(file:///C:/Users/DELL/Desktop/a2a-dr.-gemini-intak
e-agent/[39mnode_modules/[4m@vitest/runner[24m/dist/index.js:1205:15[9
0m)[39m
      at runSuite [90m(file:///C:/Users/DELL/Desktop/a2a-dr.-gemini-intak
e-agent/[39mnode_modules/[4m@vitest/runner[24m/dist/index.js:1205:15[9
0m)[39m,
  retryable: [33mtrue[39m,
  fallbackOptions: [
    {
      id: [32m'retry'[39m,
      label: [32m'Reconnect'[39m,
      description: [32m'Try to reconnect when your connection is 
stable'[39m,
      action: [32m'retry'[39m
    }
  ]
}
Unexpected error: {
  code: [32m'INTERNAL_ERROR'[39m,
  message: [32m'Something went wrong. Please try again later.'[39m,
  context: {
    streamErrorCode: [32m'STREAM_NETWORK_ERROR'[39m,
    retryable: [33mtrue[39m,
    originalMessage: [32m'Database connection failed'[39m,
    operation: [32m'getMeetingRoom'[39m,
    appointmentId: [32m'#%}"{R##j=JybZ9xE!2$?$w%=B"J8f[|fa5}'[39m
  },
  stack: [32m'Error: Network connection lost. Please check your internet 
connection.\n'[39m +
    [32m'    at toStreamError (C:\\Users\\DELL\\Desktop\\a2a-dr.-gemini-i
ntake-agent\\src\\server\\services\\stream-error-handler.ts:337:10)\n'[39
m +
    [32m'    at Module.logStreamError (C:\\Users\\DELL\\Desktop\\a2a-dr.-
gemini-intake-agent\\src\\server\\services\\stream-error-handler.ts:352:23
)\n'[39m +
    [32m'    at StreamService.getMeetingRoom (C:\\Users\\DELL\\Desktop\\a
2a-dr.-gemini-intake-agent\\src\\server\\services\\stream.ts:331:7)\n'[39
m +
    [32m'    at processTicksAndRejections 
(node:internal/process/task_queues:103:5)'[39m
}
Unhandled error: StreamError: Network connection lost. Please check your 
internet connection.
    at toStreamError [90m(C:\Users\DELL\Desktop\a2a-dr.-gemini-intake-age
nt\[39msrc\server\services\stream-error-handler.ts:337:10[90m)[39m
    at Module.logStreamError [90m(C:\Users\DELL\Desktop\a2a-dr.-gemini-in
take-agent\[39msrc\server\services\stream-error-handler.ts:352:23[90m)[
39m
    at StreamService.getMeetingRoom [90m(C:\Users\DELL\Desktop\a2a-dr.-ge
mini-intake-agent\[39msrc\server\services\stream.ts:331:7[90m)[39m
[90m    at processTicksAndRejections 
(node:internal/process/task_queues:103:5)[39m {
  code: [32m'STREAM_NETWORK_ERROR'[39m,
  originalError: Error: Database connection failed
      at [90mC:\Users\DELL\Desktop\a2a-dr.-gemini-intake-agent\[39m__tes
ts__\properties\meeting-room-data-consistency.property.test.ts:288:48
      at AsyncProperty.predicate [90m(file:///C:/Users/DELL/Desktop/a2a-d
r.-gemini-intake-agent/[39mnode_modules/[4mfast-check[24m/lib/esm/check
/property/AsyncProperty.js:14:59[90m)[39m
      at AsyncProperty.run [90m(file:///C:/Users/DELL/Desktop/a2a-dr.-gem
ini-intake-agent/[39mnode_modules/[4mfast-check[24m/lib/esm/check/prope
rty/AsyncProperty.generic.js:46:39[90m)[39m
      at asyncRunIt [90m(file:///C:/Users/DELL/Desktop/a2a-dr.-gemini-int
ake-agent/[39mnode_modules/[4mfast-check[24m/lib/esm/check/runner/Runne
r.js:33:36[90m)[39m
  [90m    at processTicksAndRejections 
(node:internal/process/task_queues:103:5)[39m
      at [90mC:\Users\DELL\Desktop\a2a-dr.-gemini-intake-agent\[39m__tes
ts__\properties\meeting-room-data-consistency.property.test.ts:282:5
      at [90mfile:///C:/Users/DELL/Desktop/a2a-dr.-gemini-intake-agent/[
39mnode_modules/[4m@vitest/runner[24m/dist/index.js:533:5
      at runTest [90m(file:///C:/Users/DELL/Desktop/a2a-dr.-gemini-intake
-agent/[39mnode_modules/[4m@vitest/runner[24m/dist/index.js:1056:11[90
m)[39m
      at runSuite [90m(file:///C:/Users/DELL/Desktop/a2a-dr.-gemini-intak
e-agent/[39mnode_modules/[4m@vitest/runner[24m/dist/index.js:1205:15[9
0m)[39m
      at runSuite [90m(file:///C:/Users/DELL/Desktop/a2a-dr.-gemini-intak
e-agent/[39mnode_modules/[4m@vitest/runner[24m/dist/index.js:1205:15[9
0m)[39m,
  retryable: [33mtrue[39m,
  fallbackOptions: [
    {
      id: [32m'retry'[39m,
      label: [32m'Reconnect'[39m,
      description: [32m'Try to reconnect when your connection is 
stable'[39m,
      action: [32m'retry'[39m
    }
  ]
}
Unexpected error: {
  code: [32m'INTERNAL_ERROR'[39m,
  message: [32m'Something went wrong. Please try again later.'[39m,
  context: {
    streamErrorCode: [32m'STREAM_NETWORK_ERROR'[39m,
    retryable: [33mtrue[39m,
    originalMessage: [32m'Database connection failed'[39m,
    operation: [32m'getMeetingRoom'[39m,
    appointmentId: [32m'mRVaq2azC7t<gyCu$}yozVaFrYuVa$y$z%&>'[39m
  },
  stack: [32m'Error: Network connection lost. Please check your internet 
connection.\n'[39m +
    [32m'    at toStreamError (C:\\Users\\DELL\\Desktop\\a2a-dr.-gemini-i
ntake-agent\\src\\server\\services\\stream-error-handler.ts:337:10)\n'[39
m +
    [32m'    at Module.logStreamError (C:\\Users\\DELL\\Desktop\\a2a-dr.-
gemini-intake-agent\\src\\server\\services\\stream-error-handler.ts:352:23
)\n'[39m +
    [32m'    at StreamService.getMeetingRoom (C:\\Users\\DELL\\Desktop\\a
2a-dr.-gemini-intake-agent\\src\\server\\services\\stream.ts:331:7)\n'[39
m +
    [32m'    at processTicksAndRejections 
(node:internal/process/task_queues:103:5)'[39m
}
Unhandled error: StreamError: Network connection lost. Please check your 
internet connection.
    at toStreamError [90m(C:\Users\DELL\Desktop\a2a-dr.-gemini-intake-age
nt\[39msrc\server\services\stream-error-handler.ts:337:10[90m)[39m
    at Module.logStreamError [90m(C:\Users\DELL\Desktop\a2a-dr.-gemini-in
take-agent\[39msrc\server\services\stream-error-handler.ts:352:23[90m)[
39m
    at StreamService.getMeetingRoom [90m(C:\Users\DELL\Desktop\a2a-dr.-ge
mini-intake-agent\[39msrc\server\services\stream.ts:331:7[90m)[39m
[90m    at processTicksAndRejections 
(node:internal/process/task_queues:103:5)[39m {
  code: [32m'STREAM_NETWORK_ERROR'[39m,
  originalError: Error: Database connection failed
      at [90mC:\Users\DELL\Desktop\a2a-dr.-gemini-intake-agent\[39m__tes
ts__\properties\meeting-room-data-consistency.property.test.ts:288:48
      at AsyncProperty.predicate [90m(file:///C:/Users/DELL/Desktop/a2a-d
r.-gemini-intake-agent/[39mnode_modules/[4mfast-check[24m/lib/esm/check
/property/AsyncProperty.js:14:59[90m)[39m
      at AsyncProperty.run [90m(file:///C:/Users/DELL/Desktop/a2a-dr.-gem
ini-intake-agent/[39mnode_modules/[4mfast-check[24m/lib/esm/check/prope
rty/AsyncProperty.generic.js:46:39[90m)[39m
      at asyncRunIt [90m(file:///C:/Users/DELL/Desktop/a2a-dr.-gemini-int
ake-agent/[39mnode_modules/[4mfast-check[24m/lib/esm/check/runner/Runne
r.js:33:36[90m)[39m
  [90m    at processTicksAndRejections 
(node:internal/process/task_queues:103:5)[39m
      at [90mC:\Users\DELL\Desktop\a2a-dr.-gemini-intake-agent\[39m__tes
ts__\properties\meeting-room-data-consistency.property.test.ts:282:5
      at [90mfile:///C:/Users/DELL/Desktop/a2a-dr.-gemini-intake-agent/[
39mnode_modules/[4m@vitest/runner[24m/dist/index.js:533:5
      at runTest [90m(file:///C:/Users/DELL/Desktop/a2a-dr.-gemini-intake
-agent/[39mnode_modules/[4m@vitest/runner[24m/dist/index.js:1056:11[90
m)[39m
      at runSuite [90m(file:///C:/Users/DELL/Desktop/a2a-dr.-gemini-intak
e-agent/[39mnode_modules/[4m@vitest/runner[24m/dist/index.js:1205:15[9
0m)[39m
      at runSuite [90m(file:///C:/Users/DELL/Desktop/a2a-dr.-gemini-intak
e-agent/[39mnode_modules/[4m@vitest/runner[24m/dist/index.js:1205:15[9
0m)[39m,
  retryable: [33mtrue[39m,
  fallbackOptions: [
    {
      id: [32m'retry'[39m,
      label: [32m'Reconnect'[39m,
      description: [32m'Try to reconnect when your connection is 
stable'[39m,
      action: [32m'retry'[39m
    }
  ]
}
Unexpected error: {
  code: [32m'INTERNAL_ERROR'[39m,
  message: [32m'Something went wrong. Please try again later.'[39m,
  context: {
    streamErrorCode: [32m'STREAM_NETWORK_ERROR'[39m,
    retryable: [33mtrue[39m,
    originalMessage: [32m'Database connection failed'[39m,
    operation: [32m'getMeetingRoom'[39m,
    appointmentId: [32m"ixuW{J|6RkR'x %xLHlPN=gc%A|C$yb7a&!<"[39m
  },
  stack: [32m'Error: Network connection lost. Please check your internet 
connection.\n'[39m +
    [32m'    at toStreamError (C:\\Users\\DELL\\Desktop\\a2a-dr.-gemini-i
ntake-agent\\src\\server\\services\\stream-error-handler.ts:337:10)\n'[39
m +
    [32m'    at Module.logStreamError (C:\\Users\\DELL\\Desktop\\a2a-dr.-
gemini-intake-agent\\src\\server\\services\\stream-error-handler.ts:352:23
)\n'[39m +
    [32m'    at StreamService.getMeetingRoom (C:\\Users\\DELL\\Desktop\\a
2a-dr.-gemini-intake-agent\\src\\server\\services\\stream.ts:331:7)\n'[39
m +
    [32m'    at processTicksAndRejections 
(node:internal/process/task_queues:103:5)'[39m
}
Unhandled error: StreamError: Network connection lost. Please check your 
internet connection.
    at toStreamError [90m(C:\Users\DELL\Desktop\a2a-dr.-gemini-intake-age
nt\[39msrc\server\services\stream-error-handler.ts:337:10[90m)[39m
    at Module.logStreamError [90m(C:\Users\DELL\Desktop\a2a-dr.-gemini-in
take-agent\[39msrc\server\services\stream-error-handler.ts:352:23[90m)[
39m
    at StreamService.getMeetingRoom [90m(C:\Users\DELL\Desktop\a2a-dr.-ge
mini-intake-agent\[39msrc\server\services\stream.ts:331:7[90m)[39m
[90m    at processTicksAndRejections 
(node:internal/process/task_queues:103:5)[39m {
  code: [32m'STREAM_NETWORK_ERROR'[39m,
  originalError: Error: Database connection failed
      at [90mC:\Users\DELL\Desktop\a2a-dr.-gemini-intake-agent\[39m__tes
ts__\properties\meeting-room-data-consistency.property.test.ts:288:48
      at AsyncProperty.predicate [90m(file:///C:/Users/DELL/Desktop/a2a-d
r.-gemini-intake-agent/[39mnode_modules/[4mfast-check[24m/lib/esm/check
/property/AsyncProperty.js:14:59[90m)[39m
      at AsyncProperty.run [90m(file:///C:/Users/DELL/Desktop/a2a-dr.-gem
ini-intake-agent/[39mnode_modules/[4mfast-check[24m/lib/esm/check/prope
rty/AsyncProperty.generic.js:46:39[90m)[39m
      at asyncRunIt [90m(file:///C:/Users/DELL/Desktop/a2a-dr.-gemini-int
ake-agent/[39mnode_modules/[4mfast-check[24m/lib/esm/check/runner/Runne
r.js:33:36[90m)[39m
  [90m    at processTicksAndRejections 
(node:internal/process/task_queues:103:5)[39m
      at [90mC:\Users\DELL\Desktop\a2a-dr.-gemini-intake-agent\[39m__tes
ts__\properties\meeting-room-data-consistency.property.test.ts:282:5
      at [90mfile:///C:/Users/DELL/Desktop/a2a-dr.-gemini-intake-agent/[
39mnode_modules/[4m@vitest/runner[24m/dist/index.js:533:5
      at runTest [90m(file:///C:/Users/DELL/Desktop/a2a-dr.-gemini-intake
-agent/[39mnode_modules/[4m@vitest/runner[24m/dist/index.js:1056:11[90
m)[39m
      at runSuite [90m(file:///C:/Users/DELL/Desktop/a2a-dr.-gemini-intak
e-agent/[39mnode_modules/[4m@vitest/runner[24m/dist/index.js:1205:15[9
0m)[39m
      at runSuite [90m(file:///C:/Users/DELL/Desktop/a2a-dr.-gemini-intak
e-agent/[39mnode_modules/[4m@vitest/runner[24m/dist/index.js:1205:15[9
0m)[39m,
  retryable: [33mtrue[39m,
  fallbackOptions: [
    {
      id: [32m'retry'[39m,
      label: [32m'Reconnect'[39m,
      description: [32m'Try to reconnect when your connection is 
stable'[39m,
      action: [32m'retry'[39m
    }
  ]
}
Unexpected error: {
  code: [32m'INTERNAL_ERROR'[39m,
  message: [32m'Something went wrong. Please try again later.'[39m,
  context: {
    streamErrorCode: [32m'STREAM_NETWORK_ERROR'[39m,
    retryable: [33mtrue[39m,
    originalMessage: [32m'Database connection failed'[39m,
    operation: [32m'getMeetingRoom'[39m,
    appointmentId: [32m'&!z~ R5F qKz]&}/1!8?|.hzaAxx/!R{ ~; '[39m
  },
  stack: [32m'Error: Network connection lost. Please check your internet 
connection.\n'[39m +
    [32m'    at toStreamError (C:\\Users\\DELL\\Desktop\\a2a-dr.-gemini-i
ntake-agent\\src\\server\\services\\stream-error-handler.ts:337:10)\n'[39
m +
    [32m'    at Module.logStreamError (C:\\Users\\DELL\\Desktop\\a2a-dr.-
gemini-intake-agent\\src\\server\\services\\stream-error-handler.ts:352:23
)\n'[39m +
    [32m'    at StreamService.getMeetingRoom (C:\\Users\\DELL\\Desktop\\a
2a-dr.-gemini-intake-agent\\src\\server\\services\\stream.ts:331:7)\n'[39
m +
    [32m'    at processTicksAndRejections 
(node:internal/process/task_queues:103:5)'[39m
}
Unhandled error: StreamError: Network connection lost. Please check your 
internet connection.
    at toStreamError [90m(C:\Users\DELL\Desktop\a2a-dr.-gemini-intake-age
nt\[39msrc\server\services\stream-error-handler.ts:337:10[90m)[39m
 [32mΓ£ô[39m __tests__/properties/meeting-room-data-consistency.property.test.ts [2m([22m[2m7 tests[22m[2m)[22m[33m 3315[2mms[22m[39m
    at Module.logStreamError [90m(C:\Users\DELL\Desktop\a2a-dr.-gemini-in
take-agent\[39msrc\server\services\stream-error-handler.ts:352:23[90m)[
39m
   [33m[2mΓ£ô[22m[39m Property 5: Meeting Room Data Consistency[2m > [22mretrieves meeting room data when appointment has Stream call [33m544[2mms[22m[39m
    at StreamService.getMeetingRoom [90m(C:\Users\DELL\Desktop\a2a-dr.-ge
mini-intake-agent\[39msrc\server\services\stream.ts:331:7[90m)[39m
   [33m[2mΓ£ô[22m[39m Property 5: Meeting Room Data Consistency[2m > [22mmaintains consistency between database and Stream service [33m377[2mms[22m[39m
[90m    at processTicksAndRejections 
(node:internal/process/task_queues:103:5)[39m {
   [33m[2mΓ£ô[22m[39m Property 5: Meeting Room Data Consistency[2m > [22mpreserves all Stream metadata fields [33m433[2mms[22m[39m
  code: [32m'STREAM_NETWORK_ERROR'[39m,
   [33m[2mΓ£ô[22m[39m Property 5: Meeting Room Data Consistency[2m > [22mhandles database query errors gracefully [33m788[2mms[22m[39m
  originalError: Error: Database connection failed
   [33m[2mΓ£ô[22m[39m Property 5: Meeting Room Data Consistency[2m > [22mreturns consistent data across multiple retrievals [33m324[2mms[22m[39m
      at [90mC:\Users\DELL\Desktop\a2a-dr.-gemini-intake-agent\[39m__tes
ts__\properties\meeting-room-data-consistency.property.test.ts:288:48
   [33m[2mΓ£ô[22m[39m Property 5: Meeting Room Data Consistency[2m > [22mvalidates appointment exists before retrieving Stream data [33m648[2mms[22m[39m
      at AsyncProperty.predicate [90m(file:///C:/Users/DELL/Desktop/a2a-d
r.-gemini-intake-agent/[39mnode_modules/[4mfast-check[24m/lib/esm/check
/property/AsyncProperty.js:14:59[90m)[39m
 [32mΓ£ô[39m __tests__/properties/retry-idempotence.property.test.ts [2m([22m[2m6 tests[22m[2m)[22m[90m 273[2mms[22m[39m
      at AsyncProperty.run [90m(file:///C:/Users/DELL/Desktop/a2a-dr.-gem
ini-intake-agent/[39mnode_modules/[4mfast-check[24m/lib/esm/check/prope
rty/AsyncProperty.generic.js:46:39[90m)[39m
 [32mΓ£ô[39m __tests__/properties/doctor-selection-flow.property.test.ts [2m([22m[2m8 tests[22m[2m)[22m[33m 1018[2mms[22m[39m
      at asyncRunIt [90m(file:///C:/Users/DELL/Desktop/a2a-dr.-gemini-int
ake-agent/[39mnode_modules/[4mfast-check[24m/lib/esm/check/runner/Runne
r.js:33:36[90m)[39m
   [33m[2mΓ£ô[22m[39m Property 4: Doctor Selection Flow[2m > [22mMultiple Connections - Doctor Selection Required[2m > [22mfor any patient with multiple connections, clicking Book SHALL show doctor selection [33m478[2mms[22m[39m
  [90m    at processTicksAndRejections 
(node:internal/process/task_queues:103:5)[39m
 [32mΓ£ô[39m __tests__/properties/intake-persistence.property.test.ts [2m([22m[2m8 tests[22m[2m)[22m[33m 2644[2mms[22m[39m
      at [90mC:\Users\DELL\Desktop\a2a-dr.-gemini-intake-agent\[39m__tes
ts__\properties\meeting-room-data-consistency.property.test.ts:282:5
   [33m[2mΓ£ô[22m[39m Property 4: Intake Session Persistence Round-Trip[2m > [22mshould preserve MedicalData through JSON serialization (simulating JSONB storage) [33m845[2mms[22m[39m
      at [90mfile:///C:/Users/DELL/Desktop/a2a-dr.-gemini-intake-agent/[
39mnode_modules/[4m@vitest/runner[24m/dist/index.js:533:5
   [33m[2mΓ£ô[22m[39m Property 4: Intake Session Persistence Round-Trip[2m > [22mshould preserve array ordering in MedicalData [33m407[2mms[22m[39m
      at runTest [90m(file:///C:/Users/DELL/Desktop/a2a-dr.-gemini-intake
-agent/[39mnode_modules/[4m@vitest/runner[24m/dist/index.js:1056:11[90
m)[39m
   [33m[2mΓ£ô[22m[39m Property 4: Intake Session Persistence Round-Trip[2m > [22mshould preserve complete intake session data structure [33m437[2mms[22m[39m
      at runSuite [90m(file:///C:/Users/DELL/Desktop/a2a-dr.-gemini-intak
e-agent/[39mnode_modules/[4m@vitest/runner[24m/dist/index.js:1205:15[9
0m)[39m
 [32mΓ£ô[39m __tests__/properties/database-roundtrip-limit.property.test.ts [2m([22m[2m11 tests[22m[2m)[22m[90m 207[2mms[22m[39m
      at runSuite [90m(file:///C:/Users/DELL/Desktop/a2a-dr.-gemini-intak
e-agent/[39mnode_modules/[4m@vitest/runner[24m/dist/index.js:1205:15[9
0m)[39m,
 [32mΓ£ô[39m __tests__/properties/linkable-sessions-filter.property.test.ts [2m([22m[2m13 tests[22m[2m)[22m[33m 739[2mms[22m[39m
  retryable: [33mtrue[39m,
 [32mΓ£ô[39m __tests__/properties/appointment-lifecycle-sync.property.test.ts [2m([22m[2m8 tests[22m[2m)[22m[33m 1067[2mms[22m[39m
  fallbackOptions: [
   [33m[2mΓ£ô[22m[39m Appointment Lifecycle Synchronization - Property 13[2m > [22mProperty: Cancellation synchronizes meeting room state[2m > [22mshould handle cancellation when no meeting room exists [33m326[2mms[22m[39m
    {
 [32mΓ£ô[39m __tests__/properties/completeness-calculation-bounds.property.test.ts [2m([22m[2m15 tests[22m[2m)[22m[33m 451[2mms[22m[39m
      id: [32m'retry'[39m,
 [32mΓ£ô[39m __tests__/properties/minimum-font-size.property.test.ts [2m([22m[2m16 tests[22m[2m)[22m[33m 737[2mms[22m[39m
      label: [32m'Reconnect'[39m,
      description: [32m'Try to reconnect when your connection is 
stable'[39m,
      action: [32m'retry'[39m
 [32mΓ£ô[39m __tests__/properties/meeting-availability.property.test.ts [2m([22m[2m9 tests[22m[2m)[22m[33m 403[2mms[22m[39m
    }
 [32mΓ£ô[39m __tests__/properties/query-efficiency.property.test.ts [2m([22m[2m7 tests[22m[2m)[22m[33m 413[2mms[22m[39m
  ]
 [32mΓ£ô[39m __tests__/properties/home-screen-card-limit.property.test.tsx [2m([22m[2m13 tests[22m[2m)[22m[33m 545[2mms[22m[39m
}
[90mstdout[2m | __tests__/performance/whatsapp-ux-performance.test.ts[2m > [22m[2mWhatsApp-Simple UX - Performance Testing[2m > [22m[2mBundle Size Verification[2m > [22m[2mshould have total bundle size < 500KB (gzipped)
Unexpected error: {
[22m[39m≡ƒôª Total bundle size: 22092.09 KB
  code: [32m'INTERNAL_ERROR'[39m,
≡ƒôª Estimated gzipped size: 6627.63 KB
  message: [32m'Something went wrong. Please try again later.'[39m,

  context: {
    streamErrorCode: [32m'STREAM_NETWORK_ERROR'[39m,
    retryable: [33mtrue[39m,
    originalMessage: [32m'Database connection failed'[39m,
    operation: [32m'getMeetingRoom'[39m,
    appointmentId: [32m'wz)z$^#/Mn-hlB!>D"Wk )!%#\\vzn:;#_!&E'[39m
  },
  stack: [32m'Error: Network connection lost. Please check your internet 
connection.\n'[39m +
    [32m'    at toStreamError (C:\\Users\\DELL\\Desktop\\a2a-dr.-gemini-i
ntake-agent\\src\\server\\services\\stream-error-handler.ts:337:10)\n'[39
m +
    [32m'    at Module.logStreamError (C:\\Users\\DELL\\Desktop\\a2a-dr.-
gemini-intake-agent\\src\\server\\services\\stream-error-handler.ts:352:23
)\n'[39m +
    [32m'    at StreamService.getMeetingRoom (C:\\Users\\DELL\\Desktop\\a
2a-dr.-gemini-intake-agent\\src\\server\\services\\stream.ts:331:7)\n'[39
m +
    [32m'    at processTicksAndRejections 
(node:internal/process/task_queues:103:5)'[39m
}
Unhandled error: StreamError: Network connection lost. Please check your 
internet connection.
    at toStreamError [90m(C:\Users\DELL\Desktop\a2a-dr.-gemini-intake-age
nt\[39msrc\server\services\stream-error-handler.ts:337:10[90m)[39m
    at Module.logStreamError [90m(C:\Users\DELL\Desktop\a2a-dr.-gemini-in
take-agent\[39msrc\server\services\stream-error-handler.ts:352:23[90m)[
39m
    at StreamService.getMeetingRoom [90m(C:\Users\DELL\Desktop\a2a-dr.-ge
mini-intake-agent\[39msrc\server\services\stream.ts:331:7[90m)[39m
[90m    at processTicksAndRejections 
(node:internal/process/task_queues:103:5)[39m {
  code: [32m'STREAM_NETWORK_ERROR'[39m,
  originalError: Error: Database connection failed
[90mstdout[2m | __tests__/performance/whatsapp-ux-performance.test.ts[2m > [22m[2mWhatsApp-Simple UX - Performance Testing[2m > [22m[2mBundle Size Verification[2m > [22m[2mshould have individual chunks < 200KB
      at [90mC:\Users\DELL\Desktop\a2a-dr.-gemini-intake-agent\[39m__tes
ts__\properties\meeting-room-data-consistency.property.test.ts:288:48
      at AsyncProperty.predicate [90m(file:///C:/Users/DELL/Desktop/a2a-d
r.-gemini-intake-agent/[39mnode_modules/[4mfast-check[24m/lib/esm/check
/property/AsyncProperty.js:14:59[90m)[39m
[22m[39m≡ƒôä app-pages-internals.js: 23.80 KB
      at AsyncProperty.run [90m(file:///C:/Users/DELL/Desktop/a2a-dr.-gem
ini-intake-agent/[39mnode_modules/[4mfast-check[24m/lib/esm/check/prope
rty/AsyncProperty.generic.js:46:39[90m)[39m
≡ƒôä main-app.js: 1.44 KB
      at asyncRunIt [90m(file:///C:/Users/DELL/Desktop/a2a-dr.-gemini-int
ake-agent/[39mnode_modules/[4mfast-check[24m/lib/esm/check/runner/Runne
r.js:33:36[90m)[39m
≡ƒôä polyfills.js: 109.96 KB
  [90m    at processTicksAndRejections 
(node:internal/process/task_queues:103:5)[39m
≡ƒôä vendors.js: 14976.79 KB

      at [90mC:\Users\DELL\Desktop\a2a-dr.-gemini-intake-agent\[39m__tes
ts__\properties\meeting-room-data-consistency.property.test.ts:282:5
[90mstdout[2m | __tests__/performance/whatsapp-ux-performance.test.ts[2m > [22m[2mWhatsApp-Simple UX - Performance Testing[2m > [22m[2mImage Optimization[2m > [22m[2mshould have all images < 100KB
      at [90mfile:///C:/Users/DELL/Desktop/a2a-dr.-gemini-intake-agent/[
39mnode_modules/[4m@vitest/runner[24m/dist/index.js:533:5
      at runTest [90m(file:///C:/Users/DELL/Desktop/a2a-dr.-gemini-intake
-agent/[39mnode_modules/[4m@vitest/runner[24m/dist/index.js:1056:11[90
m)[39m
      at runSuite [90m(file:///C:/Users/DELL/Desktop/a2a-dr.-gemini-intak
e-agent/[39mnode_modules/[4m@vitest/runner[24m/dist/index.js:1205:15[9
0m)[39m
[22m[39mΓä╣∩╕Å  No images found in public directory
      at runSuite [90m(file:///C:/Users/DELL/Desktop/a2a-dr.-gemini-intak
e-agent/[39mnode_modules/[4m@vitest/runner[24m/dist/index.js:1205:15[9
0m)[39m,

  retryable: [33mtrue[39m,
[90mstdout[2m | __tests__/performance/whatsapp-ux-performance.test.ts[2m > [22m[2mWhatsApp-Simple UX - Performance Testing[2m > [22m[2mComponent Performance[2m > [22m[2mshould have minimal re-renders for mode toggle
[22m[39m≡ƒöì ModeContext uses memoization: true
  fallbackOptions: [

    {
[90mstdout[2m | __tests__/performance/whatsapp-ux-performance.test.ts[2m > [22m[2mWhatsApp-Simple UX - Performance Testing[2m > [22m[2mComponent Performance[2m > [22m[2mshould use lazy loading for heavy components
      id: [32m'retry'[39m,
      label: [32m'Reconnect'[39m,
[22m[39m≡ƒöì Lazy loading implemented: false

      description: [32m'Try to reconnect when your connection is 
stable'[39m,
      action: [32m'retry'[39m
    }
  ]
[90mstdout[2m | __tests__/performance/whatsapp-ux-performance.test.ts[2m > [22m[2mWhatsApp-Simple UX - Performance Testing[2m > [22m[2m3G Network Simulation[2m > [22m[2mshould document 3G performance requirements
[22m[39m≡ƒôè 3G Performance Requirements:
}
Unexpected error: {
  code: [32m'INTERNAL_ERROR'[39m,
{
  "homeScreenLoad": "< 3 seconds",
  "timeToInteractive": "< 5 seconds",
  "firstContentfulPaint": "< 1.5 seconds",
  message: [32m'Something went wrong. Please try again later.'[39m,
  context: {
    streamErrorCode: [32m'STREAM_NETWORK_ERROR'[39m,
    retryable: [33mtrue[39m,
  "largestContentfulPaint": "< 2.5 seconds"
    originalMessage: [32m'Database connection failed'[39m,
}
    operation: [32m'getMeetingRoom'[39m,

≡ƒÆí To test 3G performance:
    appointmentId: [32m'5_ww"2{[,@>h>%$I&o$86^Zh!~ Bm(u`{%Y"'[39m
1. Run: npm run build
2. Run: npm run start
  },
  stack: [32m'Error: Network connection lost. Please check your internet 
connection.\n'[39m +
3. Use Chrome DevTools > Network > Slow 3G
4. Or use Lighthouse with 3G throttling
    [32m'    at toStreamError (C:\\Users\\DELL\\Desktop\\a2a-dr.-gemini-i
ntake-agent\\src\\server\\services\\stream-error-handler.ts:337:10)\n'[39
m +
    [32m'    at Module.logStreamError (C:\\Users\\DELL\\Desktop\\a2a-dr.-
gemini-intake-agent\\src\\server\\services\\stream-error-handler.ts:352:23
)\n'[39m +
    [32m'    at StreamService.getMeetingRoom (C:\\Users\\DELL\\Desktop\\a
2a-dr.-gemini-intake-agent\\src\\server\\services\\stream.ts:331:7)\n'[39
m +
    [32m'    at processTicksAndRejections 
(node:internal/process/task_queues:103:5)'[39m

[90mstdout[2m | __tests__/performance/whatsapp-ux-performance.test.ts[2m > [22m[2mWhatsApp-Simple UX - Performance Testing[2m > [22m[2mLow-End Device Simulation[2m > [22m[2mshould document low-end device requirements
}

[22m[39m≡ƒô▒ Low-End Device Requirements:
[90mstderr[2m | 
__tests__/performance/whatsapp-ux-performance.test.ts[2m > 
[22m[2mWhatsApp-Simple UX - Performance Testing[2m > [22m[2mBundle 
Size Verification[2m > [22m[2mshould have total bundle size < 500KB 
(gzipped)
{
  "minRAM": "1GB",
[22m[39mΓÜá∩╕Å  Could not analyze bundle size: AssertionError: expected 
6627.626953125 to be less than 500
    at [90mC:\Users\DELL\Desktop\a2a-dr.-gemini-intake-agent\[39m__tests
__\performance\whatsapp-ux-performance.test.ts:68:36
    at [90mfile:///C:/Users/DELL/Desktop/a2a-dr.-gemini-intake-agent/[39
mnode_modules/[4m@vitest/runner[24m/dist/index.js:146:14
  "minCPU": "4x slowdown",
    at [90mfile:///C:/Users/DELL/Desktop/a2a-dr.-gemini-intake-agent/[39
mnode_modules/[4m@vitest/runner[24m/dist/index.js:533:11
    at runWithTimeout [90m(file:///C:/Users/DELL/Desktop/a2a-dr.-gemini-i
ntake-agent/[39mnode_modules/[4m@vitest/runner[24m/dist/index.js:39:7[
90m)[39m
  "targetDevices": [
    "Android 8+",
    at runTest [90m(file:///C:/Users/DELL/Desktop/a2a-dr.-gemini-intake-a
gent/[39mnode_modules/[4m@vitest/runner[24m/dist/index.js:1056:17[90m)
[39m
[90m    at processTicksAndRejections 
(node:internal/process/task_queues:103:5)[39m
    "iOS 12+"
  ],
    at runSuite [90m(file:///C:/Users/DELL/Desktop/a2a-dr.-gemini-intake-
agent/[39mnode_modules/[4m@vitest/runner[24m/dist/index.js:1205:15[90m
)[39m
    at runSuite [90m(file:///C:/Users/DELL/Desktop/a2a-dr.-gemini-intake-
agent/[39mnode_modules/[4m@vitest/runner[24m/dist/index.js:1205:15[90m
)[39m
  "maxMemoryUsage": "< 100MB"
}
    at runSuite [90m(file:///C:/Users/DELL/Desktop/a2a-dr.-gemini-intake-
agent/[39mnode_modules/[4m@vitest/runner[24m/dist/index.js:1205:15[90m
)[39m
    at runFiles [90m(file:///C:/Users/DELL/Desktop/a2a-dr.-gemini-intake-
agent/[39mnode_modules/[4m@vitest/runner[24m/dist/index.js:1262:5[90m)
[39m {

≡ƒÆí To test on low-end devices:
  actual: [33m6627.626953125[39m,
  expected: [33m500[39m,
1. Use Chrome DevTools > Performance > CPU 4x slowdown
  showDiff: [33mfalse[39m,
2. Test on actual low-end devices if available
3. Monitor memory usage in DevTools Memory profiler
  operator: [32m'strictEqual'[39m

}

[90mstdout[2m | __tests__/performance/whatsapp-ux-performance.test.ts[2m > [22m[2mWhatsApp-Simple UX - Performance Testing[2m > [22m[2mLow-End Device Simulation[2m > [22m[2mshould verify no memory leaks in mode switching
[90mstderr[2m | 
__tests__/performance/whatsapp-ux-performance.test.ts[2m > 
[22m[2mWhatsApp-Simple UX - Performance Testing[2m > [22m[2mBundle 
Size Verification[2m > [22m[2mshould have individual chunks < 200KB
[22m[39m≡ƒöì Cleanup implemented: false

[22m[39mΓÜá∩╕Å  Could not analyze chunk sizes: AssertionError: expected 
14976.7900390625 to be less than 200
    at [90mC:\Users\DELL\Desktop\a2a-dr.-gemini-intake-agent\[39m__tests
__\performance\whatsapp-ux-performance.test.ts:97:26
[90mstdout[2m | __tests__/performance/whatsapp-ux-performance.test.ts[2m > [22m[2mWhatsApp-Simple UX - Performance Testing[2m > [22m[2mPerformance Budgets[2m > [22m[2mshould meet all performance budgets
[22m[39m≡ƒôè Performance Budgets:
    at [90mfile:///C:/Users/DELL/Desktop/a2a-dr.-gemini-intake-agent/[39
mnode_modules/[4m@vitest/runner[24m/dist/index.js:146:14
  initialLoad: < 3s on 3G
    at [90mfile:///C:/Users/DELL/Desktop/a2a-dr.-gemini-intake-agent/[39
mnode_modules/[4m@vitest/runner[24m/dist/index.js:533:11
  timeToInteractive: < 5s on 3G
    at runWithTimeout [90m(file:///C:/Users/DELL/Desktop/a2a-dr.-gemini-i
ntake-agent/[39mnode_modules/[4m@vitest/runner[24m/dist/index.js:39:7[
90m)[39m
  firstContentfulPaint: < 1.5s
    at runTest [90m(file:///C:/Users/DELL/Desktop/a2a-dr.-gemini-intake-a
gent/[39mnode_modules/[4m@vitest/runner[24m/dist/index.js:1056:17[90m)
[39m
  largestContentfulPaint: < 2.5s
[90m    at processTicksAndRejections 
(node:internal/process/task_queues:103:5)[39m
  totalBundleSize: < 500KB (gzipped)
    at runSuite [90m(file:///C:/Users/DELL/Desktop/a2a-dr.-gemini-intake-
agent/[39mnode_modules/[4m@vitest/runner[24m/dist/index.js:1205:15[90m
)[39m
  imageSize: < 100KB each
    at runSuite [90m(file:///C:/Users/DELL/Desktop/a2a-dr.-gemini-intake-
agent/[39mnode_modules/[4m@vitest/runner[24m/dist/index.js:1205:15[90m
)[39m
  cumulativeLayoutShift: < 0.1
    at runSuite [90m(file:///C:/Users/DELL/Desktop/a2a-dr.-gemini-intake-
agent/[39mnode_modules/[4m@vitest/runner[24m/dist/index.js:1205:15[90m
)[39m
  firstInputDelay: < 100ms
    at runFiles [90m(file:///C:/Users/DELL/Desktop/a2a-dr.-gemini-intake-
agent/[39mnode_modules/[4m@vitest/runner[24m/dist/index.js:1262:5[90m)
[39m {

  actual: [33m14976.7900390625[39m,
Γ£à All budgets documented and should be monitored
  expected: [33m200[39m,
≡ƒÆí Use Lighthouse CI or WebPageTest for continuous monitoring
  showDiff: [33mfalse[39m,
  operator: [32m'strictEqual'[39m

 [32mΓ£ô[39m __tests__/performance/whatsapp-ux-performance.test.ts [2m([22m[2m9 tests[22m[2m)[22m[90m 176[2mms[22m[39m
}

 [32mΓ£ô[39m __tests__/properties/virtual-scroll-buffer.property.test.ts [2m([22m[2m7 tests[22m[2m)[22m[90m 183[2mms[22m[39m
 [32mΓ£ô[39m __tests__/properties/session-switching-integrity.property.test.ts [2m([22m[2m8 tests[22m[2m)[22m[33m 6849[2mms[22m[39m
[90mstderr[2m | 
__tests__/performance/whatsapp-ux-performance.test.ts[2m > 
[22m[2mWhatsApp-Simple UX - Performance Testing[2m > 
[22m[2mComponent Performance[2m > [22m[2mshould use lazy loading for 
heavy components
   [33m[2mΓ£ô[22m[39m Property 12: Session Switching Data Integrity[2m > [22mloaded messages match database messages exactly after switch [33m1091[2mms[22m[39m
   [33m[2mΓ£ô[22m[39m Property 12: Session Switching Data Integrity[2m > [22mmessage order is preserved after switch [33m549[2mms[22m[39m
[22m[39mΓÜá∩╕Å  Lazy components file not found
   [33m[2mΓ£ô[22m[39m Property 12: Session Switching Data Integrity[2m > [22mmessage content is not modified during switch [33m990[2mms[22m[39m

   [33m[2mΓ£ô[22m[39m Property 12: Session Switching Data Integrity[2m > [22mmessage metadata is preserved during switch [33m973[2mms[22m[39m
[90mstderr[2m | 
__tests__/performance/whatsapp-ux-performance.test.ts[2m > 
[22m[2mWhatsApp-Simple UX - Performance Testing[2m > [22m[2mLow-End 
Device Simulation[2m > [22m[2mshould verify no memory leaks in mode 
switching
[22m[39mΓÜá∩╕Å  Could not analyze cleanup: AssertionError: expected 
false to be true // Object.is equality
   [33m[2mΓ£ô[22m[39m Property 12: Session Switching Data Integrity[2m > [22mswitching between sessions loads correct messages for each [33m1973[2mms[22m[39m
   [33m[2mΓ£ô[22m[39m Property 12: Session Switching Data Integrity[2m > [22mswitching to non-existent session returns empty array [33m635[2mms[22m[39m
    at [90mC:\Users\DELL\Desktop\a2a-dr.-gemini-intake-agent\[39m__tests
__\performance\whatsapp-ux-performance.test.ts:265:30
   [33m[2mΓ£ô[22m[39m Property 12: Session Switching Data Integrity[2m > [22mmessage IDs are unique within loaded messages [33m587[2mms[22m[39m
 [32mΓ£ô[39m __tests__/integration/language-switching.test.tsx [2m([22m[2m19 tests[22m[2m)[22m[33m 2108[2mms[22m[39m
    at [90mfile:///C:/Users/DELL/Desktop/a2a-dr.-gemini-intake-agent/[39
mnode_modules/[4m@vitest/runner[24m/dist/index.js:146:14
    at [90mfile:///C:/Users/DELL/Desktop/a2a-dr.-gemini-intake-agent/[39
mnode_modules/[4m@vitest/runner[24m/dist/index.js:533:11
   [33m[2mΓ£ô[22m[39m Language Switching Integration Tests[2m > [22mLanguage Selector Component[2m > [22mshould display all three supported languages [33m306[2mms[22m[39m
    at runWithTimeout [90m(file:///C:/Users/DELL/Desktop/a2a-dr.-gemini-i
ntake-agent/[39mnode_modules/[4m@vitest/runner[24m/dist/index.js:39:7[
90m)[39m
    at runTest [90m(file:///C:/Users/DELL/Desktop/a2a-dr.-gemini-intake-a
gent/[39mnode_modules/[4m@vitest/runner[24m/dist/index.js:1056:17[90m)
[39m
   [33m[2mΓ£ô[22m[39m Language Switching Integration Tests[2m > [22mLanguage Selector Component[2m > [22mshould switch language when dropdown is changed [33m388[2mms[22m[39m
[90m    at processTicksAndRejections 
(node:internal/process/task_queues:103:5)[39m
   [33m[2mΓ£ô[22m[39m Language Switching Integration Tests[2m > [22mCurrency Formatting[2m > [22mshould format currency in UGX [33m388[2mms[22m[39m
    at runSuite [90m(file:///C:/Users/DELL/Desktop/a2a-dr.-gemini-intake-
agent/[39mnode_modules/[4m@vitest/runner[24m/dist/index.js:1205:15[90m
)[39m
 [32mΓ£ô[39m __tests__/properties/back-button-presence.property.test.tsx [2m([22m[2m9 tests[22m[2m)[22m[33m 10580[2mms[22m[39m
   [33m[2mΓ£ô[22m[39m Property 10: Back Button Presence[2m > [22mproperty: back button should be present on all non-home screens [33m2726[2mms[22m[39m
    at runSuite [90m(file:///C:/Users/DELL/Desktop/a2a-dr.-gemini-intake-
agent/[39mnode_modules/[4m@vitest/runner[24m/dist/index.js:1205:15[90m
)[39m
   [33m[2mΓ£ô[22m[39m Property 10: Back Button Presence[2m > [22mproperty: back button should NOT be present on home screens [33m1120[2mms[22m[39m
    at runSuite [90m(file:///C:/Users/DELL/Desktop/a2a-dr.-gemini-intake-
agent/[39mnode_modules/[4m@vitest/runner[24m/dist/index.js:1205:15[90m
)[39m
   [33m[2mΓ£ô[22m[39m Property 10: Back Button Presence[2m > [22mproperty: back button should meet minimum touch target size [33m2447[2mms[22m[39m
   [33m[2mΓ£ô[22m[39m Property 10: Back Button Presence[2m > [22mproperty: back button should always contain arrow icon [33m1369[2mms[22m[39m
    at runFiles [90m(file:///C:/Users/DELL/Desktop/a2a-dr.-gemini-intake-
agent/[39mnode_modules/[4m@vitest/runner[24m/dist/index.js:1262:5[90m)
[39m {
  actual: [33mfalse[39m,
   [33m[2mΓ£ô[22m[39m Property 10: Back Button Presence[2m > [22mproperty: disabled back button should not trigger navigation [33m1183[2mms[22m[39m
  expected: [33mtrue[39m,
   [33m[2mΓ£ô[22m[39m Property 10: Back Button Presence[2m > [22mproperty: back button should be functional on all non-home screens [33m1360[2mms[22m[39m
  showDiff: [33mtrue[39m,
 [32mΓ£ô[39m __tests__/properties/invalid-response-logging.property.test.ts [2m([22m[2m8 tests[22m[2m)[22m[33m 812[2mms[22m[39m
  operator: [32m'strictEqual'[39m
}

 [32mΓ£ô[39m __tests__/properties/parallel-query-execution.property.test.ts [2m([22m[2m12 tests[22m[2m)[22m[90m 237[2mms[22m[39m
 [32mΓ£ô[39m __tests__/integration/PatientMessagesClient-date-separators.test.tsx [2m([22m[2m3 tests[22m[2m)[22m[33m 794[2mms[22m[39m
   [33m[2mΓ£ô[22m[39m PatientMessagesClient with Date Separators[2m > [22mshould render separators correctly with createdAt timestamps [33m546[2mms[22m[39m
 [32mΓ£ô[39m __tests__/properties/immersive-mode-layout.property.test.ts [2m([22m[2m11 tests[22m[2m)[22m[33m 525[2mms[22m[39m
 [32mΓ£ô[39m __tests__/properties/sent-message-preservation.property.test.ts [2m([22m[2m9 tests[22m[2m)[22m[33m 471[2mms[22m[39m
 [32mΓ£ô[39m __tests__/properties/session-creation-independence.property.test.ts [2m([22m[2m9 tests[22m[2m)[22m[33m 575[2mms[22m[39m
 [32mΓ£ô[39m __tests__/properties/rbac.property.test.ts [2m([22m[2m14 tests[22m[2m)[22m[33m 419[2mms[22m[39m
 [32mΓ£ô[39m __tests__/properties/virtual-scroll-dom-bound.property.test.ts [2m([22m[2m5 tests[22m[2m)[22m[90m 172[2mms[22m[39m
[90mstderr[2m | 
__tests__/properties/stream-client-initialization.property.test.ts[2m > 
[22m[2mProperty 1: Stream Client Initialization[2m > 
[22m[2minitializes Stream Video Client with correct API key for any 
valid credentials
[22m[39mAn update to StreamVideoProvider inside a test was not wrapped 
in act(...).

When testing, code that causes React state updates should be wrapped into 
act(...):

act(() => {
  /* fire events that update state */
});
/* assert on the output */

This ensures that you're testing the behavior the user would see in the 
browser. Learn more at https://react.dev/link/wrap-tests-with-act
An update to StreamVideoProvider inside a test was not wrapped in 
act(...).

When testing, code that causes React state updates should be wrapped into 
act(...):

act(() => {
  /* fire events that update state */
});
/* assert on the output */

This ensures that you're testing the behavior the user would see in the 
browser. Learn more at https://react.dev/link/wrap-tests-with-act
An update to StreamVideoProvider inside a test was not wrapped in 
act(...).

When testing, code that causes React state updates should be wrapped into 
act(...):

act(() => {
  /* fire events that update state */
});
/* assert on the output */

This ensures that you're testing the behavior the user would see in the 
browser. Learn more at https://react.dev/link/wrap-tests-with-act
An update to StreamVideoProvider inside a test was not wrapped in 
act(...).

When testing, code that causes React state updates should be wrapped into 
act(...):

act(() => {
  /* fire events that update state */
});
/* assert on the output */

This ensures that you're testing the behavior the user would see in the 
browser. Learn more at https://react.dev/link/wrap-tests-with-act

[90mstderr[2m | 
__tests__/properties/stream-client-initialization.property.test.ts[2m > 
[22m[2mProperty 1: Stream Client Initialization[2m > 
[22m[2minitializes Stream Video Client with correct API key for any 
valid credentials
[22m[39mAn update to StreamVideoProvider inside a test was not wrapped 
in act(...).

When testing, code that causes React state updates should be wrapped into 
act(...):

act(() => {
  /* fire events that update state */
});
/* assert on the output */

This ensures that you're testing the behavior the user would see in the 
browser. Learn more at https://react.dev/link/wrap-tests-with-act

[90mstderr[2m | 
__tests__/properties/stream-client-initialization.property.test.ts[2m > 
[22m[2mProperty 1: Stream Client Initialization[2m > 
[22m[2minitializes Stream Video Client with correct API key for any 
valid credentials
[22m[39mAn update to StreamVideoProvider inside a test was not wrapped 
in act(...).

When testing, code that causes React state updates should be wrapped into 
act(...):

act(() => {
  /* fire events that update state */
});
/* assert on the output */

This ensures that you're testing the behavior the user would see in the 
browser. Learn more at https://react.dev/link/wrap-tests-with-act
An update to StreamVideoProvider inside a test was not wrapped in 
act(...).

When testing, code that causes React state updates should be wrapped into 
act(...):

act(() => {
  /* fire events that update state */
});
/* assert on the output */

This ensures that you're testing the behavior the user would see in the 
browser. Learn more at https://react.dev/link/wrap-tests-with-act
An update to StreamVideoProvider inside a test was not wrapped in 
act(...).

When testing, code that causes React state updates should be wrapped into 
act(...):

act(() => {
  /* fire events that update state */
});
/* assert on the output */

This ensures that you're testing the behavior the user would see in the 
browser. Learn more at https://react.dev/link/wrap-tests-with-act
An update to StreamVideoProvider inside a test was not wrapped in 
act(...).

When testing, code that causes React state updates should be wrapped into 
act(...):

act(() => {
  /* fire events that update state */
});
/* assert on the output */

This ensures that you're testing the behavior the user would see in the 
browser. Learn more at https://react.dev/link/wrap-tests-with-act

[90mstderr[2m | 
__tests__/properties/stream-client-initialization.property.test.ts[2m > 
[22m[2mProperty 1: Stream Client Initialization[2m > 
[22m[2minitializes Stream Video Client with correct API key for any 
valid credentials
[22m[39mAn update to StreamVideoProvider inside a test was not wrapped 
in act(...).

When testing, code that causes React state updates should be wrapped into 
act(...):

act(() => {
  /* fire events that update state */
});
/* assert on the output */

This ensures that you're testing the behavior the user would see in the 
browser. Learn more at https://react.dev/link/wrap-tests-with-act

 [32mΓ£ô[39m __tests__/properties/meeting-lifecycle-management.property.test.ts [2m([22m[2m8 tests[22m[2m)[22m[33m 560[2mms[22m[39m
[90mstderr[2m | 
__tests__/properties/stream-client-initialization.property.test.ts[2m > 
[22m[2mProperty 1: Stream Client Initialization[2m > 
[22m[2minitializes Stream Video Client with correct API key for any 
valid credentials
[22m[39mAn update to StreamVideoProvider inside a test was not wrapped 
in act(...).

When testing, code that causes React state updates should be wrapped into 
act(...):

act(() => {
  /* fire events that update state */
});
/* assert on the output */

This ensures that you're testing the behavior the user would see in the 
browser. Learn more at https://react.dev/link/wrap-tests-with-act
An update to StreamVideoProvider inside a test was not wrapped in 
act(...).

When testing, code that causes React state updates should be wrapped into 
act(...):

act(() => {
  /* fire events that update state */
});
/* assert on the output */

This ensures that you're testing the behavior the user would see in the 
browser. Learn more at https://react.dev/link/wrap-tests-with-act
An update to StreamVideoProvider inside a test was not wrapped in 
act(...).

When testing, code that causes React state updates should be wrapped into 
act(...):

act(() => {
  /* fire events that update state */
});
/* assert on the output */

This ensures that you're testing the behavior the user would see in the 
browser. Learn more at https://react.dev/link/wrap-tests-with-act
An update to StreamVideoProvider inside a test was not wrapped in 
act(...).

When testing, code that causes React state updates should be wrapped into 
act(...):

act(() => {
  /* fire events that update state */
});
/* assert on the output */

This ensures that you're testing the behavior the user would see in the 
browser. Learn more at https://react.dev/link/wrap-tests-with-act

[90mstderr[2m | 
__tests__/properties/stream-client-initialization.property.test.ts[2m > 
[22m[2mProperty 1: Stream Client Initialization[2m > 
[22m[2minitializes Stream Video Client with correct API key for any 
valid credentials
[22m[39mAn update to StreamVideoProvider inside a test was not wrapped 
in act(...).

When testing, code that causes React state updates should be wrapped into 
act(...):

act(() => {
  /* fire events that update state */
});
/* assert on the output */

This ensures that you're testing the behavior the user would see in the 
browser. Learn more at https://react.dev/link/wrap-tests-with-act

[90mstderr[2m | 
__tests__/properties/stream-client-initialization.property.test.ts[2m > 
[22m[2mProperty 1: Stream Client Initialization[2m > 
[22m[2minitializes Stream Video Client with correct API key for any 
valid credentials
[22m[39mAn update to StreamVideoProvider inside a test was not wrapped 
in act(...).

When testing, code that causes React state updates should be wrapped into 
act(...):

act(() => {
  /* fire events that update state */
});
/* assert on the output */

This ensures that you're testing the behavior the user would see in the 
browser. Learn more at https://react.dev/link/wrap-tests-with-act
An update to StreamVideoProvider inside a test was not wrapped in 
act(...).

When testing, code that causes React state updates should be wrapped into 
act(...):

act(() => {
  /* fire events that update state */
});
/* assert on the output */

This ensures that you're testing the behavior the user would see in the 
browser. Learn more at https://react.dev/link/wrap-tests-with-act
An update to StreamVideoProvider inside a test was not wrapped in 
act(...).

When testing, code that causes React state updates should be wrapped into 
act(...):

act(() => {
  /* fire events that update state */
});
/* assert on the output */

This ensures that you're testing the behavior the user would see in the 
browser. Learn more at https://react.dev/link/wrap-tests-with-act
An update to StreamVideoProvider inside a test was not wrapped in 
act(...).

When testing, code that causes React state updates should be wrapped into 
act(...):

act(() => {
  /* fire events that update state */
});
/* assert on the output */

This ensures that you're testing the behavior the user would see in the 
browser. Learn more at https://react.dev/link/wrap-tests-with-act

[90mstderr[2m | 
__tests__/properties/stream-client-initialization.property.test.ts[2m > 
[22m[2mProperty 1: Stream Client Initialization[2m > 
[22m[2minitializes Stream Video Client with correct API key for any 
valid credentials
[22m[39mAn update to StreamVideoProvider inside a test was not wrapped 
in act(...).

When testing, code that causes React state updates should be wrapped into 
act(...):

act(() => {
  /* fire events that update state */
});
/* assert on the output */

This ensures that you're testing the behavior the user would see in the 
browser. Learn more at https://react.dev/link/wrap-tests-with-act

[90mstderr[2m | 
__tests__/properties/stream-client-initialization.property.test.ts[2m > 
[22m[2mProperty 1: Stream Client Initialization[2m > 
[22m[2minitializes Stream Video Client with correct API key for any 
valid credentials
[22m[39mAn update to StreamVideoProvider inside a test was not wrapped 
in act(...).

When testing, code that causes React state updates should be wrapped into 
act(...):

act(() => {
  /* fire events that update state */
});
/* assert on the output */

This ensures that you're testing the behavior the user would see in the 
browser. Learn more at https://react.dev/link/wrap-tests-with-act
An update to StreamVideoProvider inside a test was not wrapped in 
act(...).

When testing, code that causes React state updates should be wrapped into 
act(...):

act(() => {
  /* fire events that update state */
});
/* assert on the output */

This ensures that you're testing the behavior the user would see in the 
browser. Learn more at https://react.dev/link/wrap-tests-with-act
An update to StreamVideoProvider inside a test was not wrapped in 
act(...).

When testing, code that causes React state updates should be wrapped into 
act(...):

act(() => {
  /* fire events that update state */
});
/* assert on the output */

This ensures that you're testing the behavior the user would see in the 
browser. Learn more at https://react.dev/link/wrap-tests-with-act
An update to StreamVideoProvider inside a test was not wrapped in 
act(...).

When testing, code that causes React state updates should be wrapped into 
act(...):

act(() => {
  /* fire events that update state */
});
/* assert on the output */

This ensures that you're testing the behavior the user would see in the 
browser. Learn more at https://react.dev/link/wrap-tests-with-act

[90mstderr[2m | 
__tests__/properties/stream-client-initialization.property.test.ts[2m > 
[22m[2mProperty 1: Stream Client Initialization[2m > 
[22m[2minitializes Stream Video Client with correct API key for any 
valid credentials
[22m[39mAn update to StreamVideoProvider inside a test was not wrapped 
in act(...).

When testing, code that causes React state updates should be wrapped into 
act(...):

act(() => {
  /* fire events that update state */
});
/* assert on the output */

This ensures that you're testing the behavior the user would see in the 
browser. Learn more at https://react.dev/link/wrap-tests-with-act

[90mstderr[2m | 
__tests__/properties/stream-client-initialization.property.test.ts[2m > 
[22m[2mProperty 1: Stream Client Initialization[2m > 
[22m[2minitializes Stream Video Client with correct API key for any 
valid credentials
[22m[39mAn update to StreamVideoProvider inside a test was not wrapped 
in act(...).

When testing, code that causes React state updates should be wrapped into 
act(...):

act(() => {
  /* fire events that update state */
});
/* assert on the output */

This ensures that you're testing the behavior the user would see in the 
browser. Learn more at https://react.dev/link/wrap-tests-with-act
An update to StreamVideoProvider inside a test was not wrapped in 
act(...).

When testing, code that causes React state updates should be wrapped into 
act(...):

act(() => {
  /* fire events that update state */
});
/* assert on the output */

This ensures that you're testing the behavior the user would see in the 
browser. Learn more at https://react.dev/link/wrap-tests-with-act
An update to StreamVideoProvider inside a test was not wrapped in 
act(...).

When testing, code that causes React state updates should be wrapped into 
act(...):

act(() => {
  /* fire events that update state */
});
/* assert on the output */

This ensures that you're testing the behavior the user would see in the 
browser. Learn more at https://react.dev/link/wrap-tests-with-act
An update to StreamVideoProvider inside a test was not wrapped in 
act(...).

When testing, code that causes React state updates should be wrapped into 
act(...):

act(() => {
  /* fire events that update state */
});
/* assert on the output */

This ensures that you're testing the behavior the user would see in the 
browser. Learn more at https://react.dev/link/wrap-tests-with-act

[90mstderr[2m | 
__tests__/properties/stream-client-initialization.property.test.ts[2m > 
[22m[2mProperty 1: Stream Client Initialization[2m > 
[22m[2minitializes Stream Video Client with correct API key for any 
valid credentials
[22m[39mAn update to StreamVideoProvider inside a test was not wrapped 
in act(...).

When testing, code that causes React state updates should be wrapped into 
act(...):

act(() => {
  /* fire events that update state */
});
/* assert on the output */

This ensures that you're testing the behavior the user would see in the 
browser. Learn more at https://react.dev/link/wrap-tests-with-act

[90mstderr[2m | 
__tests__/properties/stream-client-initialization.property.test.ts[2m > 
[22m[2mProperty 1: Stream Client Initialization[2m > 
[22m[2minitializes Stream Video Client with correct API key for any 
valid credentials
[22m[39mAn update to StreamVideoProvider inside a test was not wrapped 
in act(...).

When testing, code that causes React state updates should be wrapped into 
act(...):

act(() => {
  /* fire events that update state */
});
/* assert on the output */

This ensures that you're testing the behavior the user would see in the 
browser. Learn more at https://react.dev/link/wrap-tests-with-act
An update to StreamVideoProvider inside a test was not wrapped in 
act(...).

When testing, code that causes React state updates should be wrapped into 
act(...):

act(() => {
  /* fire events that update state */
});
/* assert on the output */

This ensures that you're testing the behavior the user would see in the 
browser. Learn more at https://react.dev/link/wrap-tests-with-act
An update to StreamVideoProvider inside a test was not wrapped in 
act(...).

When testing, code that causes React state updates should be wrapped into 
act(...):

act(() => {
  /* fire events that update state */
});
/* assert on the output */

This ensures that you're testing the behavior the user would see in the 
browser. Learn more at https://react.dev/link/wrap-tests-with-act
An update to StreamVideoProvider inside a test was not wrapped in 
act(...).

When testing, code that causes React state updates should be wrapped into 
act(...):

act(() => {
  /* fire events that update state */
});
/* assert on the output */

This ensures that you're testing the behavior the user would see in the 
browser. Learn more at https://react.dev/link/wrap-tests-with-act

[90mstderr[2m | 
__tests__/properties/stream-client-initialization.property.test.ts[2m > 
[22m[2mProperty 1: Stream Client Initialization[2m > 
[22m[2minitializes Stream Video Client with correct API key for any 
valid credentials
[22m[39mAn update to StreamVideoProvider inside a test was not wrapped 
in act(...).

When testing, code that causes React state updates should be wrapped into 
act(...):

act(() => {
  /* fire events that update state */
});
/* assert on the output */

This ensures that you're testing the behavior the user would see in the 
browser. Learn more at https://react.dev/link/wrap-tests-with-act

[90mstderr[2m | 
__tests__/properties/stream-client-initialization.property.test.ts[2m > 
[22m[2mProperty 1: Stream Client Initialization[2m > 
[22m[2minitializes Stream Video Client with correct API key for any 
valid credentials
[22m[39mAn update to StreamVideoProvider inside a test was not wrapped 
in act(...).

When testing, code that causes React state updates should be wrapped into 
act(...):

act(() => {
  /* fire events that update state */
});
/* assert on the output */

This ensures that you're testing the behavior the user would see in the 
browser. Learn more at https://react.dev/link/wrap-tests-with-act
An update to StreamVideoProvider inside a test was not wrapped in 
act(...).

When testing, code that causes React state updates should be wrapped into 
act(...):

act(() => {
  /* fire events that update state */
});
/* assert on the output */

This ensures that you're testing the behavior the user would see in the 
browser. Learn more at https://react.dev/link/wrap-tests-with-act
An update to StreamVideoProvider inside a test was not wrapped in 
act(...).

When testing, code that causes React state updates should be wrapped into 
act(...):

act(() => {
  /* fire events that update state */
});
/* assert on the output */

This ensures that you're testing the behavior the user would see in the 
browser. Learn more at https://react.dev/link/wrap-tests-with-act
An update to StreamVideoProvider inside a test was not wrapped in 
act(...).

When testing, code that causes React state updates should be wrapped into 
act(...):

act(() => {
  /* fire events that update state */
});
/* assert on the output */

This ensures that you're testing the behavior the user would see in the 
browser. Learn more at https://react.dev/link/wrap-tests-with-act
An update to StreamVideoProvider inside a test was not wrapped in 
act(...).

When testing, code that causes React state updates should be wrapped into 
act(...):

act(() => {
  /* fire events that update state */
});
/* assert on the output */

This ensures that you're testing the behavior the user would see in the 
browser. Learn more at https://react.dev/link/wrap-tests-with-act

[90mstderr[2m | 
__tests__/properties/stream-client-initialization.property.test.ts[2m > 
[22m[2mProperty 1: Stream Client Initialization[2m > 
[22m[2minitializes Stream Video Client with correct API key for any 
valid credentials
[22m[39mAn update to StreamVideoProvider inside a test was not wrapped 
in act(...).

When testing, code that causes React state updates should be wrapped into 
act(...):

act(() => {
  /* fire events that update state */
});
/* assert on the output */

This ensures that you're testing the behavior the user would see in the 
browser. Learn more at https://react.dev/link/wrap-tests-with-act
An update to StreamVideoProvider inside a test was not wrapped in 
act(...).

When testing, code that causes React state updates should be wrapped into 
act(...):

act(() => {
  /* fire events that update state */
});
/* assert on the output */

This ensures that you're testing the behavior the user would see in the 
browser. Learn more at https://react.dev/link/wrap-tests-with-act
An update to StreamVideoProvider inside a test was not wrapped in 
act(...).

When testing, code that causes React state updates should be wrapped into 
act(...):

act(() => {
  /* fire events that update state */
});
/* assert on the output */

This ensures that you're testing the behavior the user would see in the 
browser. Learn more at https://react.dev/link/wrap-tests-with-act
An update to StreamVideoProvider inside a test was not wrapped in 
act(...).

When testing, code that causes React state updates should be wrapped into 
act(...):

act(() => {
  /* fire events that update state */
});
/* assert on the output */

This ensures that you're testing the behavior the user would see in the 
browser. Learn more at https://react.dev/link/wrap-tests-with-act

[90mstderr[2m | 
__tests__/properties/stream-client-initialization.property.test.ts[2m > 
[22m[2mProperty 1: Stream Client Initialization[2m > 
[22m[2minitializes Stream Video Client with correct API key for any 
valid credentials
[22m[39mAn update to StreamVideoProvider inside a test was not wrapped 
in act(...).

When testing, code that causes React state updates should be wrapped into 
act(...):

act(() => {
  /* fire events that update state */
});
/* assert on the output */

This ensures that you're testing the behavior the user would see in the 
browser. Learn more at https://react.dev/link/wrap-tests-with-act

[90mstderr[2m | 
__tests__/properties/stream-client-initialization.property.test.ts[2m > 
[22m[2mProperty 1: Stream Client Initialization[2m > 
[22m[2minitializes Stream Video Client with correct API key for any 
valid credentials
[22m[39mAn update to StreamVideoProvider inside a test was not wrapped 
in act(...).

When testing, code that causes React state updates should be wrapped into 
act(...):

act(() => {
  /* fire events that update state */
});
/* assert on the output */

This ensures that you're testing the behavior the user would see in the 
browser. Learn more at https://react.dev/link/wrap-tests-with-act
An update to StreamVideoProvider inside a test was not wrapped in 
act(...).

When testing, code that causes React state updates should be wrapped into 
act(...):

act(() => {
  /* fire events that update state */
});
/* assert on the output */

This ensures that you're testing the behavior the user would see in the 
browser. Learn more at https://react.dev/link/wrap-tests-with-act
An update to StreamVideoProvider inside a test was not wrapped in 
act(...).

When testing, code that causes React state updates should be wrapped into 
act(...):

act(() => {
  /* fire events that update state */
});
/* assert on the output */

This ensures that you're testing the behavior the user would see in the 
browser. Learn more at https://react.dev/link/wrap-tests-with-act
An update to StreamVideoProvider inside a test was not wrapped in 
act(...).

When testing, code that causes React state updates should be wrapped into 
act(...):

act(() => {
  /* fire events that update state */
});
/* assert on the output */

This ensures that you're testing the behavior the user would see in the 
browser. Learn more at https://react.dev/link/wrap-tests-with-act

[90mstderr[2m | 
__tests__/properties/stream-client-initialization.property.test.ts[2m > 
[22m[2mProperty 1: Stream Client Initialization[2m > 
[22m[2minitializes Stream Video Client with correct API key for any 
valid credentials
[22m[39mAn update to StreamVideoProvider inside a test was not wrapped 
in act(...).

When testing, code that causes React state updates should be wrapped into 
act(...):

act(() => {
  /* fire events that update state */
});
/* assert on the output */

This ensures that you're testing the behavior the user would see in the 
browser. Learn more at https://react.dev/link/wrap-tests-with-act

[90mstderr[2m | 
__tests__/properties/stream-client-initialization.property.test.ts[2m > 
[22m[2mProperty 1: Stream Client Initialization[2m > 
[22m[2minitializes Stream Video Client with correct API key for any 
valid credentials
[22m[39mAn update to StreamVideoProvider inside a test was not wrapped 
in act(...).

When testing, code that causes React state updates should be wrapped into 
act(...):

act(() => {
  /* fire events that update state */
});
/* assert on the output */

This ensures that you're testing the behavior the user would see in the 
browser. Learn more at https://react.dev/link/wrap-tests-with-act
An update to StreamVideoProvider inside a test was not wrapped in 
act(...).

When testing, code that causes React state updates should be wrapped into 
act(...):

act(() => {
  /* fire events that update state */
});
/* assert on the output */

This ensures that you're testing the behavior the user would see in the 
browser. Learn more at https://react.dev/link/wrap-tests-with-act
An update to StreamVideoProvider inside a test was not wrapped in 
act(...).

When testing, code that causes React state updates should be wrapped into 
act(...):

act(() => {
  /* fire events that update state */
});
/* assert on the output */

This ensures that you're testing the behavior the user would see in the 
browser. Learn more at https://react.dev/link/wrap-tests-with-act
An update to StreamVideoProvider inside a test was not wrapped in 
act(...).

When testing, code that causes React state updates should be wrapped into 
act(...):

act(() => {
  /* fire events that update state */
});
/* assert on the output */

This ensures that you're testing the behavior the user would see in the 
browser. Learn more at https://react.dev/link/wrap-tests-with-act

[90mstderr[2m | 
__tests__/properties/stream-client-initialization.property.test.ts[2m > 
[22m[2mProperty 1: Stream Client Initialization[2m > 
[22m[2minitializes Stream Video Client with correct API key for any 
valid credentials
[22m[39mAn update to StreamVideoProvider inside a test was not wrapped 
in act(...).

When testing, code that causes React state updates should be wrapped into 
act(...):

act(() => {
  /* fire events that update state */
});
/* assert on the output */

This ensures that you're testing the behavior the user would see in the 
browser. Learn more at https://react.dev/link/wrap-tests-with-act

[90mstderr[2m | 
__tests__/properties/stream-client-initialization.property.test.ts[2m > 
[22m[2mProperty 1: Stream Client Initialization[2m > 
[22m[2minitializes Stream Video Client with correct API key for any 
valid credentials
[22m[39mAn update to StreamVideoProvider inside a test was not wrapped 
in act(...).

When testing, code that causes React state updates should be wrapped into 
act(...):

act(() => {
  /* fire events that update state */
});
/* assert on the output */

This ensures that you're testing the behavior the user would see in the 
browser. Learn more at https://react.dev/link/wrap-tests-with-act
An update to StreamVideoProvider inside a test was not wrapped in 
act(...).

When testing, code that causes React state updates should be wrapped into 
act(...):

act(() => {
  /* fire events that update state */
});
/* assert on the output */

This ensures that you're testing the behavior the user would see in the 
browser. Learn more at https://react.dev/link/wrap-tests-with-act
An update to StreamVideoProvider inside a test was not wrapped in 
act(...).

When testing, code that causes React state updates should be wrapped into 
act(...):

act(() => {
  /* fire events that update state */
});
/* assert on the output */

This ensures that you're testing the behavior the user would see in the 
browser. Learn more at https://react.dev/link/wrap-tests-with-act
An update to StreamVideoProvider inside a test was not wrapped in 
act(...).

When testing, code that causes React state updates should be wrapped into 
act(...):

act(() => {
  /* fire events that update state */
});
/* assert on the output */

This ensures that you're testing the behavior the user would see in the 
browser. Learn more at https://react.dev/link/wrap-tests-with-act

[90mstderr[2m | 
__tests__/properties/stream-client-initialization.property.test.ts[2m > 
[22m[2mProperty 1: Stream Client Initialization[2m > 
[22m[2minitializes Stream Video Client with correct API key for any 
valid credentials
[22m[39mAn update to StreamVideoProvider inside a test was not wrapped 
in act(...).

When testing, code that causes React state updates should be wrapped into 
act(...):

act(() => {
  /* fire events that update state */
});
/* assert on the output */

This ensures that you're testing the behavior the user would see in the 
browser. Learn more at https://react.dev/link/wrap-tests-with-act

[90mstderr[2m | 
__tests__/properties/stream-client-initialization.property.test.ts[2m > 
[22m[2mProperty 1: Stream Client Initialization[2m > 
[22m[2minitializes Stream Video Client with correct API key for any 
valid credentials
[22m[39mAn update to StreamVideoProvider inside a test was not wrapped 
in act(...).

When testing, code that causes React state updates should be wrapped into 
act(...):

act(() => {
  /* fire events that update state */
});
/* assert on the output */

This ensures that you're testing the behavior the user would see in the 
browser. Learn more at https://react.dev/link/wrap-tests-with-act
An update to StreamVideoProvider inside a test was not wrapped in 
act(...).

When testing, code that causes React state updates should be wrapped into 
act(...):

act(() => {
  /* fire events that update state */
});
/* assert on the output */

This ensures that you're testing the behavior the user would see in the 
browser. Learn more at https://react.dev/link/wrap-tests-with-act
An update to StreamVideoProvider inside a test was not wrapped in 
act(...).

When testing, code that causes React state updates should be wrapped into 
act(...):

act(() => {
  /* fire events that update state */
});
/* assert on the output */

This ensures that you're testing the behavior the user would see in the 
browser. Learn more at https://react.dev/link/wrap-tests-with-act
An update to StreamVideoProvider inside a test was not wrapped in 
act(...).

When testing, code that causes React state updates should be wrapped into 
act(...):

act(() => {
  /* fire events that update state */
});
/* assert on the output */

This ensures that you're testing the behavior the user would see in the 
browser. Learn more at https://react.dev/link/wrap-tests-with-act

[90mstderr[2m | 
__tests__/properties/stream-client-initialization.property.test.ts[2m > 
[22m[2mProperty 1: Stream Client Initialization[2m > 
[22m[2minitializes Stream Video Client with correct API key for any 
valid credentials
[22m[39mAn update to StreamVideoProvider inside a test was not wrapped 
in act(...).

When testing, code that causes React state updates should be wrapped into 
act(...):

act(() => {
  /* fire events that update state */
});
/* assert on the output */

This ensures that you're testing the behavior the user would see in the 
browser. Learn more at https://react.dev/link/wrap-tests-with-act

[90mstderr[2m | 
__tests__/properties/stream-client-initialization.property.test.ts[2m > 
[22m[2mProperty 1: Stream Client Initialization[2m > 
[22m[2minitializes Stream Video Client with correct API key for any 
valid credentials
[22m[39mAn update to StreamVideoProvider inside a test was not wrapped 
in act(...).

When testing, code that causes React state updates should be wrapped into 
act(...):

act(() => {
  /* fire events that update state */
});
/* assert on the output */

This ensures that you're testing the behavior the user would see in the 
browser. Learn more at https://react.dev/link/wrap-tests-with-act
An update to StreamVideoProvider inside a test was not wrapped in 
act(...).

When testing, code that causes React state updates should be wrapped into 
act(...):

act(() => {
  /* fire events that update state */
});
/* assert on the output */

This ensures that you're testing the behavior the user would see in the 
browser. Learn more at https://react.dev/link/wrap-tests-with-act
An update to StreamVideoProvider inside a test was not wrapped in 
act(...).

When testing, code that causes React state updates should be wrapped into 
act(...):

act(() => {
  /* fire events that update state */
});
/* assert on the output */

This ensures that you're testing the behavior the user would see in the 
browser. Learn more at https://react.dev/link/wrap-tests-with-act
An update to StreamVideoProvider inside a test was not wrapped in 
act(...).

When testing, code that causes React state updates should be wrapped into 
act(...):

act(() => {
  /* fire events that update state */
});
/* assert on the output */

This ensures that you're testing the behavior the user would see in the 
browser. Learn more at https://react.dev/link/wrap-tests-with-act

[90mstderr[2m | 
__tests__/properties/stream-client-initialization.property.test.ts[2m > 
[22m[2mProperty 1: Stream Client Initialization[2m > 
[22m[2minitializes Stream Video Client with correct API key for any 
valid credentials
[22m[39mAn update to StreamVideoProvider inside a test was not wrapped 
in act(...).

When testing, code that causes React state updates should be wrapped into 
act(...):

act(() => {
  /* fire events that update state */
});
/* assert on the output */

This ensures that you're testing the behavior the user would see in the 
browser. Learn more at https://react.dev/link/wrap-tests-with-act

[90mstderr[2m | 
__tests__/properties/stream-client-initialization.property.test.ts[2m > 
[22m[2mProperty 1: Stream Client Initialization[2m > 
[22m[2minitializes Stream Video Client with correct API key for any 
valid credentials
[22m[39mAn update to StreamVideoProvider inside a test was not wrapped 
in act(...).

When testing, code that causes React state updates should be wrapped into 
act(...):

act(() => {
  /* fire events that update state */
});
/* assert on the output */

This ensures that you're testing the behavior the user would see in the 
browser. Learn more at https://react.dev/link/wrap-tests-with-act
An update to StreamVideoProvider inside a test was not wrapped in 
act(...).

When testing, code that causes React state updates should be wrapped into 
act(...):

act(() => {
  /* fire events that update state */
});
/* assert on the output */

This ensures that you're testing the behavior the user would see in the 
browser. Learn more at https://react.dev/link/wrap-tests-with-act
An update to StreamVideoProvider inside a test was not wrapped in 
act(...).

When testing, code that causes React state updates should be wrapped into 
act(...):

act(() => {
  /* fire events that update state */
});
/* assert on the output */

This ensures that you're testing the behavior the user would see in the 
browser. Learn more at https://react.dev/link/wrap-tests-with-act
An update to StreamVideoProvider inside a test was not wrapped in 
act(...).

When testing, code that causes React state updates should be wrapped into 
act(...):

act(() => {
  /* fire events that update state */
});
/* assert on the output */

This ensures that you're testing the behavior the user would see in the 
browser. Learn more at https://react.dev/link/wrap-tests-with-act

[90mstderr[2m | 
__tests__/properties/stream-client-initialization.property.test.ts[2m > 
[22m[2mProperty 1: Stream Client Initialization[2m > 
[22m[2minitializes Stream Video Client with correct API key for any 
valid credentials
[22m[39mAn update to StreamVideoProvider inside a test was not wrapped 
in act(...).

When testing, code that causes React state updates should be wrapped into 
act(...):

act(() => {
  /* fire events that update state */
});
/* assert on the output */

This ensures that you're testing the behavior the user would see in the 
browser. Learn more at https://react.dev/link/wrap-tests-with-act

[90mstderr[2m | 
__tests__/properties/stream-client-initialization.property.test.ts[2m > 
[22m[2mProperty 1: Stream Client Initialization[2m > 
[22m[2minitializes Stream Video Client with correct API key for any 
valid credentials
[22m[39mAn update to StreamVideoProvider inside a test was not wrapped 
in act(...).

When testing, code that causes React state updates should be wrapped into 
act(...):

act(() => {
  /* fire events that update state */
});
/* assert on the output */

This ensures that you're testing the behavior the user would see in the 
browser. Learn more at https://react.dev/link/wrap-tests-with-act
An update to StreamVideoProvider inside a test was not wrapped in 
act(...).

When testing, code that causes React state updates should be wrapped into 
act(...):

act(() => {
  /* fire events that update state */
});
/* assert on the output */

This ensures that you're testing the behavior the user would see in the 
browser. Learn more at https://react.dev/link/wrap-tests-with-act
An update to StreamVideoProvider inside a test was not wrapped in 
act(...).

When testing, code that causes React state updates should be wrapped into 
act(...):

act(() => {
  /* fire events that update state */
});
/* assert on the output */

This ensures that you're testing the behavior the user would see in the 
browser. Learn more at https://react.dev/link/wrap-tests-with-act
An update to StreamVideoProvider inside a test was not wrapped in 
act(...).

When testing, code that causes React state updates should be wrapped into 
act(...):

act(() => {
  /* fire events that update state */
});
/* assert on the output */

This ensures that you're testing the behavior the user would see in the 
browser. Learn more at https://react.dev/link/wrap-tests-with-act

[90mstderr[2m | 
__tests__/properties/stream-client-initialization.property.test.ts[2m > 
[22m[2mProperty 1: Stream Client Initialization[2m > 
[22m[2minitializes Stream Video Client with correct API key for any 
valid credentials
[22m[39mAn update to StreamVideoProvider inside a test was not wrapped 
in act(...).

When testing, code that causes React state updates should be wrapped into 
act(...):

act(() => {
  /* fire events that update state */
});
/* assert on the output */

This ensures that you're testing the behavior the user would see in the 
browser. Learn more at https://react.dev/link/wrap-tests-with-act

[90mstderr[2m | 
__tests__/properties/stream-client-initialization.property.test.ts[2m > 
[22m[2mProperty 1: Stream Client Initialization[2m > [22m[2mcreates 
client with user data from Clerk for any authenticated user
[22m[39mAn update to StreamVideoProvider inside a test was not wrapped 
in act(...).

When testing, code that causes React state updates should be wrapped into 
act(...):

act(() => {
  /* fire events that update state */
});
/* assert on the output */

This ensures that you're testing the behavior the user would see in the 
browser. Learn more at https://react.dev/link/wrap-tests-with-act
An update to StreamVideoProvider inside a test was not wrapped in 
act(...).

When testing, code that causes React state updates should be wrapped into 
act(...):

act(() => {
  /* fire events that update state */
});
/* assert on the output */

This ensures that you're testing the behavior the user would see in the 
browser. Learn more at https://react.dev/link/wrap-tests-with-act
An update to StreamVideoProvider inside a test was not wrapped in 
act(...).

When testing, code that causes React state updates should be wrapped into 
act(...):

act(() => {
  /* fire events that update state */
});
/* assert on the output */

This ensures that you're testing the behavior the user would see in the 
browser. Learn more at https://react.dev/link/wrap-tests-with-act
An update to StreamVideoProvider inside a test was not wrapped in 
act(...).

When testing, code that causes React state updates should be wrapped into 
act(...):

act(() => {
  /* fire events that update state */
});
/* assert on the output */

This ensures that you're testing the behavior the user would see in the 
browser. Learn more at https://react.dev/link/wrap-tests-with-act

[90mstderr[2m | 
__tests__/properties/stream-client-initialization.property.test.ts[2m > 
[22m[2mProperty 1: Stream Client Initialization[2m > [22m[2mcreates 
client with user data from Clerk for any authenticated user
[22m[39mAn update to StreamVideoProvider inside a test was not wrapped 
in act(...).

When testing, code that causes React state updates should be wrapped into 
act(...):

act(() => {
  /* fire events that update state */
});
/* assert on the output */

This ensures that you're testing the behavior the user would see in the 
browser. Learn more at https://react.dev/link/wrap-tests-with-act

[90mstderr[2m | 
__tests__/properties/stream-client-initialization.property.test.ts[2m > 
[22m[2mProperty 1: Stream Client Initialization[2m > [22m[2mcreates 
client with user data from Clerk for any authenticated user
[22m[39mAn update to StreamVideoProvider inside a test was not wrapped 
in act(...).

When testing, code that causes React state updates should be wrapped into 
act(...):

act(() => {
  /* fire events that update state */
});
/* assert on the output */

This ensures that you're testing the behavior the user would see in the 
browser. Learn more at https://react.dev/link/wrap-tests-with-act
An update to StreamVideoProvider inside a test was not wrapped in 
act(...).

When testing, code that causes React state updates should be wrapped into 
act(...):

act(() => {
  /* fire events that update state */
});
/* assert on the output */

This ensures that you're testing the behavior the user would see in the 
browser. Learn more at https://react.dev/link/wrap-tests-with-act
An update to StreamVideoProvider inside a test was not wrapped in 
act(...).

When testing, code that causes React state updates should be wrapped into 
act(...):

act(() => {
  /* fire events that update state */
});
/* assert on the output */

This ensures that you're testing the behavior the user would see in the 
browser. Learn more at https://react.dev/link/wrap-tests-with-act
An update to StreamVideoProvider inside a test was not wrapped in 
act(...).

When testing, code that causes React state updates should be wrapped into 
act(...):

act(() => {
  /* fire events that update state */
});
/* assert on the output */

This ensures that you're testing the behavior the user would see in the 
browser. Learn more at https://react.dev/link/wrap-tests-with-act

[90mstderr[2m | 
__tests__/properties/stream-client-initialization.property.test.ts[2m > 
[22m[2mProperty 1: Stream Client Initialization[2m > [22m[2mcreates 
client with user data from Clerk for any authenticated user
[22m[39mAn update to StreamVideoProvider inside a test was not wrapped 
in act(...).

When testing, code that causes React state updates should be wrapped into 
act(...):

act(() => {
  /* fire events that update state */
});
/* assert on the output */

This ensures that you're testing the behavior the user would see in the 
browser. Learn more at https://react.dev/link/wrap-tests-with-act

[90mstderr[2m | 
__tests__/properties/stream-client-initialization.property.test.ts[2m > 
[22m[2mProperty 1: Stream Client Initialization[2m > [22m[2mcreates 
client with user data from Clerk for any authenticated user
[22m[39mAn update to StreamVideoProvider inside a test was not wrapped 
in act(...).

When testing, code that causes React state updates should be wrapped into 
act(...):

act(() => {
  /* fire events that update state */
});
/* assert on the output */

This ensures that you're testing the behavior the user would see in the 
browser. Learn more at https://react.dev/link/wrap-tests-with-act
An update to StreamVideoProvider inside a test was not wrapped in 
act(...).

When testing, code that causes React state updates should be wrapped into 
act(...):

act(() => {
  /* fire events that update state */
});
/* assert on the output */

This ensures that you're testing the behavior the user would see in the 
browser. Learn more at https://react.dev/link/wrap-tests-with-act
An update to StreamVideoProvider inside a test was not wrapped in 
act(...).

When testing, code that causes React state updates should be wrapped into 
act(...):

act(() => {
  /* fire events that update state */
});
/* assert on the output */

This ensures that you're testing the behavior the user would see in the 
browser. Learn more at https://react.dev/link/wrap-tests-with-act
An update to StreamVideoProvider inside a test was not wrapped in 
act(...).

When testing, code that causes React state updates should be wrapped into 
act(...):

act(() => {
  /* fire events that update state */
});
/* assert on the output */

This ensures that you're testing the behavior the user would see in the 
browser. Learn more at https://react.dev/link/wrap-tests-with-act

[90mstderr[2m | 
__tests__/properties/stream-client-initialization.property.test.ts[2m > 
[22m[2mProperty 1: Stream Client Initialization[2m > [22m[2mcreates 
client with user data from Clerk for any authenticated user
[22m[39mAn update to StreamVideoProvider inside a test was not wrapped 
in act(...).

When testing, code that causes React state updates should be wrapped into 
act(...):

act(() => {
  /* fire events that update state */
});
/* assert on the output */

This ensures that you're testing the behavior the user would see in the 
browser. Learn more at https://react.dev/link/wrap-tests-with-act

[90mstderr[2m | 
__tests__/properties/stream-client-initialization.property.test.ts[2m > 
[22m[2mProperty 1: Stream Client Initialization[2m > [22m[2mcreates 
client with user data from Clerk for any authenticated user
[22m[39mAn update to StreamVideoProvider inside a test was not wrapped 
in act(...).

When testing, code that causes React state updates should be wrapped into 
act(...):

act(() => {
  /* fire events that update state */
});
/* assert on the output */

This ensures that you're testing the behavior the user would see in the 
browser. Learn more at https://react.dev/link/wrap-tests-with-act
An update to StreamVideoProvider inside a test was not wrapped in 
act(...).

When testing, code that causes React state updates should be wrapped into 
act(...):

act(() => {
  /* fire events that update state */
});
/* assert on the output */

This ensures that you're testing the behavior the user would see in the 
browser. Learn more at https://react.dev/link/wrap-tests-with-act
An update to StreamVideoProvider inside a test was not wrapped in 
act(...).

When testing, code that causes React state updates should be wrapped into 
act(...):

act(() => {
  /* fire events that update state */
});
/* assert on the output */

This ensures that you're testing the behavior the user would see in the 
browser. Learn more at https://react.dev/link/wrap-tests-with-act
An update to StreamVideoProvider inside a test was not wrapped in 
act(...).

When testing, code that causes React state updates should be wrapped into 
act(...):

act(() => {
  /* fire events that update state */
});
/* assert on the output */

This ensures that you're testing the behavior the user would see in the 
browser. Learn more at https://react.dev/link/wrap-tests-with-act

[90mstderr[2m | 
__tests__/properties/stream-client-initialization.property.test.ts[2m > 
[22m[2mProperty 1: Stream Client Initialization[2m > [22m[2mcreates 
client with user data from Clerk for any authenticated user
[22m[39mAn update to StreamVideoProvider inside a test was not wrapped 
in act(...).

When testing, code that causes React state updates should be wrapped into 
act(...):

act(() => {
  /* fire events that update state */
});
/* assert on the output */

This ensures that you're testing the behavior the user would see in the 
browser. Learn more at https://react.dev/link/wrap-tests-with-act

[90mstderr[2m | 
__tests__/properties/stream-client-initialization.property.test.ts[2m > 
[22m[2mProperty 1: Stream Client Initialization[2m > [22m[2mcreates 
client with user data from Clerk for any authenticated user
[22m[39mAn update to StreamVideoProvider inside a test was not wrapped 
in act(...).

When testing, code that causes React state updates should be wrapped into 
act(...):

act(() => {
  /* fire events that update state */
});
/* assert on the output */

This ensures that you're testing the behavior the user would see in the 
browser. Learn more at https://react.dev/link/wrap-tests-with-act
An update to StreamVideoProvider inside a test was not wrapped in 
act(...).

When testing, code that causes React state updates should be wrapped into 
act(...):

act(() => {
  /* fire events that update state */
});
/* assert on the output */

This ensures that you're testing the behavior the user would see in the 
browser. Learn more at https://react.dev/link/wrap-tests-with-act
An update to StreamVideoProvider inside a test was not wrapped in 
act(...).

When testing, code that causes React state updates should be wrapped into 
act(...):

act(() => {
  /* fire events that update state */
});
/* assert on the output */

This ensures that you're testing the behavior the user would see in the 
browser. Learn more at https://react.dev/link/wrap-tests-with-act
An update to StreamVideoProvider inside a test was not wrapped in 
act(...).

When testing, code that causes React state updates should be wrapped into 
act(...):

act(() => {
  /* fire events that update state */
});
/* assert on the output */

This ensures that you're testing the behavior the user would see in the 
browser. Learn more at https://react.dev/link/wrap-tests-with-act

[90mstderr[2m | 
__tests__/properties/stream-client-initialization.property.test.ts[2m > 
[22m[2mProperty 1: Stream Client Initialization[2m > [22m[2mcreates 
client with user data from Clerk for any authenticated user
[22m[39mAn update to StreamVideoProvider inside a test was not wrapped 
in act(...).

When testing, code that causes React state updates should be wrapped into 
act(...):

act(() => {
  /* fire events that update state */
});
/* assert on the output */

This ensures that you're testing the behavior the user would see in the 
browser. Learn more at https://react.dev/link/wrap-tests-with-act

[90mstderr[2m | 
__tests__/properties/stream-client-initialization.property.test.ts[2m > 
[22m[2mProperty 1: Stream Client Initialization[2m > [22m[2mcreates 
client with user data from Clerk for any authenticated user
[22m[39mAn update to StreamVideoProvider inside a test was not wrapped 
in act(...).

When testing, code that causes React state updates should be wrapped into 
act(...):

act(() => {
  /* fire events that update state */
});
/* assert on the output */

This ensures that you're testing the behavior the user would see in the 
browser. Learn more at https://react.dev/link/wrap-tests-with-act
An update to StreamVideoProvider inside a test was not wrapped in 
act(...).

When testing, code that causes React state updates should be wrapped into 
act(...):

act(() => {
  /* fire events that update state */
});
/* assert on the output */

This ensures that you're testing the behavior the user would see in the 
browser. Learn more at https://react.dev/link/wrap-tests-with-act
An update to StreamVideoProvider inside a test was not wrapped in 
act(...).

When testing, code that causes React state updates should be wrapped into 
act(...):

act(() => {
  /* fire events that update state */
});
/* assert on the output */

This ensures that you're testing the behavior the user would see in the 
browser. Learn more at https://react.dev/link/wrap-tests-with-act
An update to StreamVideoProvider inside a test was not wrapped in 
act(...).

When testing, code that causes React state updates should be wrapped into 
act(...):

act(() => {
  /* fire events that update state */
});
/* assert on the output */

This ensures that you're testing the behavior the user would see in the 
browser. Learn more at https://react.dev/link/wrap-tests-with-act

[90mstderr[2m | 
__tests__/properties/stream-client-initialization.property.test.ts[2m > 
[22m[2mProperty 1: Stream Client Initialization[2m > [22m[2mcreates 
client with user data from Clerk for any authenticated user
[22m[39mAn update to StreamVideoProvider inside a test was not wrapped 
in act(...).

When testing, code that causes React state updates should be wrapped into 
act(...):

act(() => {
  /* fire events that update state */
});
/* assert on the output */

This ensures that you're testing the behavior the user would see in the 
browser. Learn more at https://react.dev/link/wrap-tests-with-act

[90mstderr[2m | 
__tests__/properties/stream-client-initialization.property.test.ts[2m > 
[22m[2mProperty 1: Stream Client Initialization[2m > [22m[2mcreates 
client with user data from Clerk for any authenticated user
[22m[39mAn update to StreamVideoProvider inside a test was not wrapped 
in act(...).

When testing, code that causes React state updates should be wrapped into 
act(...):

act(() => {
  /* fire events that update state */
});
/* assert on the output */

This ensures that you're testing the behavior the user would see in the 
browser. Learn more at https://react.dev/link/wrap-tests-with-act
An update to StreamVideoProvider inside a test was not wrapped in 
act(...).

When testing, code that causes React state updates should be wrapped into 
act(...):

act(() => {
  /* fire events that update state */
});
/* assert on the output */

This ensures that you're testing the behavior the user would see in the 
browser. Learn more at https://react.dev/link/wrap-tests-with-act
An update to StreamVideoProvider inside a test was not wrapped in 
act(...).

When testing, code that causes React state updates should be wrapped into 
act(...):

act(() => {
  /* fire events that update state */
});
/* assert on the output */

This ensures that you're testing the behavior the user would see in the 
browser. Learn more at https://react.dev/link/wrap-tests-with-act
An update to StreamVideoProvider inside a test was not wrapped in 
act(...).

When testing, code that causes React state updates should be wrapped into 
act(...):

act(() => {
  /* fire events that update state */
});
/* assert on the output */

This ensures that you're testing the behavior the user would see in the 
browser. Learn more at https://react.dev/link/wrap-tests-with-act

[90mstderr[2m | 
__tests__/properties/stream-client-initialization.property.test.ts[2m > 
[22m[2mProperty 1: Stream Client Initialization[2m > [22m[2mcreates 
client with user data from Clerk for any authenticated user
[22m[39mAn update to StreamVideoProvider inside a test was not wrapped 
in act(...).

When testing, code that causes React state updates should be wrapped into 
act(...):

act(() => {
  /* fire events that update state */
});
/* assert on the output */

This ensures that you're testing the behavior the user would see in the 
browser. Learn more at https://react.dev/link/wrap-tests-with-act

[90mstderr[2m | 
__tests__/properties/stream-client-initialization.property.test.ts[2m > 
[22m[2mProperty 1: Stream Client Initialization[2m > [22m[2mcreates 
client with user data from Clerk for any authenticated user
[22m[39mAn update to StreamVideoProvider inside a test was not wrapped 
in act(...).

When testing, code that causes React state updates should be wrapped into 
act(...):

act(() => {
  /* fire events that update state */
});
/* assert on the output */

This ensures that you're testing the behavior the user would see in the 
browser. Learn more at https://react.dev/link/wrap-tests-with-act
An update to StreamVideoProvider inside a test was not wrapped in 
act(...).

When testing, code that causes React state updates should be wrapped into 
act(...):

act(() => {
  /* fire events that update state */
});
/* assert on the output */

This ensures that you're testing the behavior the user would see in the 
browser. Learn more at https://react.dev/link/wrap-tests-with-act
An update to StreamVideoProvider inside a test was not wrapped in 
act(...).

When testing, code that causes React state updates should be wrapped into 
act(...):

act(() => {
  /* fire events that update state */
});
/* assert on the output */

This ensures that you're testing the behavior the user would see in the 
browser. Learn more at https://react.dev/link/wrap-tests-with-act
An update to StreamVideoProvider inside a test was not wrapped in 
act(...).

When testing, code that causes React state updates should be wrapped into 
act(...):

act(() => {
  /* fire events that update state */
});
/* assert on the output */

This ensures that you're testing the behavior the user would see in the 
browser. Learn more at https://react.dev/link/wrap-tests-with-act
An update to StreamVideoProvider inside a test was not wrapped in 
act(...).

When testing, code that causes React state updates should be wrapped into 
act(...):

act(() => {
  /* fire events that update state */
});
/* assert on the output */

This ensures that you're testing the behavior the user would see in the 
browser. Learn more at https://react.dev/link/wrap-tests-with-act

[90mstderr[2m | 
__tests__/properties/stream-client-initialization.property.test.ts[2m > 
[22m[2mProperty 1: Stream Client Initialization[2m > [22m[2mcreates 
client with user data from Clerk for any authenticated user
[22m[39mAn update to StreamVideoProvider inside a test was not wrapped 
in act(...).

When testing, code that causes React state updates should be wrapped into 
act(...):

act(() => {
  /* fire events that update state */
});
/* assert on the output */

This ensures that you're testing the behavior the user would see in the 
browser. Learn more at https://react.dev/link/wrap-tests-with-act
An update to StreamVideoProvider inside a test was not wrapped in 
act(...).

When testing, code that causes React state updates should be wrapped into 
act(...):

act(() => {
  /* fire events that update state */
});
/* assert on the output */

This ensures that you're testing the behavior the user would see in the 
browser. Learn more at https://react.dev/link/wrap-tests-with-act
An update to StreamVideoProvider inside a test was not wrapped in 
act(...).

When testing, code that causes React state updates should be wrapped into 
act(...):

act(() => {
  /* fire events that update state */
});
/* assert on the output */

This ensures that you're testing the behavior the user would see in the 
browser. Learn more at https://react.dev/link/wrap-tests-with-act
An update to StreamVideoProvider inside a test was not wrapped in 
act(...).

When testing, code that causes React state updates should be wrapped into 
act(...):

act(() => {
  /* fire events that update state */
});
/* assert on the output */

This ensures that you're testing the behavior the user would see in the 
browser. Learn more at https://react.dev/link/wrap-tests-with-act

[90mstderr[2m | 
__tests__/properties/stream-client-initialization.property.test.ts[2m > 
[22m[2mProperty 1: Stream Client Initialization[2m > [22m[2mcreates 
client with user data from Clerk for any authenticated user
[22m[39mAn update to StreamVideoProvider inside a test was not wrapped 
in act(...).

When testing, code that causes React state updates should be wrapped into 
act(...):

act(() => {
  /* fire events that update state */
});
/* assert on the output */

This ensures that you're testing the behavior the user would see in the 
browser. Learn more at https://react.dev/link/wrap-tests-with-act

[90mstderr[2m | 
__tests__/properties/stream-client-initialization.property.test.ts[2m > 
[22m[2mProperty 1: Stream Client Initialization[2m > [22m[2mcreates 
client with user data from Clerk for any authenticated user
[22m[39mAn update to StreamVideoProvider inside a test was not wrapped 
in act(...).

When testing, code that causes React state updates should be wrapped into 
act(...):

act(() => {
  /* fire events that update state */
});
/* assert on the output */

This ensures that you're testing the behavior the user would see in the 
browser. Learn more at https://react.dev/link/wrap-tests-with-act
An update to StreamVideoProvider inside a test was not wrapped in 
act(...).

When testing, code that causes React state updates should be wrapped into 
act(...):

act(() => {
  /* fire events that update state */
});
/* assert on the output */

This ensures that you're testing the behavior the user would see in the 
browser. Learn more at https://react.dev/link/wrap-tests-with-act
An update to StreamVideoProvider inside a test was not wrapped in 
act(...).

When testing, code that causes React state updates should be wrapped into 
act(...):

act(() => {
  /* fire events that update state */
});
/* assert on the output */

This ensures that you're testing the behavior the user would see in the 
browser. Learn more at https://react.dev/link/wrap-tests-with-act
An update to StreamVideoProvider inside a test was not wrapped in 
act(...).

When testing, code that causes React state updates should be wrapped into 
act(...):

act(() => {
  /* fire events that update state */
});
/* assert on the output */

This ensures that you're testing the behavior the user would see in the 
browser. Learn more at https://react.dev/link/wrap-tests-with-act

[90mstderr[2m | 
__tests__/properties/stream-client-initialization.property.test.ts[2m > 
[22m[2mProperty 1: Stream Client Initialization[2m > [22m[2mcreates 
client with user data from Clerk for any authenticated user
[22m[39mAn update to StreamVideoProvider inside a test was not wrapped 
in act(...).

When testing, code that causes React state updates should be wrapped into 
act(...):

act(() => {
  /* fire events that update state */
});
/* assert on the output */

This ensures that you're testing the behavior the user would see in the 
browser. Learn more at https://react.dev/link/wrap-tests-with-act

[90mstderr[2m | 
__tests__/properties/stream-client-initialization.property.test.ts[2m > 
[22m[2mProperty 1: Stream Client Initialization[2m > [22m[2mcreates 
client with user data from Clerk for any authenticated user
[22m[39mAn update to StreamVideoProvider inside a test was not wrapped 
in act(...).

When testing, code that causes React state updates should be wrapped into 
act(...):

act(() => {
  /* fire events that update state */
});
/* assert on the output */

This ensures that you're testing the behavior the user would see in the 
browser. Learn more at https://react.dev/link/wrap-tests-with-act
An update to StreamVideoProvider inside a test was not wrapped in 
act(...).

When testing, code that causes React state updates should be wrapped into 
act(...):

act(() => {
  /* fire events that update state */
});
/* assert on the output */

This ensures that you're testing the behavior the user would see in the 
browser. Learn more at https://react.dev/link/wrap-tests-with-act
An update to StreamVideoProvider inside a test was not wrapped in 
act(...).

When testing, code that causes React state updates should be wrapped into 
act(...):

act(() => {
  /* fire events that update state */
});
/* assert on the output */

This ensures that you're testing the behavior the user would see in the 
browser. Learn more at https://react.dev/link/wrap-tests-with-act
An update to StreamVideoProvider inside a test was not wrapped in 
act(...).

When testing, code that causes React state updates should be wrapped into 
act(...):

act(() => {
  /* fire events that update state */
});
/* assert on the output */

This ensures that you're testing the behavior the user would see in the 
browser. Learn more at https://react.dev/link/wrap-tests-with-act

[90mstderr[2m | 
__tests__/properties/stream-client-initialization.property.test.ts[2m > 
[22m[2mProperty 1: Stream Client Initialization[2m > [22m[2mcreates 
client with user data from Clerk for any authenticated user
[22m[39mAn update to StreamVideoProvider inside a test was not wrapped 
in act(...).

When testing, code that causes React state updates should be wrapped into 
act(...):

act(() => {
  /* fire events that update state */
});
/* assert on the output */

This ensures that you're testing the behavior the user would see in the 
browser. Learn more at https://react.dev/link/wrap-tests-with-act

[90mstderr[2m | 
__tests__/properties/stream-client-initialization.property.test.ts[2m > 
[22m[2mProperty 1: Stream Client Initialization[2m > [22m[2mcreates 
client with user data from Clerk for any authenticated user
[22m[39mAn update to StreamVideoProvider inside a test was not wrapped 
in act(...).

When testing, code that causes React state updates should be wrapped into 
act(...):

act(() => {
  /* fire events that update state */
});
/* assert on the output */

This ensures that you're testing the behavior the user would see in the 
browser. Learn more at https://react.dev/link/wrap-tests-with-act
An update to StreamVideoProvider inside a test was not wrapped in 
act(...).

When testing, code that causes React state updates should be wrapped into 
act(...):

act(() => {
  /* fire events that update state */
});
/* assert on the output */

This ensures that you're testing the behavior the user would see in the 
browser. Learn more at https://react.dev/link/wrap-tests-with-act
An update to StreamVideoProvider inside a test was not wrapped in 
act(...).

When testing, code that causes React state updates should be wrapped into 
act(...):

act(() => {
  /* fire events that update state */
});
/* assert on the output */

This ensures that you're testing the behavior the user would see in the 
browser. Learn more at https://react.dev/link/wrap-tests-with-act
An update to StreamVideoProvider inside a test was not wrapped in 
act(...).

When testing, code that causes React state updates should be wrapped into 
act(...):

act(() => {
  /* fire events that update state */
});
/* assert on the output */

This ensures that you're testing the behavior the user would see in the 
browser. Learn more at https://react.dev/link/wrap-tests-with-act

[90mstderr[2m | 
__tests__/properties/stream-client-initialization.property.test.ts[2m > 
[22m[2mProperty 1: Stream Client Initialization[2m > [22m[2mcreates 
client with user data from Clerk for any authenticated user
[22m[39mAn update to StreamVideoProvider inside a test was not wrapped 
in act(...).

When testing, code that causes React state updates should be wrapped into 
act(...):

act(() => {
  /* fire events that update state */
});
/* assert on the output */

This ensures that you're testing the behavior the user would see in the 
browser. Learn more at https://react.dev/link/wrap-tests-with-act

[90mstderr[2m | 
__tests__/properties/stream-client-initialization.property.test.ts[2m > 
[22m[2mProperty 1: Stream Client Initialization[2m > [22m[2mcreates 
client with user data from Clerk for any authenticated user
[22m[39mAn update to StreamVideoProvider inside a test was not wrapped 
in act(...).

When testing, code that causes React state updates should be wrapped into 
act(...):

act(() => {
  /* fire events that update state */
});
/* assert on the output */

This ensures that you're testing the behavior the user would see in the 
browser. Learn more at https://react.dev/link/wrap-tests-with-act
An update to StreamVideoProvider inside a test was not wrapped in 
act(...).

When testing, code that causes React state updates should be wrapped into 
act(...):

act(() => {
  /* fire events that update state */
});
/* assert on the output */

This ensures that you're testing the behavior the user would see in the 
browser. Learn more at https://react.dev/link/wrap-tests-with-act
An update to StreamVideoProvider inside a test was not wrapped in 
act(...).

When testing, code that causes React state updates should be wrapped into 
act(...):

act(() => {
  /* fire events that update state */
});
/* assert on the output */

This ensures that you're testing the behavior the user would see in the 
browser. Learn more at https://react.dev/link/wrap-tests-with-act
An update to StreamVideoProvider inside a test was not wrapped in 
act(...).

When testing, code that causes React state updates should be wrapped into 
act(...):

act(() => {
  /* fire events that update state */
});
/* assert on the output */

This ensures that you're testing the behavior the user would see in the 
browser. Learn more at https://react.dev/link/wrap-tests-with-act

[90mstderr[2m | 
__tests__/properties/stream-client-initialization.property.test.ts[2m > 
[22m[2mProperty 1: Stream Client Initialization[2m > [22m[2mcreates 
client with user data from Clerk for any authenticated user
[22m[39mAn update to StreamVideoProvider inside a test was not wrapped 
in act(...).

When testing, code that causes React state updates should be wrapped into 
act(...):

act(() => {
  /* fire events that update state */
});
/* assert on the output */

This ensures that you're testing the behavior the user would see in the 
browser. Learn more at https://react.dev/link/wrap-tests-with-act

[90mstderr[2m | 
__tests__/properties/stream-client-initialization.property.test.ts[2m > 
[22m[2mProperty 1: Stream Client Initialization[2m > [22m[2mcreates 
client with user data from Clerk for any authenticated user
[22m[39mAn update to StreamVideoProvider inside a test was not wrapped 
in act(...).

When testing, code that causes React state updates should be wrapped into 
act(...):

act(() => {
  /* fire events that update state */
});
/* assert on the output */

This ensures that you're testing the behavior the user would see in the 
browser. Learn more at https://react.dev/link/wrap-tests-with-act
An update to StreamVideoProvider inside a test was not wrapped in 
act(...).

When testing, code that causes React state updates should be wrapped into 
act(...):

act(() => {
  /* fire events that update state */
});
/* assert on the output */

This ensures that you're testing the behavior the user would see in the 
browser. Learn more at https://react.dev/link/wrap-tests-with-act
An update to StreamVideoProvider inside a test was not wrapped in 
act(...).

When testing, code that causes React state updates should be wrapped into 
act(...):

act(() => {
  /* fire events that update state */
});
/* assert on the output */

This ensures that you're testing the behavior the user would see in the 
browser. Learn more at https://react.dev/link/wrap-tests-with-act
An update to StreamVideoProvider inside a test was not wrapped in 
act(...).

When testing, code that causes React state updates should be wrapped into 
act(...):

act(() => {
  /* fire events that update state */
});
/* assert on the output */

This ensures that you're testing the behavior the user would see in the 
browser. Learn more at https://react.dev/link/wrap-tests-with-act

[90mstderr[2m | 
__tests__/properties/stream-client-initialization.property.test.ts[2m > 
[22m[2mProperty 1: Stream Client Initialization[2m > [22m[2mcreates 
client with user data from Clerk for any authenticated user
[22m[39mAn update to StreamVideoProvider inside a test was not wrapped 
in act(...).

When testing, code that causes React state updates should be wrapped into 
act(...):

act(() => {
  /* fire events that update state */
});
/* assert on the output */

This ensures that you're testing the behavior the user would see in the 
browser. Learn more at https://react.dev/link/wrap-tests-with-act

[90mstderr[2m | 
__tests__/properties/stream-client-initialization.property.test.ts[2m > 
[22m[2mProperty 1: Stream Client Initialization[2m > [22m[2mcreates 
client with user data from Clerk for any authenticated user
[22m[39mAn update to StreamVideoProvider inside a test was not wrapped 
in act(...).

When testing, code that causes React state updates should be wrapped into 
act(...):

act(() => {
  /* fire events that update state */
});
/* assert on the output */

This ensures that you're testing the behavior the user would see in the 
browser. Learn more at https://react.dev/link/wrap-tests-with-act
An update to StreamVideoProvider inside a test was not wrapped in 
act(...).

When testing, code that causes React state updates should be wrapped into 
act(...):

act(() => {
  /* fire events that update state */
});
/* assert on the output */

This ensures that you're testing the behavior the user would see in the 
browser. Learn more at https://react.dev/link/wrap-tests-with-act
An update to StreamVideoProvider inside a test was not wrapped in 
act(...).

When testing, code that causes React state updates should be wrapped into 
act(...):

act(() => {
  /* fire events that update state */
});
/* assert on the output */

This ensures that you're testing the behavior the user would see in the 
browser. Learn more at https://react.dev/link/wrap-tests-with-act
An update to StreamVideoProvider inside a test was not wrapped in 
act(...).

When testing, code that causes React state updates should be wrapped into 
act(...):

act(() => {
  /* fire events that update state */
});
/* assert on the output */

This ensures that you're testing the behavior the user would see in the 
browser. Learn more at https://react.dev/link/wrap-tests-with-act

[90mstderr[2m | 
__tests__/properties/stream-client-initialization.property.test.ts[2m > 
[22m[2mProperty 1: Stream Client Initialization[2m > [22m[2mcreates 
client with user data from Clerk for any authenticated user
[22m[39mAn update to StreamVideoProvider inside a test was not wrapped 
in act(...).

When testing, code that causes React state updates should be wrapped into 
act(...):

act(() => {
  /* fire events that update state */
});
/* assert on the output */

This ensures that you're testing the behavior the user would see in the 
browser. Learn more at https://react.dev/link/wrap-tests-with-act

[90mstderr[2m | 
__tests__/properties/stream-client-initialization.property.test.ts[2m > 
[22m[2mProperty 1: Stream Client Initialization[2m > [22m[2mcreates 
client with user data from Clerk for any authenticated user
[22m[39mAn update to StreamVideoProvider inside a test was not wrapped 
in act(...).

When testing, code that causes React state updates should be wrapped into 
act(...):

act(() => {
  /* fire events that update state */
});
/* assert on the output */

This ensures that you're testing the behavior the user would see in the 
browser. Learn more at https://react.dev/link/wrap-tests-with-act
An update to StreamVideoProvider inside a test was not wrapped in 
act(...).

When testing, code that causes React state updates should be wrapped into 
act(...):

act(() => {
  /* fire events that update state */
});
/* assert on the output */

This ensures that you're testing the behavior the user would see in the 
browser. Learn more at https://react.dev/link/wrap-tests-with-act
An update to StreamVideoProvider inside a test was not wrapped in 
act(...).

When testing, code that causes React state updates should be wrapped into 
act(...):

act(() => {
  /* fire events that update state */
});
/* assert on the output */

This ensures that you're testing the behavior the user would see in the 
browser. Learn more at https://react.dev/link/wrap-tests-with-act
An update to StreamVideoProvider inside a test was not wrapped in 
act(...).

When testing, code that causes React state updates should be wrapped into 
act(...):

act(() => {
  /* fire events that update state */
});
/* assert on the output */

This ensures that you're testing the behavior the user would see in the 
browser. Learn more at https://react.dev/link/wrap-tests-with-act
An update to StreamVideoProvider inside a test was not wrapped in 
act(...).

When testing, code that causes React state updates should be wrapped into 
act(...):

act(() => {
  /* fire events that update state */
});
/* assert on the output */

This ensures that you're testing the behavior the user would see in the 
browser. Learn more at https://react.dev/link/wrap-tests-with-act

[90mstderr[2m | 
__tests__/properties/stream-client-initialization.property.test.ts[2m > 
[22m[2mProperty 1: Stream Client Initialization[2m > [22m[2mcreates 
client with user data from Clerk for any authenticated user
[22m[39mAn update to StreamVideoProvider inside a test was not wrapped 
in act(...).

When testing, code that causes React state updates should be wrapped into 
act(...):

act(() => {
  /* fire events that update state */
});
/* assert on the output */

This ensures that you're testing the behavior the user would see in the 
browser. Learn more at https://react.dev/link/wrap-tests-with-act
An update to StreamVideoProvider inside a test was not wrapped in 
act(...).

When testing, code that causes React state updates should be wrapped into 
act(...):

act(() => {
  /* fire events that update state */
});
/* assert on the output */

This ensures that you're testing the behavior the user would see in the 
browser. Learn more at https://react.dev/link/wrap-tests-with-act
An update to StreamVideoProvider inside a test was not wrapped in 
act(...).

When testing, code that causes React state updates should be wrapped into 
act(...):

act(() => {
  /* fire events that update state */
});
/* assert on the output */

This ensures that you're testing the behavior the user would see in the 
browser. Learn more at https://react.dev/link/wrap-tests-with-act
An update to StreamVideoProvider inside a test was not wrapped in 
act(...).

When testing, code that causes React state updates should be wrapped into 
act(...):

act(() => {
  /* fire events that update state */
});
/* assert on the output */

This ensures that you're testing the behavior the user would see in the 
browser. Learn more at https://react.dev/link/wrap-tests-with-act

[90mstderr[2m | 
__tests__/properties/stream-client-initialization.property.test.ts[2m > 
[22m[2mProperty 1: Stream Client Initialization[2m > [22m[2mcreates 
client with user data from Clerk for any authenticated user
[22m[39mAn update to StreamVideoProvider inside a test was not wrapped 
in act(...).

When testing, code that causes React state updates should be wrapped into 
act(...):

act(() => {
  /* fire events that update state */
});
/* assert on the output */

This ensures that you're testing the behavior the user would see in the 
browser. Learn more at https://react.dev/link/wrap-tests-with-act

[90mstderr[2m | 
__tests__/properties/stream-client-initialization.property.test.ts[2m > 
[22m[2mProperty 1: Stream Client Initialization[2m > [22m[2mcreates 
client with user data from Clerk for any authenticated user
[22m[39mAn update to StreamVideoProvider inside a test was not wrapped 
in act(...).

When testing, code that causes React state updates should be wrapped into 
act(...):

act(() => {
  /* fire events that update state */
});
/* assert on the output */

This ensures that you're testing the behavior the user would see in the 
browser. Learn more at https://react.dev/link/wrap-tests-with-act
An update to StreamVideoProvider inside a test was not wrapped in 
act(...).

When testing, code that causes React state updates should be wrapped into 
act(...):

act(() => {
  /* fire events that update state */
});
/* assert on the output */

This ensures that you're testing the behavior the user would see in the 
browser. Learn more at https://react.dev/link/wrap-tests-with-act
An update to StreamVideoProvider inside a test was not wrapped in 
act(...).

When testing, code that causes React state updates should be wrapped into 
act(...):

act(() => {
  /* fire events that update state */
});
/* assert on the output */

This ensures that you're testing the behavior the user would see in the 
browser. Learn more at https://react.dev/link/wrap-tests-with-act
An update to StreamVideoProvider inside a test was not wrapped in 
act(...).

When testing, code that causes React state updates should be wrapped into 
act(...):

act(() => {
  /* fire events that update state */
});
/* assert on the output */

This ensures that you're testing the behavior the user would see in the 
browser. Learn more at https://react.dev/link/wrap-tests-with-act

[90mstderr[2m | 
__tests__/properties/stream-client-initialization.property.test.ts[2m > 
[22m[2mProperty 1: Stream Client Initialization[2m > [22m[2mcreates 
client with user data from Clerk for any authenticated user
[22m[39mAn update to StreamVideoProvider inside a test was not wrapped 
in act(...).

When testing, code that causes React state updates should be wrapped into 
act(...):

act(() => {
  /* fire events that update state */
});
/* assert on the output */

This ensures that you're testing the behavior the user would see in the 
browser. Learn more at https://react.dev/link/wrap-tests-with-act

[90mstderr[2m | 
__tests__/properties/stream-client-initialization.property.test.ts[2m > 
[22m[2mProperty 1: Stream Client Initialization[2m > [22m[2mcreates 
client with user data from Clerk for any authenticated user
[22m[39mAn update to StreamVideoProvider inside a test was not wrapped 
in act(...).

When testing, code that causes React state updates should be wrapped into 
act(...):

act(() => {
  /* fire events that update state */
});
/* assert on the output */

This ensures that you're testing the behavior the user would see in the 
browser. Learn more at https://react.dev/link/wrap-tests-with-act
An update to StreamVideoProvider inside a test was not wrapped in 
act(...).

When testing, code that causes React state updates should be wrapped into 
act(...):

act(() => {
  /* fire events that update state */
});
/* assert on the output */

This ensures that you're testing the behavior the user would see in the 
browser. Learn more at https://react.dev/link/wrap-tests-with-act
An update to StreamVideoProvider inside a test was not wrapped in 
act(...).

When testing, code that causes React state updates should be wrapped into 
act(...):

act(() => {
  /* fire events that update state */
});
/* assert on the output */

This ensures that you're testing the behavior the user would see in the 
browser. Learn more at https://react.dev/link/wrap-tests-with-act
An update to StreamVideoProvider inside a test was not wrapped in 
act(...).

When testing, code that causes React state updates should be wrapped into 
act(...):

act(() => {
  /* fire events that update state */
});
/* assert on the output */

This ensures that you're testing the behavior the user would see in the 
browser. Learn more at https://react.dev/link/wrap-tests-with-act

[90mstderr[2m | 
__tests__/properties/stream-client-initialization.property.test.ts[2m > 
[22m[2mProperty 1: Stream Client Initialization[2m > [22m[2mcreates 
client with user data from Clerk for any authenticated user
[22m[39mAn update to StreamVideoProvider inside a test was not wrapped 
in act(...).

When testing, code that causes React state updates should be wrapped into 
act(...):

act(() => {
  /* fire events that update state */
});
/* assert on the output */

This ensures that you're testing the behavior the user would see in the 
browser. Learn more at https://react.dev/link/wrap-tests-with-act

[90mstderr[2m | 
__tests__/properties/stream-client-initialization.property.test.ts[2m > 
[22m[2mProperty 1: Stream Client Initialization[2m > [22m[2mcreates 
client with user data from Clerk for any authenticated user
[22m[39mAn update to StreamVideoProvider inside a test was not wrapped 
in act(...).

When testing, code that causes React state updates should be wrapped into 
act(...):

act(() => {
  /* fire events that update state */
});
/* assert on the output */

This ensures that you're testing the behavior the user would see in the 
browser. Learn more at https://react.dev/link/wrap-tests-with-act
An update to StreamVideoProvider inside a test was not wrapped in 
act(...).

When testing, code that causes React state updates should be wrapped into 
act(...):

act(() => {
  /* fire events that update state */
});
/* assert on the output */

This ensures that you're testing the behavior the user would see in the 
browser. Learn more at https://react.dev/link/wrap-tests-with-act
An update to StreamVideoProvider inside a test was not wrapped in 
act(...).

When testing, code that causes React state updates should be wrapped into 
act(...):

act(() => {
  /* fire events that update state */
});
/* assert on the output */

This ensures that you're testing the behavior the user would see in the 
browser. Learn more at https://react.dev/link/wrap-tests-with-act
An update to StreamVideoProvider inside a test was not wrapped in 
act(...).

When testing, code that causes React state updates should be wrapped into 
act(...):

act(() => {
  /* fire events that update state */
});
/* assert on the output */

This ensures that you're testing the behavior the user would see in the 
browser. Learn more at https://react.dev/link/wrap-tests-with-act

[90mstderr[2m | 
__tests__/properties/stream-client-initialization.property.test.ts[2m > 
[22m[2mProperty 1: Stream Client Initialization[2m > [22m[2mcreates 
client with user data from Clerk for any authenticated user
[22m[39mAn update to StreamVideoProvider inside a test was not wrapped 
in act(...).

When testing, code that causes React state updates should be wrapped into 
act(...):

act(() => {
  /* fire events that update state */
});
/* assert on the output */

This ensures that you're testing the behavior the user would see in the 
browser. Learn more at https://react.dev/link/wrap-tests-with-act

[90mstderr[2m | 
__tests__/properties/stream-client-initialization.property.test.ts[2m > 
[22m[2mProperty 1: Stream Client Initialization[2m > [22m[2mcreates 
client with user data from Clerk for any authenticated user
[22m[39mAn update to StreamVideoProvider inside a test was not wrapped 
in act(...).

When testing, code that causes React state updates should be wrapped into 
act(...):

act(() => {
  /* fire events that update state */
});
/* assert on the output */

This ensures that you're testing the behavior the user would see in the 
browser. Learn more at https://react.dev/link/wrap-tests-with-act
An update to StreamVideoProvider inside a test was not wrapped in 
act(...).

When testing, code that causes React state updates should be wrapped into 
act(...):

act(() => {
  /* fire events that update state */
});
/* assert on the output */

This ensures that you're testing the behavior the user would see in the 
browser. Learn more at https://react.dev/link/wrap-tests-with-act
An update to StreamVideoProvider inside a test was not wrapped in 
act(...).

When testing, code that causes React state updates should be wrapped into 
act(...):

act(() => {
  /* fire events that update state */
});
/* assert on the output */

This ensures that you're testing the behavior the user would see in the 
browser. Learn more at https://react.dev/link/wrap-tests-with-act
An update to StreamVideoProvider inside a test was not wrapped in 
act(...).

When testing, code that causes React state updates should be wrapped into 
act(...):

act(() => {
  /* fire events that update state */
});
/* assert on the output */

This ensures that you're testing the behavior the user would see in the 
browser. Learn more at https://react.dev/link/wrap-tests-with-act
An update to StreamVideoProvider inside a test was not wrapped in 
act(...).

When testing, code that causes React state updates should be wrapped into 
act(...):

act(() => {
  /* fire events that update state */
});
/* assert on the output */

This ensures that you're testing the behavior the user would see in the 
browser. Learn more at https://react.dev/link/wrap-tests-with-act

[90mstderr[2m | 
__tests__/properties/stream-client-initialization.property.test.ts[2m > 
[22m[2mProperty 1: Stream Client Initialization[2m > [22m[2mcreates 
client with user data from Clerk for any authenticated user
[22m[39mAn update to StreamVideoProvider inside a test was not wrapped 
in act(...).

When testing, code that causes React state updates should be wrapped into 
act(...):

act(() => {
  /* fire events that update state */
});
/* assert on the output */

This ensures that you're testing the behavior the user would see in the 
browser. Learn more at https://react.dev/link/wrap-tests-with-act
An update to StreamVideoProvider inside a test was not wrapped in 
act(...).

When testing, code that causes React state updates should be wrapped into 
act(...):

act(() => {
  /* fire events that update state */
});
/* assert on the output */

This ensures that you're testing the behavior the user would see in the 
browser. Learn more at https://react.dev/link/wrap-tests-with-act
An update to StreamVideoProvider inside a test was not wrapped in 
act(...).

When testing, code that causes React state updates should be wrapped into 
act(...):

act(() => {
  /* fire events that update state */
});
/* assert on the output */

This ensures that you're testing the behavior the user would see in the 
browser. Learn more at https://react.dev/link/wrap-tests-with-act
An update to StreamVideoProvider inside a test was not wrapped in 
act(...).

When testing, code that causes React state updates should be wrapped into 
act(...):

act(() => {
  /* fire events that update state */
});
/* assert on the output */

This ensures that you're testing the behavior the user would see in the 
browser. Learn more at https://react.dev/link/wrap-tests-with-act

[90mstderr[2m | 
__tests__/properties/stream-client-initialization.property.test.ts[2m > 
[22m[2mProperty 1: Stream Client Initialization[2m > [22m[2mcreates 
client with user data from Clerk for any authenticated user
[22m[39mAn update to StreamVideoProvider inside a test was not wrapped 
in act(...).

When testing, code that causes React state updates should be wrapped into 
act(...):

act(() => {
  /* fire events that update state */
});
/* assert on the output */

This ensures that you're testing the behavior the user would see in the 
browser. Learn more at https://react.dev/link/wrap-tests-with-act

[90mstderr[2m | 
__tests__/properties/stream-client-initialization.property.test.ts[2m > 
[22m[2mProperty 1: Stream Client Initialization[2m > [22m[2mcreates 
client with user data from Clerk for any authenticated user
[22m[39mAn update to StreamVideoProvider inside a test was not wrapped 
in act(...).

When testing, code that causes React state updates should be wrapped into 
act(...):

act(() => {
  /* fire events that update state */
});
/* assert on the output */

This ensures that you're testing the behavior the user would see in the 
browser. Learn more at https://react.dev/link/wrap-tests-with-act
An update to StreamVideoProvider inside a test was not wrapped in 
act(...).

When testing, code that causes React state updates should be wrapped into 
act(...):

act(() => {
  /* fire events that update state */
});
/* assert on the output */

This ensures that you're testing the behavior the user would see in the 
browser. Learn more at https://react.dev/link/wrap-tests-with-act
An update to StreamVideoProvider inside a test was not wrapped in 
act(...).

When testing, code that causes React state updates should be wrapped into 
act(...):

act(() => {
  /* fire events that update state */
});
/* assert on the output */

This ensures that you're testing the behavior the user would see in the 
browser. Learn more at https://react.dev/link/wrap-tests-with-act
An update to StreamVideoProvider inside a test was not wrapped in 
act(...).

When testing, code that causes React state updates should be wrapped into 
act(...):

act(() => {
  /* fire events that update state */
});
/* assert on the output */

This ensures that you're testing the behavior the user would see in the 
browser. Learn more at https://react.dev/link/wrap-tests-with-act

[90mstderr[2m | 
__tests__/properties/stream-client-initialization.property.test.ts[2m > 
[22m[2mProperty 1: Stream Client Initialization[2m > [22m[2mcreates 
client with user data from Clerk for any authenticated user
[22m[39mAn update to StreamVideoProvider inside a test was not wrapped 
in act(...).

When testing, code that causes React state updates should be wrapped into 
act(...):

act(() => {
  /* fire events that update state */
});
/* assert on the output */

This ensures that you're testing the behavior the user would see in the 
browser. Learn more at https://react.dev/link/wrap-tests-with-act

[90mstderr[2m | 
__tests__/properties/stream-client-initialization.property.test.ts[2m > 
[22m[2mProperty 1: Stream Client Initialization[2m > [22m[2mproperly 
cleans up client resources on unmount
[22m[39mAn update to StreamVideoProvider inside a test was not wrapped 
in act(...).

When testing, code that causes React state updates should be wrapped into 
act(...):

act(() => {
  /* fire events that update state */
});
/* assert on the output */

This ensures that you're testing the behavior the user would see in the 
browser. Learn more at https://react.dev/link/wrap-tests-with-act
An update to StreamVideoProvider inside a test was not wrapped in 
act(...).

When testing, code that causes React state updates should be wrapped into 
act(...):

act(() => {
  /* fire events that update state */
});
/* assert on the output */

This ensures that you're testing the behavior the user would see in the 
browser. Learn more at https://react.dev/link/wrap-tests-with-act
An update to StreamVideoProvider inside a test was not wrapped in 
act(...).

When testing, code that causes React state updates should be wrapped into 
act(...):

act(() => {
  /* fire events that update state */
});
/* assert on the output */

This ensures that you're testing the behavior the user would see in the 
browser. Learn more at https://react.dev/link/wrap-tests-with-act
An update to StreamVideoProvider inside a test was not wrapped in 
act(...).

When testing, code that causes React state updates should be wrapped into 
act(...):

act(() => {
  /* fire events that update state */
});
/* assert on the output */

This ensures that you're testing the behavior the user would see in the 
browser. Learn more at https://react.dev/link/wrap-tests-with-act

[90mstderr[2m | 
__tests__/properties/stream-client-initialization.property.test.ts[2m > 
[22m[2mProperty 1: Stream Client Initialization[2m > [22m[2mproperly 
cleans up client resources on unmount
[22m[39mAn update to StreamVideoProvider inside a test was not wrapped 
in act(...).

When testing, code that causes React state updates should be wrapped into 
act(...):

act(() => {
  /* fire events that update state */
});
/* assert on the output */

This ensures that you're testing the behavior the user would see in the 
browser. Learn more at https://react.dev/link/wrap-tests-with-act

[90mstderr[2m | 
__tests__/properties/stream-client-initialization.property.test.ts[2m > 
[22m[2mProperty 1: Stream Client Initialization[2m > [22m[2mproperly 
cleans up client resources on unmount
[22m[39mAn update to StreamVideoProvider inside a test was not wrapped 
in act(...).

When testing, code that causes React state updates should be wrapped into 
act(...):

act(() => {
  /* fire events that update state */
});
/* assert on the output */

This ensures that you're testing the behavior the user would see in the 
browser. Learn more at https://react.dev/link/wrap-tests-with-act
An update to StreamVideoProvider inside a test was not wrapped in 
act(...).

When testing, code that causes React state updates should be wrapped into 
act(...):

act(() => {
  /* fire events that update state */
});
/* assert on the output */

This ensures that you're testing the behavior the user would see in the 
browser. Learn more at https://react.dev/link/wrap-tests-with-act
An update to StreamVideoProvider inside a test was not wrapped in 
act(...).

When testing, code that causes React state updates should be wrapped into 
act(...):

act(() => {
  /* fire events that update state */
});
/* assert on the output */

This ensures that you're testing the behavior the user would see in the 
browser. Learn more at https://react.dev/link/wrap-tests-with-act
An update to StreamVideoProvider inside a test was not wrapped in 
act(...).

When testing, code that causes React state updates should be wrapped into 
act(...):

act(() => {
  /* fire events that update state */
});
/* assert on the output */

This ensures that you're testing the behavior the user would see in the 
browser. Learn more at https://react.dev/link/wrap-tests-with-act

[90mstderr[2m | 
__tests__/properties/stream-client-initialization.property.test.ts[2m > 
[22m[2mProperty 1: Stream Client Initialization[2m > [22m[2mproperly 
cleans up client resources on unmount
[22m[39mAn update to StreamVideoProvider inside a test was not wrapped 
in act(...).

When testing, code that causes React state updates should be wrapped into 
act(...):

act(() => {
  /* fire events that update state */
});
/* assert on the output */

This ensures that you're testing the behavior the user would see in the 
browser. Learn more at https://react.dev/link/wrap-tests-with-act

[90mstderr[2m | 
__tests__/properties/stream-client-initialization.property.test.ts[2m > 
[22m[2mProperty 1: Stream Client Initialization[2m > [22m[2mproperly 
cleans up client resources on unmount
[22m[39mAn update to StreamVideoProvider inside a test was not wrapped 
in act(...).

When testing, code that causes React state updates should be wrapped into 
act(...):

act(() => {
  /* fire events that update state */
});
/* assert on the output */

This ensures that you're testing the behavior the user would see in the 
browser. Learn more at https://react.dev/link/wrap-tests-with-act
An update to StreamVideoProvider inside a test was not wrapped in 
act(...).

When testing, code that causes React state updates should be wrapped into 
act(...):

act(() => {
  /* fire events that update state */
});
/* assert on the output */

This ensures that you're testing the behavior the user would see in the 
browser. Learn more at https://react.dev/link/wrap-tests-with-act
An update to StreamVideoProvider inside a test was not wrapped in 
act(...).

When testing, code that causes React state updates should be wrapped into 
act(...):

act(() => {
  /* fire events that update state */
});
/* assert on the output */

This ensures that you're testing the behavior the user would see in the 
browser. Learn more at https://react.dev/link/wrap-tests-with-act
An update to StreamVideoProvider inside a test was not wrapped in 
act(...).

When testing, code that causes React state updates should be wrapped into 
act(...):

act(() => {
  /* fire events that update state */
});
/* assert on the output */

This ensures that you're testing the behavior the user would see in the 
browser. Learn more at https://react.dev/link/wrap-tests-with-act

[90mstderr[2m | 
__tests__/properties/stream-client-initialization.property.test.ts[2m > 
[22m[2mProperty 1: Stream Client Initialization[2m > [22m[2mproperly 
cleans up client resources on unmount
[22m[39mAn update to StreamVideoProvider inside a test was not wrapped 
in act(...).

When testing, code that causes React state updates should be wrapped into 
act(...):

act(() => {
  /* fire events that update state */
});
/* assert on the output */

This ensures that you're testing the behavior the user would see in the 
browser. Learn more at https://react.dev/link/wrap-tests-with-act

[90mstderr[2m | 
__tests__/properties/stream-client-initialization.property.test.ts[2m > 
[22m[2mProperty 1: Stream Client Initialization[2m > [22m[2mproperly 
cleans up client resources on unmount
[22m[39mAn update to StreamVideoProvider inside a test was not wrapped 
in act(...).

When testing, code that causes React state updates should be wrapped into 
act(...):

act(() => {
  /* fire events that update state */
});
/* assert on the output */

This ensures that you're testing the behavior the user would see in the 
browser. Learn more at https://react.dev/link/wrap-tests-with-act
An update to StreamVideoProvider inside a test was not wrapped in 
act(...).

When testing, code that causes React state updates should be wrapped into 
act(...):

act(() => {
  /* fire events that update state */
});
/* assert on the output */

This ensures that you're testing the behavior the user would see in the 
browser. Learn more at https://react.dev/link/wrap-tests-with-act
An update to StreamVideoProvider inside a test was not wrapped in 
act(...).

When testing, code that causes React state updates should be wrapped into 
act(...):

act(() => {
  /* fire events that update state */
});
/* assert on the output */

This ensures that you're testing the behavior the user would see in the 
browser. Learn more at https://react.dev/link/wrap-tests-with-act
An update to StreamVideoProvider inside a test was not wrapped in 
act(...).

When testing, code that causes React state updates should be wrapped into 
act(...):

act(() => {
  /* fire events that update state */
});
/* assert on the output */

This ensures that you're testing the behavior the user would see in the 
browser. Learn more at https://react.dev/link/wrap-tests-with-act

[90mstderr[2m | 
__tests__/properties/stream-client-initialization.property.test.ts[2m > 
[22m[2mProperty 1: Stream Client Initialization[2m > [22m[2mproperly 
cleans up client resources on unmount
[22m[39mAn update to StreamVideoProvider inside a test was not wrapped 
in act(...).

When testing, code that causes React state updates should be wrapped into 
act(...):

act(() => {
  /* fire events that update state */
});
/* assert on the output */

This ensures that you're testing the behavior the user would see in the 
browser. Learn more at https://react.dev/link/wrap-tests-with-act

[90mstderr[2m | 
__tests__/properties/stream-client-initialization.property.test.ts[2m > 
[22m[2mProperty 1: Stream Client Initialization[2m > [22m[2mproperly 
cleans up client resources on unmount
[22m[39mAn update to StreamVideoProvider inside a test was not wrapped 
in act(...).

When testing, code that causes React state updates should be wrapped into 
act(...):

act(() => {
  /* fire events that update state */
});
/* assert on the output */

This ensures that you're testing the behavior the user would see in the 
browser. Learn more at https://react.dev/link/wrap-tests-with-act
An update to StreamVideoProvider inside a test was not wrapped in 
act(...).

When testing, code that causes React state updates should be wrapped into 
act(...):

act(() => {
  /* fire events that update state */
});
/* assert on the output */

This ensures that you're testing the behavior the user would see in the 
browser. Learn more at https://react.dev/link/wrap-tests-with-act
An update to StreamVideoProvider inside a test was not wrapped in 
act(...).

When testing, code that causes React state updates should be wrapped into 
act(...):

act(() => {
  /* fire events that update state */
});
/* assert on the output */

This ensures that you're testing the behavior the user would see in the 
browser. Learn more at https://react.dev/link/wrap-tests-with-act
An update to StreamVideoProvider inside a test was not wrapped in 
act(...).

When testing, code that causes React state updates should be wrapped into 
act(...):

act(() => {
  /* fire events that update state */
});
/* assert on the output */

This ensures that you're testing the behavior the user would see in the 
browser. Learn more at https://react.dev/link/wrap-tests-with-act

[90mstderr[2m | 
__tests__/properties/stream-client-initialization.property.test.ts[2m > 
[22m[2mProperty 1: Stream Client Initialization[2m > [22m[2mproperly 
cleans up client resources on unmount
[22m[39mAn update to StreamVideoProvider inside a test was not wrapped 
in act(...).

When testing, code that causes React state updates should be wrapped into 
act(...):

act(() => {
  /* fire events that update state */
});
/* assert on the output */

This ensures that you're testing the behavior the user would see in the 
browser. Learn more at https://react.dev/link/wrap-tests-with-act

[90mstderr[2m | 
__tests__/properties/stream-client-initialization.property.test.ts[2m > 
[22m[2mProperty 1: Stream Client Initialization[2m > [22m[2mproperly 
cleans up client resources on unmount
[22m[39mAn update to StreamVideoProvider inside a test was not wrapped 
in act(...).

When testing, code that causes React state updates should be wrapped into 
act(...):

act(() => {
  /* fire events that update state */
});
/* assert on the output */

This ensures that you're testing the behavior the user would see in the 
browser. Learn more at https://react.dev/link/wrap-tests-with-act
 [32mΓ£ô[39m __tests__/properties/join-based-data-loading.property.test.ts [2m([22m[2m9 tests[22m[2m)[22m[33m 482[2mms[22m[39m
An update to StreamVideoProvider inside a test was not wrapped in 
act(...).

When testing, code that causes React state updates should be wrapped into 
act(...):

act(() => {
  /* fire events that update state */
});
/* assert on the output */

This ensures that you're testing the behavior the user would see in the 
browser. Learn more at https://react.dev/link/wrap-tests-with-act
An update to StreamVideoProvider inside a test was not wrapped in 
act(...).

When testing, code that causes React state updates should be wrapped into 
act(...):

act(() => {
  /* fire events that update state */
});
/* assert on the output */

This ensures that you're testing the behavior the user would see in the 
browser. Learn more at https://react.dev/link/wrap-tests-with-act
An update to StreamVideoProvider inside a test was not wrapped in 
act(...).

When testing, code that causes React state updates should be wrapped into 
act(...):

act(() => {
  /* fire events that update state */
});
/* assert on the output */

This ensures that you're testing the behavior the user would see in the 
browser. Learn more at https://react.dev/link/wrap-tests-with-act

[90mstderr[2m | 
__tests__/properties/stream-client-initialization.property.test.ts[2m > 
[22m[2mProperty 1: Stream Client Initialization[2m > [22m[2mproperly 
cleans up client resources on unmount
[22m[39mAn update to StreamVideoProvider inside a test was not wrapped 
in act(...).

When testing, code that causes React state updates should be wrapped into 
act(...):

act(() => {
  /* fire events that update state */
});
/* assert on the output */

This ensures that you're testing the behavior the user would see in the 
browser. Learn more at https://react.dev/link/wrap-tests-with-act

[90mstderr[2m | 
__tests__/properties/stream-client-initialization.property.test.ts[2m > 
[22m[2mProperty 1: Stream Client Initialization[2m > [22m[2mproperly 
cleans up client resources on unmount
[22m[39mAn update to StreamVideoProvider inside a test was not wrapped 
in act(...).

When testing, code that causes React state updates should be wrapped into 
act(...):

act(() => {
  /* fire events that update state */
});
/* assert on the output */

This ensures that you're testing the behavior the user would see in the 
browser. Learn more at https://react.dev/link/wrap-tests-with-act
An update to StreamVideoProvider inside a test was not wrapped in 
act(...).

When testing, code that causes React state updates should be wrapped into 
act(...):

act(() => {
  /* fire events that update state */
});
/* assert on the output */

This ensures that you're testing the behavior the user would see in the 
browser. Learn more at https://react.dev/link/wrap-tests-with-act
An update to StreamVideoProvider inside a test was not wrapped in 
act(...).

When testing, code that causes React state updates should be wrapped into 
act(...):

act(() => {
  /* fire events that update state */
});
/* assert on the output */

This ensures that you're testing the behavior the user would see in the 
browser. Learn more at https://react.dev/link/wrap-tests-with-act
An update to StreamVideoProvider inside a test was not wrapped in 
act(...).

When testing, code that causes React state updates should be wrapped into 
act(...):

act(() => {
  /* fire events that update state */
});
/* assert on the output */

This ensures that you're testing the behavior the user would see in the 
browser. Learn more at https://react.dev/link/wrap-tests-with-act
An update to StreamVideoProvider inside a test was not wrapped in 
act(...).

When testing, code that causes React state updates should be wrapped into 
act(...):

act(() => {
  /* fire events that update state */
});
/* assert on the output */

This ensures that you're testing the behavior the user would see in the 
browser. Learn more at https://react.dev/link/wrap-tests-with-act

[90mstderr[2m | 
__tests__/properties/stream-client-initialization.property.test.ts[2m > 
[22m[2mProperty 1: Stream Client Initialization[2m > [22m[2mproperly 
cleans up client resources on unmount
[22m[39mAn update to StreamVideoProvider inside a test was not wrapped 
in act(...).

When testing, code that causes React state updates should be wrapped into 
act(...):

act(() => {
  /* fire events that update state */
});
/* assert on the output */

This ensures that you're testing the behavior the user would see in the 
browser. Learn more at https://react.dev/link/wrap-tests-with-act
An update to StreamVideoProvider inside a test was not wrapped in 
act(...).

When testing, code that causes React state updates should be wrapped into 
act(...):

act(() => {
  /* fire events that update state */
});
/* assert on the output */

This ensures that you're testing the behavior the user would see in the 
browser. Learn more at https://react.dev/link/wrap-tests-with-act
An update to StreamVideoProvider inside a test was not wrapped in 
act(...).

When testing, code that causes React state updates should be wrapped into 
act(...):

act(() => {
  /* fire events that update state */
});
/* assert on the output */

This ensures that you're testing the behavior the user would see in the 
browser. Learn more at https://react.dev/link/wrap-tests-with-act
An update to StreamVideoProvider inside a test was not wrapped in 
act(...).

When testing, code that causes React state updates should be wrapped into 
act(...):

act(() => {
  /* fire events that update state */
});
/* assert on the output */

This ensures that you're testing the behavior the user would see in the 
browser. Learn more at https://react.dev/link/wrap-tests-with-act
An update to StreamVideoProvider inside a test was not wrapped in 
act(...).

When testing, code that causes React state updates should be wrapped into 
act(...):

act(() => {
  /* fire events that update state */
});
/* assert on the output */

This ensures that you're testing the behavior the user would see in the 
browser. Learn more at https://react.dev/link/wrap-tests-with-act

[90mstderr[2m | 
__tests__/properties/stream-client-initialization.property.test.ts[2m > 
[22m[2mProperty 1: Stream Client Initialization[2m > [22m[2mproperly 
cleans up client resources on unmount
[22m[39mAn update to StreamVideoProvider inside a test was not wrapped 
in act(...).

When testing, code that causes React state updates should be wrapped into 
act(...):

act(() => {
  /* fire events that update state */
});
/* assert on the output */

This ensures that you're testing the behavior the user would see in the 
browser. Learn more at https://react.dev/link/wrap-tests-with-act
An update to StreamVideoProvider inside a test was not wrapped in 
act(...).

When testing, code that causes React state updates should be wrapped into 
act(...):

act(() => {
  /* fire events that update state */
});
/* assert on the output */

This ensures that you're testing the behavior the user would see in the 
browser. Learn more at https://react.dev/link/wrap-tests-with-act
An update to StreamVideoProvider inside a test was not wrapped in 
act(...).

When testing, code that causes React state updates should be wrapped into 
act(...):

act(() => {
  /* fire events that update state */
});
/* assert on the output */

This ensures that you're testing the behavior the user would see in the 
browser. Learn more at https://react.dev/link/wrap-tests-with-act
An update to StreamVideoProvider inside a test was not wrapped in 
act(...).

When testing, code that causes React state updates should be wrapped into 
act(...):

act(() => {
  /* fire events that update state */
});
/* assert on the output */

This ensures that you're testing the behavior the user would see in the 
browser. Learn more at https://react.dev/link/wrap-tests-with-act
An update to StreamVideoProvider inside a test was not wrapped in 
act(...).

When testing, code that causes React state updates should be wrapped into 
act(...):

act(() => {
  /* fire events that update state */
});
/* assert on the output */

This ensures that you're testing the behavior the user would see in the 
browser. Learn more at https://react.dev/link/wrap-tests-with-act

[90mstderr[2m | 
__tests__/properties/stream-client-initialization.property.test.ts[2m > 
[22m[2mProperty 1: Stream Client Initialization[2m > [22m[2mproperly 
cleans up client resources on unmount
[22m[39mAn update to StreamVideoProvider inside a test was not wrapped 
in act(...).

When testing, code that causes React state updates should be wrapped into 
act(...):

act(() => {
  /* fire events that update state */
});
/* assert on the output */

This ensures that you're testing the behavior the user would see in the 
browser. Learn more at https://react.dev/link/wrap-tests-with-act
An update to StreamVideoProvider inside a test was not wrapped in 
act(...).

When testing, code that causes React state updates should be wrapped into 
act(...):

act(() => {
  /* fire events that update state */
});
/* assert on the output */

This ensures that you're testing the behavior the user would see in the 
browser. Learn more at https://react.dev/link/wrap-tests-with-act
An update to StreamVideoProvider inside a test was not wrapped in 
act(...).

When testing, code that causes React state updates should be wrapped into 
act(...):

act(() => {
  /* fire events that update state */
});
/* assert on the output */

This ensures that you're testing the behavior the user would see in the 
browser. Learn more at https://react.dev/link/wrap-tests-with-act
An update to StreamVideoProvider inside a test was not wrapped in 
act(...).

When testing, code that causes React state updates should be wrapped into 
act(...):

act(() => {
  /* fire events that update state */
});
/* assert on the output */

This ensures that you're testing the behavior the user would see in the 
browser. Learn more at https://react.dev/link/wrap-tests-with-act

[90mstderr[2m | 
__tests__/properties/stream-client-initialization.property.test.ts[2m > 
[22m[2mProperty 1: Stream Client Initialization[2m > [22m[2mproperly 
cleans up client resources on unmount
[22m[39mAn update to StreamVideoProvider inside a test was not wrapped 
in act(...).

When testing, code that causes React state updates should be wrapped into 
act(...):

act(() => {
  /* fire events that update state */
});
/* assert on the output */

This ensures that you're testing the behavior the user would see in the 
browser. Learn more at https://react.dev/link/wrap-tests-with-act

[90mstderr[2m | 
__tests__/properties/stream-client-initialization.property.test.ts[2m > 
[22m[2mProperty 1: Stream Client Initialization[2m > [22m[2mproperly 
cleans up client resources on unmount
[22m[39mAn update to StreamVideoProvider inside a test was not wrapped 
in act(...).

When testing, code that causes React state updates should be wrapped into 
act(...):

act(() => {
  /* fire events that update state */
});
/* assert on the output */

This ensures that you're testing the behavior the user would see in the 
browser. Learn more at https://react.dev/link/wrap-tests-with-act
An update to StreamVideoProvider inside a test was not wrapped in 
act(...).

When testing, code that causes React state updates should be wrapped into 
act(...):

act(() => {
  /* fire events that update state */
});
/* assert on the output */

This ensures that you're testing the behavior the user would see in the 
browser. Learn more at https://react.dev/link/wrap-tests-with-act
An update to StreamVideoProvider inside a test was not wrapped in 
act(...).

When testing, code that causes React state updates should be wrapped into 
act(...):

act(() => {
  /* fire events that update state */
});
/* assert on the output */

This ensures that you're testing the behavior the user would see in the 
browser. Learn more at https://react.dev/link/wrap-tests-with-act
An update to StreamVideoProvider inside a test was not wrapped in 
act(...).

When testing, code that causes React state updates should be wrapped into 
act(...):

act(() => {
  /* fire events that update state */
});
/* assert on the output */

This ensures that you're testing the behavior the user would see in the 
browser. Learn more at https://react.dev/link/wrap-tests-with-act
An update to StreamVideoProvider inside a test was not wrapped in 
act(...).

When testing, code that causes React state updates should be wrapped into 
act(...):

act(() => {
  /* fire events that update state */
});
/* assert on the output */

This ensures that you're testing the behavior the user would see in the 
browser. Learn more at https://react.dev/link/wrap-tests-with-act

[90mstderr[2m | 
__tests__/properties/stream-client-initialization.property.test.ts[2m > 
[22m[2mProperty 1: Stream Client Initialization[2m > [22m[2mproperly 
cleans up client resources on unmount
[22m[39mAn update to StreamVideoProvider inside a test was not wrapped 
in act(...).

When testing, code that causes React state updates should be wrapped into 
act(...):

act(() => {
  /* fire events that update state */
});
/* assert on the output */

This ensures that you're testing the behavior the user would see in the 
browser. Learn more at https://react.dev/link/wrap-tests-with-act
An update to StreamVideoProvider inside a test was not wrapped in 
act(...).

When testing, code that causes React state updates should be wrapped into 
act(...):

act(() => {
  /* fire events that update state */
});
/* assert on the output */

This ensures that you're testing the behavior the user would see in the 
browser. Learn more at https://react.dev/link/wrap-tests-with-act
An update to StreamVideoProvider inside a test was not wrapped in 
act(...).

When testing, code that causes React state updates should be wrapped into 
act(...):

act(() => {
  /* fire events that update state */
});
/* assert on the output */

This ensures that you're testing the behavior the user would see in the 
browser. Learn more at https://react.dev/link/wrap-tests-with-act
An update to StreamVideoProvider inside a test was not wrapped in 
act(...).

When testing, code that causes React state updates should be wrapped into 
act(...):

act(() => {
  /* fire events that update state */
});
/* assert on the output */

This ensures that you're testing the behavior the user would see in the 
browser. Learn more at https://react.dev/link/wrap-tests-with-act

[90mstderr[2m | 
__tests__/properties/stream-client-initialization.property.test.ts[2m > 
[22m[2mProperty 1: Stream Client Initialization[2m > [22m[2mproperly 
cleans up client resources on unmount
[22m[39mAn update to StreamVideoProvider inside a test was not wrapped 
in act(...).

When testing, code that causes React state updates should be wrapped into 
act(...):

act(() => {
  /* fire events that update state */
});
/* assert on the output */

This ensures that you're testing the behavior the user would see in the 
browser. Learn more at https://react.dev/link/wrap-tests-with-act

[90mstderr[2m | 
__tests__/properties/stream-client-initialization.property.test.ts[2m > 
[22m[2mProperty 1: Stream Client Initialization[2m > [22m[2mproperly 
cleans up client resources on unmount
[22m[39mAn update to StreamVideoProvider inside a test was not wrapped 
in act(...).

When testing, code that causes React state updates should be wrapped into 
act(...):

act(() => {
  /* fire events that update state */
});
/* assert on the output */

This ensures that you're testing the behavior the user would see in the 
browser. Learn more at https://react.dev/link/wrap-tests-with-act
An update to StreamVideoProvider inside a test was not wrapped in 
act(...).

When testing, code that causes React state updates should be wrapped into 
act(...):

act(() => {
  /* fire events that update state */
});
/* assert on the output */

This ensures that you're testing the behavior the user would see in the 
browser. Learn more at https://react.dev/link/wrap-tests-with-act
An update to StreamVideoProvider inside a test was not wrapped in 
act(...).

When testing, code that causes React state updates should be wrapped into 
act(...):

act(() => {
  /* fire events that update state */
});
/* assert on the output */

This ensures that you're testing the behavior the user would see in the 
browser. Learn more at https://react.dev/link/wrap-tests-with-act
An update to StreamVideoProvider inside a test was not wrapped in 
act(...).

When testing, code that causes React state updates should be wrapped into 
act(...):

act(() => {
  /* fire events that update state */
});
/* assert on the output */

This ensures that you're testing the behavior the user would see in the 
browser. Learn more at https://react.dev/link/wrap-tests-with-act

[90mstderr[2m | 
__tests__/properties/stream-client-initialization.property.test.ts[2m > 
[22m[2mProperty 1: Stream Client Initialization[2m > [22m[2mproperly 
cleans up client resources on unmount
[22m[39mAn update to StreamVideoProvider inside a test was not wrapped 
in act(...).

When testing, code that causes React state updates should be wrapped into 
act(...):

act(() => {
  /* fire events that update state */
});
/* assert on the output */

This ensures that you're testing the behavior the user would see in the 
browser. Learn more at https://react.dev/link/wrap-tests-with-act

[90mstderr[2m | 
__tests__/properties/stream-client-initialization.property.test.ts[2m > 
[22m[2mProperty 1: Stream Client Initialization[2m > [22m[2mproperly 
cleans up client resources on unmount
[22m[39mAn update to StreamVideoProvider inside a test was not wrapped 
in act(...).

When testing, code that causes React state updates should be wrapped into 
act(...):

act(() => {
  /* fire events that update state */
});
/* assert on the output */

This ensures that you're testing the behavior the user would see in the 
browser. Learn more at https://react.dev/link/wrap-tests-with-act
An update to StreamVideoProvider inside a test was not wrapped in 
act(...).

When testing, code that causes React state updates should be wrapped into 
act(...):

act(() => {
  /* fire events that update state */
});
/* assert on the output */

This ensures that you're testing the behavior the user would see in the 
browser. Learn more at https://react.dev/link/wrap-tests-with-act
An update to StreamVideoProvider inside a test was not wrapped in 
act(...).

When testing, code that causes React state updates should be wrapped into 
act(...):

act(() => {
  /* fire events that update state */
});
/* assert on the output */

This ensures that you're testing the behavior the user would see in the 
browser. Learn more at https://react.dev/link/wrap-tests-with-act
An update to StreamVideoProvider inside a test was not wrapped in 
act(...).

When testing, code that causes React state updates should be wrapped into 
act(...):

act(() => {
  /* fire events that update state */
});
/* assert on the output */

This ensures that you're testing the behavior the user would see in the 
browser. Learn more at https://react.dev/link/wrap-tests-with-act
An update to StreamVideoProvider inside a test was not wrapped in 
act(...).

When testing, code that causes React state updates should be wrapped into 
act(...):

act(() => {
  /* fire events that update state */
});
/* assert on the output */

This ensures that you're testing the behavior the user would see in the 
browser. Learn more at https://react.dev/link/wrap-tests-with-act

[90mstderr[2m | 
__tests__/properties/stream-client-initialization.property.test.ts[2m > 
[22m[2mProperty 1: Stream Client Initialization[2m > [22m[2mproperly 
cleans up client resources on unmount
[22m[39mAn update to StreamVideoProvider inside a test was not wrapped 
in act(...).

When testing, code that causes React state updates should be wrapped into 
act(...):

act(() => {
  /* fire events that update state */
});
/* assert on the output */

This ensures that you're testing the behavior the user would see in the 
browser. Learn more at https://react.dev/link/wrap-tests-with-act
An update to StreamVideoProvider inside a test was not wrapped in 
act(...).

When testing, code that causes React state updates should be wrapped into 
act(...):

act(() => {
  /* fire events that update state */
});
/* assert on the output */

This ensures that you're testing the behavior the user would see in the 
browser. Learn more at https://react.dev/link/wrap-tests-with-act
An update to StreamVideoProvider inside a test was not wrapped in 
act(...).

When testing, code that causes React state updates should be wrapped into 
act(...):

act(() => {
  /* fire events that update state */
});
/* assert on the output */

This ensures that you're testing the behavior the user would see in the 
browser. Learn more at https://react.dev/link/wrap-tests-with-act
An update to StreamVideoProvider inside a test was not wrapped in 
act(...).

When testing, code that causes React state updates should be wrapped into 
act(...):

act(() => {
  /* fire events that update state */
});
/* assert on the output */

This ensures that you're testing the behavior the user would see in the 
browser. Learn more at https://react.dev/link/wrap-tests-with-act
An update to StreamVideoProvider inside a test was not wrapped in 
act(...).

When testing, code that causes React state updates should be wrapped into 
act(...):

act(() => {
  /* fire events that update state */
});
/* assert on the output */

This ensures that you're testing the behavior the user would see in the 
browser. Learn more at https://react.dev/link/wrap-tests-with-act

[90mstderr[2m | 
__tests__/properties/stream-client-initialization.property.test.ts[2m > 
[22m[2mProperty 1: Stream Client Initialization[2m > [22m[2mproperly 
cleans up client resources on unmount
[22m[39mAn update to StreamVideoProvider inside a test was not wrapped 
in act(...).

When testing, code that causes React state updates should be wrapped into 
act(...):

act(() => {
  /* fire events that update state */
});
/* assert on the output */

This ensures that you're testing the behavior the user would see in the 
browser. Learn more at https://react.dev/link/wrap-tests-with-act
An update to StreamVideoProvider inside a test was not wrapped in 
act(...).

When testing, code that causes React state updates should be wrapped into 
act(...):

act(() => {
  /* fire events that update state */
});
/* assert on the output */

This ensures that you're testing the behavior the user would see in the 
browser. Learn more at https://react.dev/link/wrap-tests-with-act
An update to StreamVideoProvider inside a test was not wrapped in 
act(...).

When testing, code that causes React state updates should be wrapped into 
act(...):

act(() => {
  /* fire events that update state */
});
/* assert on the output */

This ensures that you're testing the behavior the user would see in the 
browser. Learn more at https://react.dev/link/wrap-tests-with-act
An update to StreamVideoProvider inside a test was not wrapped in 
act(...).

 [31mΓ¥»[39m __tests__/properties/stream-client-initialization.property.test.ts [2m([22m[2m5 tests[22m[2m | [22m[31m3 failed[39m[2m)[22m[33m 10200[2mms[22m[39m
When testing, code that causes React state updates should be wrapped into 
act(...):

[31m   [31m├ù[31m Property 1: Stream Client Initialization[2m > [22minitializes Stream Video Client with correct API key for any valid credentials[33m 2132[2mms[22m[31m[39m
act(() => {
  /* fire events that update state */
[31m     ΓåÆ Property failed after 1 tests
{ seed: 1876449804, path: "0:0:0:0:0:0:0:0:0:0:0:0:0:0:0:0", endOnFailure: true }
});
Counterexample: ["         !"]
/* assert on the output */
Shrunk 15 time(s)
Got TypeError: Cannot read properties of undefined (reading 'catch')

    at C:\Users\DELL\Desktop\a2a-dr.-gemini-intake-agent\app\components\StreamVideoProvider.tsx:522:31
    at Object.react_stack_bottom_frame (C:\Users\DELL\Desktop\a2a-dr.-gemini-intake-agent\node_modules\react-dom\cjs\react-dom-client.development.js:26001:13)
This ensures that you're testing the behavior the user would see in the 
browser. Learn more at https://react.dev/link/wrap-tests-with-act
An update to StreamVideoProvider inside a test was not wrapped in 
act(...).

    at runWithFiberInDEV (C:\Users\DELL\Desktop\a2a-dr.-gemini-intake-agent\node_modules\react-dom\cjs\react-dom-client.development.js:874:13)
When testing, code that causes React state updates should be wrapped into 
act(...):

act(() => {
    at commitHookEffectListUnmount (C:\Users\DELL\Desktop\a2a-dr.-gemini-intake-agent\node_modules\react-dom\cjs\react-dom-client.development.js:13316:17)
  /* fire events that update state */
});
/* assert on the output */

    at commitHookPassiveUnmountEffects (C:\Users\DELL\Desktop\a2a-dr.-gemini-intake-agent\node_modules\react-dom\cjs\react-dom-client.development.js:13347:11)
    at commitPassiveUnmountEffectsInsideOfDeletedTree_begin (C:\Users\DELL\Desktop\a2a-dr.-gemini-intake-agent\node_modules\react-dom\cjs\react-dom-client.development.js:16264:13)
    at recursivelyTraversePassiveUnmountEffects (C:\Users\DELL\Desktop\a2a-dr.-gemini-intake-agent\node_modules\react-dom\cjs\react-dom-client.development.js:16085:13)
    at commitPassiveUnmountOnFiber (C:\Users\DELL\Desktop\a2a-dr.-gemini-intake-agent\node_modules\react-dom\cjs\react-dom-client.development.js:16127:11)
This ensures that you're testing the behavior the user would see in the 
browser. Learn more at https://react.dev/link/wrap-tests-with-act

[90mstderr[2m | 
__tests__/properties/stream-client-initialization.property.test.ts[2m > 
[22m[2mProperty 1: Stream Client Initialization[2m > [22m[2mproperly 
cleans up client resources on unmount
    at flushPassiveEffects (C:\Users\DELL\Desktop\a2a-dr.-gemini-intake-agent\node_modules\react-dom\cjs\react-dom-client.development.js:18428:9)
    at flushPendingEffects (C:\Users\DELL\Desktop\a2a-dr.-gemini-intake-agent\node_modules\react-dom\cjs\react-dom-client.development.js:18358:14)

[22m[39mAn update to StreamVideoProvider inside a test was not wrapped 
in act(...).
Hint: Enable verbose mode in order to have the list of all failing values encountered during the run[39m
[31m   [31m├ù[31m Property 1: Stream Client Initialization[2m > [22mcreates client with user data from Clerk for any authenticated user[33m 2869[2mms[22m[31m[39m

When testing, code that causes React state updates should be wrapped into 
act(...):
[31m     ΓåÆ Property failed after 1 tests
{ seed: -524052557, path: "0:0:0:0:0:0:0:0:0:0:0:0:0:0:0:0:0:0:0:0:0:0:0", endOnFailure: true }

Counterexample: ["         !","!"]
Shrunk 22 time(s)
act(() => {
  /* fire events that update state */
Got TypeError: Cannot read properties of undefined (reading 'catch')
    at C:\Users\DELL\Desktop\a2a-dr.-gemini-intake-agent\app\components\StreamVideoProvider.tsx:522:31
    at Object.react_stack_bottom_frame (C:\Users\DELL\Desktop\a2a-dr.-gemini-intake-agent\node_modules\react-dom\cjs\react-dom-client.development.js:26001:13)
});
/* assert on the output */
    at runWithFiberInDEV (C:\Users\DELL\Desktop\a2a-dr.-gemini-intake-agent\node_modules\react-dom\cjs\react-dom-client.development.js:874:13)

This ensures that you're testing the behavior the user would see in the 
browser. Learn more at https://react.dev/link/wrap-tests-with-act
    at commitHookEffectListUnmount (C:\Users\DELL\Desktop\a2a-dr.-gemini-intake-agent\node_modules\react-dom\cjs\react-dom-client.development.js:13316:17)
    at commitHookPassiveUnmountEffects (C:\Users\DELL\Desktop\a2a-dr.-gemini-intake-agent\node_modules\react-dom\cjs\react-dom-client.development.js:13347:11)
An update to StreamVideoProvider inside a test was not wrapped in 
act(...).
    at commitPassiveUnmountEffectsInsideOfDeletedTree_begin (C:\Users\DELL\Desktop\a2a-dr.-gemini-intake-agent\node_modules\react-dom\cjs\react-dom-client.development.js:16264:13)

    at recursivelyTraversePassiveUnmountEffects (C:\Users\DELL\Desktop\a2a-dr.-gemini-intake-agent\node_modules\react-dom\cjs\react-dom-client.development.js:16085:13)
    at commitPassiveUnmountOnFiber (C:\Users\DELL\Desktop\a2a-dr.-gemini-intake-agent\node_modules\react-dom\cjs\react-dom-client.development.js:16127:11)
When testing, code that causes React state updates should be wrapped into 
act(...):
    at flushPassiveEffects (C:\Users\DELL\Desktop\a2a-dr.-gemini-intake-agent\node_modules\react-dom\cjs\react-dom-client.development.js:18428:9)
    at flushPendingEffects (C:\Users\DELL\Desktop\a2a-dr.-gemini-intake-agent\node_modules\react-dom\cjs\react-dom-client.development.js:18358:14)

act(() => {

  /* fire events that update state */
});
Hint: Enable verbose mode in order to have the list of all failing values encountered during the run[39m
[31m   [31m├ù[31m Property 1: Stream Client Initialization[2m > [22mproperly cleans up client resources on unmount[33m 2276[2mms[22m[31m[39m
/* assert on the output */
[31m     ΓåÆ Property failed after 1 tests
{ seed: -553200222, path: "0:0:0:0:0:0:0:0:0:0:0:0:0:0:0:0:0:0", endOnFailure: true }

This ensures that you're testing the behavior the user would see in the 
browser. Learn more at https://react.dev/link/wrap-tests-with-act
Counterexample: ["         !"]
An update to StreamVideoProvider inside a test was not wrapped in 
act(...).
Shrunk 17 time(s)

When testing, code that causes React state updates should be wrapped into 
act(...):
Got TypeError: Cannot read properties of undefined (reading 'catch')

act(() => {
    at C:\Users\DELL\Desktop\a2a-dr.-gemini-intake-agent\app\components\StreamVideoProvider.tsx:522:31
    at Object.react_stack_bottom_frame (C:\Users\DELL\Desktop\a2a-dr.-gemini-intake-agent\node_modules\react-dom\cjs\react-dom-client.development.js:26001:13)
  /* fire events that update state */
    at runWithFiberInDEV (C:\Users\DELL\Desktop\a2a-dr.-gemini-intake-agent\node_modules\react-dom\cjs\react-dom-client.development.js:874:13)
});
    at commitHookEffectListUnmount (C:\Users\DELL\Desktop\a2a-dr.-gemini-intake-agent\node_modules\react-dom\cjs\react-dom-client.development.js:13316:17)
    at commitHookPassiveUnmountEffects (C:\Users\DELL\Desktop\a2a-dr.-gemini-intake-agent\node_modules\react-dom\cjs\react-dom-client.development.js:13347:11)
    at commitPassiveUnmountEffectsInsideOfDeletedTree_begin (C:\Users\DELL\Desktop\a2a-dr.-gemini-intake-agent\node_modules\react-dom\cjs\react-dom-client.development.js:16264:13)
    at recursivelyTraversePassiveUnmountEffects (C:\Users\DELL\Desktop\a2a-dr.-gemini-intake-agent\node_modules\react-dom\cjs\react-dom-client.development.js:16085:13)
/* assert on the output */
    at commitPassiveUnmountOnFiber (C:\Users\DELL\Desktop\a2a-dr.-gemini-intake-agent\node_modules\react-dom\cjs\react-dom-client.development.js:16127:11)
    at flushPassiveEffects (C:\Users\DELL\Desktop\a2a-dr.-gemini-intake-agent\node_modules\react-dom\cjs\react-dom-client.development.js:18428:9)

This ensures that you're testing the behavior the user would see in the 
browser. Learn more at https://react.dev/link/wrap-tests-with-act
    at flushPendingEffects (C:\Users\DELL\Desktop\a2a-dr.-gemini-intake-agent\node_modules\react-dom\cjs\react-dom-client.development.js:18358:14)
An update to StreamVideoProvider inside a test was not wrapped in 
act(...).


When testing, code that causes React state updates should be wrapped into 
act(...):
Hint: Enable verbose mode in order to have the list of all failing values encountered during the run[39m

act(() => {
   [33m[2mΓ£ô[22m[39m Property 1: Stream Client Initialization[2m > [22mhandles token generation failures gracefully [33m2692[2mms[22m[39m
 [32mΓ£ô[39m __tests__/properties/filter-application.property.test.ts [2m([22m[2m9 tests[22m[2m)[22m[33m 1348[2mms[22m[39m
  /* fire events that update state */
   [33m[2mΓ£ô[22m[39m Property 11: Filter Application Correctness[2m > [22mfiltering preserves session data integrity [33m442[2mms[22m[39m
});
 [32mΓ£ô[39m __tests__/unit/SimplifiedSettings.test.tsx [2m([22m[2m18 tests[22m[2m)[22m[33m 3051[2mms[22m[39m
   [33m[2mΓ£ô[22m[39m SimplifiedSettings[2m > [22mComponent Rendering[2m > [22mshould render settings title [33m588[2mms[22m[39m
/* assert on the output */
   [33m[2mΓ£ô[22m[39m SimplifiedSettings[2m > [22mLogout Confirmation[2m > [22mshould show confirmation dialog when logout is clicked [33m581[2mms[22m[39m
 [32mΓ£ô[39m __tests__/properties/agent-routing.property.test.ts [2m([22m[2m11 tests[22m[2m)[22m[33m 697[2mms[22m[39m

This ensures that you're testing the behavior the user would see in the 
browser. Learn more at https://react.dev/link/wrap-tests-with-act
An update to StreamVideoProvider inside a test was not wrapped in 
act(...).

When testing, code that causes React state updates should be wrapped into 
act(...):
 [32mΓ£ô[39m __tests__/properties/message-persistence.property.test.ts [2m([22m[2m5 tests[22m[2m)[22m[33m 3146[2mms[22m[39m
   [33m[2mΓ£ô[22m[39m Property 15: Message Persistence[2m > [22mshould persist pending messages to storage and restore them correctly [33m882[2mms[22m[39m
   [33m[2mΓ£ô[22m[39m Property 15: Message Persistence[2m > [22mshould persist failed messages to storage and restore them correctly [33m998[2mms[22m[39m

act(() => {
   [33m[2mΓ£ô[22m[39m Property 15: Message Persistence[2m > [22mshould preserve message content exactly through persistence cycle [33m556[2mms[22m[39m
   [33m[2mΓ£ô[22m[39m Property 15: Message Persistence[2m > [22mshould maintain session isolation [33m469[2mms[22m[39m
  /* fire events that update state */
});
/* assert on the output */

This ensures that you're testing the behavior the user would see in the 
browser. Learn more at https://react.dev/link/wrap-tests-with-act

[90mstderr[2m | 
__tests__/properties/stream-client-initialization.property.test.ts[2m > 
[22m[2mProperty 1: Stream Client Initialization[2m > [22m[2mproperly 
cleans up client resources on unmount
[22m[39mAn update to StreamVideoProvider inside a test was not wrapped 
in act(...).

When testing, code that causes React state updates should be wrapped into 
act(...):

act(() => {
  /* fire events that update state */
});
/* assert on the output */

This ensures that you're testing the behavior the user would see in the 
browser. Learn more at https://react.dev/link/wrap-tests-with-act
An update to StreamVideoProvider inside a test was not wrapped in 
act(...).

When testing, code that causes React state updates should be wrapped into 
act(...):

act(() => {
  /* fire events that update state */
});
/* assert on the output */

This ensures that you're testing the behavior the user would see in the 
browser. Learn more at https://react.dev/link/wrap-tests-with-act
An update to StreamVideoProvider inside a test was not wrapped in 
act(...).

When testing, code that causes React state updates should be wrapped into 
act(...):

act(() => {
  /* fire events that update state */
});
/* assert on the output */

This ensures that you're testing the behavior the user would see in the 
browser. Learn more at https://react.dev/link/wrap-tests-with-act
An update to StreamVideoProvider inside a test was not wrapped in 
act(...).

When testing, code that causes React state updates should be wrapped into 
act(...):

act(() => {
 [32mΓ£ô[39m __tests__/properties/server-side-intake-sorting.property.test.ts [2m([22m[2m13 tests[22m[2m)[22m[33m 772[2mms[22m[39m
  /* fire events that update state */
});
/* assert on the output */
 [32mΓ£ô[39m __tests__/properties/termination-signal-recognition.property.test.ts [2m([22m[2m8 tests[22m[2m)[22m[33m 324[2mms[22m[39m

This ensures that you're testing the behavior the user would see in the 
browser. Learn more at https://react.dev/link/wrap-tests-with-act

[90mstderr[2m | 
__tests__/properties/stream-client-initialization.property.test.ts[2m > 
[22m[2mProperty 1: Stream Client Initialization[2m > [22m[2mproperly 
cleans up client resources on unmount
[22m[39mAn update to StreamVideoProvider inside a test was not wrapped 
in act(...).

When testing, code that causes React state updates should be wrapped into 
act(...):

act(() => {
  /* fire events that update state */
});
/* assert on the output */

This ensures that you're testing the behavior the user would see in the 
browser. Learn more at https://react.dev/link/wrap-tests-with-act

 [32mΓ£ô[39m __tests__/properties/scroll-position-preservation.property.test.ts [2m([22m[2m7 tests[22m[2m)[22m[90m 198[2mms[22m[39m
[90mstderr[2m | 
__tests__/properties/lazy-loading-below-fold.property.test.tsx[2m > 
[22m[2mProperty: Lazy Loading Below Fold[2m > [22m[2mshould not load 
images that are below the fold initially
[22m[39mAn empty string ("") was passed to the src attribute. This may 
cause the browser to download the whole page again over the network. To 
fix this, either do not render the element at all or pass null to src 
instead of an empty string.
An empty string ("") was passed to the src attribute. This may cause the 
browser to download the whole page again over the network. To fix this, 
either do not render the element at all or pass null to src instead of an 
empty string.
An empty string ("") was passed to the src attribute. This may cause the 
browser to download the whole page again over the network. To fix this, 
either do not render the element at all or pass null to src instead of an 
empty string.
An empty string ("") was passed to the src attribute. This may cause the 
browser to download the whole page again over the network. To fix this, 
either do not render the element at all or pass null to src instead of an 
empty string.
An empty string ("") was passed to the src attribute. This may cause the 
browser to download the whole page again over the network. To fix this, 
either do not render the element at all or pass null to src instead of an 
empty string.
An empty string ("") was passed to the src attribute. This may cause the 
browser to download the whole page again over the network. To fix this, 
either do not render the element at all or pass null to src instead of an 
empty string.
An empty string ("") was passed to the src attribute. This may cause the 
browser to download the whole page again over the network. To fix this, 
either do not render the element at all or pass null to src instead of an 
empty string.
An empty string ("") was passed to the src attribute. This may cause the 
browser to download the whole page again over the network. To fix this, 
either do not render the element at all or pass null to src instead of an 
empty string.
An empty string ("") was passed to the src attribute. This may cause the 
browser to download the whole page again over the network. To fix this, 
either do not render the element at all or pass null to src instead of an 
empty string.
An empty string ("") was passed to the src attribute. This may cause the 
browser to download the whole page again over the network. To fix this, 
either do not render the element at all or pass null to src instead of an 
empty string.
An empty string ("") was passed to the src attribute. This may cause the 
browser to download the whole page again over the network. To fix this, 
either do not render the element at all or pass null to src instead of an 
empty string.
An empty string ("") was passed to the src attribute. This may cause the 
browser to download the whole page again over the network. To fix this, 
either do not render the element at all or pass null to src instead of an 
empty string.
An empty string ("") was passed to the src attribute. This may cause the 
browser to download the whole page again over the network. To fix this, 
either do not render the element at all or pass null to src instead of an 
empty string.
An empty string ("") was passed to the src attribute. This may cause the 
browser to download the whole page again over the network. To fix this, 
either do not render the element at all or pass null to src instead of an 
empty string.
An empty string ("") was passed to the src attribute. This may cause the 
browser to download the whole page again over the network. To fix this, 
either do not render the element at all or pass null to src instead of an 
empty string.
An empty string ("") was passed to the src attribute. This may cause the 
browser to download the whole page again over the network. To fix this, 
either do not render the element at all or pass null to src instead of an 
empty string.
An empty string ("") was passed to the src attribute. This may cause the 
browser to download the whole page again over the network. To fix this, 
either do not render the element at all or pass null to src instead of an 
empty string.
An empty string ("") was passed to the src attribute. This may cause the 
browser to download the whole page again over the network. To fix this, 
either do not render the element at all or pass null to src instead of an 
empty string.
An empty string ("") was passed to the src attribute. This may cause the 
browser to download the whole page again over the network. To fix this, 
either do not render the element at all or pass null to src instead of an 
empty string.
An empty string ("") was passed to the src attribute. This may cause the 
browser to download the whole page again over the network. To fix this, 
either do not render the element at all or pass null to src instead of an 
empty string.
An empty string ("") was passed to the src attribute. This may cause the 
browser to download the whole page again over the network. To fix this, 
either do not render the element at all or pass null to src instead of an 
empty string.
An empty string ("") was passed to the src attribute. This may cause the 
browser to download the whole page again over the network. To fix this, 
either do not render the element at all or pass null to src instead of an 
empty string.
An empty string ("") was passed to the src attribute. This may cause the 
browser to download the whole page again over the network. To fix this, 
either do not render the element at all or pass null to src instead of an 
empty string.
An empty string ("") was passed to the src attribute. This may cause the 
browser to download the whole page again over the network. To fix this, 
either do not render the element at all or pass null to src instead of an 
empty string.
An empty string ("") was passed to the src attribute. This may cause the 
browser to download the whole page again over the network. To fix this, 
either do not render the element at all or pass null to src instead of an 
empty string.
An empty string ("") was passed to the src attribute. This may cause the 
browser to download the whole page again over the network. To fix this, 
either do not render the element at all or pass null to src instead of an 
empty string.
An empty string ("") was passed to the src attribute. This may cause the 
browser to download the whole page again over the network. To fix this, 
either do not render the element at all or pass null to src instead of an 
empty string.
An empty string ("") was passed to the src attribute. This may cause the 
browser to download the whole page again over the network. To fix this, 
either do not render the element at all or pass null to src instead of an 
empty string.
An empty string ("") was passed to the src attribute. This may cause the 
browser to download the whole page again over the network. To fix this, 
either do not render the element at all or pass null to src instead of an 
empty string.
An empty string ("") was passed to the src attribute. This may cause the 
browser to download the whole page again over the network. To fix this, 
either do not render the element at all or pass null to src instead of an 
empty string.
An empty string ("") was passed to the src attribute. This may cause the 
browser to download the whole page again over the network. To fix this, 
either do not render the element at all or pass null to src instead of an 
empty string.
An empty string ("") was passed to the src attribute. This may cause the 
browser to download the whole page again over the network. To fix this, 
either do not render the element at all or pass null to src instead of an 
empty string.
An empty string ("") was passed to the src attribute. This may cause the 
browser to download the whole page again over the network. To fix this, 
either do not render the element at all or pass null to src instead of an 
empty string.
An empty string ("") was passed to the src attribute. This may cause the 
browser to download the whole page again over the network. To fix this, 
either do not render the element at all or pass null to src instead of an 
empty string.
An empty string ("") was passed to the src attribute. This may cause the 
browser to download the whole page again over the network. To fix this, 
either do not render the element at all or pass null to src instead of an 
empty string.
An empty string ("") was passed to the src attribute. This may cause the 
browser to download the whole page again over the network. To fix this, 
either do not render the element at all or pass null to src instead of an 
empty string.
An empty string ("") was passed to the src attribute. This may cause the 
browser to download the whole page again over the network. To fix this, 
either do not render the element at all or pass null to src instead of an 
empty string.
An empty string ("") was passed to the src attribute. This may cause the 
browser to download the whole page again over the network. To fix this, 
either do not render the element at all or pass null to src instead of an 
empty string.
An empty string ("") was passed to the src attribute. This may cause the 
browser to download the whole page again over the network. To fix this, 
either do not render the element at all or pass null to src instead of an 
empty string.
An empty string ("") was passed to the src attribute. This may cause the 
browser to download the whole page again over the network. To fix this, 
either do not render the element at all or pass null to src instead of an 
empty string.
An empty string ("") was passed to the src attribute. This may cause the 
browser to download the whole page again over the network. To fix this, 
either do not render the element at all or pass null to src instead of an 
empty string.
An empty string ("") was passed to the src attribute. This may cause the 
browser to download the whole page again over the network. To fix this, 
either do not render the element at all or pass null to src instead of an 
empty string.
An empty string ("") was passed to the src attribute. This may cause the 
browser to download the whole page again over the network. To fix this, 
either do not render the element at all or pass null to src instead of an 
empty string.
An empty string ("") was passed to the src attribute. This may cause the 
browser to download the whole page again over the network. To fix this, 
either do not render the element at all or pass null to src instead of an 
empty string.
An empty string ("") was passed to the src attribute. This may cause the 
browser to download the whole page again over the network. To fix this, 
either do not render the element at all or pass null to src instead of an 
empty string.
An empty string ("") was passed to the src attribute. This may cause the 
browser to download the whole page again over the network. To fix this, 
either do not render the element at all or pass null to src instead of an 
empty string.
An empty string ("") was passed to the src attribute. This may cause the 
browser to download the whole page again over the network. To fix this, 
either do not render the element at all or pass null to src instead of an 
empty string.
An empty string ("") was passed to the src attribute. This may cause the 
browser to download the whole page again over the network. To fix this, 
either do not render the element at all or pass null to src instead of an 
empty string.
An empty string ("") was passed to the src attribute. This may cause the 
browser to download the whole page again over the network. To fix this, 
either do not render the element at all or pass null to src instead of an 
empty string.
An empty string ("") was passed to the src attribute. This may cause the 
browser to download the whole page again over the network. To fix this, 
either do not render the element at all or pass null to src instead of an 
empty string.
An empty string ("") was passed to the src attribute. This may cause the 
browser to download the whole page again over the network. To fix this, 
either do not render the element at all or pass null to src instead of an 
empty string.
An empty string ("") was passed to the src attribute. This may cause the 
browser to download the whole page again over the network. To fix this, 
either do not render the element at all or pass null to src instead of an 
empty string.
An empty string ("") was passed to the src attribute. This may cause the 
browser to download the whole page again over the network. To fix this, 
either do not render the element at all or pass null to src instead of an 
empty string.
An empty string ("") was passed to the src attribute. This may cause the 
browser to download the whole page again over the network. To fix this, 
either do not render the element at all or pass null to src instead of an 
empty string.
An empty string ("") was passed to the src attribute. This may cause the 
browser to download the whole page again over the network. To fix this, 
either do not render the element at all or pass null to src instead of an 
empty string.
An empty string ("") was passed to the src attribute. This may cause the 
browser to download the whole page again over the network. To fix this, 
either do not render the element at all or pass null to src instead of an 
empty string.
An empty string ("") was passed to the src attribute. This may cause the 
browser to download the whole page again over the network. To fix this, 
either do not render the element at all or pass null to src instead of an 
empty string.
An empty string ("") was passed to the src attribute. This may cause the 
browser to download the whole page again over the network. To fix this, 
either do not render the element at all or pass null to src instead of an 
empty string.
An empty string ("") was passed to the src attribute. This may cause the 
browser to download the whole page again over the network. To fix this, 
either do not render the element at all or pass null to src instead of an 
empty string.
An empty string ("") was passed to the src attribute. This may cause the 
browser to download the whole page again over the network. To fix this, 
either do not render the element at all or pass null to src instead of an 
empty string.
An empty string ("") was passed to the src attribute. This may cause the 
browser to download the whole page again over the network. To fix this, 
either do not render the element at all or pass null to src instead of an 
empty string.
An empty string ("") was passed to the src attribute. This may cause the 
browser to download the whole page again over the network. To fix this, 
either do not render the element at all or pass null to src instead of an 
empty string.
An empty string ("") was passed to the src attribute. This may cause the 
browser to download the whole page again over the network. To fix this, 
either do not render the element at all or pass null to src instead of an 
empty string.
An empty string ("") was passed to the src attribute. This may cause the 
browser to download the whole page again over the network. To fix this, 
either do not render the element at all or pass null to src instead of an 
empty string.
An empty string ("") was passed to the src attribute. This may cause the 
browser to download the whole page again over the network. To fix this, 
either do not render the element at all or pass null to src instead of an 
empty string.
An empty string ("") was passed to the src attribute. This may cause the 
browser to download the whole page again over the network. To fix this, 
either do not render the element at all or pass null to src instead of an 
empty string.
An empty string ("") was passed to the src attribute. This may cause the 
browser to download the whole page again over the network. To fix this, 
either do not render the element at all or pass null to src instead of an 
empty string.
An empty string ("") was passed to the src attribute. This may cause the 
browser to download the whole page again over the network. To fix this, 
either do not render the element at all or pass null to src instead of an 
empty string.
An empty string ("") was passed to the src attribute. This may cause the 
browser to download the whole page again over the network. To fix this, 
either do not render the element at all or pass null to src instead of an 
empty string.
An empty string ("") was passed to the src attribute. This may cause the 
browser to download the whole page again over the network. To fix this, 
either do not render the element at all or pass null to src instead of an 
empty string.
An empty string ("") was passed to the src attribute. This may cause the 
browser to download the whole page again over the network. To fix this, 
either do not render the element at all or pass null to src instead of an 
empty string.
An empty string ("") was passed to the src attribute. This may cause the 
browser to download the whole page again over the network. To fix this, 
either do not render the element at all or pass null to src instead of an 
empty string.
An empty string ("") was passed to the src attribute. This may cause the 
browser to download the whole page again over the network. To fix this, 
either do not render the element at all or pass null to src instead of an 
empty string.
An empty string ("") was passed to the src attribute. This may cause the 
browser to download the whole page again over the network. To fix this, 
either do not render the element at all or pass null to src instead of an 
empty string.
An empty string ("") was passed to the src attribute. This may cause the 
browser to download the whole page again over the network. To fix this, 
either do not render the element at all or pass null to src instead of an 
empty string.
An empty string ("") was passed to the src attribute. This may cause the 
browser to download the whole page again over the network. To fix this, 
either do not render the element at all or pass null to src instead of an 
empty string.
An empty string ("") was passed to the src attribute. This may cause the 
browser to download the whole page again over the network. To fix this, 
either do not render the element at all or pass null to src instead of an 
empty string.
An empty string ("") was passed to the src attribute. This may cause the 
browser to download the whole page again over the network. To fix this, 
either do not render the element at all or pass null to src instead of an 
empty string.
An empty string ("") was passed to the src attribute. This may cause the 
browser to download the whole page again over the network. To fix this, 
either do not render the element at all or pass null to src instead of an 
empty string.
An empty string ("") was passed to the src attribute. This may cause the 
browser to download the whole page again over the network. To fix this, 
either do not render the element at all or pass null to src instead of an 
empty string.
An empty string ("") was passed to the src attribute. This may cause the 
browser to download the whole page again over the network. To fix this, 
either do not render the element at all or pass null to src instead of an 
empty string.
An empty string ("") was passed to the src attribute. This may cause the 
browser to download the whole page again over the network. To fix this, 
either do not render the element at all or pass null to src instead of an 
empty string.
An empty string ("") was passed to the src attribute. This may cause the 
browser to download the whole page again over the network. To fix this, 
either do not render the element at all or pass null to src instead of an 
empty string.
An empty string ("") was passed to the src attribute. This may cause the 
browser to download the whole page again over the network. To fix this, 
either do not render the element at all or pass null to src instead of an 
empty string.
An empty string ("") was passed to the src attribute. This may cause the 
browser to download the whole page again over the network. To fix this, 
either do not render the element at all or pass null to src instead of an 
empty string.
An empty string ("") was passed to the src attribute. This may cause the 
browser to download the whole page again over the network. To fix this, 
either do not render the element at all or pass null to src instead of an 
empty string.
An empty string ("") was passed to the src attribute. This may cause the 
browser to download the whole page again over the network. To fix this, 
either do not render the element at all or pass null to src instead of an 
empty string.
An empty string ("") was passed to the src attribute. This may cause the 
browser to download the whole page again over the network. To fix this, 
either do not render the element at all or pass null to src instead of an 
empty string.
An empty string ("") was passed to the src attribute. This may cause the 
browser to download the whole page again over the network. To fix this, 
either do not render the element at all or pass null to src instead of an 
empty string.
An empty string ("") was passed to the src attribute. This may cause the 
browser to download the whole page again over the network. To fix this, 
either do not render the element at all or pass null to src instead of an 
empty string.
An empty string ("") was passed to the src attribute. This may cause the 
browser to download the whole page again over the network. To fix this, 
either do not render the element at all or pass null to src instead of an 
empty string.
An empty string ("") was passed to the src attribute. This may cause the 
browser to download the whole page again over the network. To fix this, 
either do not render the element at all or pass null to src instead of an 
empty string.
An empty string ("") was passed to the src attribute. This may cause the 
browser to download the whole page again over the network. To fix this, 
either do not render the element at all or pass null to src instead of an 
empty string.
An empty string ("") was passed to the src attribute. This may cause the 
browser to download the whole page again over the network. To fix this, 
either do not render the element at all or pass null to src instead of an 
empty string.
An empty string ("") was passed to the src attribute. This may cause the 
browser to download the whole page again over the network. To fix this, 
either do not render the element at all or pass null to src instead of an 
empty string.
An empty string ("") was passed to the src attribute. This may cause the 
browser to download the whole page again over the network. To fix this, 
either do not render the element at all or pass null to src instead of an 
empty string.
An empty string ("") was passed to the src attribute. This may cause the 
browser to download the whole page again over the network. To fix this, 
either do not render the element at all or pass null to src instead of an 
empty string.
An empty string ("") was passed to the src attribute. This may cause the 
browser to download the whole page again over the network. To fix this, 
either do not render the element at all or pass null to src instead of an 
empty string.
An empty string ("") was passed to the src attribute. This may cause the 
browser to download the whole page again over the network. To fix this, 
either do not render the element at all or pass null to src instead of an 
empty string.
An empty string ("") was passed to the src attribute. This may cause the 
browser to download the whole page again over the network. To fix this, 
either do not render the element at all or pass null to src instead of an 
empty string.

[90mstderr[2m | 
__tests__/properties/lazy-loading-below-fold.property.test.tsx[2m > 
[22m[2mProperty: Lazy Loading Below Fold[2m > [22m[2mshould load 
images when they enter the viewport
[22m[39mAn empty string ("") was passed to the src attribute. This may 
cause the browser to download the whole page again over the network. To 
fix this, either do not render the element at all or pass null to src 
instead of an empty string.
An update to LazyImage inside a test was not wrapped in act(...).

When testing, code that causes React state updates should be wrapped into 
act(...):

act(() => {
  /* fire events that update state */
});
/* assert on the output */

This ensures that you're testing the behavior the user would see in the 
browser. Learn more at https://react.dev/link/wrap-tests-with-act
An update to LazyImage inside a test was not wrapped in act(...).

When testing, code that causes React state updates should be wrapped into 
act(...):

act(() => {
  /* fire events that update state */
});
/* assert on the output */

This ensures that you're testing the behavior the user would see in the 
browser. Learn more at https://react.dev/link/wrap-tests-with-act
An empty string ("") was passed to the src attribute. This may cause the 
browser to download the whole page again over the network. To fix this, 
either do not render the element at all or pass null to src instead of an 
empty string.
An update to LazyImage inside a test was not wrapped in act(...).

When testing, code that causes React state updates should be wrapped into 
act(...):

act(() => {
  /* fire events that update state */
});
/* assert on the output */

This ensures that you're testing the behavior the user would see in the 
browser. Learn more at https://react.dev/link/wrap-tests-with-act
An update to LazyImage inside a test was not wrapped in act(...).

When testing, code that causes React state updates should be wrapped into 
act(...):

act(() => {
  /* fire events that update state */
});
/* assert on the output */

This ensures that you're testing the behavior the user would see in the 
browser. Learn more at https://react.dev/link/wrap-tests-with-act
An empty string ("") was passed to the src attribute. This may cause the 
browser to download the whole page again over the network. To fix this, 
either do not render the element at all or pass null to src instead of an 
empty string.
An update to LazyImage inside a test was not wrapped in act(...).

When testing, code that causes React state updates should be wrapped into 
act(...):

act(() => {
  /* fire events that update state */
});
/* assert on the output */

This ensures that you're testing the behavior the user would see in the 
browser. Learn more at https://react.dev/link/wrap-tests-with-act
An update to LazyImage inside a test was not wrapped in act(...).

When testing, code that causes React state updates should be wrapped into 
act(...):

act(() => {
  /* fire events that update state */
});
/* assert on the output */

This ensures that you're testing the behavior the user would see in the 
browser. Learn more at https://react.dev/link/wrap-tests-with-act
An empty string ("") was passed to the src attribute. This may cause the 
browser to download the whole page again over the network. To fix this, 
either do not render the element at all or pass null to src instead of an 
empty string.
An update to LazyImage inside a test was not wrapped in act(...).

When testing, code that causes React state updates should be wrapped into 
act(...):

act(() => {
  /* fire events that update state */
});
/* assert on the output */

This ensures that you're testing the behavior the user would see in the 
browser. Learn more at https://react.dev/link/wrap-tests-with-act
An update to LazyImage inside a test was not wrapped in act(...).

When testing, code that causes React state updates should be wrapped into 
act(...):

act(() => {
  /* fire events that update state */
});
/* assert on the output */

This ensures that you're testing the behavior the user would see in the 
browser. Learn more at https://react.dev/link/wrap-tests-with-act
An empty string ("") was passed to the src attribute. This may cause the 
browser to download the whole page again over the network. To fix this, 
either do not render the element at all or pass null to src instead of an 
empty string.
An update to LazyImage inside a test was not wrapped in act(...).

When testing, code that causes React state updates should be wrapped into 
act(...):

act(() => {
  /* fire events that update state */
});
/* assert on the output */

This ensures that you're testing the behavior the user would see in the 
browser. Learn more at https://react.dev/link/wrap-tests-with-act
An update to LazyImage inside a test was not wrapped in act(...).

When testing, code that causes React state updates should be wrapped into 
act(...):

act(() => {
  /* fire events that update state */
});
/* assert on the output */

This ensures that you're testing the behavior the user would see in the 
browser. Learn more at https://react.dev/link/wrap-tests-with-act
An empty string ("") was passed to the src attribute. This may cause the 
browser to download the whole page again over the network. To fix this, 
either do not render the element at all or pass null to src instead of an 
empty string.
An update to LazyImage inside a test was not wrapped in act(...).

When testing, code that causes React state updates should be wrapped into 
act(...):

act(() => {
  /* fire events that update state */
});
/* assert on the output */

This ensures that you're testing the behavior the user would see in the 
browser. Learn more at https://react.dev/link/wrap-tests-with-act
An update to LazyImage inside a test was not wrapped in act(...).

When testing, code that causes React state updates should be wrapped into 
act(...):

act(() => {
  /* fire events that update state */
});
/* assert on the output */

This ensures that you're testing the behavior the user would see in the 
browser. Learn more at https://react.dev/link/wrap-tests-with-act
An empty string ("") was passed to the src attribute. This may cause the 
browser to download the whole page again over the network. To fix this, 
either do not render the element at all or pass null to src instead of an 
empty string.
An update to LazyImage inside a test was not wrapped in act(...).

When testing, code that causes React state updates should be wrapped into 
act(...):

act(() => {
  /* fire events that update state */
});
/* assert on the output */

This ensures that you're testing the behavior the user would see in the 
browser. Learn more at https://react.dev/link/wrap-tests-with-act
An update to LazyImage inside a test was not wrapped in act(...).

When testing, code that causes React state updates should be wrapped into 
act(...):

act(() => {
  /* fire events that update state */
});
/* assert on the output */

This ensures that you're testing the behavior the user would see in the 
browser. Learn more at https://react.dev/link/wrap-tests-with-act
An empty string ("") was passed to the src attribute. This may cause the 
browser to download the whole page again over the network. To fix this, 
either do not render the element at all or pass null to src instead of an 
empty string.
An update to LazyImage inside a test was not wrapped in act(...).

When testing, code that causes React state updates should be wrapped into 
act(...):

act(() => {
  /* fire events that update state */
});
/* assert on the output */

This ensures that you're testing the behavior the user would see in the 
browser. Learn more at https://react.dev/link/wrap-tests-with-act
An update to LazyImage inside a test was not wrapped in act(...).

When testing, code that causes React state updates should be wrapped into 
act(...):

act(() => {
  /* fire events that update state */
});
/* assert on the output */

This ensures that you're testing the behavior the user would see in the 
browser. Learn more at https://react.dev/link/wrap-tests-with-act
An empty string ("") was passed to the src attribute. This may cause the 
browser to download the whole page again over the network. To fix this, 
either do not render the element at all or pass null to src instead of an 
empty string.
An update to LazyImage inside a test was not wrapped in act(...).

When testing, code that causes React state updates should be wrapped into 
act(...):

act(() => {
  /* fire events that update state */
});
/* assert on the output */

This ensures that you're testing the behavior the user would see in the 
browser. Learn more at https://react.dev/link/wrap-tests-with-act
An update to LazyImage inside a test was not wrapped in act(...).

When testing, code that causes React state updates should be wrapped into 
act(...):

act(() => {
  /* fire events that update state */
});
/* assert on the output */

This ensures that you're testing the behavior the user would see in the 
browser. Learn more at https://react.dev/link/wrap-tests-with-act
An empty string ("") was passed to the src attribute. This may cause the 
browser to download the whole page again over the network. To fix this, 
either do not render the element at all or pass null to src instead of an 
empty string.
An update to LazyImage inside a test was not wrapped in act(...).

When testing, code that causes React state updates should be wrapped into 
act(...):

act(() => {
  /* fire events that update state */
});
/* assert on the output */

This ensures that you're testing the behavior the user would see in the 
browser. Learn more at https://react.dev/link/wrap-tests-with-act
An update to LazyImage inside a test was not wrapped in act(...).

When testing, code that causes React state updates should be wrapped into 
act(...):

act(() => {
  /* fire events that update state */
});
/* assert on the output */

This ensures that you're testing the behavior the user would see in the 
browser. Learn more at https://react.dev/link/wrap-tests-with-act
An empty string ("") was passed to the src attribute. This may cause the 
browser to download the whole page again over the network. To fix this, 
either do not render the element at all or pass null to src instead of an 
empty string.
An update to LazyImage inside a test was not wrapped in act(...).

When testing, code that causes React state updates should be wrapped into 
act(...):

act(() => {
  /* fire events that update state */
});
/* assert on the output */

This ensures that you're testing the behavior the user would see in the 
browser. Learn more at https://react.dev/link/wrap-tests-with-act
An update to LazyImage inside a test was not wrapped in act(...).

When testing, code that causes React state updates should be wrapped into 
act(...):

act(() => {
  /* fire events that update state */
});
/* assert on the output */

This ensures that you're testing the behavior the user would see in the 
browser. Learn more at https://react.dev/link/wrap-tests-with-act
An empty string ("") was passed to the src attribute. This may cause the 
browser to download the whole page again over the network. To fix this, 
either do not render the element at all or pass null to src instead of an 
empty string.
An update to LazyImage inside a test was not wrapped in act(...).

When testing, code that causes React state updates should be wrapped into 
act(...):

act(() => {
  /* fire events that update state */
});
/* assert on the output */

This ensures that you're testing the behavior the user would see in the 
browser. Learn more at https://react.dev/link/wrap-tests-with-act
An update to LazyImage inside a test was not wrapped in act(...).

When testing, code that causes React state updates should be wrapped into 
act(...):

act(() => {
  /* fire events that update state */
});
/* assert on the output */

This ensures that you're testing the behavior the user would see in the 
browser. Learn more at https://react.dev/link/wrap-tests-with-act
An empty string ("") was passed to the src attribute. This may cause the 
browser to download the whole page again over the network. To fix this, 
either do not render the element at all or pass null to src instead of an 
empty string.
An update to LazyImage inside a test was not wrapped in act(...).

When testing, code that causes React state updates should be wrapped into 
act(...):

act(() => {
  /* fire events that update state */
});
/* assert on the output */

This ensures that you're testing the behavior the user would see in the 
browser. Learn more at https://react.dev/link/wrap-tests-with-act
An update to LazyImage inside a test was not wrapped in act(...).

When testing, code that causes React state updates should be wrapped into 
act(...):

act(() => {
  /* fire events that update state */
});
/* assert on the output */

This ensures that you're testing the behavior the user would see in the 
browser. Learn more at https://react.dev/link/wrap-tests-with-act
An empty string ("") was passed to the src attribute. This may cause the 
browser to download the whole page again over the network. To fix this, 
either do not render the element at all or pass null to src instead of an 
empty string.
An update to LazyImage inside a test was not wrapped in act(...).

When testing, code that causes React state updates should be wrapped into 
act(...):

act(() => {
  /* fire events that update state */
});
/* assert on the output */

This ensures that you're testing the behavior the user would see in the 
browser. Learn more at https://react.dev/link/wrap-tests-with-act
An update to LazyImage inside a test was not wrapped in act(...).

When testing, code that causes React state updates should be wrapped into 
act(...):

act(() => {
  /* fire events that update state */
});
/* assert on the output */

This ensures that you're testing the behavior the user would see in the 
browser. Learn more at https://react.dev/link/wrap-tests-with-act
An empty string ("") was passed to the src attribute. This may cause the 
browser to download the whole page again over the network. To fix this, 
either do not render the element at all or pass null to src instead of an 
empty string.
An update to LazyImage inside a test was not wrapped in act(...).

When testing, code that causes React state updates should be wrapped into 
act(...):

act(() => {
  /* fire events that update state */
});
/* assert on the output */

This ensures that you're testing the behavior the user would see in the 
browser. Learn more at https://react.dev/link/wrap-tests-with-act
An update to LazyImage inside a test was not wrapped in act(...).

When testing, code that causes React state updates should be wrapped into 
act(...):

act(() => {
  /* fire events that update state */
});
/* assert on the output */

This ensures that you're testing the behavior the user would see in the 
browser. Learn more at https://react.dev/link/wrap-tests-with-act
An empty string ("") was passed to the src attribute. This may cause the 
browser to download the whole page again over the network. To fix this, 
either do not render the element at all or pass null to src instead of an 
empty string.
An update to LazyImage inside a test was not wrapped in act(...).

When testing, code that causes React state updates should be wrapped into 
act(...):

act(() => {
  /* fire events that update state */
});
/* assert on the output */

This ensures that you're testing the behavior the user would see in the 
browser. Learn more at https://react.dev/link/wrap-tests-with-act
An update to LazyImage inside a test was not wrapped in act(...).

When testing, code that causes React state updates should be wrapped into 
act(...):

act(() => {
  /* fire events that update state */
});
/* assert on the output */

This ensures that you're testing the behavior the user would see in the 
browser. Learn more at https://react.dev/link/wrap-tests-with-act
An empty string ("") was passed to the src attribute. This may cause the 
browser to download the whole page again over the network. To fix this, 
either do not render the element at all or pass null to src instead of an 
empty string.
An update to LazyImage inside a test was not wrapped in act(...).

When testing, code that causes React state updates should be wrapped into 
act(...):

act(() => {
  /* fire events that update state */
});
/* assert on the output */

This ensures that you're testing the behavior the user would see in the 
browser. Learn more at https://react.dev/link/wrap-tests-with-act
An update to LazyImage inside a test was not wrapped in act(...).

When testing, code that causes React state updates should be wrapped into 
act(...):

act(() => {
  /* fire events that update state */
});
/* assert on the output */

This ensures that you're testing the behavior the user would see in the 
browser. Learn more at https://react.dev/link/wrap-tests-with-act
An empty string ("") was passed to the src attribute. This may cause the 
browser to download the whole page again over the network. To fix this, 
either do not render the element at all or pass null to src instead of an 
empty string.
An update to LazyImage inside a test was not wrapped in act(...).

When testing, code that causes React state updates should be wrapped into 
act(...):

act(() => {
  /* fire events that update state */
});
/* assert on the output */

This ensures that you're testing the behavior the user would see in the 
browser. Learn more at https://react.dev/link/wrap-tests-with-act
An update to LazyImage inside a test was not wrapped in act(...).

When testing, code that causes React state updates should be wrapped into 
act(...):

act(() => {
  /* fire events that update state */
});
/* assert on the output */

This ensures that you're testing the behavior the user would see in the 
browser. Learn more at https://react.dev/link/wrap-tests-with-act
An empty string ("") was passed to the src attribute. This may cause the 
browser to download the whole page again over the network. To fix this, 
either do not render the element at all or pass null to src instead of an 
empty string.
An update to LazyImage inside a test was not wrapped in act(...).

When testing, code that causes React state updates should be wrapped into 
act(...):

act(() => {
  /* fire events that update state */
});
/* assert on the output */

This ensures that you're testing the behavior the user would see in the 
browser. Learn more at https://react.dev/link/wrap-tests-with-act
An update to LazyImage inside a test was not wrapped in act(...).

When testing, code that causes React state updates should be wrapped into 
act(...):

act(() => {
  /* fire events that update state */
});
/* assert on the output */

This ensures that you're testing the behavior the user would see in the 
browser. Learn more at https://react.dev/link/wrap-tests-with-act
An empty string ("") was passed to the src attribute. This may cause the 
browser to download the whole page again over the network. To fix this, 
either do not render the element at all or pass null to src instead of an 
empty string.
An update to LazyImage inside a test was not wrapped in act(...).

When testing, code that causes React state updates should be wrapped into 
act(...):

act(() => {
  /* fire events that update state */
});
/* assert on the output */

This ensures that you're testing the behavior the user would see in the 
browser. Learn more at https://react.dev/link/wrap-tests-with-act
An update to LazyImage inside a test was not wrapped in act(...).

When testing, code that causes React state updates should be wrapped into 
act(...):

act(() => {
  /* fire events that update state */
});
/* assert on the output */

This ensures that you're testing the behavior the user would see in the 
browser. Learn more at https://react.dev/link/wrap-tests-with-act
An empty string ("") was passed to the src attribute. This may cause the 
browser to download the whole page again over the network. To fix this, 
either do not render the element at all or pass null to src instead of an 
empty string.
An update to LazyImage inside a test was not wrapped in act(...).

When testing, code that causes React state updates should be wrapped into 
act(...):

act(() => {
  /* fire events that update state */
});
/* assert on the output */

This ensures that you're testing the behavior the user would see in the 
browser. Learn more at https://react.dev/link/wrap-tests-with-act
An update to LazyImage inside a test was not wrapped in act(...).

When testing, code that causes React state updates should be wrapped into 
act(...):

act(() => {
  /* fire events that update state */
});
/* assert on the output */

This ensures that you're testing the behavior the user would see in the 
browser. Learn more at https://react.dev/link/wrap-tests-with-act
An empty string ("") was passed to the src attribute. This may cause the 
browser to download the whole page again over the network. To fix this, 
either do not render the element at all or pass null to src instead of an 
empty string.
An update to LazyImage inside a test was not wrapped in act(...).

When testing, code that causes React state updates should be wrapped into 
act(...):

act(() => {
  /* fire events that update state */
});
/* assert on the output */

This ensures that you're testing the behavior the user would see in the 
browser. Learn more at https://react.dev/link/wrap-tests-with-act
An update to LazyImage inside a test was not wrapped in act(...).

When testing, code that causes React state updates should be wrapped into 
act(...):

act(() => {
  /* fire events that update state */
});
/* assert on the output */

This ensures that you're testing the behavior the user would see in the 
browser. Learn more at https://react.dev/link/wrap-tests-with-act
An empty string ("") was passed to the src attribute. This may cause the 
browser to download the whole page again over the network. To fix this, 
either do not render the element at all or pass null to src instead of an 
empty string.
An update to LazyImage inside a test was not wrapped in act(...).

When testing, code that causes React state updates should be wrapped into 
act(...):

act(() => {
  /* fire events that update state */
});
/* assert on the output */

This ensures that you're testing the behavior the user would see in the 
browser. Learn more at https://react.dev/link/wrap-tests-with-act
An update to LazyImage inside a test was not wrapped in act(...).

When testing, code that causes React state updates should be wrapped into 
act(...):

act(() => {
  /* fire events that update state */
});
/* assert on the output */

This ensures that you're testing the behavior the user would see in the 
browser. Learn more at https://react.dev/link/wrap-tests-with-act
An empty string ("") was passed to the src attribute. This may cause the 
browser to download the whole page again over the network. To fix this, 
either do not render the element at all or pass null to src instead of an 
empty string.
An update to LazyImage inside a test was not wrapped in act(...).

When testing, code that causes React state updates should be wrapped into 
act(...):

act(() => {
  /* fire events that update state */
});
/* assert on the output */

This ensures that you're testing the behavior the user would see in the 
browser. Learn more at https://react.dev/link/wrap-tests-with-act
An update to LazyImage inside a test was not wrapped in act(...).

When testing, code that causes React state updates should be wrapped into 
act(...):

act(() => {
  /* fire events that update state */
});
/* assert on the output */

This ensures that you're testing the behavior the user would see in the 
browser. Learn more at https://react.dev/link/wrap-tests-with-act
An empty string ("") was passed to the src attribute. This may cause the 
browser to download the whole page again over the network. To fix this, 
either do not render the element at all or pass null to src instead of an 
empty string.
An update to LazyImage inside a test was not wrapped in act(...).

When testing, code that causes React state updates should be wrapped into 
act(...):

act(() => {
  /* fire events that update state */
});
/* assert on the output */

This ensures that you're testing the behavior the user would see in the 
browser. Learn more at https://react.dev/link/wrap-tests-with-act
An update to LazyImage inside a test was not wrapped in act(...).

When testing, code that causes React state updates should be wrapped into 
act(...):

act(() => {
  /* fire events that update state */
});
/* assert on the output */

This ensures that you're testing the behavior the user would see in the 
browser. Learn more at https://react.dev/link/wrap-tests-with-act
An empty string ("") was passed to the src attribute. This may cause the 
browser to download the whole page again over the network. To fix this, 
either do not render the element at all or pass null to src instead of an 
empty string.
An update to LazyImage inside a test was not wrapped in act(...).

When testing, code that causes React state updates should be wrapped into 
act(...):

act(() => {
  /* fire events that update state */
});
/* assert on the output */

This ensures that you're testing the behavior the user would see in the 
browser. Learn more at https://react.dev/link/wrap-tests-with-act
An update to LazyImage inside a test was not wrapped in act(...).

When testing, code that causes React state updates should be wrapped into 
act(...):

act(() => {
  /* fire events that update state */
});
/* assert on the output */

This ensures that you're testing the behavior the user would see in the 
browser. Learn more at https://react.dev/link/wrap-tests-with-act
An empty string ("") was passed to the src attribute. This may cause the 
browser to download the whole page again over the network. To fix this, 
either do not render the element at all or pass null to src instead of an 
empty string.
An update to LazyImage inside a test was not wrapped in act(...).

When testing, code that causes React state updates should be wrapped into 
act(...):

act(() => {
  /* fire events that update state */
});
/* assert on the output */

This ensures that you're testing the behavior the user would see in the 
browser. Learn more at https://react.dev/link/wrap-tests-with-act
An update to LazyImage inside a test was not wrapped in act(...).

When testing, code that causes React state updates should be wrapped into 
act(...):

act(() => {
  /* fire events that update state */
});
/* assert on the output */

This ensures that you're testing the behavior the user would see in the 
browser. Learn more at https://react.dev/link/wrap-tests-with-act
An empty string ("") was passed to the src attribute. This may cause the 
browser to download the whole page again over the network. To fix this, 
either do not render the element at all or pass null to src instead of an 
empty string.
An update to LazyImage inside a test was not wrapped in act(...).

When testing, code that causes React state updates should be wrapped into 
act(...):

act(() => {
  /* fire events that update state */
});
/* assert on the output */

This ensures that you're testing the behavior the user would see in the 
browser. Learn more at https://react.dev/link/wrap-tests-with-act
An update to LazyImage inside a test was not wrapped in act(...).

When testing, code that causes React state updates should be wrapped into 
act(...):

act(() => {
  /* fire events that update state */
});
/* assert on the output */

This ensures that you're testing the behavior the user would see in the 
browser. Learn more at https://react.dev/link/wrap-tests-with-act
An empty string ("") was passed to the src attribute. This may cause the 
browser to download the whole page again over the network. To fix this, 
either do not render the element at all or pass null to src instead of an 
empty string.
An update to LazyImage inside a test was not wrapped in act(...).

When testing, code that causes React state updates should be wrapped into 
act(...):

act(() => {
  /* fire events that update state */
});
/* assert on the output */

This ensures that you're testing the behavior the user would see in the 
browser. Learn more at https://react.dev/link/wrap-tests-with-act
An update to LazyImage inside a test was not wrapped in act(...).

When testing, code that causes React state updates should be wrapped into 
act(...):

act(() => {
  /* fire events that update state */
});
/* assert on the output */

This ensures that you're testing the behavior the user would see in the 
browser. Learn more at https://react.dev/link/wrap-tests-with-act
An empty string ("") was passed to the src attribute. This may cause the 
browser to download the whole page again over the network. To fix this, 
either do not render the element at all or pass null to src instead of an 
empty string.
An update to LazyImage inside a test was not wrapped in act(...).

When testing, code that causes React state updates should be wrapped into 
act(...):

act(() => {
  /* fire events that update state */
});
/* assert on the output */

This ensures that you're testing the behavior the user would see in the 
browser. Learn more at https://react.dev/link/wrap-tests-with-act
An update to LazyImage inside a test was not wrapped in act(...).

When testing, code that causes React state updates should be wrapped into 
act(...):

act(() => {
  /* fire events that update state */
});
/* assert on the output */

This ensures that you're testing the behavior the user would see in the 
browser. Learn more at https://react.dev/link/wrap-tests-with-act
An empty string ("") was passed to the src attribute. This may cause the 
browser to download the whole page again over the network. To fix this, 
either do not render the element at all or pass null to src instead of an 
empty string.
An update to LazyImage inside a test was not wrapped in act(...).

When testing, code that causes React state updates should be wrapped into 
act(...):

act(() => {
  /* fire events that update state */
});
/* assert on the output */

This ensures that you're testing the behavior the user would see in the 
browser. Learn more at https://react.dev/link/wrap-tests-with-act
An update to LazyImage inside a test was not wrapped in act(...).

When testing, code that causes React state updates should be wrapped into 
act(...):

act(() => {
  /* fire events that update state */
});
/* assert on the output */

This ensures that you're testing the behavior the user would see in the 
browser. Learn more at https://react.dev/link/wrap-tests-with-act
An empty string ("") was passed to the src attribute. This may cause the 
browser to download the whole page again over the network. To fix this, 
either do not render the element at all or pass null to src instead of an 
empty string.
An update to LazyImage inside a test was not wrapped in act(...).

When testing, code that causes React state updates should be wrapped into 
act(...):

act(() => {
  /* fire events that update state */
});
/* assert on the output */

This ensures that you're testing the behavior the user would see in the 
browser. Learn more at https://react.dev/link/wrap-tests-with-act
An update to LazyImage inside a test was not wrapped in act(...).

When testing, code that causes React state updates should be wrapped into 
act(...):

act(() => {
  /* fire events that update state */
});
/* assert on the output */

This ensures that you're testing the behavior the user would see in the 
browser. Learn more at https://react.dev/link/wrap-tests-with-act
An empty string ("") was passed to the src attribute. This may cause the 
browser to download the whole page again over the network. To fix this, 
either do not render the element at all or pass null to src instead of an 
empty string.
An update to LazyImage inside a test was not wrapped in act(...).

When testing, code that causes React state updates should be wrapped into 
act(...):

act(() => {
  /* fire events that update state */
});
/* assert on the output */

This ensures that you're testing the behavior the user would see in the 
browser. Learn more at https://react.dev/link/wrap-tests-with-act
An update to LazyImage inside a test was not wrapped in act(...).

When testing, code that causes React state updates should be wrapped into 
act(...):

act(() => {
  /* fire events that update state */
});
/* assert on the output */

This ensures that you're testing the behavior the user would see in the 
browser. Learn more at https://react.dev/link/wrap-tests-with-act
An empty string ("") was passed to the src attribute. This may cause the 
browser to download the whole page again over the network. To fix this, 
either do not render the element at all or pass null to src instead of an 
empty string.
An update to LazyImage inside a test was not wrapped in act(...).

When testing, code that causes React state updates should be wrapped into 
act(...):

act(() => {
  /* fire events that update state */
});
/* assert on the output */

This ensures that you're testing the behavior the user would see in the 
browser. Learn more at https://react.dev/link/wrap-tests-with-act
An update to LazyImage inside a test was not wrapped in act(...).

When testing, code that causes React state updates should be wrapped into 
act(...):

act(() => {
  /* fire events that update state */
});
/* assert on the output */

This ensures that you're testing the behavior the user would see in the 
browser. Learn more at https://react.dev/link/wrap-tests-with-act
An empty string ("") was passed to the src attribute. This may cause the 
browser to download the whole page again over the network. To fix this, 
either do not render the element at all or pass null to src instead of an 
empty string.
An update to LazyImage inside a test was not wrapped in act(...).

When testing, code that causes React state updates should be wrapped into 
act(...):

act(() => {
  /* fire events that update state */
});
/* assert on the output */

This ensures that you're testing the behavior the user would see in the 
browser. Learn more at https://react.dev/link/wrap-tests-with-act
An update to LazyImage inside a test was not wrapped in act(...).

When testing, code that causes React state updates should be wrapped into 
act(...):

act(() => {
  /* fire events that update state */
});
/* assert on the output */

This ensures that you're testing the behavior the user would see in the 
browser. Learn more at https://react.dev/link/wrap-tests-with-act
An empty string ("") was passed to the src attribute. This may cause the 
browser to download the whole page again over the network. To fix this, 
either do not render the element at all or pass null to src instead of an 
empty string.
An update to LazyImage inside a test was not wrapped in act(...).

When testing, code that causes React state updates should be wrapped into 
act(...):

act(() => {
  /* fire events that update state */
});
/* assert on the output */

This ensures that you're testing the behavior the user would see in the 
browser. Learn more at https://react.dev/link/wrap-tests-with-act
An update to LazyImage inside a test was not wrapped in act(...).

When testing, code that causes React state updates should be wrapped into 
act(...):

act(() => {
  /* fire events that update state */
});
/* assert on the output */

This ensures that you're testing the behavior the user would see in the 
browser. Learn more at https://react.dev/link/wrap-tests-with-act
An empty string ("") was passed to the src attribute. This may cause the 
browser to download the whole page again over the network. To fix this, 
either do not render the element at all or pass null to src instead of an 
empty string.
An update to LazyImage inside a test was not wrapped in act(...).

When testing, code that causes React state updates should be wrapped into 
act(...):

act(() => {
  /* fire events that update state */
});
/* assert on the output */

This ensures that you're testing the behavior the user would see in the 
browser. Learn more at https://react.dev/link/wrap-tests-with-act
An update to LazyImage inside a test was not wrapped in act(...).

When testing, code that causes React state updates should be wrapped into 
act(...):

act(() => {
  /* fire events that update state */
});
/* assert on the output */

This ensures that you're testing the behavior the user would see in the 
browser. Learn more at https://react.dev/link/wrap-tests-with-act
An empty string ("") was passed to the src attribute. This may cause the 
browser to download the whole page again over the network. To fix this, 
either do not render the element at all or pass null to src instead of an 
empty string.
An update to LazyImage inside a test was not wrapped in act(...).

When testing, code that causes React state updates should be wrapped into 
act(...):

act(() => {
  /* fire events that update state */
});
/* assert on the output */

This ensures that you're testing the behavior the user would see in the 
browser. Learn more at https://react.dev/link/wrap-tests-with-act
An update to LazyImage inside a test was not wrapped in act(...).

When testing, code that causes React state updates should be wrapped into 
act(...):

act(() => {
  /* fire events that update state */
});
/* assert on the output */

This ensures that you're testing the behavior the user would see in the 
browser. Learn more at https://react.dev/link/wrap-tests-with-act
An empty string ("") was passed to the src attribute. This may cause the 
browser to download the whole page again over the network. To fix this, 
either do not render the element at all or pass null to src instead of an 
empty string.
An update to LazyImage inside a test was not wrapped in act(...).

When testing, code that causes React state updates should be wrapped into 
act(...):

act(() => {
  /* fire events that update state */
});
/* assert on the output */

This ensures that you're testing the behavior the user would see in the 
browser. Learn more at https://react.dev/link/wrap-tests-with-act
An update to LazyImage inside a test was not wrapped in act(...).

When testing, code that causes React state updates should be wrapped into 
act(...):

act(() => {
  /* fire events that update state */
});
/* assert on the output */

This ensures that you're testing the behavior the user would see in the 
browser. Learn more at https://react.dev/link/wrap-tests-with-act
An empty string ("") was passed to the src attribute. This may cause the 
browser to download the whole page again over the network. To fix this, 
either do not render the element at all or pass null to src instead of an 
empty string.
An update to LazyImage inside a test was not wrapped in act(...).

When testing, code that causes React state updates should be wrapped into 
act(...):

act(() => {
  /* fire events that update state */
});
/* assert on the output */

This ensures that you're testing the behavior the user would see in the 
browser. Learn more at https://react.dev/link/wrap-tests-with-act
An update to LazyImage inside a test was not wrapped in act(...).

When testing, code that causes React state updates should be wrapped into 
act(...):

act(() => {
  /* fire events that update state */
});
/* assert on the output */

This ensures that you're testing the behavior the user would see in the 
browser. Learn more at https://react.dev/link/wrap-tests-with-act
An empty string ("") was passed to the src attribute. This may cause the 
browser to download the whole page again over the network. To fix this, 
either do not render the element at all or pass null to src instead of an 
empty string.
An update to LazyImage inside a test was not wrapped in act(...).

When testing, code that causes React state updates should be wrapped into 
act(...):

act(() => {
  /* fire events that update state */
});
/* assert on the output */

This ensures that you're testing the behavior the user would see in the 
browser. Learn more at https://react.dev/link/wrap-tests-with-act
An update to LazyImage inside a test was not wrapped in act(...).

When testing, code that causes React state updates should be wrapped into 
act(...):

act(() => {
  /* fire events that update state */
});
/* assert on the output */

This ensures that you're testing the behavior the user would see in the 
browser. Learn more at https://react.dev/link/wrap-tests-with-act
An empty string ("") was passed to the src attribute. This may cause the 
browser to download the whole page again over the network. To fix this, 
either do not render the element at all or pass null to src instead of an 
empty string.
An update to LazyImage inside a test was not wrapped in act(...).

When testing, code that causes React state updates should be wrapped into 
act(...):

act(() => {
  /* fire events that update state */
});
/* assert on the output */

This ensures that you're testing the behavior the user would see in the 
browser. Learn more at https://react.dev/link/wrap-tests-with-act
An update to LazyImage inside a test was not wrapped in act(...).

When testing, code that causes React state updates should be wrapped into 
act(...):

act(() => {
  /* fire events that update state */
});
/* assert on the output */

This ensures that you're testing the behavior the user would see in the 
browser. Learn more at https://react.dev/link/wrap-tests-with-act
An empty string ("") was passed to the src attribute. This may cause the 
browser to download the whole page again over the network. To fix this, 
either do not render the element at all or pass null to src instead of an 
empty string.
An update to LazyImage inside a test was not wrapped in act(...).

When testing, code that causes React state updates should be wrapped into 
act(...):

act(() => {
  /* fire events that update state */
});
/* assert on the output */

This ensures that you're testing the behavior the user would see in the 
browser. Learn more at https://react.dev/link/wrap-tests-with-act
An update to LazyImage inside a test was not wrapped in act(...).

When testing, code that causes React state updates should be wrapped into 
act(...):

act(() => {
  /* fire events that update state */
});
/* assert on the output */

This ensures that you're testing the behavior the user would see in the 
browser. Learn more at https://react.dev/link/wrap-tests-with-act
An empty string ("") was passed to the src attribute. This may cause the 
browser to download the whole page again over the network. To fix this, 
either do not render the element at all or pass null to src instead of an 
empty string.
An update to LazyImage inside a test was not wrapped in act(...).

When testing, code that causes React state updates should be wrapped into 
act(...):

act(() => {
  /* fire events that update state */
});
/* assert on the output */

This ensures that you're testing the behavior the user would see in the 
browser. Learn more at https://react.dev/link/wrap-tests-with-act
An update to LazyImage inside a test was not wrapped in act(...).

When testing, code that causes React state updates should be wrapped into 
act(...):

act(() => {
  /* fire events that update state */
});
/* assert on the output */

This ensures that you're testing the behavior the user would see in the 
browser. Learn more at https://react.dev/link/wrap-tests-with-act
An empty string ("") was passed to the src attribute. This may cause the 
browser to download the whole page again over the network. To fix this, 
either do not render the element at all or pass null to src instead of an 
empty string.
An update to LazyImage inside a test was not wrapped in act(...).

When testing, code that causes React state updates should be wrapped into 
act(...):

act(() => {
  /* fire events that update state */
});
/* assert on the output */

This ensures that you're testing the behavior the user would see in the 
browser. Learn more at https://react.dev/link/wrap-tests-with-act
An update to LazyImage inside a test was not wrapped in act(...).

When testing, code that causes React state updates should be wrapped into 
act(...):

act(() => {
  /* fire events that update state */
});
/* assert on the output */

This ensures that you're testing the behavior the user would see in the 
browser. Learn more at https://react.dev/link/wrap-tests-with-act
An empty string ("") was passed to the src attribute. This may cause the 
browser to download the whole page again over the network. To fix this, 
either do not render the element at all or pass null to src instead of an 
empty string.
An update to LazyImage inside a test was not wrapped in act(...).

When testing, code that causes React state updates should be wrapped into 
act(...):

act(() => {
  /* fire events that update state */
});
/* assert on the output */

This ensures that you're testing the behavior the user would see in the 
browser. Learn more at https://react.dev/link/wrap-tests-with-act
An update to LazyImage inside a test was not wrapped in act(...).

When testing, code that causes React state updates should be wrapped into 
act(...):

act(() => {
  /* fire events that update state */
});
/* assert on the output */

This ensures that you're testing the behavior the user would see in the 
browser. Learn more at https://react.dev/link/wrap-tests-with-act
An empty string ("") was passed to the src attribute. This may cause the 
browser to download the whole page again over the network. To fix this, 
either do not render the element at all or pass null to src instead of an 
empty string.
An update to LazyImage inside a test was not wrapped in act(...).

When testing, code that causes React state updates should be wrapped into 
act(...):

act(() => {
  /* fire events that update state */
});
/* assert on the output */

This ensures that you're testing the behavior the user would see in the 
browser. Learn more at https://react.dev/link/wrap-tests-with-act
An update to LazyImage inside a test was not wrapped in act(...).

When testing, code that causes React state updates should be wrapped into 
act(...):

act(() => {
  /* fire events that update state */
});
/* assert on the output */

This ensures that you're testing the behavior the user would see in the 
browser. Learn more at https://react.dev/link/wrap-tests-with-act
An empty string ("") was passed to the src attribute. This may cause the 
browser to download the whole page again over the network. To fix this, 
either do not render the element at all or pass null to src instead of an 
empty string.
An update to LazyImage inside a test was not wrapped in act(...).

When testing, code that causes React state updates should be wrapped into 
act(...):

act(() => {
  /* fire events that update state */
});
/* assert on the output */

This ensures that you're testing the behavior the user would see in the 
browser. Learn more at https://react.dev/link/wrap-tests-with-act
An update to LazyImage inside a test was not wrapped in act(...).

When testing, code that causes React state updates should be wrapped into 
act(...):

act(() => {
  /* fire events that update state */
});
/* assert on the output */

This ensures that you're testing the behavior the user would see in the 
browser. Learn more at https://react.dev/link/wrap-tests-with-act
An empty string ("") was passed to the src attribute. This may cause the 
browser to download the whole page again over the network. To fix this, 
either do not render the element at all or pass null to src instead of an 
empty string.
An update to LazyImage inside a test was not wrapped in act(...).

When testing, code that causes React state updates should be wrapped into 
act(...):

act(() => {
  /* fire events that update state */
});
/* assert on the output */

This ensures that you're testing the behavior the user would see in the 
browser. Learn more at https://react.dev/link/wrap-tests-with-act
An update to LazyImage inside a test was not wrapped in act(...).

When testing, code that causes React state updates should be wrapped into 
act(...):

act(() => {
  /* fire events that update state */
});
/* assert on the output */

This ensures that you're testing the behavior the user would see in the 
browser. Learn more at https://react.dev/link/wrap-tests-with-act
An empty string ("") was passed to the src attribute. This may cause the 
browser to download the whole page again over the network. To fix this, 
either do not render the element at all or pass null to src instead of an 
empty string.
An update to LazyImage inside a test was not wrapped in act(...).

When testing, code that causes React state updates should be wrapped into 
act(...):

act(() => {
  /* fire events that update state */
});
/* assert on the output */

This ensures that you're testing the behavior the user would see in the 
browser. Learn more at https://react.dev/link/wrap-tests-with-act
An update to LazyImage inside a test was not wrapped in act(...).

When testing, code that causes React state updates should be wrapped into 
act(...):

act(() => {
  /* fire events that update state */
});
/* assert on the output */

This ensures that you're testing the behavior the user would see in the 
browser. Learn more at https://react.dev/link/wrap-tests-with-act
An empty string ("") was passed to the src attribute. This may cause the 
browser to download the whole page again over the network. To fix this, 
either do not render the element at all or pass null to src instead of an 
empty string.
An update to LazyImage inside a test was not wrapped in act(...).

When testing, code that causes React state updates should be wrapped into 
act(...):

act(() => {
  /* fire events that update state */
});
/* assert on the output */

This ensures that you're testing the behavior the user would see in the 
browser. Learn more at https://react.dev/link/wrap-tests-with-act
An update to LazyImage inside a test was not wrapped in act(...).

When testing, code that causes React state updates should be wrapped into 
act(...):

act(() => {
  /* fire events that update state */
});
/* assert on the output */

This ensures that you're testing the behavior the user would see in the 
browser. Learn more at https://react.dev/link/wrap-tests-with-act
An empty string ("") was passed to the src attribute. This may cause the 
browser to download the whole page again over the network. To fix this, 
either do not render the element at all or pass null to src instead of an 
empty string.
An update to LazyImage inside a test was not wrapped in act(...).

When testing, code that causes React state updates should be wrapped into 
act(...):

act(() => {
  /* fire events that update state */
});
/* assert on the output */

This ensures that you're testing the behavior the user would see in the 
browser. Learn more at https://react.dev/link/wrap-tests-with-act
An update to LazyImage inside a test was not wrapped in act(...).

When testing, code that causes React state updates should be wrapped into 
act(...):

act(() => {
  /* fire events that update state */
});
/* assert on the output */

This ensures that you're testing the behavior the user would see in the 
browser. Learn more at https://react.dev/link/wrap-tests-with-act
An empty string ("") was passed to the src attribute. This may cause the 
browser to download the whole page again over the network. To fix this, 
either do not render the element at all or pass null to src instead of an 
empty string.
An update to LazyImage inside a test was not wrapped in act(...).

When testing, code that causes React state updates should be wrapped into 
act(...):

act(() => {
  /* fire events that update state */
});
/* assert on the output */

This ensures that you're testing the behavior the user would see in the 
browser. Learn more at https://react.dev/link/wrap-tests-with-act
An update to LazyImage inside a test was not wrapped in act(...).

When testing, code that causes React state updates should be wrapped into 
act(...):

act(() => {
  /* fire events that update state */
});
/* assert on the output */

This ensures that you're testing the behavior the user would see in the 
browser. Learn more at https://react.dev/link/wrap-tests-with-act
An empty string ("") was passed to the src attribute. This may cause the 
browser to download the whole page again over the network. To fix this, 
either do not render the element at all or pass null to src instead of an 
empty string.
An update to LazyImage inside a test was not wrapped in act(...).

When testing, code that causes React state updates should be wrapped into 
act(...):

act(() => {
  /* fire events that update state */
});
/* assert on the output */

This ensures that you're testing the behavior the user would see in the 
browser. Learn more at https://react.dev/link/wrap-tests-with-act
An update to LazyImage inside a test was not wrapped in act(...).

When testing, code that causes React state updates should be wrapped into 
act(...):

act(() => {
  /* fire events that update state */
});
/* assert on the output */

This ensures that you're testing the behavior the user would see in the 
browser. Learn more at https://react.dev/link/wrap-tests-with-act
An empty string ("") was passed to the src attribute. This may cause the 
browser to download the whole page again over the network. To fix this, 
either do not render the element at all or pass null to src instead of an 
empty string.
An update to LazyImage inside a test was not wrapped in act(...).

When testing, code that causes React state updates should be wrapped into 
act(...):

act(() => {
  /* fire events that update state */
});
/* assert on the output */

This ensures that you're testing the behavior the user would see in the 
browser. Learn more at https://react.dev/link/wrap-tests-with-act
An update to LazyImage inside a test was not wrapped in act(...).

When testing, code that causes React state updates should be wrapped into 
act(...):

act(() => {
  /* fire events that update state */
});
/* assert on the output */

This ensures that you're testing the behavior the user would see in the 
browser. Learn more at https://react.dev/link/wrap-tests-with-act
An empty string ("") was passed to the src attribute. This may cause the 
browser to download the whole page again over the network. To fix this, 
either do not render the element at all or pass null to src instead of an 
empty string.
An update to LazyImage inside a test was not wrapped in act(...).

When testing, code that causes React state updates should be wrapped into 
act(...):

act(() => {
  /* fire events that update state */
});
/* assert on the output */

This ensures that you're testing the behavior the user would see in the 
browser. Learn more at https://react.dev/link/wrap-tests-with-act
An update to LazyImage inside a test was not wrapped in act(...).

When testing, code that causes React state updates should be wrapped into 
act(...):

act(() => {
  /* fire events that update state */
});
/* assert on the output */

This ensures that you're testing the behavior the user would see in the 
browser. Learn more at https://react.dev/link/wrap-tests-with-act
An empty string ("") was passed to the src attribute. This may cause the 
browser to download the whole page again over the network. To fix this, 
either do not render the element at all or pass null to src instead of an 
empty string.
An update to LazyImage inside a test was not wrapped in act(...).

When testing, code that causes React state updates should be wrapped into 
act(...):

act(() => {
  /* fire events that update state */
});
/* assert on the output */

This ensures that you're testing the behavior the user would see in the 
browser. Learn more at https://react.dev/link/wrap-tests-with-act
An update to LazyImage inside a test was not wrapped in act(...).

When testing, code that causes React state updates should be wrapped into 
act(...):

act(() => {
  /* fire events that update state */
});
/* assert on the output */

This ensures that you're testing the behavior the user would see in the 
browser. Learn more at https://react.dev/link/wrap-tests-with-act
An empty string ("") was passed to the src attribute. This may cause the 
browser to download the whole page again over the network. To fix this, 
either do not render the element at all or pass null to src instead of an 
empty string.
An update to LazyImage inside a test was not wrapped in act(...).

When testing, code that causes React state updates should be wrapped into 
act(...):

act(() => {
  /* fire events that update state */
});
/* assert on the output */

This ensures that you're testing the behavior the user would see in the 
browser. Learn more at https://react.dev/link/wrap-tests-with-act
An update to LazyImage inside a test was not wrapped in act(...).

When testing, code that causes React state updates should be wrapped into 
act(...):

act(() => {
  /* fire events that update state */
});
/* assert on the output */

This ensures that you're testing the behavior the user would see in the 
browser. Learn more at https://react.dev/link/wrap-tests-with-act
An empty string ("") was passed to the src attribute. This may cause the 
browser to download the whole page again over the network. To fix this, 
either do not render the element at all or pass null to src instead of an 
empty string.
An update to LazyImage inside a test was not wrapped in act(...).

When testing, code that causes React state updates should be wrapped into 
act(...):

act(() => {
  /* fire events that update state */
});
/* assert on the output */

This ensures that you're testing the behavior the user would see in the 
browser. Learn more at https://react.dev/link/wrap-tests-with-act
An update to LazyImage inside a test was not wrapped in act(...).

When testing, code that causes React state updates should be wrapped into 
act(...):

act(() => {
  /* fire events that update state */
});
/* assert on the output */

This ensures that you're testing the behavior the user would see in the 
browser. Learn more at https://react.dev/link/wrap-tests-with-act
An empty string ("") was passed to the src attribute. This may cause the 
browser to download the whole page again over the network. To fix this, 
either do not render the element at all or pass null to src instead of an 
empty string.
An update to LazyImage inside a test was not wrapped in act(...).

When testing, code that causes React state updates should be wrapped into 
act(...):

act(() => {
  /* fire events that update state */
});
/* assert on the output */

This ensures that you're testing the behavior the user would see in the 
browser. Learn more at https://react.dev/link/wrap-tests-with-act
An update to LazyImage inside a test was not wrapped in act(...).

When testing, code that causes React state updates should be wrapped into 
act(...):

act(() => {
  /* fire events that update state */
});
/* assert on the output */

This ensures that you're testing the behavior the user would see in the 
browser. Learn more at https://react.dev/link/wrap-tests-with-act
An empty string ("") was passed to the src attribute. This may cause the 
browser to download the whole page again over the network. To fix this, 
either do not render the element at all or pass null to src instead of an 
empty string.
An update to LazyImage inside a test was not wrapped in act(...).

When testing, code that causes React state updates should be wrapped into 
act(...):

act(() => {
  /* fire events that update state */
});
/* assert on the output */

This ensures that you're testing the behavior the user would see in the 
browser. Learn more at https://react.dev/link/wrap-tests-with-act
An update to LazyImage inside a test was not wrapped in act(...).

When testing, code that causes React state updates should be wrapped into 
act(...):

act(() => {
  /* fire events that update state */
});
/* assert on the output */

This ensures that you're testing the behavior the user would see in the 
browser. Learn more at https://react.dev/link/wrap-tests-with-act
An empty string ("") was passed to the src attribute. This may cause the 
browser to download the whole page again over the network. To fix this, 
either do not render the element at all or pass null to src instead of an 
empty string.
An update to LazyImage inside a test was not wrapped in act(...).

When testing, code that causes React state updates should be wrapped into 
act(...):

act(() => {
  /* fire events that update state */
});
/* assert on the output */

This ensures that you're testing the behavior the user would see in the 
browser. Learn more at https://react.dev/link/wrap-tests-with-act
An update to LazyImage inside a test was not wrapped in act(...).

When testing, code that causes React state updates should be wrapped into 
act(...):

act(() => {
  /* fire events that update state */
});
/* assert on the output */

This ensures that you're testing the behavior the user would see in the 
browser. Learn more at https://react.dev/link/wrap-tests-with-act
An empty string ("") was passed to the src attribute. This may cause the 
browser to download the whole page again over the network. To fix this, 
either do not render the element at all or pass null to src instead of an 
empty string.
An update to LazyImage inside a test was not wrapped in act(...).

When testing, code that causes React state updates should be wrapped into 
act(...):

act(() => {
  /* fire events that update state */
});
/* assert on the output */

This ensures that you're testing the behavior the user would see in the 
browser. Learn more at https://react.dev/link/wrap-tests-with-act
An update to LazyImage inside a test was not wrapped in act(...).

When testing, code that causes React state updates should be wrapped into 
act(...):

act(() => {
  /* fire events that update state */
});
/* assert on the output */

This ensures that you're testing the behavior the user would see in the 
browser. Learn more at https://react.dev/link/wrap-tests-with-act
An empty string ("") was passed to the src attribute. This may cause the 
browser to download the whole page again over the network. To fix this, 
either do not render the element at all or pass null to src instead of an 
empty string.
An update to LazyImage inside a test was not wrapped in act(...).

When testing, code that causes React state updates should be wrapped into 
act(...):

act(() => {
  /* fire events that update state */
});
/* assert on the output */

This ensures that you're testing the behavior the user would see in the 
browser. Learn more at https://react.dev/link/wrap-tests-with-act
An update to LazyImage inside a test was not wrapped in act(...).

When testing, code that causes React state updates should be wrapped into 
act(...):

act(() => {
  /* fire events that update state */
});
/* assert on the output */

This ensures that you're testing the behavior the user would see in the 
browser. Learn more at https://react.dev/link/wrap-tests-with-act
An empty string ("") was passed to the src attribute. This may cause the 
browser to download the whole page again over the network. To fix this, 
either do not render the element at all or pass null to src instead of an 
empty string.
An update to LazyImage inside a test was not wrapped in act(...).

When testing, code that causes React state updates should be wrapped into 
act(...):

act(() => {
  /* fire events that update state */
});
/* assert on the output */

This ensures that you're testing the behavior the user would see in the 
browser. Learn more at https://react.dev/link/wrap-tests-with-act
An update to LazyImage inside a test was not wrapped in act(...).

When testing, code that causes React state updates should be wrapped into 
act(...):

act(() => {
  /* fire events that update state */
});
/* assert on the output */

This ensures that you're testing the behavior the user would see in the 
browser. Learn more at https://react.dev/link/wrap-tests-with-act
An empty string ("") was passed to the src attribute. This may cause the 
browser to download the whole page again over the network. To fix this, 
either do not render the element at all or pass null to src instead of an 
empty string.
An update to LazyImage inside a test was not wrapped in act(...).

When testing, code that causes React state updates should be wrapped into 
act(...):

act(() => {
  /* fire events that update state */
});
/* assert on the output */

This ensures that you're testing the behavior the user would see in the 
browser. Learn more at https://react.dev/link/wrap-tests-with-act
An update to LazyImage inside a test was not wrapped in act(...).

When testing, code that causes React state updates should be wrapped into 
act(...):

act(() => {
  /* fire events that update state */
});
/* assert on the output */

This ensures that you're testing the behavior the user would see in the 
browser. Learn more at https://react.dev/link/wrap-tests-with-act
An empty string ("") was passed to the src attribute. This may cause the 
browser to download the whole page again over the network. To fix this, 
either do not render the element at all or pass null to src instead of an 
empty string.
An update to LazyImage inside a test was not wrapped in act(...).

When testing, code that causes React state updates should be wrapped into 
act(...):

act(() => {
  /* fire events that update state */
});
/* assert on the output */

This ensures that you're testing the behavior the user would see in the 
browser. Learn more at https://react.dev/link/wrap-tests-with-act
An update to LazyImage inside a test was not wrapped in act(...).

When testing, code that causes React state updates should be wrapped into 
act(...):

act(() => {
  /* fire events that update state */
});
/* assert on the output */

This ensures that you're testing the behavior the user would see in the 
browser. Learn more at https://react.dev/link/wrap-tests-with-act
An empty string ("") was passed to the src attribute. This may cause the 
browser to download the whole page again over the network. To fix this, 
either do not render the element at all or pass null to src instead of an 
empty string.
An update to LazyImage inside a test was not wrapped in act(...).

When testing, code that causes React state updates should be wrapped into 
act(...):

act(() => {
  /* fire events that update state */
});
/* assert on the output */

This ensures that you're testing the behavior the user would see in the 
browser. Learn more at https://react.dev/link/wrap-tests-with-act
An update to LazyImage inside a test was not wrapped in act(...).

When testing, code that causes React state updates should be wrapped into 
act(...):

act(() => {
  /* fire events that update state */
});
/* assert on the output */

This ensures that you're testing the behavior the user would see in the 
browser. Learn more at https://react.dev/link/wrap-tests-with-act
An empty string ("") was passed to the src attribute. This may cause the 
browser to download the whole page again over the network. To fix this, 
either do not render the element at all or pass null to src instead of an 
empty string.
An update to LazyImage inside a test was not wrapped in act(...).

When testing, code that causes React state updates should be wrapped into 
act(...):

act(() => {
  /* fire events that update state */
});
/* assert on the output */

This ensures that you're testing the behavior the user would see in the 
browser. Learn more at https://react.dev/link/wrap-tests-with-act
An update to LazyImage inside a test was not wrapped in act(...).

When testing, code that causes React state updates should be wrapped into 
act(...):

act(() => {
  /* fire events that update state */
});
/* assert on the output */

This ensures that you're testing the behavior the user would see in the 
browser. Learn more at https://react.dev/link/wrap-tests-with-act
An empty string ("") was passed to the src attribute. This may cause the 
browser to download the whole page again over the network. To fix this, 
either do not render the element at all or pass null to src instead of an 
empty string.
An update to LazyImage inside a test was not wrapped in act(...).

When testing, code that causes React state updates should be wrapped into 
act(...):

act(() => {
  /* fire events that update state */
});
/* assert on the output */

This ensures that you're testing the behavior the user would see in the 
browser. Learn more at https://react.dev/link/wrap-tests-with-act
An update to LazyImage inside a test was not wrapped in act(...).

When testing, code that causes React state updates should be wrapped into 
act(...):

act(() => {
  /* fire events that update state */
});
/* assert on the output */

This ensures that you're testing the behavior the user would see in the 
browser. Learn more at https://react.dev/link/wrap-tests-with-act
An empty string ("") was passed to the src attribute. This may cause the 
browser to download the whole page again over the network. To fix this, 
either do not render the element at all or pass null to src instead of an 
empty string.
An update to LazyImage inside a test was not wrapped in act(...).

When testing, code that causes React state updates should be wrapped into 
act(...):

act(() => {
  /* fire events that update state */
});
/* assert on the output */

This ensures that you're testing the behavior the user would see in the 
browser. Learn more at https://react.dev/link/wrap-tests-with-act
An update to LazyImage inside a test was not wrapped in act(...).

When testing, code that causes React state updates should be wrapped into 
act(...):

act(() => {
  /* fire events that update state */
});
/* assert on the output */

This ensures that you're testing the behavior the user would see in the 
browser. Learn more at https://react.dev/link/wrap-tests-with-act
An empty string ("") was passed to the src attribute. This may cause the 
browser to download the whole page again over the network. To fix this, 
either do not render the element at all or pass null to src instead of an 
empty string.
An update to LazyImage inside a test was not wrapped in act(...).

When testing, code that causes React state updates should be wrapped into 
act(...):

act(() => {
  /* fire events that update state */
});
/* assert on the output */

This ensures that you're testing the behavior the user would see in the 
browser. Learn more at https://react.dev/link/wrap-tests-with-act
An update to LazyImage inside a test was not wrapped in act(...).

When testing, code that causes React state updates should be wrapped into 
act(...):

act(() => {
  /* fire events that update state */
});
/* assert on the output */

This ensures that you're testing the behavior the user would see in the 
browser. Learn more at https://react.dev/link/wrap-tests-with-act
An empty string ("") was passed to the src attribute. This may cause the 
browser to download the whole page again over the network. To fix this, 
either do not render the element at all or pass null to src instead of an 
empty string.
An update to LazyImage inside a test was not wrapped in act(...).

When testing, code that causes React state updates should be wrapped into 
act(...):

act(() => {
  /* fire events that update state */
});
/* assert on the output */

This ensures that you're testing the behavior the user would see in the 
browser. Learn more at https://react.dev/link/wrap-tests-with-act
An update to LazyImage inside a test was not wrapped in act(...).

When testing, code that causes React state updates should be wrapped into 
act(...):

act(() => {
  /* fire events that update state */
});
/* assert on the output */

This ensures that you're testing the behavior the user would see in the 
browser. Learn more at https://react.dev/link/wrap-tests-with-act
An empty string ("") was passed to the src attribute. This may cause the 
browser to download the whole page again over the network. To fix this, 
either do not render the element at all or pass null to src instead of an 
empty string.
An update to LazyImage inside a test was not wrapped in act(...).

When testing, code that causes React state updates should be wrapped into 
act(...):

act(() => {
  /* fire events that update state */
});
/* assert on the output */

This ensures that you're testing the behavior the user would see in the 
browser. Learn more at https://react.dev/link/wrap-tests-with-act
An update to LazyImage inside a test was not wrapped in act(...).

When testing, code that causes React state updates should be wrapped into 
act(...):

act(() => {
  /* fire events that update state */
});
/* assert on the output */

This ensures that you're testing the behavior the user would see in the 
browser. Learn more at https://react.dev/link/wrap-tests-with-act
An empty string ("") was passed to the src attribute. This may cause the 
browser to download the whole page again over the network. To fix this, 
either do not render the element at all or pass null to src instead of an 
empty string.
An update to LazyImage inside a test was not wrapped in act(...).

When testing, code that causes React state updates should be wrapped into 
act(...):

act(() => {
  /* fire events that update state */
});
/* assert on the output */

This ensures that you're testing the behavior the user would see in the 
browser. Learn more at https://react.dev/link/wrap-tests-with-act
An update to LazyImage inside a test was not wrapped in act(...).

When testing, code that causes React state updates should be wrapped into 
act(...):

act(() => {
  /* fire events that update state */
});
/* assert on the output */

This ensures that you're testing the behavior the user would see in the 
browser. Learn more at https://react.dev/link/wrap-tests-with-act
An empty string ("") was passed to the src attribute. This may cause the 
browser to download the whole page again over the network. To fix this, 
either do not render the element at all or pass null to src instead of an 
empty string.
An update to LazyImage inside a test was not wrapped in act(...).

When testing, code that causes React state updates should be wrapped into 
act(...):

act(() => {
  /* fire events that update state */
});
/* assert on the output */

This ensures that you're testing the behavior the user would see in the 
browser. Learn more at https://react.dev/link/wrap-tests-with-act
An update to LazyImage inside a test was not wrapped in act(...).

When testing, code that causes React state updates should be wrapped into 
act(...):

act(() => {
  /* fire events that update state */
});
/* assert on the output */

This ensures that you're testing the behavior the user would see in the 
browser. Learn more at https://react.dev/link/wrap-tests-with-act
An empty string ("") was passed to the src attribute. This may cause the 
browser to download the whole page again over the network. To fix this, 
either do not render the element at all or pass null to src instead of an 
empty string.
An update to LazyImage inside a test was not wrapped in act(...).

When testing, code that causes React state updates should be wrapped into 
act(...):

act(() => {
  /* fire events that update state */
});
/* assert on the output */

This ensures that you're testing the behavior the user would see in the 
browser. Learn more at https://react.dev/link/wrap-tests-with-act
An update to LazyImage inside a test was not wrapped in act(...).

When testing, code that causes React state updates should be wrapped into 
act(...):

act(() => {
  /* fire events that update state */
});
/* assert on the output */

This ensures that you're testing the behavior the user would see in the 
browser. Learn more at https://react.dev/link/wrap-tests-with-act
An empty string ("") was passed to the src attribute. This may cause the 
browser to download the whole page again over the network. To fix this, 
either do not render the element at all or pass null to src instead of an 
empty string.
An update to LazyImage inside a test was not wrapped in act(...).

When testing, code that causes React state updates should be wrapped into 
act(...):

act(() => {
  /* fire events that update state */
});
/* assert on the output */

This ensures that you're testing the behavior the user would see in the 
browser. Learn more at https://react.dev/link/wrap-tests-with-act
An update to LazyImage inside a test was not wrapped in act(...).

When testing, code that causes React state updates should be wrapped into 
act(...):

act(() => {
  /* fire events that update state */
});
/* assert on the output */

This ensures that you're testing the behavior the user would see in the 
browser. Learn more at https://react.dev/link/wrap-tests-with-act
An empty string ("") was passed to the src attribute. This may cause the 
browser to download the whole page again over the network. To fix this, 
either do not render the element at all or pass null to src instead of an 
empty string.
An update to LazyImage inside a test was not wrapped in act(...).

When testing, code that causes React state updates should be wrapped into 
act(...):

act(() => {
  /* fire events that update state */
});
/* assert on the output */

This ensures that you're testing the behavior the user would see in the 
browser. Learn more at https://react.dev/link/wrap-tests-with-act
An update to LazyImage inside a test was not wrapped in act(...).

When testing, code that causes React state updates should be wrapped into 
act(...):

act(() => {
  /* fire events that update state */
});
/* assert on the output */

This ensures that you're testing the behavior the user would see in the 
browser. Learn more at https://react.dev/link/wrap-tests-with-act
An empty string ("") was passed to the src attribute. This may cause the 
browser to download the whole page again over the network. To fix this, 
either do not render the element at all or pass null to src instead of an 
empty string.
An update to LazyImage inside a test was not wrapped in act(...).

When testing, code that causes React state updates should be wrapped into 
act(...):

act(() => {
  /* fire events that update state */
});
/* assert on the output */

This ensures that you're testing the behavior the user would see in the 
browser. Learn more at https://react.dev/link/wrap-tests-with-act
An update to LazyImage inside a test was not wrapped in act(...).

When testing, code that causes React state updates should be wrapped into 
act(...):

act(() => {
  /* fire events that update state */
});
/* assert on the output */

This ensures that you're testing the behavior the user would see in the 
browser. Learn more at https://react.dev/link/wrap-tests-with-act
An empty string ("") was passed to the src attribute. This may cause the 
browser to download the whole page again over the network. To fix this, 
either do not render the element at all or pass null to src instead of an 
empty string.
An update to LazyImage inside a test was not wrapped in act(...).

When testing, code that causes React state updates should be wrapped into 
act(...):

act(() => {
  /* fire events that update state */
});
/* assert on the output */

This ensures that you're testing the behavior the user would see in the 
browser. Learn more at https://react.dev/link/wrap-tests-with-act
An update to LazyImage inside a test was not wrapped in act(...).

When testing, code that causes React state updates should be wrapped into 
act(...):

act(() => {
  /* fire events that update state */
});
/* assert on the output */

This ensures that you're testing the behavior the user would see in the 
browser. Learn more at https://react.dev/link/wrap-tests-with-act
An empty string ("") was passed to the src attribute. This may cause the 
browser to download the whole page again over the network. To fix this, 
either do not render the element at all or pass null to src instead of an 
empty string.
An update to LazyImage inside a test was not wrapped in act(...).

When testing, code that causes React state updates should be wrapped into 
act(...):

act(() => {
  /* fire events that update state */
});
/* assert on the output */

This ensures that you're testing the behavior the user would see in the 
browser. Learn more at https://react.dev/link/wrap-tests-with-act
An update to LazyImage inside a test was not wrapped in act(...).

When testing, code that causes React state updates should be wrapped into 
act(...):

act(() => {
  /* fire events that update state */
});
/* assert on the output */

This ensures that you're testing the behavior the user would see in the 
browser. Learn more at https://react.dev/link/wrap-tests-with-act
An empty string ("") was passed to the src attribute. This may cause the 
browser to download the whole page again over the network. To fix this, 
either do not render the element at all or pass null to src instead of an 
empty string.
An update to LazyImage inside a test was not wrapped in act(...).

When testing, code that causes React state updates should be wrapped into 
act(...):

act(() => {
  /* fire events that update state */
});
/* assert on the output */

This ensures that you're testing the behavior the user would see in the 
browser. Learn more at https://react.dev/link/wrap-tests-with-act
An update to LazyImage inside a test was not wrapped in act(...).

When testing, code that causes React state updates should be wrapped into 
act(...):

act(() => {
  /* fire events that update state */
});
/* assert on the output */

This ensures that you're testing the behavior the user would see in the 
browser. Learn more at https://react.dev/link/wrap-tests-with-act
An empty string ("") was passed to the src attribute. This may cause the 
browser to download the whole page again over the network. To fix this, 
either do not render the element at all or pass null to src instead of an 
empty string.
An update to LazyImage inside a test was not wrapped in act(...).

When testing, code that causes React state updates should be wrapped into 
act(...):

act(() => {
  /* fire events that update state */
});
/* assert on the output */

This ensures that you're testing the behavior the user would see in the 
browser. Learn more at https://react.dev/link/wrap-tests-with-act
An update to LazyImage inside a test was not wrapped in act(...).

When testing, code that causes React state updates should be wrapped into 
act(...):

act(() => {
  /* fire events that update state */
});
/* assert on the output */

This ensures that you're testing the behavior the user would see in the 
browser. Learn more at https://react.dev/link/wrap-tests-with-act
An empty string ("") was passed to the src attribute. This may cause the 
browser to download the whole page again over the network. To fix this, 
either do not render the element at all or pass null to src instead of an 
empty string.
An update to LazyImage inside a test was not wrapped in act(...).

When testing, code that causes React state updates should be wrapped into 
act(...):

act(() => {
  /* fire events that update state */
});
/* assert on the output */

This ensures that you're testing the behavior the user would see in the 
browser. Learn more at https://react.dev/link/wrap-tests-with-act
An update to LazyImage inside a test was not wrapped in act(...).

When testing, code that causes React state updates should be wrapped into 
act(...):

act(() => {
  /* fire events that update state */
});
/* assert on the output */

This ensures that you're testing the behavior the user would see in the 
browser. Learn more at https://react.dev/link/wrap-tests-with-act
An empty string ("") was passed to the src attribute. This may cause the 
browser to download the whole page again over the network. To fix this, 
either do not render the element at all or pass null to src instead of an 
empty string.
An update to LazyImage inside a test was not wrapped in act(...).

When testing, code that causes React state updates should be wrapped into 
act(...):

act(() => {
  /* fire events that update state */
});
/* assert on the output */

This ensures that you're testing the behavior the user would see in the 
browser. Learn more at https://react.dev/link/wrap-tests-with-act
An update to LazyImage inside a test was not wrapped in act(...).

When testing, code that causes React state updates should be wrapped into 
act(...):

act(() => {
  /* fire events that update state */
});
/* assert on the output */

This ensures that you're testing the behavior the user would see in the 
browser. Learn more at https://react.dev/link/wrap-tests-with-act
An empty string ("") was passed to the src attribute. This may cause the 
browser to download the whole page again over the network. To fix this, 
either do not render the element at all or pass null to src instead of an 
empty string.
An update to LazyImage inside a test was not wrapped in act(...).

When testing, code that causes React state updates should be wrapped into 
act(...):

act(() => {
  /* fire events that update state */
});
/* assert on the output */

This ensures that you're testing the behavior the user would see in the 
browser. Learn more at https://react.dev/link/wrap-tests-with-act
An update to LazyImage inside a test was not wrapped in act(...).

When testing, code that causes React state updates should be wrapped into 
act(...):

act(() => {
  /* fire events that update state */
});
/* assert on the output */

This ensures that you're testing the behavior the user would see in the 
browser. Learn more at https://react.dev/link/wrap-tests-with-act
An empty string ("") was passed to the src attribute. This may cause the 
browser to download the whole page again over the network. To fix this, 
either do not render the element at all or pass null to src instead of an 
empty string.
An update to LazyImage inside a test was not wrapped in act(...).

When testing, code that causes React state updates should be wrapped into 
act(...):

act(() => {
  /* fire events that update state */
});
/* assert on the output */

This ensures that you're testing the behavior the user would see in the 
browser. Learn more at https://react.dev/link/wrap-tests-with-act
An update to LazyImage inside a test was not wrapped in act(...).

When testing, code that causes React state updates should be wrapped into 
act(...):

act(() => {
  /* fire events that update state */
});
/* assert on the output */

This ensures that you're testing the behavior the user would see in the 
browser. Learn more at https://react.dev/link/wrap-tests-with-act
An empty string ("") was passed to the src attribute. This may cause the 
browser to download the whole page again over the network. To fix this, 
either do not render the element at all or pass null to src instead of an 
empty string.
An update to LazyImage inside a test was not wrapped in act(...).

When testing, code that causes React state updates should be wrapped into 
act(...):

act(() => {
  /* fire events that update state */
});
/* assert on the output */

This ensures that you're testing the behavior the user would see in the 
browser. Learn more at https://react.dev/link/wrap-tests-with-act
An update to LazyImage inside a test was not wrapped in act(...).

When testing, code that causes React state updates should be wrapped into 
act(...):

act(() => {
  /* fire events that update state */
});
/* assert on the output */

This ensures that you're testing the behavior the user would see in the 
browser. Learn more at https://react.dev/link/wrap-tests-with-act
An empty string ("") was passed to the src attribute. This may cause the 
browser to download the whole page again over the network. To fix this, 
either do not render the element at all or pass null to src instead of an 
empty string.
An update to LazyImage inside a test was not wrapped in act(...).

When testing, code that causes React state updates should be wrapped into 
act(...):

act(() => {
  /* fire events that update state */
});
/* assert on the output */

This ensures that you're testing the behavior the user would see in the 
browser. Learn more at https://react.dev/link/wrap-tests-with-act
An update to LazyImage inside a test was not wrapped in act(...).

When testing, code that causes React state updates should be wrapped into 
act(...):

act(() => {
  /* fire events that update state */
});
/* assert on the output */

This ensures that you're testing the behavior the user would see in the 
browser. Learn more at https://react.dev/link/wrap-tests-with-act
An empty string ("") was passed to the src attribute. This may cause the 
browser to download the whole page again over the network. To fix this, 
either do not render the element at all or pass null to src instead of an 
empty string.
An update to LazyImage inside a test was not wrapped in act(...).

When testing, code that causes React state updates should be wrapped into 
act(...):

act(() => {
  /* fire events that update state */
});
/* assert on the output */

This ensures that you're testing the behavior the user would see in the 
browser. Learn more at https://react.dev/link/wrap-tests-with-act
An update to LazyImage inside a test was not wrapped in act(...).

When testing, code that causes React state updates should be wrapped into 
act(...):

act(() => {
  /* fire events that update state */
});
/* assert on the output */

This ensures that you're testing the behavior the user would see in the 
browser. Learn more at https://react.dev/link/wrap-tests-with-act
An empty string ("") was passed to the src attribute. This may cause the 
browser to download the whole page again over the network. To fix this, 
either do not render the element at all or pass null to src instead of an 
empty string.
An update to LazyImage inside a test was not wrapped in act(...).

When testing, code that causes React state updates should be wrapped into 
act(...):

act(() => {
  /* fire events that update state */
});
/* assert on the output */

This ensures that you're testing the behavior the user would see in the 
browser. Learn more at https://react.dev/link/wrap-tests-with-act
An update to LazyImage inside a test was not wrapped in act(...).

When testing, code that causes React state updates should be wrapped into 
act(...):

act(() => {
  /* fire events that update state */
});
/* assert on the output */

This ensures that you're testing the behavior the user would see in the 
browser. Learn more at https://react.dev/link/wrap-tests-with-act
An empty string ("") was passed to the src attribute. This may cause the 
browser to download the whole page again over the network. To fix this, 
either do not render the element at all or pass null to src instead of an 
empty string.
An update to LazyImage inside a test was not wrapped in act(...).

When testing, code that causes React state updates should be wrapped into 
act(...):

act(() => {
  /* fire events that update state */
});
/* assert on the output */

This ensures that you're testing the behavior the user would see in the 
browser. Learn more at https://react.dev/link/wrap-tests-with-act
An update to LazyImage inside a test was not wrapped in act(...).

When testing, code that causes React state updates should be wrapped into 
act(...):

act(() => {
  /* fire events that update state */
});
/* assert on the output */

This ensures that you're testing the behavior the user would see in the 
browser. Learn more at https://react.dev/link/wrap-tests-with-act
An empty string ("") was passed to the src attribute. This may cause the 
browser to download the whole page again over the network. To fix this, 
either do not render the element at all or pass null to src instead of an 
empty string.
An update to LazyImage inside a test was not wrapped in act(...).

When testing, code that causes React state updates should be wrapped into 
act(...):

act(() => {
  /* fire events that update state */
});
/* assert on the output */

This ensures that you're testing the behavior the user would see in the 
browser. Learn more at https://react.dev/link/wrap-tests-with-act
An update to LazyImage inside a test was not wrapped in act(...).

When testing, code that causes React state updates should be wrapped into 
act(...):

act(() => {
  /* fire events that update state */
});
/* assert on the output */

This ensures that you're testing the behavior the user would see in the 
browser. Learn more at https://react.dev/link/wrap-tests-with-act
An empty string ("") was passed to the src attribute. This may cause the 
browser to download the whole page again over the network. To fix this, 
either do not render the element at all or pass null to src instead of an 
empty string.
An update to LazyImage inside a test was not wrapped in act(...).

When testing, code that causes React state updates should be wrapped into 
act(...):

act(() => {
  /* fire events that update state */
});
/* assert on the output */

This ensures that you're testing the behavior the user would see in the 
browser. Learn more at https://react.dev/link/wrap-tests-with-act
An update to LazyImage inside a test was not wrapped in act(...).

When testing, code that causes React state updates should be wrapped into 
act(...):

act(() => {
  /* fire events that update state */
});
/* assert on the output */

This ensures that you're testing the behavior the user would see in the 
browser. Learn more at https://react.dev/link/wrap-tests-with-act
An empty string ("") was passed to the src attribute. This may cause the 
browser to download the whole page again over the network. To fix this, 
either do not render the element at all or pass null to src instead of an 
empty string.
An update to LazyImage inside a test was not wrapped in act(...).

When testing, code that causes React state updates should be wrapped into 
act(...):

act(() => {
  /* fire events that update state */
});
/* assert on the output */

This ensures that you're testing the behavior the user would see in the 
browser. Learn more at https://react.dev/link/wrap-tests-with-act
An update to LazyImage inside a test was not wrapped in act(...).

When testing, code that causes React state updates should be wrapped into 
act(...):

act(() => {
  /* fire events that update state */
});
/* assert on the output */

This ensures that you're testing the behavior the user would see in the 
browser. Learn more at https://react.dev/link/wrap-tests-with-act
An empty string ("") was passed to the src attribute. This may cause the 
browser to download the whole page again over the network. To fix this, 
either do not render the element at all or pass null to src instead of an 
empty string.
An update to LazyImage inside a test was not wrapped in act(...).

When testing, code that causes React state updates should be wrapped into 
act(...):

act(() => {
  /* fire events that update state */
});
/* assert on the output */

This ensures that you're testing the behavior the user would see in the 
browser. Learn more at https://react.dev/link/wrap-tests-with-act
An update to LazyImage inside a test was not wrapped in act(...).

When testing, code that causes React state updates should be wrapped into 
act(...):

act(() => {
  /* fire events that update state */
});
/* assert on the output */

This ensures that you're testing the behavior the user would see in the 
browser. Learn more at https://react.dev/link/wrap-tests-with-act
An empty string ("") was passed to the src attribute. This may cause the 
browser to download the whole page again over the network. To fix this, 
either do not render the element at all or pass null to src instead of an 
empty string.
An update to LazyImage inside a test was not wrapped in act(...).

When testing, code that causes React state updates should be wrapped into 
act(...):

act(() => {
  /* fire events that update state */
});
/* assert on the output */

This ensures that you're testing the behavior the user would see in the 
browser. Learn more at https://react.dev/link/wrap-tests-with-act
An update to LazyImage inside a test was not wrapped in act(...).

When testing, code that causes React state updates should be wrapped into 
act(...):

act(() => {
  /* fire events that update state */
});
/* assert on the output */

This ensures that you're testing the behavior the user would see in the 
browser. Learn more at https://react.dev/link/wrap-tests-with-act
An empty string ("") was passed to the src attribute. This may cause the 
browser to download the whole page again over the network. To fix this, 
either do not render the element at all or pass null to src instead of an 
empty string.
An update to LazyImage inside a test was not wrapped in act(...).

When testing, code that causes React state updates should be wrapped into 
act(...):

act(() => {
  /* fire events that update state */
});
/* assert on the output */

This ensures that you're testing the behavior the user would see in the 
browser. Learn more at https://react.dev/link/wrap-tests-with-act
An update to LazyImage inside a test was not wrapped in act(...).

When testing, code that causes React state updates should be wrapped into 
act(...):

act(() => {
  /* fire events that update state */
});
/* assert on the output */

This ensures that you're testing the behavior the user would see in the 
browser. Learn more at https://react.dev/link/wrap-tests-with-act
An empty string ("") was passed to the src attribute. This may cause the 
browser to download the whole page again over the network. To fix this, 
either do not render the element at all or pass null to src instead of an 
empty string.
An update to LazyImage inside a test was not wrapped in act(...).

When testing, code that causes React state updates should be wrapped into 
act(...):

act(() => {
  /* fire events that update state */
});
/* assert on the output */

This ensures that you're testing the behavior the user would see in the 
browser. Learn more at https://react.dev/link/wrap-tests-with-act
An update to LazyImage inside a test was not wrapped in act(...).

When testing, code that causes React state updates should be wrapped into 
act(...):

act(() => {
  /* fire events that update state */
});
/* assert on the output */

This ensures that you're testing the behavior the user would see in the 
browser. Learn more at https://react.dev/link/wrap-tests-with-act

[90mstderr[2m | 
__tests__/properties/lazy-loading-below-fold.property.test.tsx[2m > 
[22m[2mProperty: Lazy Loading Below Fold[2m > [22m[2mshould only 
observe images once
[22m[39mAn empty string ("") was passed to the src attribute. This may 
cause the browser to download the whole page again over the network. To 
fix this, either do not render the element at all or pass null to src 
instead of an empty string.
An empty string ("") was passed to the src attribute. This may cause the 
browser to download the whole page again over the network. To fix this, 
either do not render the element at all or pass null to src instead of an 
empty string.
An empty string ("") was passed to the src attribute. This may cause the 
browser to download the whole page again over the network. To fix this, 
either do not render the element at all or pass null to src instead of an 
empty string.
An empty string ("") was passed to the src attribute. This may cause the 
browser to download the whole page again over the network. To fix this, 
either do not render the element at all or pass null to src instead of an 
empty string.
An empty string ("") was passed to the src attribute. This may cause the 
browser to download the whole page again over the network. To fix this, 
either do not render the element at all or pass null to src instead of an 
empty string.
An empty string ("") was passed to the src attribute. This may cause the 
browser to download the whole page again over the network. To fix this, 
either do not render the element at all or pass null to src instead of an 
empty string.
An empty string ("") was passed to the src attribute. This may cause the 
browser to download the whole page again over the network. To fix this, 
either do not render the element at all or pass null to src instead of an 
empty string.
An empty string ("") was passed to the src attribute. This may cause the 
browser to download the whole page again over the network. To fix this, 
either do not render the element at all or pass null to src instead of an 
empty string.
An empty string ("") was passed to the src attribute. This may cause the 
browser to download the whole page again over the network. To fix this, 
either do not render the element at all or pass null to src instead of an 
empty string.
An empty string ("") was passed to the src attribute. This may cause the 
browser to download the whole page again over the network. To fix this, 
either do not render the element at all or pass null to src instead of an 
empty string.
An empty string ("") was passed to the src attribute. This may cause the 
browser to download the whole page again over the network. To fix this, 
either do not render the element at all or pass null to src instead of an 
empty string.
An empty string ("") was passed to the src attribute. This may cause the 
browser to download the whole page again over the network. To fix this, 
either do not render the element at all or pass null to src instead of an 
empty string.
An empty string ("") was passed to the src attribute. This may cause the 
browser to download the whole page again over the network. To fix this, 
either do not render the element at all or pass null to src instead of an 
empty string.
An empty string ("") was passed to the src attribute. This may cause the 
browser to download the whole page again over the network. To fix this, 
either do not render the element at all or pass null to src instead of an 
empty string.
An empty string ("") was passed to the src attribute. This may cause the 
browser to download the whole page again over the network. To fix this, 
either do not render the element at all or pass null to src instead of an 
empty string.
An empty string ("") was passed to the src attribute. This may cause the 
browser to download the whole page again over the network. To fix this, 
either do not render the element at all or pass null to src instead of an 
empty string.
An empty string ("") was passed to the src attribute. This may cause the 
browser to download the whole page again over the network. To fix this, 
either do not render the element at all or pass null to src instead of an 
empty string.
An empty string ("") was passed to the src attribute. This may cause the 
browser to download the whole page again over the network. To fix this, 
either do not render the element at all or pass null to src instead of an 
empty string.
An empty string ("") was passed to the src attribute. This may cause the 
browser to download the whole page again over the network. To fix this, 
either do not render the element at all or pass null to src instead of an 
empty string.
An empty string ("") was passed to the src attribute. This may cause the 
browser to download the whole page again over the network. To fix this, 
either do not render the element at all or pass null to src instead of an 
empty string.
An empty string ("") was passed to the src attribute. This may cause the 
browser to download the whole page again over the network. To fix this, 
either do not render the element at all or pass null to src instead of an 
empty string.
An empty string ("") was passed to the src attribute. This may cause the 
browser to download the whole page again over the network. To fix this, 
either do not render the element at all or pass null to src instead of an 
empty string.
An empty string ("") was passed to the src attribute. This may cause the 
browser to download the whole page again over the network. To fix this, 
either do not render the element at all or pass null to src instead of an 
empty string.
An empty string ("") was passed to the src attribute. This may cause the 
browser to download the whole page again over the network. To fix this, 
either do not render the element at all or pass null to src instead of an 
empty string.
An empty string ("") was passed to the src attribute. This may cause the 
browser to download the whole page again over the network. To fix this, 
either do not render the element at all or pass null to src instead of an 
empty string.
An empty string ("") was passed to the src attribute. This may cause the 
browser to download the whole page again over the network. To fix this, 
either do not render the element at all or pass null to src instead of an 
empty string.
An empty string ("") was passed to the src attribute. This may cause the 
browser to download the whole page again over the network. To fix this, 
either do not render the element at all or pass null to src instead of an 
empty string.
An empty string ("") was passed to the src attribute. This may cause the 
browser to download the whole page again over the network. To fix this, 
either do not render the element at all or pass null to src instead of an 
empty string.
An empty string ("") was passed to the src attribute. This may cause the 
browser to download the whole page again over the network. To fix this, 
either do not render the element at all or pass null to src instead of an 
empty string.
An empty string ("") was passed to the src attribute. This may cause the 
browser to download the whole page again over the network. To fix this, 
either do not render the element at all or pass null to src instead of an 
empty string.
An empty string ("") was passed to the src attribute. This may cause the 
browser to download the whole page again over the network. To fix this, 
either do not render the element at all or pass null to src instead of an 
empty string.
An empty string ("") was passed to the src attribute. This may cause the 
browser to download the whole page again over the network. To fix this, 
either do not render the element at all or pass null to src instead of an 
empty string.
An empty string ("") was passed to the src attribute. This may cause the 
browser to download the whole page again over the network. To fix this, 
either do not render the element at all or pass null to src instead of an 
empty string.
An empty string ("") was passed to the src attribute. This may cause the 
browser to download the whole page again over the network. To fix this, 
either do not render the element at all or pass null to src instead of an 
empty string.
An empty string ("") was passed to the src attribute. This may cause the 
browser to download the whole page again over the network. To fix this, 
either do not render the element at all or pass null to src instead of an 
empty string.
An empty string ("") was passed to the src attribute. This may cause the 
browser to download the whole page again over the network. To fix this, 
either do not render the element at all or pass null to src instead of an 
empty string.
An empty string ("") was passed to the src attribute. This may cause the 
browser to download the whole page again over the network. To fix this, 
either do not render the element at all or pass null to src instead of an 
empty string.
An empty string ("") was passed to the src attribute. This may cause the 
browser to download the whole page again over the network. To fix this, 
either do not render the element at all or pass null to src instead of an 
empty string.
An empty string ("") was passed to the src attribute. This may cause the 
browser to download the whole page again over the network. To fix this, 
either do not render the element at all or pass null to src instead of an 
empty string.
An empty string ("") was passed to the src attribute. This may cause the 
browser to download the whole page again over the network. To fix this, 
either do not render the element at all or pass null to src instead of an 
empty string.
An empty string ("") was passed to the src attribute. This may cause the 
browser to download the whole page again over the network. To fix this, 
either do not render the element at all or pass null to src instead of an 
empty string.
An empty string ("") was passed to the src attribute. This may cause the 
browser to download the whole page again over the network. To fix this, 
either do not render the element at all or pass null to src instead of an 
empty string.
An empty string ("") was passed to the src attribute. This may cause the 
browser to download the whole page again over the network. To fix this, 
either do not render the element at all or pass null to src instead of an 
empty string.
An empty string ("") was passed to the src attribute. This may cause the 
browser to download the whole page again over the network. To fix this, 
either do not render the element at all or pass null to src instead of an 
empty string.
An empty string ("") was passed to the src attribute. This may cause the 
browser to download the whole page again over the network. To fix this, 
either do not render the element at all or pass null to src instead of an 
empty string.
An empty string ("") was passed to the src attribute. This may cause the 
browser to download the whole page again over the network. To fix this, 
either do not render the element at all or pass null to src instead of an 
empty string.
An empty string ("") was passed to the src attribute. This may cause the 
browser to download the whole page again over the network. To fix this, 
either do not render the element at all or pass null to src instead of an 
empty string.
An empty string ("") was passed to the src attribute. This may cause the 
browser to download the whole page again over the network. To fix this, 
either do not render the element at all or pass null to src instead of an 
empty string.
An empty string ("") was passed to the src attribute. This may cause the 
browser to download the whole page again over the network. To fix this, 
either do not render the element at all or pass null to src instead of an 
empty string.
An empty string ("") was passed to the src attribute. This may cause the 
browser to download the whole page again over the network. To fix this, 
either do not render the element at all or pass null to src instead of an 
empty string.
An empty string ("") was passed to the src attribute. This may cause the 
browser to download the whole page again over the network. To fix this, 
either do not render the element at all or pass null to src instead of an 
empty string.
An empty string ("") was passed to the src attribute. This may cause the 
browser to download the whole page again over the network. To fix this, 
either do not render the element at all or pass null to src instead of an 
empty string.
An empty string ("") was passed to the src attribute. This may cause the 
browser to download the whole page again over the network. To fix this, 
either do not render the element at all or pass null to src instead of an 
empty string.
An empty string ("") was passed to the src attribute. This may cause the 
browser to download the whole page again over the network. To fix this, 
either do not render the element at all or pass null to src instead of an 
empty string.
An empty string ("") was passed to the src attribute. This may cause the 
browser to download the whole page again over the network. To fix this, 
either do not render the element at all or pass null to src instead of an 
empty string.
An empty string ("") was passed to the src attribute. This may cause the 
browser to download the whole page again over the network. To fix this, 
either do not render the element at all or pass null to src instead of an 
empty string.
An empty string ("") was passed to the src attribute. This may cause the 
browser to download the whole page again over the network. To fix this, 
either do not render the element at all or pass null to src instead of an 
empty string.
An empty string ("") was passed to the src attribute. This may cause the 
browser to download the whole page again over the network. To fix this, 
either do not render the element at all or pass null to src instead of an 
empty string.
An empty string ("") was passed to the src attribute. This may cause the 
browser to download the whole page again over the network. To fix this, 
either do not render the element at all or pass null to src instead of an 
empty string.
An empty string ("") was passed to the src attribute. This may cause the 
browser to download the whole page again over the network. To fix this, 
either do not render the element at all or pass null to src instead of an 
empty string.
An empty string ("") was passed to the src attribute. This may cause the 
browser to download the whole page again over the network. To fix this, 
either do not render the element at all or pass null to src instead of an 
empty string.
An empty string ("") was passed to the src attribute. This may cause the 
browser to download the whole page again over the network. To fix this, 
either do not render the element at all or pass null to src instead of an 
empty string.
An empty string ("") was passed to the src attribute. This may cause the 
browser to download the whole page again over the network. To fix this, 
either do not render the element at all or pass null to src instead of an 
empty string.
An empty string ("") was passed to the src attribute. This may cause the 
browser to download the whole page again over the network. To fix this, 
either do not render the element at all or pass null to src instead of an 
empty string.
An empty string ("") was passed to the src attribute. This may cause the 
browser to download the whole page again over the network. To fix this, 
either do not render the element at all or pass null to src instead of an 
empty string.
An empty string ("") was passed to the src attribute. This may cause the 
browser to download the whole page again over the network. To fix this, 
either do not render the element at all or pass null to src instead of an 
empty string.
An empty string ("") was passed to the src attribute. This may cause the 
browser to download the whole page again over the network. To fix this, 
either do not render the element at all or pass null to src instead of an 
empty string.
An empty string ("") was passed to the src attribute. This may cause the 
browser to download the whole page again over the network. To fix this, 
either do not render the element at all or pass null to src instead of an 
empty string.
An empty string ("") was passed to the src attribute. This may cause the 
browser to download the whole page again over the network. To fix this, 
either do not render the element at all or pass null to src instead of an 
empty string.
An empty string ("") was passed to the src attribute. This may cause the 
browser to download the whole page again over the network. To fix this, 
either do not render the element at all or pass null to src instead of an 
empty string.
An empty string ("") was passed to the src attribute. This may cause the 
browser to download the whole page again over the network. To fix this, 
either do not render the element at all or pass null to src instead of an 
empty string.
An empty string ("") was passed to the src attribute. This may cause the 
browser to download the whole page again over the network. To fix this, 
either do not render the element at all or pass null to src instead of an 
empty string.
An empty string ("") was passed to the src attribute. This may cause the 
browser to download the whole page again over the network. To fix this, 
either do not render the element at all or pass null to src instead of an 
empty string.
An empty string ("") was passed to the src attribute. This may cause the 
browser to download the whole page again over the network. To fix this, 
either do not render the element at all or pass null to src instead of an 
empty string.
An empty string ("") was passed to the src attribute. This may cause the 
browser to download the whole page again over the network. To fix this, 
either do not render the element at all or pass null to src instead of an 
empty string.
An empty string ("") was passed to the src attribute. This may cause the 
browser to download the whole page again over the network. To fix this, 
either do not render the element at all or pass null to src instead of an 
empty string.
An empty string ("") was passed to the src attribute. This may cause the 
browser to download the whole page again over the network. To fix this, 
either do not render the element at all or pass null to src instead of an 
empty string.
An empty string ("") was passed to the src attribute. This may cause the 
browser to download the whole page again over the network. To fix this, 
either do not render the element at all or pass null to src instead of an 
empty string.
An empty string ("") was passed to the src attribute. This may cause the 
browser to download the whole page again over the network. To fix this, 
either do not render the element at all or pass null to src instead of an 
empty string.
An empty string ("") was passed to the src attribute. This may cause the 
browser to download the whole page again over the network. To fix this, 
either do not render the element at all or pass null to src instead of an 
empty string.
An empty string ("") was passed to the src attribute. This may cause the 
browser to download the whole page again over the network. To fix this, 
either do not render the element at all or pass null to src instead of an 
empty string.
An empty string ("") was passed to the src attribute. This may cause the 
browser to download the whole page again over the network. To fix this, 
either do not render the element at all or pass null to src instead of an 
empty string.
An empty string ("") was passed to the src attribute. This may cause the 
browser to download the whole page again over the network. To fix this, 
either do not render the element at all or pass null to src instead of an 
empty string.
An empty string ("") was passed to the src attribute. This may cause the 
browser to download the whole page again over the network. To fix this, 
either do not render the element at all or pass null to src instead of an 
empty string.
An empty string ("") was passed to the src attribute. This may cause the 
browser to download the whole page again over the network. To fix this, 
either do not render the element at all or pass null to src instead of an 
empty string.
An empty string ("") was passed to the src attribute. This may cause the 
browser to download the whole page again over the network. To fix this, 
either do not render the element at all or pass null to src instead of an 
empty string.
An empty string ("") was passed to the src attribute. This may cause the 
browser to download the whole page again over the network. To fix this, 
either do not render the element at all or pass null to src instead of an 
empty string.
An empty string ("") was passed to the src attribute. This may cause the 
browser to download the whole page again over the network. To fix this, 
either do not render the element at all or pass null to src instead of an 
empty string.
An empty string ("") was passed to the src attribute. This may cause the 
browser to download the whole page again over the network. To fix this, 
either do not render the element at all or pass null to src instead of an 
empty string.
An empty string ("") was passed to the src attribute. This may cause the 
browser to download the whole page again over the network. To fix this, 
either do not render the element at all or pass null to src instead of an 
empty string.
An empty string ("") was passed to the src attribute. This may cause the 
browser to download the whole page again over the network. To fix this, 
either do not render the element at all or pass null to src instead of an 
empty string.
An empty string ("") was passed to the src attribute. This may cause the 
browser to download the whole page again over the network. To fix this, 
either do not render the element at all or pass null to src instead of an 
empty string.
An empty string ("") was passed to the src attribute. This may cause the 
browser to download the whole page again over the network. To fix this, 
either do not render the element at all or pass null to src instead of an 
empty string.
An empty string ("") was passed to the src attribute. This may cause the 
browser to download the whole page again over the network. To fix this, 
either do not render the element at all or pass null to src instead of an 
empty string.
An empty string ("") was passed to the src attribute. This may cause the 
browser to download the whole page again over the network. To fix this, 
either do not render the element at all or pass null to src instead of an 
empty string.
An empty string ("") was passed to the src attribute. This may cause the 
browser to download the whole page again over the network. To fix this, 
either do not render the element at all or pass null to src instead of an 
empty string.
An empty string ("") was passed to the src attribute. This may cause the 
browser to download the whole page again over the network. To fix this, 
either do not render the element at all or pass null to src instead of an 
empty string.
An empty string ("") was passed to the src attribute. This may cause the 
browser to download the whole page again over the network. To fix this, 
either do not render the element at all or pass null to src instead of an 
empty string.
An empty string ("") was passed to the src attribute. This may cause the 
browser to download the whole page again over the network. To fix this, 
either do not render the element at all or pass null to src instead of an 
empty string.
An empty string ("") was passed to the src attribute. This may cause the 
browser to download the whole page again over the network. To fix this, 
either do not render the element at all or pass null to src instead of an 
empty string.
An empty string ("") was passed to the src attribute. This may cause the 
browser to download the whole page again over the network. To fix this, 
either do not render the element at all or pass null to src instead of an 
empty string.
An empty string ("") was passed to the src attribute. This may cause the 
browser to download the whole page again over the network. To fix this, 
either do not render the element at all or pass null to src instead of an 
empty string.
An empty string ("") was passed to the src attribute. This may cause the 
browser to download the whole page again over the network. To fix this, 
either do not render the element at all or pass null to src instead of an 
empty string.
An empty string ("") was passed to the src attribute. This may cause the 
browser to download the whole page again over the network. To fix this, 
either do not render the element at all or pass null to src instead of an 
empty string.
An empty string ("") was passed to the src attribute. This may cause the 
browser to download the whole page again over the network. To fix this, 
either do not render the element at all or pass null to src instead of an 
empty string.
An empty string ("") was passed to the src attribute. This may cause the 
browser to download the whole page again over the network. To fix this, 
either do not render the element at all or pass null to src instead of an 
empty string.
An empty string ("") was passed to the src attribute. This may cause the 
browser to download the whole page again over the network. To fix this, 
either do not render the element at all or pass null to src instead of an 
empty string.
An empty string ("") was passed to the src attribute. This may cause the 
browser to download the whole page again over the network. To fix this, 
either do not render the element at all or pass null to src instead of an 
empty string.
An empty string ("") was passed to the src attribute. This may cause the 
browser to download the whole page again over the network. To fix this, 
either do not render the element at all or pass null to src instead of an 
empty string.
An empty string ("") was passed to the src attribute. This may cause the 
browser to download the whole page again over the network. To fix this, 
either do not render the element at all or pass null to src instead of an 
empty string.
An empty string ("") was passed to the src attribute. This may cause the 
browser to download the whole page again over the network. To fix this, 
either do not render the element at all or pass null to src instead of an 
empty string.
An empty string ("") was passed to the src attribute. This may cause the 
browser to download the whole page again over the network. To fix this, 
either do not render the element at all or pass null to src instead of an 
empty string.
An empty string ("") was passed to the src attribute. This may cause the 
browser to download the whole page again over the network. To fix this, 
either do not render the element at all or pass null to src instead of an 
empty string.
An empty string ("") was passed to the src attribute. This may cause the 
browser to download the whole page again over the network. To fix this, 
either do not render the element at all or pass null to src instead of an 
empty string.
An empty string ("") was passed to the src attribute. This may cause the 
browser to download the whole page again over the network. To fix this, 
either do not render the element at all or pass null to src instead of an 
empty string.
An empty string ("") was passed to the src attribute. This may cause the 
browser to download the whole page again over the network. To fix this, 
either do not render the element at all or pass null to src instead of an 
empty string.
An empty string ("") was passed to the src attribute. This may cause the 
browser to download the whole page again over the network. To fix this, 
either do not render the element at all or pass null to src instead of an 
empty string.
An empty string ("") was passed to the src attribute. This may cause the 
browser to download the whole page again over the network. To fix this, 
either do not render the element at all or pass null to src instead of an 
empty string.
An empty string ("") was passed to the src attribute. This may cause the 
browser to download the whole page again over the network. To fix this, 
either do not render the element at all or pass null to src instead of an 
empty string.
An empty string ("") was passed to the src attribute. This may cause the 
browser to download the whole page again over the network. To fix this, 
either do not render the element at all or pass null to src instead of an 
empty string.
An empty string ("") was passed to the src attribute. This may cause the 
browser to download the whole page again over the network. To fix this, 
either do not render the element at all or pass null to src instead of an 
empty string.
An empty string ("") was passed to the src attribute. This may cause the 
browser to download the whole page again over the network. To fix this, 
either do not render the element at all or pass null to src instead of an 
empty string.
An empty string ("") was passed to the src attribute. This may cause the 
browser to download the whole page again over the network. To fix this, 
either do not render the element at all or pass null to src instead of an 
empty string.
An empty string ("") was passed to the src attribute. This may cause the 
browser to download the whole page again over the network. To fix this, 
either do not render the element at all or pass null to src instead of an 
empty string.
An empty string ("") was passed to the src attribute. This may cause the 
browser to download the whole page again over the network. To fix this, 
either do not render the element at all or pass null to src instead of an 
empty string.
An empty string ("") was passed to the src attribute. This may cause the 
browser to download the whole page again over the network. To fix this, 
either do not render the element at all or pass null to src instead of an 
empty string.
An empty string ("") was passed to the src attribute. This may cause the 
browser to download the whole page again over the network. To fix this, 
either do not render the element at all or pass null to src instead of an 
empty string.
An empty string ("") was passed to the src attribute. This may cause the 
browser to download the whole page again over the network. To fix this, 
either do not render the element at all or pass null to src instead of an 
empty string.
An empty string ("") was passed to the src attribute. This may cause the 
browser to download the whole page again over the network. To fix this, 
either do not render the element at all or pass null to src instead of an 
empty string.
An empty string ("") was passed to the src attribute. This may cause the 
browser to download the whole page again over the network. To fix this, 
either do not render the element at all or pass null to src instead of an 
empty string.
An empty string ("") was passed to the src attribute. This may cause the 
browser to download the whole page again over the network. To fix this, 
either do not render the element at all or pass null to src instead of an 
empty string.
An empty string ("") was passed to the src attribute. This may cause the 
browser to download the whole page again over the network. To fix this, 
either do not render the element at all or pass null to src instead of an 
empty string.
An empty string ("") was passed to the src attribute. This may cause the 
browser to download the whole page again over the network. To fix this, 
either do not render the element at all or pass null to src instead of an 
empty string.
An empty string ("") was passed to the src attribute. This may cause the 
browser to download the whole page again over the network. To fix this, 
either do not render the element at all or pass null to src instead of an 
empty string.
An empty string ("") was passed to the src attribute. This may cause the 
browser to download the whole page again over the network. To fix this, 
either do not render the element at all or pass null to src instead of an 
empty string.
An empty string ("") was passed to the src attribute. This may cause the 
browser to download the whole page again over the network. To fix this, 
either do not render the element at all or pass null to src instead of an 
empty string.
An empty string ("") was passed to the src attribute. This may cause the 
browser to download the whole page again over the network. To fix this, 
either do not render the element at all or pass null to src instead of an 
empty string.
An empty string ("") was passed to the src attribute. This may cause the 
browser to download the whole page again over the network. To fix this, 
either do not render the element at all or pass null to src instead of an 
empty string.
An empty string ("") was passed to the src attribute. This may cause the 
browser to download the whole page again over the network. To fix this, 
either do not render the element at all or pass null to src instead of an 
empty string.
An empty string ("") was passed to the src attribute. This may cause the 
browser to download the whole page again over the network. To fix this, 
either do not render the element at all or pass null to src instead of an 
empty string.
An empty string ("") was passed to the src attribute. This may cause the 
browser to download the whole page again over the network. To fix this, 
either do not render the element at all or pass null to src instead of an 
empty string.
An empty string ("") was passed to the src attribute. This may cause the 
browser to download the whole page again over the network. To fix this, 
either do not render the element at all or pass null to src instead of an 
empty string.
An empty string ("") was passed to the src attribute. This may cause the 
browser to download the whole page again over the network. To fix this, 
either do not render the element at all or pass null to src instead of an 
empty string.
An empty string ("") was passed to the src attribute. This may cause the 
browser to download the whole page again over the network. To fix this, 
either do not render the element at all or pass null to src instead of an 
empty string.
An empty string ("") was passed to the src attribute. This may cause the 
browser to download the whole page again over the network. To fix this, 
either do not render the element at all or pass null to src instead of an 
empty string.
An empty string ("") was passed to the src attribute. This may cause the 
browser to download the whole page again over the network. To fix this, 
either do not render the element at all or pass null to src instead of an 
empty string.
An empty string ("") was passed to the src attribute. This may cause the 
browser to download the whole page again over the network. To fix this, 
either do not render the element at all or pass null to src instead of an 
empty string.
An empty string ("") was passed to the src attribute. This may cause the 
browser to download the whole page again over the network. To fix this, 
either do not render the element at all or pass null to src instead of an 
empty string.
An empty string ("") was passed to the src attribute. This may cause the 
browser to download the whole page again over the network. To fix this, 
either do not render the element at all or pass null to src instead of an 
empty string.
An empty string ("") was passed to the src attribute. This may cause the 
browser to download the whole page again over the network. To fix this, 
either do not render the element at all or pass null to src instead of an 
empty string.
An empty string ("") was passed to the src attribute. This may cause the 
browser to download the whole page again over the network. To fix this, 
either do not render the element at all or pass null to src instead of an 
empty string.
An empty string ("") was passed to the src attribute. This may cause the 
browser to download the whole page again over the network. To fix this, 
either do not render the element at all or pass null to src instead of an 
empty string.
An empty string ("") was passed to the src attribute. This may cause the 
browser to download the whole page again over the network. To fix this, 
either do not render the element at all or pass null to src instead of an 
empty string.
An empty string ("") was passed to the src attribute. This may cause the 
browser to download the whole page again over the network. To fix this, 
either do not render the element at all or pass null to src instead of an 
empty string.
An empty string ("") was passed to the src attribute. This may cause the 
browser to download the whole page again over the network. To fix this, 
either do not render the element at all or pass null to src instead of an 
empty string.
An empty string ("") was passed to the src attribute. This may cause the 
browser to download the whole page again over the network. To fix this, 
either do not render the element at all or pass null to src instead of an 
empty string.
An empty string ("") was passed to the src attribute. This may cause the 
browser to download the whole page again over the network. To fix this, 
either do not render the element at all or pass null to src instead of an 
empty string.
An empty string ("") was passed to the src attribute. This may cause the 
browser to download the whole page again over the network. To fix this, 
either do not render the element at all or pass null to src instead of an 
empty string.
An empty string ("") was passed to the src attribute. This may cause the 
browser to download the whole page again over the network. To fix this, 
either do not render the element at all or pass null to src instead of an 
empty string.
An empty string ("") was passed to the src attribute. This may cause the 
browser to download the whole page again over the network. To fix this, 
either do not render the element at all or pass null to src instead of an 
empty string.
An empty string ("") was passed to the src attribute. This may cause the 
browser to download the whole page again over the network. To fix this, 
either do not render the element at all or pass null to src instead of an 
empty string.
An empty string ("") was passed to the src attribute. This may cause the 
browser to download the whole page again over the network. To fix this, 
either do not render the element at all or pass null to src instead of an 
empty string.
An empty string ("") was passed to the src attribute. This may cause the 
browser to download the whole page again over the network. To fix this, 
either do not render the element at all or pass null to src instead of an 
empty string.
An empty string ("") was passed to the src attribute. This may cause the 
browser to download the whole page again over the network. To fix this, 
either do not render the element at all or pass null to src instead of an 
empty string.
An empty string ("") was passed to the src attribute. This may cause the 
browser to download the whole page again over the network. To fix this, 
either do not render the element at all or pass null to src instead of an 
empty string.
An empty string ("") was passed to the src attribute. This may cause the 
browser to download the whole page again over the network. To fix this, 
either do not render the element at all or pass null to src instead of an 
empty string.
An empty string ("") was passed to the src attribute. This may cause the 
browser to download the whole page again over the network. To fix this, 
either do not render the element at all or pass null to src instead of an 
empty string.
An empty string ("") was passed to the src attribute. This may cause the 
browser to download the whole page again over the network. To fix this, 
either do not render the element at all or pass null to src instead of an 
empty string.
An empty string ("") was passed to the src attribute. This may cause the 
browser to download the whole page again over the network. To fix this, 
either do not render the element at all or pass null to src instead of an 
empty string.
An empty string ("") was passed to the src attribute. This may cause the 
browser to download the whole page again over the network. To fix this, 
either do not render the element at all or pass null to src instead of an 
empty string.
An empty string ("") was passed to the src attribute. This may cause the 
browser to download the whole page again over the network. To fix this, 
either do not render the element at all or pass null to src instead of an 
empty string.
An empty string ("") was passed to the src attribute. This may cause the 
browser to download the whole page again over the network. To fix this, 
either do not render the element at all or pass null to src instead of an 
empty string.
An empty string ("") was passed to the src attribute. This may cause the 
browser to download the whole page again over the network. To fix this, 
either do not render the element at all or pass null to src instead of an 
empty string.
An empty string ("") was passed to the src attribute. This may cause the 
browser to download the whole page again over the network. To fix this, 
either do not render the element at all or pass null to src instead of an 
empty string.
An empty string ("") was passed to the src attribute. This may cause the 
browser to download the whole page again over the network. To fix this, 
either do not render the element at all or pass null to src instead of an 
empty string.
An empty string ("") was passed to the src attribute. This may cause the 
browser to download the whole page again over the network. To fix this, 
either do not render the element at all or pass null to src instead of an 
empty string.
An empty string ("") was passed to the src attribute. This may cause the 
browser to download the whole page again over the network. To fix this, 
either do not render the element at all or pass null to src instead of an 
empty string.
An empty string ("") was passed to the src attribute. This may cause the 
browser to download the whole page again over the network. To fix this, 
either do not render the element at all or pass null to src instead of an 
empty string.
An empty string ("") was passed to the src attribute. This may cause the 
browser to download the whole page again over the network. To fix this, 
either do not render the element at all or pass null to src instead of an 
empty string.
An empty string ("") was passed to the src attribute. This may cause the 
browser to download the whole page again over the network. To fix this, 
either do not render the element at all or pass null to src instead of an 
empty string.
An empty string ("") was passed to the src attribute. This may cause the 
browser to download the whole page again over the network. To fix this, 
either do not render the element at all or pass null to src instead of an 
empty string.
An empty string ("") was passed to the src attribute. This may cause the 
browser to download the whole page again over the network. To fix this, 
either do not render the element at all or pass null to src instead of an 
empty string.
An empty string ("") was passed to the src attribute. This may cause the 
browser to download the whole page again over the network. To fix this, 
either do not render the element at all or pass null to src instead of an 
empty string.
An empty string ("") was passed to the src attribute. This may cause the 
browser to download the whole page again over the network. To fix this, 
either do not render the element at all or pass null to src instead of an 
empty string.
An empty string ("") was passed to the src attribute. This may cause the 
browser to download the whole page again over the network. To fix this, 
either do not render the element at all or pass null to src instead of an 
empty string.
An empty string ("") was passed to the src attribute. This may cause the 
browser to download the whole page again over the network. To fix this, 
either do not render the element at all or pass null to src instead of an 
empty string.
An empty string ("") was passed to the src attribute. This may cause the 
browser to download the whole page again over the network. To fix this, 
either do not render the element at all or pass null to src instead of an 
empty string.
An empty string ("") was passed to the src attribute. This may cause the 
browser to download the whole page again over the network. To fix this, 
either do not render the element at all or pass null to src instead of an 
empty string.
An empty string ("") was passed to the src attribute. This may cause the 
browser to download the whole page again over the network. To fix this, 
either do not render the element at all or pass null to src instead of an 
empty string.
An empty string ("") was passed to the src attribute. This may cause the 
browser to download the whole page again over the network. To fix this, 
either do not render the element at all or pass null to src instead of an 
empty string.
An empty string ("") was passed to the src attribute. This may cause the 
browser to download the whole page again over the network. To fix this, 
either do not render the element at all or pass null to src instead of an 
empty string.
An empty string ("") was passed to the src attribute. This may cause the 
browser to download the whole page again over the network. To fix this, 
either do not render the element at all or pass null to src instead of an 
empty string.
An empty string ("") was passed to the src attribute. This may cause the 
browser to download the whole page again over the network. To fix this, 
either do not render the element at all or pass null to src instead of an 
empty string.
An empty string ("") was passed to the src attribute. This may cause the 
browser to download the whole page again over the network. To fix this, 
either do not render the element at all or pass null to src instead of an 
empty string.
An empty string ("") was passed to the src attribute. This may cause the 
browser to download the whole page again over the network. To fix this, 
either do not render the element at all or pass null to src instead of an 
empty string.
An empty string ("") was passed to the src attribute. This may cause the 
browser to download the whole page again over the network. To fix this, 
either do not render the element at all or pass null to src instead of an 
empty string.
An empty string ("") was passed to the src attribute. This may cause the 
browser to download the whole page again over the network. To fix this, 
either do not render the element at all or pass null to src instead of an 
empty string.
An empty string ("") was passed to the src attribute. This may cause the 
browser to download the whole page again over the network. To fix this, 
either do not render the element at all or pass null to src instead of an 
empty string.
An empty string ("") was passed to the src attribute. This may cause the 
browser to download the whole page again over the network. To fix this, 
either do not render the element at all or pass null to src instead of an 
empty string.
An empty string ("") was passed to the src attribute. This may cause the 
browser to download the whole page again over the network. To fix this, 
either do not render the element at all or pass null to src instead of an 
empty string.
An empty string ("") was passed to the src attribute. This may cause the 
browser to download the whole page again over the network. To fix this, 
either do not render the element at all or pass null to src instead of an 
empty string.
An empty string ("") was passed to the src attribute. This may cause the 
browser to download the whole page again over the network. To fix this, 
either do not render the element at all or pass null to src instead of an 
empty string.
An empty string ("") was passed to the src attribute. This may cause the 
browser to download the whole page again over the network. To fix this, 
either do not render the element at all or pass null to src instead of an 
empty string.
An empty string ("") was passed to the src attribute. This may cause the 
browser to download the whole page again over the network. To fix this, 
either do not render the element at all or pass null to src instead of an 
empty string.
An empty string ("") was passed to the src attribute. This may cause the 
browser to download the whole page again over the network. To fix this, 
either do not render the element at all or pass null to src instead of an 
empty string.
An empty string ("") was passed to the src attribute. This may cause the 
browser to download the whole page again over the network. To fix this, 
either do not render the element at all or pass null to src instead of an 
empty string.
An empty string ("") was passed to the src attribute. This may cause the 
browser to download the whole page again over the network. To fix this, 
either do not render the element at all or pass null to src instead of an 
empty string.
An empty string ("") was passed to the src attribute. This may cause the 
browser to download the whole page again over the network. To fix this, 
either do not render the element at all or pass null to src instead of an 
empty string.
An empty string ("") was passed to the src attribute. This may cause the 
browser to download the whole page again over the network. To fix this, 
either do not render the element at all or pass null to src instead of an 
empty string.
An empty string ("") was passed to the src attribute. This may cause the 
browser to download the whole page again over the network. To fix this, 
either do not render the element at all or pass null to src instead of an 
empty string.
An empty string ("") was passed to the src attribute. This may cause the 
browser to download the whole page again over the network. To fix this, 
either do not render the element at all or pass null to src instead of an 
empty string.
An empty string ("") was passed to the src attribute. This may cause the 
browser to download the whole page again over the network. To fix this, 
either do not render the element at all or pass null to src instead of an 
empty string.
An empty string ("") was passed to the src attribute. This may cause the 
browser to download the whole page again over the network. To fix this, 
either do not render the element at all or pass null to src instead of an 
empty string.
An empty string ("") was passed to the src attribute. This may cause the 
browser to download the whole page again over the network. To fix this, 
either do not render the element at all or pass null to src instead of an 
empty string.
An empty string ("") was passed to the src attribute. This may cause the 
browser to download the whole page again over the network. To fix this, 
either do not render the element at all or pass null to src instead of an 
empty string.
An empty string ("") was passed to the src attribute. This may cause the 
browser to download the whole page again over the network. To fix this, 
either do not render the element at all or pass null to src instead of an 
empty string.
An empty string ("") was passed to the src attribute. This may cause the 
browser to download the whole page again over the network. To fix this, 
either do not render the element at all or pass null to src instead of an 
empty string.
An empty string ("") was passed to the src attribute. This may cause the 
browser to download the whole page again over the network. To fix this, 
either do not render the element at all or pass null to src instead of an 
empty string.
An empty string ("") was passed to the src attribute. This may cause the 
browser to download the whole page again over the network. To fix this, 
either do not render the element at all or pass null to src instead of an 
empty string.
An empty string ("") was passed to the src attribute. This may cause the 
browser to download the whole page again over the network. To fix this, 
either do not render the element at all or pass null to src instead of an 
empty string.
An empty string ("") was passed to the src attribute. This may cause the 
browser to download the whole page again over the network. To fix this, 
either do not render the element at all or pass null to src instead of an 
empty string.
An empty string ("") was passed to the src attribute. This may cause the 
browser to download the whole page again over the network. To fix this, 
either do not render the element at all or pass null to src instead of an 
empty string.
An empty string ("") was passed to the src attribute. This may cause the 
browser to download the whole page again over the network. To fix this, 
either do not render the element at all or pass null to src instead of an 
empty string.
An empty string ("") was passed to the src attribute. This may cause the 
browser to download the whole page again over the network. To fix this, 
either do not render the element at all or pass null to src instead of an 
empty string.
An empty string ("") was passed to the src attribute. This may cause the 
browser to download the whole page again over the network. To fix this, 
either do not render the element at all or pass null to src instead of an 
empty string.
An empty string ("") was passed to the src attribute. This may cause the 
browser to download the whole page again over the network. To fix this, 
either do not render the element at all or pass null to src instead of an 
empty string.
An empty string ("") was passed to the src attribute. This may cause the 
browser to download the whole page again over the network. To fix this, 
either do not render the element at all or pass null to src instead of an 
empty string.
An empty string ("") was passed to the src attribute. This may cause the 
browser to download the whole page again over the network. To fix this, 
either do not render the element at all or pass null to src instead of an 
empty string.
An empty string ("") was passed to the src attribute. This may cause the 
browser to download the whole page again over the network. To fix this, 
either do not render the element at all or pass null to src instead of an 
empty string.
An empty string ("") was passed to the src attribute. This may cause the 
browser to download the whole page again over the network. To fix this, 
either do not render the element at all or pass null to src instead of an 
empty string.
An empty string ("") was passed to the src attribute. This may cause the 
browser to download the whole page again over the network. To fix this, 
either do not render the element at all or pass null to src instead of an 
empty string.
An empty string ("") was passed to the src attribute. This may cause the 
browser to download the whole page again over the network. To fix this, 
either do not render the element at all or pass null to src instead of an 
empty string.
An empty string ("") was passed to the src attribute. This may cause the 
browser to download the whole page again over the network. To fix this, 
either do not render the element at all or pass null to src instead of an 
empty string.
An empty string ("") was passed to the src attribute. This may cause the 
browser to download the whole page again over the network. To fix this, 
either do not render the element at all or pass null to src instead of an 
empty string.
An empty string ("") was passed to the src attribute. This may cause the 
browser to download the whole page again over the network. To fix this, 
either do not render the element at all or pass null to src instead of an 
empty string.
An empty string ("") was passed to the src attribute. This may cause the 
browser to download the whole page again over the network. To fix this, 
either do not render the element at all or pass null to src instead of an 
empty string.
An empty string ("") was passed to the src attribute. This may cause the 
browser to download the whole page again over the network. To fix this, 
either do not render the element at all or pass null to src instead of an 
empty string.
An empty string ("") was passed to the src attribute. This may cause the 
browser to download the whole page again over the network. To fix this, 
either do not render the element at all or pass null to src instead of an 
empty string.
An empty string ("") was passed to the src attribute. This may cause the 
browser to download the whole page again over the network. To fix this, 
either do not render the element at all or pass null to src instead of an 
empty string.
An empty string ("") was passed to the src attribute. This may cause the 
browser to download the whole page again over the network. To fix this, 
either do not render the element at all or pass null to src instead of an 
empty string.
An empty string ("") was passed to the src attribute. This may cause the 
browser to download the whole page again over the network. To fix this, 
either do not render the element at all or pass null to src instead of an 
empty string.
An empty string ("") was passed to the src attribute. This may cause the 
browser to download the whole page again over the network. To fix this, 
either do not render the element at all or pass null to src instead of an 
empty string.
An empty string ("") was passed to the src attribute. This may cause the 
browser to download the whole page again over the network. To fix this, 
either do not render the element at all or pass null to src instead of an 
empty string.
An empty string ("") was passed to the src attribute. This may cause the 
browser to download the whole page again over the network. To fix this, 
either do not render the element at all or pass null to src instead of an 
empty string.
An empty string ("") was passed to the src attribute. This may cause the 
browser to download the whole page again over the network. To fix this, 
either do not render the element at all or pass null to src instead of an 
empty string.
An empty string ("") was passed to the src attribute. This may cause the 
browser to download the whole page again over the network. To fix this, 
either do not render the element at all or pass null to src instead of an 
empty string.

[90mstderr[2m | 
__tests__/properties/lazy-loading-below-fold.property.test.tsx[2m > 
[22m[2mProperty: Lazy Loading Below Fold[2m > [22m[2mshould handle 
images at various scroll positions correctly
[22m[39mAn empty string ("") was passed to the src attribute. This may 
cause the browser to download the whole page again over the network. To 
fix this, either do not render the element at all or pass null to src 
instead of an empty string.
An empty string ("") was passed to the src attribute. This may cause the 
browser to download the whole page again over the network. To fix this, 
either do not render the element at all or pass null to src instead of an 
empty string.
An empty string ("") was passed to the src attribute. This may cause the 
browser to download the whole page again over the network. To fix this, 
either do not render the element at all or pass null to src instead of an 
empty string.
An empty string ("") was passed to the src attribute. This may cause the 
browser to download the whole page again over the network. To fix this, 
either do not render the element at all or pass null to src instead of an 
empty string.
An empty string ("") was passed to the src attribute. This may cause the 
browser to download the whole page again over the network. To fix this, 
either do not render the element at all or pass null to src instead of an 
empty string.
An update to LazyImage inside a test was not wrapped in act(...).

When testing, code that causes React state updates should be wrapped into 
act(...):

act(() => {
  /* fire events that update state */
});
/* assert on the output */

This ensures that you're testing the behavior the user would see in the 
browser. Learn more at https://react.dev/link/wrap-tests-with-act
An update to LazyImage inside a test was not wrapped in act(...).

When testing, code that causes React state updates should be wrapped into 
act(...):

act(() => {
  /* fire events that update state */
});
/* assert on the output */

This ensures that you're testing the behavior the user would see in the 
browser. Learn more at https://react.dev/link/wrap-tests-with-act
An empty string ("") was passed to the src attribute. This may cause the 
browser to download the whole page again over the network. To fix this, 
either do not render the element at all or pass null to src instead of an 
empty string.
An update to LazyImage inside a test was not wrapped in act(...).

When testing, code that causes React state updates should be wrapped into 
act(...):

act(() => {
  /* fire events that update state */
});
/* assert on the output */

This ensures that you're testing the behavior the user would see in the 
browser. Learn more at https://react.dev/link/wrap-tests-with-act
An update to LazyImage inside a test was not wrapped in act(...).

When testing, code that causes React state updates should be wrapped into 
act(...):

act(() => {
  /* fire events that update state */
});
/* assert on the output */

This ensures that you're testing the behavior the user would see in the 
browser. Learn more at https://react.dev/link/wrap-tests-with-act
An empty string ("") was passed to the src attribute. This may cause the 
browser to download the whole page again over the network. To fix this, 
either do not render the element at all or pass null to src instead of an 
empty string.
An empty string ("") was passed to the src attribute. This may cause the 
browser to download the whole page again over the network. To fix this, 
either do not render the element at all or pass null to src instead of an 
empty string.
An empty string ("") was passed to the src attribute. This may cause the 
browser to download the whole page again over the network. To fix this, 
either do not render the element at all or pass null to src instead of an 
empty string.
An empty string ("") was passed to the src attribute. This may cause the 
browser to download the whole page again over the network. To fix this, 
either do not render the element at all or pass null to src instead of an 
empty string.
An update to LazyImage inside a test was not wrapped in act(...).

When testing, code that causes React state updates should be wrapped into 
act(...):

act(() => {
  /* fire events that update state */
});
/* assert on the output */

This ensures that you're testing the behavior the user would see in the 
browser. Learn more at https://react.dev/link/wrap-tests-with-act
An update to LazyImage inside a test was not wrapped in act(...).

When testing, code that causes React state updates should be wrapped into 
act(...):

act(() => {
  /* fire events that update state */
});
/* assert on the output */

This ensures that you're testing the behavior the user would see in the 
browser. Learn more at https://react.dev/link/wrap-tests-with-act
An empty string ("") was passed to the src attribute. This may cause the 
browser to download the whole page again over the network. To fix this, 
either do not render the element at all or pass null to src instead of an 
empty string.
An empty string ("") was passed to the src attribute. This may cause the 
browser to download the whole page again over the network. To fix this, 
either do not render the element at all or pass null to src instead of an 
empty string.
An empty string ("") was passed to the src attribute. This may cause the 
browser to download the whole page again over the network. To fix this, 
either do not render the element at all or pass null to src instead of an 
empty string.
An update to LazyImage inside a test was not wrapped in act(...).

When testing, code that causes React state updates should be wrapped into 
act(...):

act(() => {
  /* fire events that update state */
});
/* assert on the output */

This ensures that you're testing the behavior the user would see in the 
browser. Learn more at https://react.dev/link/wrap-tests-with-act
An update to LazyImage inside a test was not wrapped in act(...).

When testing, code that causes React state updates should be wrapped into 
act(...):

act(() => {
  /* fire events that update state */
});
/* assert on the output */

This ensures that you're testing the behavior the user would see in the 
browser. Learn more at https://react.dev/link/wrap-tests-with-act
An empty string ("") was passed to the src attribute. This may cause the 
browser to download the whole page again over the network. To fix this, 
either do not render the element at all or pass null to src instead of an 
empty string.
An empty string ("") was passed to the src attribute. This may cause the 
browser to download the whole page again over the network. To fix this, 
either do not render the element at all or pass null to src instead of an 
empty string.
An update to LazyImage inside a test was not wrapped in act(...).

When testing, code that causes React state updates should be wrapped into 
act(...):

act(() => {
  /* fire events that update state */
});
/* assert on the output */

This ensures that you're testing the behavior the user would see in the 
browser. Learn more at https://react.dev/link/wrap-tests-with-act
An update to LazyImage inside a test was not wrapped in act(...).

When testing, code that causes React state updates should be wrapped into 
act(...):

act(() => {
  /* fire events that update state */
});
/* assert on the output */

This ensures that you're testing the behavior the user would see in the 
browser. Learn more at https://react.dev/link/wrap-tests-with-act
An empty string ("") was passed to the src attribute. This may cause the 
browser to download the whole page again over the network. To fix this, 
either do not render the element at all or pass null to src instead of an 
empty string.
An update to LazyImage inside a test was not wrapped in act(...).

When testing, code that causes React state updates should be wrapped into 
act(...):

act(() => {
  /* fire events that update state */
});
/* assert on the output */

This ensures that you're testing the behavior the user would see in the 
browser. Learn more at https://react.dev/link/wrap-tests-with-act
An update to LazyImage inside a test was not wrapped in act(...).

When testing, code that causes React state updates should be wrapped into 
act(...):

act(() => {
  /* fire events that update state */
});
/* assert on the output */

This ensures that you're testing the behavior the user would see in the 
browser. Learn more at https://react.dev/link/wrap-tests-with-act
An empty string ("") was passed to the src attribute. This may cause the 
browser to download the whole page again over the network. To fix this, 
either do not render the element at all or pass null to src instead of an 
empty string.
An update to LazyImage inside a test was not wrapped in act(...).

When testing, code that causes React state updates should be wrapped into 
act(...):

act(() => {
  /* fire events that update state */
});
/* assert on the output */

This ensures that you're testing the behavior the user would see in the 
browser. Learn more at https://react.dev/link/wrap-tests-with-act
An update to LazyImage inside a test was not wrapped in act(...).

When testing, code that causes React state updates should be wrapped into 
act(...):

act(() => {
  /* fire events that update state */
});
/* assert on the output */

This ensures that you're testing the behavior the user would see in the 
browser. Learn more at https://react.dev/link/wrap-tests-with-act
An empty string ("") was passed to the src attribute. This may cause the 
browser to download the whole page again over the network. To fix this, 
either do not render the element at all or pass null to src instead of an 
empty string.
An empty string ("") was passed to the src attribute. This may cause the 
browser to download the whole page again over the network. To fix this, 
either do not render the element at all or pass null to src instead of an 
empty string.
An empty string ("") was passed to the src attribute. This may cause the 
browser to download the whole page again over the network. To fix this, 
either do not render the element at all or pass null to src instead of an 
empty string.
An update to LazyImage inside a test was not wrapped in act(...).

When testing, code that causes React state updates should be wrapped into 
act(...):

act(() => {
  /* fire events that update state */
});
/* assert on the output */

This ensures that you're testing the behavior the user would see in the 
browser. Learn more at https://react.dev/link/wrap-tests-with-act
An update to LazyImage inside a test was not wrapped in act(...).

When testing, code that causes React state updates should be wrapped into 
act(...):

act(() => {
  /* fire events that update state */
});
/* assert on the output */

This ensures that you're testing the behavior the user would see in the 
browser. Learn more at https://react.dev/link/wrap-tests-with-act
An empty string ("") was passed to the src attribute. This may cause the 
browser to download the whole page again over the network. To fix this, 
either do not render the element at all or pass null to src instead of an 
empty string.
An empty string ("") was passed to the src attribute. This may cause the 
browser to download the whole page again over the network. To fix this, 
either do not render the element at all or pass null to src instead of an 
empty string.
An update to LazyImage inside a test was not wrapped in act(...).

When testing, code that causes React state updates should be wrapped into 
act(...):

act(() => {
  /* fire events that update state */
});
/* assert on the output */

This ensures that you're testing the behavior the user would see in the 
browser. Learn more at https://react.dev/link/wrap-tests-with-act
An update to LazyImage inside a test was not wrapped in act(...).

When testing, code that causes React state updates should be wrapped into 
act(...):

act(() => {
  /* fire events that update state */
});
/* assert on the output */

This ensures that you're testing the behavior the user would see in the 
browser. Learn more at https://react.dev/link/wrap-tests-with-act
An empty string ("") was passed to the src attribute. This may cause the 
browser to download the whole page again over the network. To fix this, 
either do not render the element at all or pass null to src instead of an 
empty string.
An empty string ("") was passed to the src attribute. This may cause the 
browser to download the whole page again over the network. To fix this, 
either do not render the element at all or pass null to src instead of an 
empty string.
An empty string ("") was passed to the src attribute. This may cause the 
browser to download the whole page again over the network. To fix this, 
either do not render the element at all or pass null to src instead of an 
empty string.
An empty string ("") was passed to the src attribute. This may cause the 
browser to download the whole page again over the network. To fix this, 
either do not render the element at all or pass null to src instead of an 
empty string.
An update to LazyImage inside a test was not wrapped in act(...).

When testing, code that causes React state updates should be wrapped into 
act(...):

act(() => {
  /* fire events that update state */
});
/* assert on the output */

This ensures that you're testing the behavior the user would see in the 
browser. Learn more at https://react.dev/link/wrap-tests-with-act
An update to LazyImage inside a test was not wrapped in act(...).

When testing, code that causes React state updates should be wrapped into 
act(...):

act(() => {
  /* fire events that update state */
});
/* assert on the output */

This ensures that you're testing the behavior the user would see in the 
browser. Learn more at https://react.dev/link/wrap-tests-with-act
An empty string ("") was passed to the src attribute. This may cause the 
browser to download the whole page again over the network. To fix this, 
either do not render the element at all or pass null to src instead of an 
empty string.
An empty string ("") was passed to the src attribute. This may cause the 
browser to download the whole page again over the network. To fix this, 
either do not render the element at all or pass null to src instead of an 
empty string.
An empty string ("") was passed to the src attribute. This may cause the 
browser to download the whole page again over the network. To fix this, 
either do not render the element at all or pass null to src instead of an 
empty string.
An empty string ("") was passed to the src attribute. This may cause the 
browser to download the whole page again over the network. To fix this, 
either do not render the element at all or pass null to src instead of an 
empty string.
An empty string ("") was passed to the src attribute. This may cause the 
browser to download the whole page again over the network. To fix this, 
either do not render the element at all or pass null to src instead of an 
empty string.
An update to LazyImage inside a test was not wrapped in act(...).

When testing, code that causes React state updates should be wrapped into 
act(...):

act(() => {
  /* fire events that update state */
});
/* assert on the output */

This ensures that you're testing the behavior the user would see in the 
browser. Learn more at https://react.dev/link/wrap-tests-with-act
An update to LazyImage inside a test was not wrapped in act(...).

When testing, code that causes React state updates should be wrapped into 
act(...):

act(() => {
  /* fire events that update state */
});
/* assert on the output */

This ensures that you're testing the behavior the user would see in the 
browser. Learn more at https://react.dev/link/wrap-tests-with-act
An empty string ("") was passed to the src attribute. This may cause the 
browser to download the whole page again over the network. To fix this, 
either do not render the element at all or pass null to src instead of an 
empty string.
An update to LazyImage inside a test was not wrapped in act(...).

When testing, code that causes React state updates should be wrapped into 
act(...):

act(() => {
  /* fire events that update state */
});
/* assert on the output */

This ensures that you're testing the behavior the user would see in the 
browser. Learn more at https://react.dev/link/wrap-tests-with-act
An update to LazyImage inside a test was not wrapped in act(...).

When testing, code that causes React state updates should be wrapped into 
act(...):

act(() => {
  /* fire events that update state */
});
/* assert on the output */

This ensures that you're testing the behavior the user would see in the 
browser. Learn more at https://react.dev/link/wrap-tests-with-act
An empty string ("") was passed to the src attribute. This may cause the 
browser to download the whole page again over the network. To fix this, 
either do not render the element at all or pass null to src instead of an 
empty string.
An empty string ("") was passed to the src attribute. This may cause the 
browser to download the whole page again over the network. To fix this, 
either do not render the element at all or pass null to src instead of an 
empty string.
An empty string ("") was passed to the src attribute. This may cause the 
browser to download the whole page again over the network. To fix this, 
either do not render the element at all or pass null to src instead of an 
empty string.
An empty string ("") was passed to the src attribute. This may cause the 
browser to download the whole page again over the network. To fix this, 
either do not render the element at all or pass null to src instead of an 
empty string.
An empty string ("") was passed to the src attribute. This may cause the 
browser to download the whole page again over the network. To fix this, 
either do not render the element at all or pass null to src instead of an 
empty string.
An empty string ("") was passed to the src attribute. This may cause the 
browser to download the whole page again over the network. To fix this, 
either do not render the element at all or pass null to src instead of an 
empty string.
An update to LazyImage inside a test was not wrapped in act(...).

When testing, code that causes React state updates should be wrapped into 
act(...):

act(() => {
  /* fire events that update state */
});
/* assert on the output */

This ensures that you're testing the behavior the user would see in the 
browser. Learn more at https://react.dev/link/wrap-tests-with-act
An update to LazyImage inside a test was not wrapped in act(...).

When testing, code that causes React state updates should be wrapped into 
act(...):

act(() => {
  /* fire events that update state */
});
/* assert on the output */

This ensures that you're testing the behavior the user would see in the 
browser. Learn more at https://react.dev/link/wrap-tests-with-act
An empty string ("") was passed to the src attribute. This may cause the 
browser to download the whole page again over the network. To fix this, 
either do not render the element at all or pass null to src instead of an 
empty string.
An empty string ("") was passed to the src attribute. This may cause the 
browser to download the whole page again over the network. To fix this, 
either do not render the element at all or pass null to src instead of an 
empty string.
An update to LazyImage inside a test was not wrapped in act(...).

When testing, code that causes React state updates should be wrapped into 
act(...):

act(() => {
  /* fire events that update state */
});
/* assert on the output */

This ensures that you're testing the behavior the user would see in the 
browser. Learn more at https://react.dev/link/wrap-tests-with-act
An update to LazyImage inside a test was not wrapped in act(...).

When testing, code that causes React state updates should be wrapped into 
act(...):

act(() => {
  /* fire events that update state */
});
/* assert on the output */

This ensures that you're testing the behavior the user would see in the 
browser. Learn more at https://react.dev/link/wrap-tests-with-act
An empty string ("") was passed to the src attribute. This may cause the 
browser to download the whole page again over the network. To fix this, 
either do not render the element at all or pass null to src instead of an 
empty string.
An update to LazyImage inside a test was not wrapped in act(...).

When testing, code that causes React state updates should be wrapped into 
act(...):

act(() => {
  /* fire events that update state */
});
/* assert on the output */

This ensures that you're testing the behavior the user would see in the 
browser. Learn more at https://react.dev/link/wrap-tests-with-act
An update to LazyImage inside a test was not wrapped in act(...).

When testing, code that causes React state updates should be wrapped into 
act(...):

act(() => {
  /* fire events that update state */
});
/* assert on the output */

This ensures that you're testing the behavior the user would see in the 
browser. Learn more at https://react.dev/link/wrap-tests-with-act
An empty string ("") was passed to the src attribute. This may cause the 
browser to download the whole page again over the network. To fix this, 
either do not render the element at all or pass null to src instead of an 
empty string.
An empty string ("") was passed to the src attribute. This may cause the 
browser to download the whole page again over the network. To fix this, 
either do not render the element at all or pass null to src instead of an 
empty string.
An empty string ("") was passed to the src attribute. This may cause the 
browser to download the whole page again over the network. To fix this, 
either do not render the element at all or pass null to src instead of an 
empty string.
An empty string ("") was passed to the src attribute. This may cause the 
browser to download the whole page again over the network. To fix this, 
either do not render the element at all or pass null to src instead of an 
empty string.
An empty string ("") was passed to the src attribute. This may cause the 
browser to download the whole page again over the network. To fix this, 
either do not render the element at all or pass null to src instead of an 
empty string.
An empty string ("") was passed to the src attribute. This may cause the 
browser to download the whole page again over the network. To fix this, 
either do not render the element at all or pass null to src instead of an 
empty string.
An update to LazyImage inside a test was not wrapped in act(...).

When testing, code that causes React state updates should be wrapped into 
act(...):

act(() => {
  /* fire events that update state */
});
/* assert on the output */

This ensures that you're testing the behavior the user would see in the 
browser. Learn more at https://react.dev/link/wrap-tests-with-act
An update to LazyImage inside a test was not wrapped in act(...).

When testing, code that causes React state updates should be wrapped into 
act(...):

act(() => {
  /* fire events that update state */
});
/* assert on the output */

This ensures that you're testing the behavior the user would see in the 
browser. Learn more at https://react.dev/link/wrap-tests-with-act
An empty string ("") was passed to the src attribute. This may cause the 
browser to download the whole page again over the network. To fix this, 
either do not render the element at all or pass null to src instead of an 
empty string.
An empty string ("") was passed to the src attribute. This may cause the 
browser to download the whole page again over the network. To fix this, 
either do not render the element at all or pass null to src instead of an 
empty string.
An update to LazyImage inside a test was not wrapped in act(...).

When testing, code that causes React state updates should be wrapped into 
act(...):

act(() => {
  /* fire events that update state */
});
/* assert on the output */

This ensures that you're testing the behavior the user would see in the 
browser. Learn more at https://react.dev/link/wrap-tests-with-act
An update to LazyImage inside a test was not wrapped in act(...).

When testing, code that causes React state updates should be wrapped into 
act(...):

act(() => {
  /* fire events that update state */
});
/* assert on the output */

This ensures that you're testing the behavior the user would see in the 
browser. Learn more at https://react.dev/link/wrap-tests-with-act
An empty string ("") was passed to the src attribute. This may cause the 
browser to download the whole page again over the network. To fix this, 
either do not render the element at all or pass null to src instead of an 
empty string.
An empty string ("") was passed to the src attribute. This may cause the 
browser to download the whole page again over the network. To fix this, 
either do not render the element at all or pass null to src instead of an 
empty string.
An empty string ("") was passed to the src attribute. This may cause the 
browser to download the whole page again over the network. To fix this, 
either do not render the element at all or pass null to src instead of an 
empty string.
An update to LazyImage inside a test was not wrapped in act(...).

When testing, code that causes React state updates should be wrapped into 
act(...):

act(() => {
  /* fire events that update state */
});
/* assert on the output */

This ensures that you're testing the behavior the user would see in the 
browser. Learn more at https://react.dev/link/wrap-tests-with-act
An update to LazyImage inside a test was not wrapped in act(...).

When testing, code that causes React state updates should be wrapped into 
act(...):

act(() => {
  /* fire events that update state */
});
/* assert on the output */

This ensures that you're testing the behavior the user would see in the 
browser. Learn more at https://react.dev/link/wrap-tests-with-act
An empty string ("") was passed to the src attribute. This may cause the 
browser to download the whole page again over the network. To fix this, 
either do not render the element at all or pass null to src instead of an 
empty string.
An empty string ("") was passed to the src attribute. This may cause the 
browser to download the whole page again over the network. To fix this, 
either do not render the element at all or pass null to src instead of an 
empty string.
An empty string ("") was passed to the src attribute. This may cause the 
browser to download the whole page again over the network. To fix this, 
either do not render the element at all or pass null to src instead of an 
empty string.
An empty string ("") was passed to the src attribute. This may cause the 
browser to download the whole page again over the network. To fix this, 
either do not render the element at all or pass null to src instead of an 
empty string.
An update to LazyImage inside a test was not wrapped in act(...).

When testing, code that causes React state updates should be wrapped into 
act(...):

act(() => {
  /* fire events that update state */
});
/* assert on the output */

This ensures that you're testing the behavior the user would see in the 
browser. Learn more at https://react.dev/link/wrap-tests-with-act
An update to LazyImage inside a test was not wrapped in act(...).

When testing, code that causes React state updates should be wrapped into 
act(...):

act(() => {
  /* fire events that update state */
});
/* assert on the output */

This ensures that you're testing the behavior the user would see in the 
browser. Learn more at https://react.dev/link/wrap-tests-with-act
An empty string ("") was passed to the src attribute. This may cause the 
browser to download the whole page again over the network. To fix this, 
either do not render the element at all or pass null to src instead of an 
empty string.
An empty string ("") was passed to the src attribute. This may cause the 
browser to download the whole page again over the network. To fix this, 
either do not render the element at all or pass null to src instead of an 
empty string.
An update to LazyImage inside a test was not wrapped in act(...).

When testing, code that causes React state updates should be wrapped into 
act(...):

act(() => {
  /* fire events that update state */
});
/* assert on the output */

This ensures that you're testing the behavior the user would see in the 
browser. Learn more at https://react.dev/link/wrap-tests-with-act
An update to LazyImage inside a test was not wrapped in act(...).

When testing, code that causes React state updates should be wrapped into 
act(...):

act(() => {
  /* fire events that update state */
});
/* assert on the output */

This ensures that you're testing the behavior the user would see in the 
browser. Learn more at https://react.dev/link/wrap-tests-with-act
An empty string ("") was passed to the src attribute. This may cause the 
browser to download the whole page again over the network. To fix this, 
either do not render the element at all or pass null to src instead of an 
empty string.
An empty string ("") was passed to the src attribute. This may cause the 
browser to download the whole page again over the network. To fix this, 
either do not render the element at all or pass null to src instead of an 
empty string.
An update to LazyImage inside a test was not wrapped in act(...).

When testing, code that causes React state updates should be wrapped into 
act(...):

act(() => {
  /* fire events that update state */
});
/* assert on the output */

This ensures that you're testing the behavior the user would see in the 
browser. Learn more at https://react.dev/link/wrap-tests-with-act
An update to LazyImage inside a test was not wrapped in act(...).

When testing, code that causes React state updates should be wrapped into 
act(...):

act(() => {
  /* fire events that update state */
});
/* assert on the output */

This ensures that you're testing the behavior the user would see in the 
browser. Learn more at https://react.dev/link/wrap-tests-with-act
An empty string ("") was passed to the src attribute. This may cause the 
browser to download the whole page again over the network. To fix this, 
either do not render the element at all or pass null to src instead of an 
empty string.
An empty string ("") was passed to the src attribute. This may cause the 
browser to download the whole page again over the network. To fix this, 
either do not render the element at all or pass null to src instead of an 
empty string.
An update to LazyImage inside a test was not wrapped in act(...).

When testing, code that causes React state updates should be wrapped into 
act(...):

act(() => {
  /* fire events that update state */
});
/* assert on the output */

This ensures that you're testing the behavior the user would see in the 
browser. Learn more at https://react.dev/link/wrap-tests-with-act
An update to LazyImage inside a test was not wrapped in act(...).

When testing, code that causes React state updates should be wrapped into 
act(...):

act(() => {
  /* fire events that update state */
});
/* assert on the output */

This ensures that you're testing the behavior the user would see in the 
browser. Learn more at https://react.dev/link/wrap-tests-with-act
An empty string ("") was passed to the src attribute. This may cause the 
browser to download the whole page again over the network. To fix this, 
either do not render the element at all or pass null to src instead of an 
empty string.
An update to LazyImage inside a test was not wrapped in act(...).

When testing, code that causes React state updates should be wrapped into 
act(...):

act(() => {
  /* fire events that update state */
});
/* assert on the output */

This ensures that you're testing the behavior the user would see in the 
browser. Learn more at https://react.dev/link/wrap-tests-with-act
An update to LazyImage inside a test was not wrapped in act(...).

When testing, code that causes React state updates should be wrapped into 
act(...):

act(() => {
  /* fire events that update state */
});
/* assert on the output */

This ensures that you're testing the behavior the user would see in the 
browser. Learn more at https://react.dev/link/wrap-tests-with-act
An empty string ("") was passed to the src attribute. This may cause the 
browser to download the whole page again over the network. To fix this, 
either do not render the element at all or pass null to src instead of an 
empty string.
An update to LazyImage inside a test was not wrapped in act(...).

When testing, code that causes React state updates should be wrapped into 
act(...):

act(() => {
  /* fire events that update state */
});
/* assert on the output */

This ensures that you're testing the behavior the user would see in the 
browser. Learn more at https://react.dev/link/wrap-tests-with-act
An update to LazyImage inside a test was not wrapped in act(...).

When testing, code that causes React state updates should be wrapped into 
act(...):

act(() => {
  /* fire events that update state */
});
/* assert on the output */

This ensures that you're testing the behavior the user would see in the 
browser. Learn more at https://react.dev/link/wrap-tests-with-act
An empty string ("") was passed to the src attribute. This may cause the 
browser to download the whole page again over the network. To fix this, 
either do not render the element at all or pass null to src instead of an 
empty string.
An empty string ("") was passed to the src attribute. This may cause the 
browser to download the whole page again over the network. To fix this, 
either do not render the element at all or pass null to src instead of an 
empty string.
An empty string ("") was passed to the src attribute. This may cause the 
browser to download the whole page again over the network. To fix this, 
either do not render the element at all or pass null to src instead of an 
empty string.
An empty string ("") was passed to the src attribute. This may cause the 
browser to download the whole page again over the network. To fix this, 
either do not render the element at all or pass null to src instead of an 
empty string.
An empty string ("") was passed to the src attribute. This may cause the 
browser to download the whole page again over the network. To fix this, 
either do not render the element at all or pass null to src instead of an 
empty string.
An update to LazyImage inside a test was not wrapped in act(...).

When testing, code that causes React state updates should be wrapped into 
act(...):

act(() => {
  /* fire events that update state */
});
/* assert on the output */

This ensures that you're testing the behavior the user would see in the 
browser. Learn more at https://react.dev/link/wrap-tests-with-act
An update to LazyImage inside a test was not wrapped in act(...).

When testing, code that causes React state updates should be wrapped into 
act(...):

act(() => {
  /* fire events that update state */
});
/* assert on the output */

This ensures that you're testing the behavior the user would see in the 
browser. Learn more at https://react.dev/link/wrap-tests-with-act
An empty string ("") was passed to the src attribute. This may cause the 
browser to download the whole page again over the network. To fix this, 
either do not render the element at all or pass null to src instead of an 
empty string.
An empty string ("") was passed to the src attribute. This may cause the 
browser to download the whole page again over the network. To fix this, 
either do not render the element at all or pass null to src instead of an 
empty string.
An empty string ("") was passed to the src attribute. This may cause the 
browser to download the whole page again over the network. To fix this, 
either do not render the element at all or pass null to src instead of an 
empty string.
An empty string ("") was passed to the src attribute. This may cause the 
browser to download the whole page again over the network. To fix this, 
either do not render the element at all or pass null to src instead of an 
empty string.
An empty string ("") was passed to the src attribute. This may cause the 
browser to download the whole page again over the network. To fix this, 
either do not render the element at all or pass null to src instead of an 
empty string.
An empty string ("") was passed to the src attribute. This may cause the 
browser to download the whole page again over the network. To fix this, 
either do not render the element at all or pass null to src instead of an 
empty string.
An update to LazyImage inside a test was not wrapped in act(...).

When testing, code that causes React state updates should be wrapped into 
act(...):

act(() => {
  /* fire events that update state */
});
/* assert on the output */

This ensures that you're testing the behavior the user would see in the 
browser. Learn more at https://react.dev/link/wrap-tests-with-act
An update to LazyImage inside a test was not wrapped in act(...).

When testing, code that causes React state updates should be wrapped into 
act(...):

act(() => {
  /* fire events that update state */
});
/* assert on the output */

This ensures that you're testing the behavior the user would see in the 
browser. Learn more at https://react.dev/link/wrap-tests-with-act
An empty string ("") was passed to the src attribute. This may cause the 
browser to download the whole page again over the network. To fix this, 
either do not render the element at all or pass null to src instead of an 
empty string.
An empty string ("") was passed to the src attribute. This may cause the 
browser to download the whole page again over the network. To fix this, 
either do not render the element at all or pass null to src instead of an 
empty string.
An empty string ("") was passed to the src attribute. This may cause the 
browser to download the whole page again over the network. To fix this, 
either do not render the element at all or pass null to src instead of an 
empty string.
An update to LazyImage inside a test was not wrapped in act(...).

When testing, code that causes React state updates should be wrapped into 
act(...):

act(() => {
  /* fire events that update state */
});
/* assert on the output */

This ensures that you're testing the behavior the user would see in the 
browser. Learn more at https://react.dev/link/wrap-tests-with-act
An update to LazyImage inside a test was not wrapped in act(...).

When testing, code that causes React state updates should be wrapped into 
act(...):

act(() => {
  /* fire events that update state */
});
/* assert on the output */

This ensures that you're testing the behavior the user would see in the 
browser. Learn more at https://react.dev/link/wrap-tests-with-act
An empty string ("") was passed to the src attribute. This may cause the 
browser to download the whole page again over the network. To fix this, 
either do not render the element at all or pass null to src instead of an 
empty string.
An empty string ("") was passed to the src attribute. This may cause the 
browser to download the whole page again over the network. To fix this, 
either do not render the element at all or pass null to src instead of an 
empty string.
An empty string ("") was passed to the src attribute. This may cause the 
browser to download the whole page again over the network. To fix this, 
either do not render the element at all or pass null to src instead of an 
empty string.
An empty string ("") was passed to the src attribute. This may cause the 
browser to download the whole page again over the network. To fix this, 
either do not render the element at all or pass null to src instead of an 
empty string.
An empty string ("") was passed to the src attribute. This may cause the 
browser to download the whole page again over the network. To fix this, 
either do not render the element at all or pass null to src instead of an 
empty string.
An empty string ("") was passed to the src attribute. This may cause the 
browser to download the whole page again over the network. To fix this, 
either do not render the element at all or pass null to src instead of an 
empty string.
An update to LazyImage inside a test was not wrapped in act(...).

When testing, code that causes React state updates should be wrapped into 
act(...):

act(() => {
  /* fire events that update state */
});
/* assert on the output */

This ensures that you're testing the behavior the user would see in the 
browser. Learn more at https://react.dev/link/wrap-tests-with-act
An update to LazyImage inside a test was not wrapped in act(...).

When testing, code that causes React state updates should be wrapped into 
act(...):

act(() => {
  /* fire events that update state */
});
/* assert on the output */

This ensures that you're testing the behavior the user would see in the 
browser. Learn more at https://react.dev/link/wrap-tests-with-act
An empty string ("") was passed to the src attribute. This may cause the 
browser to download the whole page again over the network. To fix this, 
either do not render the element at all or pass null to src instead of an 
empty string.
An update to LazyImage inside a test was not wrapped in act(...).

When testing, code that causes React state updates should be wrapped into 
act(...):

act(() => {
  /* fire events that update state */
});
/* assert on the output */

This ensures that you're testing the behavior the user would see in the 
browser. Learn more at https://react.dev/link/wrap-tests-with-act
An update to LazyImage inside a test was not wrapped in act(...).

When testing, code that causes React state updates should be wrapped into 
act(...):

act(() => {
  /* fire events that update state */
});
/* assert on the output */

This ensures that you're testing the behavior the user would see in the 
browser. Learn more at https://react.dev/link/wrap-tests-with-act
An empty string ("") was passed to the src attribute. This may cause the 
browser to download the whole page again over the network. To fix this, 
either do not render the element at all or pass null to src instead of an 
empty string.
An empty string ("") was passed to the src attribute. This may cause the 
browser to download the whole page again over the network. To fix this, 
either do not render the element at all or pass null to src instead of an 
empty string.
An empty string ("") was passed to the src attribute. This may cause the 
browser to download the whole page again over the network. To fix this, 
either do not render the element at all or pass null to src instead of an 
empty string.
An empty string ("") was passed to the src attribute. This may cause the 
browser to download the whole page again over the network. To fix this, 
either do not render the element at all or pass null to src instead of an 
empty string.
An empty string ("") was passed to the src attribute. This may cause the 
browser to download the whole page again over the network. To fix this, 
either do not render the element at all or pass null to src instead of an 
empty string.
An update to LazyImage inside a test was not wrapped in act(...).

When testing, code that causes React state updates should be wrapped into 
act(...):

act(() => {
  /* fire events that update state */
});
/* assert on the output */

This ensures that you're testing the behavior the user would see in the 
browser. Learn more at https://react.dev/link/wrap-tests-with-act
An update to LazyImage inside a test was not wrapped in act(...).

When testing, code that causes React state updates should be wrapped into 
act(...):

act(() => {
  /* fire events that update state */
});
/* assert on the output */

This ensures that you're testing the behavior the user would see in the 
browser. Learn more at https://react.dev/link/wrap-tests-with-act
An empty string ("") was passed to the src attribute. This may cause the 
browser to download the whole page again over the network. To fix this, 
either do not render the element at all or pass null to src instead of an 
empty string.
An empty string ("") was passed to the src attribute. This may cause the 
browser to download the whole page again over the network. To fix this, 
either do not render the element at all or pass null to src instead of an 
empty string.
An empty string ("") was passed to the src attribute. This may cause the 
browser to download the whole page again over the network. To fix this, 
either do not render the element at all or pass null to src instead of an 
empty string.
An empty string ("") was passed to the src attribute. This may cause the 
browser to download the whole page again over the network. To fix this, 
either do not render the element at all or pass null to src instead of an 
empty string.
An empty string ("") was passed to the src attribute. This may cause the 
browser to download the whole page again over the network. To fix this, 
either do not render the element at all or pass null to src instead of an 
empty string.
An empty string ("") was passed to the src attribute. This may cause the 
browser to download the whole page again over the network. To fix this, 
either do not render the element at all or pass null to src instead of an 
empty string.
An empty string ("") was passed to the src attribute. This may cause the 
browser to download the whole page again over the network. To fix this, 
either do not render the element at all or pass null to src instead of an 
empty string.
An update to LazyImage inside a test was not wrapped in act(...).

When testing, code that causes React state updates should be wrapped into 
act(...):

act(() => {
  /* fire events that update state */
});
/* assert on the output */

This ensures that you're testing the behavior the user would see in the 
browser. Learn more at https://react.dev/link/wrap-tests-with-act
An update to LazyImage inside a test was not wrapped in act(...).

When testing, code that causes React state updates should be wrapped into 
act(...):

act(() => {
  /* fire events that update state */
});
/* assert on the output */

This ensures that you're testing the behavior the user would see in the 
browser. Learn more at https://react.dev/link/wrap-tests-with-act
An empty string ("") was passed to the src attribute. This may cause the 
browser to download the whole page again over the network. To fix this, 
either do not render the element at all or pass null to src instead of an 
empty string.
An empty string ("") was passed to the src attribute. This may cause the 
browser to download the whole page again over the network. To fix this, 
either do not render the element at all or pass null to src instead of an 
empty string.
An empty string ("") was passed to the src attribute. This may cause the 
browser to download the whole page again over the network. To fix this, 
either do not render the element at all or pass null to src instead of an 
empty string.

[90mstderr[2m | 
__tests__/properties/lazy-loading-below-fold.property.test.tsx[2m > 
[22m[2mProperty: Lazy Loading Below Fold[2m > [22m[2mshould use lazy 
loading attribute on img element
[22m[39mAn empty string ("") was passed to the src attribute. This may 
cause the browser to download the whole page again over the network. To 
fix this, either do not render the element at all or pass null to src 
instead of an empty string.
An empty string ("") was passed to the src attribute. This may cause the 
browser to download the whole page again over the network. To fix this, 
either do not render the element at all or pass null to src instead of an 
empty string.
An empty string ("") was passed to the src attribute. This may cause the 
browser to download the whole page again over the network. To fix this, 
either do not render the element at all or pass null to src instead of an 
empty string.
An empty string ("") was passed to the src attribute. This may cause the 
browser to download the whole page again over the network. To fix this, 
either do not render the element at all or pass null to src instead of an 
empty string.
An empty string ("") was passed to the src attribute. This may cause the 
browser to download the whole page again over the network. To fix this, 
either do not render the element at all or pass null to src instead of an 
empty string.
An empty string ("") was passed to the src attribute. This may cause the 
browser to download the whole page again over the network. To fix this, 
either do not render the element at all or pass null to src instead of an 
empty string.
An empty string ("") was passed to the src attribute. This may cause the 
browser to download the whole page again over the network. To fix this, 
either do not render the element at all or pass null to src instead of an 
empty string.
An empty string ("") was passed to the src attribute. This may cause the 
browser to download the whole page again over the network. To fix this, 
either do not render the element at all or pass null to src instead of an 
empty string.
An empty string ("") was passed to the src attribute. This may cause the 
browser to download the whole page again over the network. To fix this, 
either do not render the element at all or pass null to src instead of an 
empty string.
An empty string ("") was passed to the src attribute. This may cause the 
browser to download the whole page again over the network. To fix this, 
either do not render the element at all or pass null to src instead of an 
empty string.
An empty string ("") was passed to the src attribute. This may cause the 
browser to download the whole page again over the network. To fix this, 
either do not render the element at all or pass null to src instead of an 
empty string.
An empty string ("") was passed to the src attribute. This may cause the 
browser to download the whole page again over the network. To fix this, 
either do not render the element at all or pass null to src instead of an 
empty string.
An empty string ("") was passed to the src attribute. This may cause the 
browser to download the whole page again over the network. To fix this, 
either do not render the element at all or pass null to src instead of an 
empty string.
An empty string ("") was passed to the src attribute. This may cause the 
browser to download the whole page again over the network. To fix this, 
either do not render the element at all or pass null to src instead of an 
empty string.
An empty string ("") was passed to the src attribute. This may cause the 
browser to download the whole page again over the network. To fix this, 
either do not render the element at all or pass null to src instead of an 
empty string.
An empty string ("") was passed to the src attribute. This may cause the 
browser to download the whole page again over the network. To fix this, 
either do not render the element at all or pass null to src instead of an 
empty string.
An empty string ("") was passed to the src attribute. This may cause the 
browser to download the whole page again over the network. To fix this, 
either do not render the element at all or pass null to src instead of an 
empty string.
An empty string ("") was passed to the src attribute. This may cause the 
browser to download the whole page again over the network. To fix this, 
either do not render the element at all or pass null to src instead of an 
empty string.
An empty string ("") was passed to the src attribute. This may cause the 
browser to download the whole page again over the network. To fix this, 
either do not render the element at all or pass null to src instead of an 
empty string.
An empty string ("") was passed to the src attribute. This may cause the 
browser to download the whole page again over the network. To fix this, 
either do not render the element at all or pass null to src instead of an 
empty string.
An empty string ("") was passed to the src attribute. This may cause the 
browser to download the whole page again over the network. To fix this, 
either do not render the element at all or pass null to src instead of an 
empty string.
An empty string ("") was passed to the src attribute. This may cause the 
browser to download the whole page again over the network. To fix this, 
either do not render the element at all or pass null to src instead of an 
empty string.
An empty string ("") was passed to the src attribute. This may cause the 
browser to download the whole page again over the network. To fix this, 
either do not render the element at all or pass null to src instead of an 
empty string.
An empty string ("") was passed to the src attribute. This may cause the 
browser to download the whole page again over the network. To fix this, 
either do not render the element at all or pass null to src instead of an 
empty string.
An empty string ("") was passed to the src attribute. This may cause the 
browser to download the whole page again over the network. To fix this, 
either do not render the element at all or pass null to src instead of an 
empty string.
An empty string ("") was passed to the src attribute. This may cause the 
browser to download the whole page again over the network. To fix this, 
either do not render the element at all or pass null to src instead of an 
empty string.
An empty string ("") was passed to the src attribute. This may cause the 
browser to download the whole page again over the network. To fix this, 
either do not render the element at all or pass null to src instead of an 
empty string.
An empty string ("") was passed to the src attribute. This may cause the 
browser to download the whole page again over the network. To fix this, 
either do not render the element at all or pass null to src instead of an 
empty string.
An empty string ("") was passed to the src attribute. This may cause the 
browser to download the whole page again over the network. To fix this, 
either do not render the element at all or pass null to src instead of an 
empty string.
An empty string ("") was passed to the src attribute. This may cause the 
browser to download the whole page again over the network. To fix this, 
either do not render the element at all or pass null to src instead of an 
empty string.
An empty string ("") was passed to the src attribute. This may cause the 
browser to download the whole page again over the network. To fix this, 
either do not render the element at all or pass null to src instead of an 
empty string.
An empty string ("") was passed to the src attribute. This may cause the 
browser to download the whole page again over the network. To fix this, 
either do not render the element at all or pass null to src instead of an 
empty string.
An empty string ("") was passed to the src attribute. This may cause the 
browser to download the whole page again over the network. To fix this, 
either do not render the element at all or pass null to src instead of an 
empty string.
An empty string ("") was passed to the src attribute. This may cause the 
browser to download the whole page again over the network. To fix this, 
either do not render the element at all or pass null to src instead of an 
empty string.
An empty string ("") was passed to the src attribute. This may cause the 
browser to download the whole page again over the network. To fix this, 
either do not render the element at all or pass null to src instead of an 
empty string.
An empty string ("") was passed to the src attribute. This may cause the 
browser to download the whole page again over the network. To fix this, 
either do not render the element at all or pass null to src instead of an 
empty string.
An empty string ("") was passed to the src attribute. This may cause the 
browser to download the whole page again over the network. To fix this, 
either do not render the element at all or pass null to src instead of an 
empty string.
An empty string ("") was passed to the src attribute. This may cause the 
browser to download the whole page again over the network. To fix this, 
either do not render the element at all or pass null to src instead of an 
empty string.
An empty string ("") was passed to the src attribute. This may cause the 
browser to download the whole page again over the network. To fix this, 
either do not render the element at all or pass null to src instead of an 
empty string.
An empty string ("") was passed to the src attribute. This may cause the 
browser to download the whole page again over the network. To fix this, 
either do not render the element at all or pass null to src instead of an 
empty string.
An empty string ("") was passed to the src attribute. This may cause the 
browser to download the whole page again over the network. To fix this, 
either do not render the element at all or pass null to src instead of an 
empty string.
An empty string ("") was passed to the src attribute. This may cause the 
browser to download the whole page again over the network. To fix this, 
either do not render the element at all or pass null to src instead of an 
empty string.
An empty string ("") was passed to the src attribute. This may cause the 
browser to download the whole page again over the network. To fix this, 
either do not render the element at all or pass null to src instead of an 
empty string.
An empty string ("") was passed to the src attribute. This may cause the 
browser to download the whole page again over the network. To fix this, 
either do not render the element at all or pass null to src instead of an 
empty string.
An empty string ("") was passed to the src attribute. This may cause the 
browser to download the whole page again over the network. To fix this, 
either do not render the element at all or pass null to src instead of an 
empty string.
An empty string ("") was passed to the src attribute. This may cause the 
browser to download the whole page again over the network. To fix this, 
either do not render the element at all or pass null to src instead of an 
empty string.
An empty string ("") was passed to the src attribute. This may cause the 
browser to download the whole page again over the network. To fix this, 
either do not render the element at all or pass null to src instead of an 
empty string.
An empty string ("") was passed to the src attribute. This may cause the 
browser to download the whole page again over the network. To fix this, 
either do not render the element at all or pass null to src instead of an 
empty string.
An empty string ("") was passed to the src attribute. This may cause the 
browser to download the whole page again over the network. To fix this, 
either do not render the element at all or pass null to src instead of an 
empty string.
An empty string ("") was passed to the src attribute. This may cause the 
browser to download the whole page again over the network. To fix this, 
either do not render the element at all or pass null to src instead of an 
empty string.
An empty string ("") was passed to the src attribute. This may cause the 
browser to download the whole page again over the network. To fix this, 
either do not render the element at all or pass null to src instead of an 
empty string.
An empty string ("") was passed to the src attribute. This may cause the 
browser to download the whole page again over the network. To fix this, 
either do not render the element at all or pass null to src instead of an 
empty string.
An empty string ("") was passed to the src attribute. This may cause the 
browser to download the whole page again over the network. To fix this, 
either do not render the element at all or pass null to src instead of an 
empty string.
An empty string ("") was passed to the src attribute. This may cause the 
browser to download the whole page again over the network. To fix this, 
either do not render the element at all or pass null to src instead of an 
empty string.
An empty string ("") was passed to the src attribute. This may cause the 
browser to download the whole page again over the network. To fix this, 
either do not render the element at all or pass null to src instead of an 
empty string.
An empty string ("") was passed to the src attribute. This may cause the 
browser to download the whole page again over the network. To fix this, 
either do not render the element at all or pass null to src instead of an 
empty string.
An empty string ("") was passed to the src attribute. This may cause the 
browser to download the whole page again over the network. To fix this, 
either do not render the element at all or pass null to src instead of an 
empty string.
An empty string ("") was passed to the src attribute. This may cause the 
browser to download the whole page again over the network. To fix this, 
either do not render the element at all or pass null to src instead of an 
empty string.
An empty string ("") was passed to the src attribute. This may cause the 
browser to download the whole page again over the network. To fix this, 
either do not render the element at all or pass null to src instead of an 
empty string.
An empty string ("") was passed to the src attribute. This may cause the 
browser to download the whole page again over the network. To fix this, 
either do not render the element at all or pass null to src instead of an 
empty string.
An empty string ("") was passed to the src attribute. This may cause the 
browser to download the whole page again over the network. To fix this, 
either do not render the element at all or pass null to src instead of an 
empty string.
An empty string ("") was passed to the src attribute. This may cause the 
browser to download the whole page again over the network. To fix this, 
either do not render the element at all or pass null to src instead of an 
empty string.
An empty string ("") was passed to the src attribute. This may cause the 
browser to download the whole page again over the network. To fix this, 
either do not render the element at all or pass null to src instead of an 
empty string.
An empty string ("") was passed to the src attribute. This may cause the 
browser to download the whole page again over the network. To fix this, 
either do not render the element at all or pass null to src instead of an 
empty string.
An empty string ("") was passed to the src attribute. This may cause the 
browser to download the whole page again over the network. To fix this, 
either do not render the element at all or pass null to src instead of an 
empty string.
An empty string ("") was passed to the src attribute. This may cause the 
browser to download the whole page again over the network. To fix this, 
either do not render the element at all or pass null to src instead of an 
empty string.
An empty string ("") was passed to the src attribute. This may cause the 
browser to download the whole page again over the network. To fix this, 
either do not render the element at all or pass null to src instead of an 
empty string.
An empty string ("") was passed to the src attribute. This may cause the 
browser to download the whole page again over the network. To fix this, 
either do not render the element at all or pass null to src instead of an 
empty string.
An empty string ("") was passed to the src attribute. This may cause the 
browser to download the whole page again over the network. To fix this, 
either do not render the element at all or pass null to src instead of an 
empty string.
An empty string ("") was passed to the src attribute. This may cause the 
browser to download the whole page again over the network. To fix this, 
either do not render the element at all or pass null to src instead of an 
empty string.
An empty string ("") was passed to the src attribute. This may cause the 
browser to download the whole page again over the network. To fix this, 
either do not render the element at all or pass null to src instead of an 
empty string.
An empty string ("") was passed to the src attribute. This may cause the 
browser to download the whole page again over the network. To fix this, 
either do not render the element at all or pass null to src instead of an 
empty string.
An empty string ("") was passed to the src attribute. This may cause the 
browser to download the whole page again over the network. To fix this, 
either do not render the element at all or pass null to src instead of an 
empty string.
An empty string ("") was passed to the src attribute. This may cause the 
browser to download the whole page again over the network. To fix this, 
either do not render the element at all or pass null to src instead of an 
empty string.
An empty string ("") was passed to the src attribute. This may cause the 
browser to download the whole page again over the network. To fix this, 
either do not render the element at all or pass null to src instead of an 
empty string.
An empty string ("") was passed to the src attribute. This may cause the 
browser to download the whole page again over the network. To fix this, 
either do not render the element at all or pass null to src instead of an 
empty string.
An empty string ("") was passed to the src attribute. This may cause the 
browser to download the whole page again over the network. To fix this, 
either do not render the element at all or pass null to src instead of an 
empty string.
An empty string ("") was passed to the src attribute. This may cause the 
browser to download the whole page again over the network. To fix this, 
either do not render the element at all or pass null to src instead of an 
empty string.
An empty string ("") was passed to the src attribute. This may cause the 
browser to download the whole page again over the network. To fix this, 
either do not render the element at all or pass null to src instead of an 
empty string.
An empty string ("") was passed to the src attribute. This may cause the 
browser to download the whole page again over the network. To fix this, 
either do not render the element at all or pass null to src instead of an 
empty string.
An empty string ("") was passed to the src attribute. This may cause the 
browser to download the whole page again over the network. To fix this, 
either do not render the element at all or pass null to src instead of an 
empty string.
An empty string ("") was passed to the src attribute. This may cause the 
browser to download the whole page again over the network. To fix this, 
either do not render the element at all or pass null to src instead of an 
empty string.
An empty string ("") was passed to the src attribute. This may cause the 
browser to download the whole page again over the network. To fix this, 
either do not render the element at all or pass null to src instead of an 
empty string.
An empty string ("") was passed to the src attribute. This may cause the 
browser to download the whole page again over the network. To fix this, 
either do not render the element at all or pass null to src instead of an 
empty string.
An empty string ("") was passed to the src attribute. This may cause the 
browser to download the whole page again over the network. To fix this, 
either do not render the element at all or pass null to src instead of an 
empty string.
An empty string ("") was passed to the src attribute. This may cause the 
browser to download the whole page again over the network. To fix this, 
either do not render the element at all or pass null to src instead of an 
empty string.
An empty string ("") was passed to the src attribute. This may cause the 
browser to download the whole page again over the network. To fix this, 
either do not render the element at all or pass null to src instead of an 
empty string.
An empty string ("") was passed to the src attribute. This may cause the 
browser to download the whole page again over the network. To fix this, 
either do not render the element at all or pass null to src instead of an 
empty string.
An empty string ("") was passed to the src attribute. This may cause the 
browser to download the whole page again over the network. To fix this, 
either do not render the element at all or pass null to src instead of an 
empty string.
An empty string ("") was passed to the src attribute. This may cause the 
browser to download the whole page again over the network. To fix this, 
either do not render the element at all or pass null to src instead of an 
empty string.
An empty string ("") was passed to the src attribute. This may cause the 
browser to download the whole page again over the network. To fix this, 
either do not render the element at all or pass null to src instead of an 
empty string.
An empty string ("") was passed to the src attribute. This may cause the 
browser to download the whole page again over the network. To fix this, 
either do not render the element at all or pass null to src instead of an 
empty string.
An empty string ("") was passed to the src attribute. This may cause the 
browser to download the whole page again over the network. To fix this, 
either do not render the element at all or pass null to src instead of an 
empty string.
An empty string ("") was passed to the src attribute. This may cause the 
browser to download the whole page again over the network. To fix this, 
either do not render the element at all or pass null to src instead of an 
empty string.
An empty string ("") was passed to the src attribute. This may cause the 
browser to download the whole page again over the network. To fix this, 
either do not render the element at all or pass null to src instead of an 
empty string.
An empty string ("") was passed to the src attribute. This may cause the 
browser to download the whole page again over the network. To fix this, 
either do not render the element at all or pass null to src instead of an 
empty string.
An empty string ("") was passed to the src attribute. This may cause the 
browser to download the whole page again over the network. To fix this, 
either do not render the element at all or pass null to src instead of an 
empty string.
An empty string ("") was passed to the src attribute. This may cause the 
browser to download the whole page again over the network. To fix this, 
either do not render the element at all or pass null to src instead of an 
empty string.
An empty string ("") was passed to the src attribute. This may cause the 
browser to download the whole page again over the network. To fix this, 
either do not render the element at all or pass null to src instead of an 
empty string.
An empty string ("") was passed to the src attribute. This may cause the 
browser to download the whole page again over the network. To fix this, 
either do not render the element at all or pass null to src instead of an 
empty string.

[90mstderr[2m | 
__tests__/properties/lazy-loading-below-fold.property.test.tsx[2m > 
[22m[2mProperty: Lazy Loading Below Fold[2m > [22m[2mshould show 
placeholder while image is not loaded
[22m[39mAn empty string ("") was passed to the src attribute. This may 
cause the browser to download the whole page again over the network. To 
fix this, either do not render the element at all or pass null to src 
instead of an empty string.
An empty string ("") was passed to the src attribute. This may cause the 
browser to download the whole page again over the network. To fix this, 
either do not render the element at all or pass null to src instead of an 
empty string.
An empty string ("") was passed to the src attribute. This may cause the 
browser to download the whole page again over the network. To fix this, 
either do not render the element at all or pass null to src instead of an 
empty string.
An empty string ("") was passed to the src attribute. This may cause the 
browser to download the whole page again over the network. To fix this, 
either do not render the element at all or pass null to src instead of an 
empty string.
An empty string ("") was passed to the src attribute. This may cause the 
browser to download the whole page again over the network. To fix this, 
either do not render the element at all or pass null to src instead of an 
empty string.
An empty string ("") was passed to the src attribute. This may cause the 
browser to download the whole page again over the network. To fix this, 
either do not render the element at all or pass null to src instead of an 
empty string.
An empty string ("") was passed to the src attribute. This may cause the 
browser to download the whole page again over the network. To fix this, 
either do not render the element at all or pass null to src instead of an 
empty string.
An empty string ("") was passed to the src attribute. This may cause the 
browser to download the whole page again over the network. To fix this, 
either do not render the element at all or pass null to src instead of an 
empty string.
An empty string ("") was passed to the src attribute. This may cause the 
browser to download the whole page again over the network. To fix this, 
either do not render the element at all or pass null to src instead of an 
empty string.
An empty string ("") was passed to the src attribute. This may cause the 
browser to download the whole page again over the network. To fix this, 
either do not render the element at all or pass null to src instead of an 
empty string.
An empty string ("") was passed to the src attribute. This may cause the 
browser to download the whole page again over the network. To fix this, 
either do not render the element at all or pass null to src instead of an 
empty string.
An empty string ("") was passed to the src attribute. This may cause the 
browser to download the whole page again over the network. To fix this, 
either do not render the element at all or pass null to src instead of an 
empty string.
An empty string ("") was passed to the src attribute. This may cause the 
browser to download the whole page again over the network. To fix this, 
either do not render the element at all or pass null to src instead of an 
empty string.
An empty string ("") was passed to the src attribute. This may cause the 
browser to download the whole page again over the network. To fix this, 
either do not render the element at all or pass null to src instead of an 
empty string.
An empty string ("") was passed to the src attribute. This may cause the 
browser to download the whole page again over the network. To fix this, 
either do not render the element at all or pass null to src instead of an 
empty string.
An empty string ("") was passed to the src attribute. This may cause the 
browser to download the whole page again over the network. To fix this, 
either do not render the element at all or pass null to src instead of an 
empty string.
An empty string ("") was passed to the src attribute. This may cause the 
browser to download the whole page again over the network. To fix this, 
either do not render the element at all or pass null to src instead of an 
empty string.
An empty string ("") was passed to the src attribute. This may cause the 
browser to download the whole page again over the network. To fix this, 
either do not render the element at all or pass null to src instead of an 
empty string.
An empty string ("") was passed to the src attribute. This may cause the 
browser to download the whole page again over the network. To fix this, 
either do not render the element at all or pass null to src instead of an 
empty string.
An empty string ("") was passed to the src attribute. This may cause the 
browser to download the whole page again over the network. To fix this, 
either do not render the element at all or pass null to src instead of an 
empty string.
An empty string ("") was passed to the src attribute. This may cause the 
browser to download the whole page again over the network. To fix this, 
either do not render the element at all or pass null to src instead of an 
empty string.
An empty string ("") was passed to the src attribute. This may cause the 
browser to download the whole page again over the network. To fix this, 
either do not render the element at all or pass null to src instead of an 
empty string.
An empty string ("") was passed to the src attribute. This may cause the 
browser to download the whole page again over the network. To fix this, 
either do not render the element at all or pass null to src instead of an 
empty string.
An empty string ("") was passed to the src attribute. This may cause the 
browser to download the whole page again over the network. To fix this, 
either do not render the element at all or pass null to src instead of an 
empty string.
An empty string ("") was passed to the src attribute. This may cause the 
browser to download the whole page again over the network. To fix this, 
either do not render the element at all or pass null to src instead of an 
empty string.
An empty string ("") was passed to the src attribute. This may cause the 
browser to download the whole page again over the network. To fix this, 
either do not render the element at all or pass null to src instead of an 
empty string.
An empty string ("") was passed to the src attribute. This may cause the 
browser to download the whole page again over the network. To fix this, 
either do not render the element at all or pass null to src instead of an 
empty string.
An empty string ("") was passed to the src attribute. This may cause the 
browser to download the whole page again over the network. To fix this, 
either do not render the element at all or pass null to src instead of an 
empty string.
An empty string ("") was passed to the src attribute. This may cause the 
browser to download the whole page again over the network. To fix this, 
either do not render the element at all or pass null to src instead of an 
empty string.
An empty string ("") was passed to the src attribute. This may cause the 
browser to download the whole page again over the network. To fix this, 
either do not render the element at all or pass null to src instead of an 
empty string.
An empty string ("") was passed to the src attribute. This may cause the 
browser to download the whole page again over the network. To fix this, 
either do not render the element at all or pass null to src instead of an 
empty string.
An empty string ("") was passed to the src attribute. This may cause the 
browser to download the whole page again over the network. To fix this, 
either do not render the element at all or pass null to src instead of an 
empty string.
An empty string ("") was passed to the src attribute. This may cause the 
browser to download the whole page again over the network. To fix this, 
either do not render the element at all or pass null to src instead of an 
empty string.
An empty string ("") was passed to the src attribute. This may cause the 
browser to download the whole page again over the network. To fix this, 
either do not render the element at all or pass null to src instead of an 
empty string.
An empty string ("") was passed to the src attribute. This may cause the 
browser to download the whole page again over the network. To fix this, 
either do not render the element at all or pass null to src instead of an 
empty string.
An empty string ("") was passed to the src attribute. This may cause the 
browser to download the whole page again over the network. To fix this, 
either do not render the element at all or pass null to src instead of an 
empty string.
An empty string ("") was passed to the src attribute. This may cause the 
browser to download the whole page again over the network. To fix this, 
either do not render the element at all or pass null to src instead of an 
empty string.
An empty string ("") was passed to the src attribute. This may cause the 
browser to download the whole page again over the network. To fix this, 
either do not render the element at all or pass null to src instead of an 
empty string.
An empty string ("") was passed to the src attribute. This may cause the 
browser to download the whole page again over the network. To fix this, 
either do not render the element at all or pass null to src instead of an 
empty string.
An empty string ("") was passed to the src attribute. This may cause the 
browser to download the whole page again over the network. To fix this, 
either do not render the element at all or pass null to src instead of an 
empty string.
An empty string ("") was passed to the src attribute. This may cause the 
browser to download the whole page again over the network. To fix this, 
either do not render the element at all or pass null to src instead of an 
empty string.
An empty string ("") was passed to the src attribute. This may cause the 
browser to download the whole page again over the network. To fix this, 
either do not render the element at all or pass null to src instead of an 
empty string.
An empty string ("") was passed to the src attribute. This may cause the 
browser to download the whole page again over the network. To fix this, 
either do not render the element at all or pass null to src instead of an 
empty string.
An empty string ("") was passed to the src attribute. This may cause the 
browser to download the whole page again over the network. To fix this, 
either do not render the element at all or pass null to src instead of an 
empty string.
An empty string ("") was passed to the src attribute. This may cause the 
browser to download the whole page again over the network. To fix this, 
either do not render the element at all or pass null to src instead of an 
empty string.
An empty string ("") was passed to the src attribute. This may cause the 
browser to download the whole page again over the network. To fix this, 
either do not render the element at all or pass null to src instead of an 
empty string.
An empty string ("") was passed to the src attribute. This may cause the 
browser to download the whole page again over the network. To fix this, 
either do not render the element at all or pass null to src instead of an 
empty string.
An empty string ("") was passed to the src attribute. This may cause the 
browser to download the whole page again over the network. To fix this, 
either do not render the element at all or pass null to src instead of an 
empty string.
An empty string ("") was passed to the src attribute. This may cause the 
browser to download the whole page again over the network. To fix this, 
either do not render the element at all or pass null to src instead of an 
empty string.
An empty string ("") was passed to the src attribute. This may cause the 
browser to download the whole page again over the network. To fix this, 
either do not render the element at all or pass null to src instead of an 
empty string.
An empty string ("") was passed to the src attribute. This may cause the 
browser to download the whole page again over the network. To fix this, 
either do not render the element at all or pass null to src instead of an 
empty string.
An empty string ("") was passed to the src attribute. This may cause the 
browser to download the whole page again over the network. To fix this, 
either do not render the element at all or pass null to src instead of an 
empty string.
An empty string ("") was passed to the src attribute. This may cause the 
browser to download the whole page again over the network. To fix this, 
either do not render the element at all or pass null to src instead of an 
empty string.
An empty string ("") was passed to the src attribute. This may cause the 
browser to download the whole page again over the network. To fix this, 
either do not render the element at all or pass null to src instead of an 
empty string.
An empty string ("") was passed to the src attribute. This may cause the 
browser to download the whole page again over the network. To fix this, 
either do not render the element at all or pass null to src instead of an 
empty string.
An empty string ("") was passed to the src attribute. This may cause the 
browser to download the whole page again over the network. To fix this, 
either do not render the element at all or pass null to src instead of an 
empty string.
An empty string ("") was passed to the src attribute. This may cause the 
browser to download the whole page again over the network. To fix this, 
either do not render the element at all or pass null to src instead of an 
empty string.
An empty string ("") was passed to the src attribute. This may cause the 
browser to download the whole page again over the network. To fix this, 
either do not render the element at all or pass null to src instead of an 
empty string.
An empty string ("") was passed to the src attribute. This may cause the 
browser to download the whole page again over the network. To fix this, 
either do not render the element at all or pass null to src instead of an 
empty string.
An empty string ("") was passed to the src attribute. This may cause the 
browser to download the whole page again over the network. To fix this, 
either do not render the element at all or pass null to src instead of an 
empty string.
An empty string ("") was passed to the src attribute. This may cause the 
browser to download the whole page again over the network. To fix this, 
either do not render the element at all or pass null to src instead of an 
empty string.
An empty string ("") was passed to the src attribute. This may cause the 
browser to download the whole page again over the network. To fix this, 
either do not render the element at all or pass null to src instead of an 
empty string.
An empty string ("") was passed to the src attribute. This may cause the 
browser to download the whole page again over the network. To fix this, 
either do not render the element at all or pass null to src instead of an 
empty string.
An empty string ("") was passed to the src attribute. This may cause the 
browser to download the whole page again over the network. To fix this, 
either do not render the element at all or pass null to src instead of an 
empty string.
An empty string ("") was passed to the src attribute. This may cause the 
browser to download the whole page again over the network. To fix this, 
either do not render the element at all or pass null to src instead of an 
empty string.
An empty string ("") was passed to the src attribute. This may cause the 
browser to download the whole page again over the network. To fix this, 
either do not render the element at all or pass null to src instead of an 
empty string.
An empty string ("") was passed to the src attribute. This may cause the 
browser to download the whole page again over the network. To fix this, 
either do not render the element at all or pass null to src instead of an 
empty string.
An empty string ("") was passed to the src attribute. This may cause the 
browser to download the whole page again over the network. To fix this, 
either do not render the element at all or pass null to src instead of an 
empty string.
An empty string ("") was passed to the src attribute. This may cause the 
browser to download the whole page again over the network. To fix this, 
either do not render the element at all or pass null to src instead of an 
empty string.
An empty string ("") was passed to the src attribute. This may cause the 
browser to download the whole page again over the network. To fix this, 
either do not render the element at all or pass null to src instead of an 
empty string.
An empty string ("") was passed to the src attribute. This may cause the 
browser to download the whole page again over the network. To fix this, 
either do not render the element at all or pass null to src instead of an 
empty string.
An empty string ("") was passed to the src attribute. This may cause the 
browser to download the whole page again over the network. To fix this, 
either do not render the element at all or pass null to src instead of an 
empty string.
An empty string ("") was passed to the src attribute. This may cause the 
browser to download the whole page again over the network. To fix this, 
either do not render the element at all or pass null to src instead of an 
empty string.
An empty string ("") was passed to the src attribute. This may cause the 
browser to download the whole page again over the network. To fix this, 
either do not render the element at all or pass null to src instead of an 
empty string.
An empty string ("") was passed to the src attribute. This may cause the 
browser to download the whole page again over the network. To fix this, 
either do not render the element at all or pass null to src instead of an 
empty string.
An empty string ("") was passed to the src attribute. This may cause the 
browser to download the whole page again over the network. To fix this, 
either do not render the element at all or pass null to src instead of an 
empty string.
An empty string ("") was passed to the src attribute. This may cause the 
browser to download the whole page again over the network. To fix this, 
either do not render the element at all or pass null to src instead of an 
empty string.
An empty string ("") was passed to the src attribute. This may cause the 
browser to download the whole page again over the network. To fix this, 
either do not render the element at all or pass null to src instead of an 
empty string.
An empty string ("") was passed to the src attribute. This may cause the 
browser to download the whole page again over the network. To fix this, 
either do not render the element at all or pass null to src instead of an 
empty string.
An empty string ("") was passed to the src attribute. This may cause the 
browser to download the whole page again over the network. To fix this, 
either do not render the element at all or pass null to src instead of an 
empty string.
An empty string ("") was passed to the src attribute. This may cause the 
browser to download the whole page again over the network. To fix this, 
either do not render the element at all or pass null to src instead of an 
empty string.
An empty string ("") was passed to the src attribute. This may cause the 
browser to download the whole page again over the network. To fix this, 
either do not render the element at all or pass null to src instead of an 
empty string.
An empty string ("") was passed to the src attribute. This may cause the 
browser to download the whole page again over the network. To fix this, 
either do not render the element at all or pass null to src instead of an 
empty string.
An empty string ("") was passed to the src attribute. This may cause the 
browser to download the whole page again over the network. To fix this, 
either do not render the element at all or pass null to src instead of an 
empty string.
An empty string ("") was passed to the src attribute. This may cause the 
browser to download the whole page again over the network. To fix this, 
either do not render the element at all or pass null to src instead of an 
empty string.
An empty string ("") was passed to the src attribute. This may cause the 
browser to download the whole page again over the network. To fix this, 
either do not render the element at all or pass null to src instead of an 
empty string.
An empty string ("") was passed to the src attribute. This may cause the 
browser to download the whole page again over the network. To fix this, 
either do not render the element at all or pass null to src instead of an 
empty string.
An empty string ("") was passed to the src attribute. This may cause the 
browser to download the whole page again over the network. To fix this, 
either do not render the element at all or pass null to src instead of an 
empty string.
An empty string ("") was passed to the src attribute. This may cause the 
browser to download the whole page again over the network. To fix this, 
either do not render the element at all or pass null to src instead of an 
empty string.
An empty string ("") was passed to the src attribute. This may cause the 
browser to download the whole page again over the network. To fix this, 
either do not render the element at all or pass null to src instead of an 
empty string.
An empty string ("") was passed to the src attribute. This may cause the 
browser to download the whole page again over the network. To fix this, 
either do not render the element at all or pass null to src instead of an 
empty string.
An empty string ("") was passed to the src attribute. This may cause the 
browser to download the whole page again over the network. To fix this, 
either do not render the element at all or pass null to src instead of an 
empty string.
An empty string ("") was passed to the src attribute. This may cause the 
browser to download the whole page again over the network. To fix this, 
either do not render the element at all or pass null to src instead of an 
empty string.
An empty string ("") was passed to the src attribute. This may cause the 
browser to download the whole page again over the network. To fix this, 
either do not render the element at all or pass null to src instead of an 
empty string.
An empty string ("") was passed to the src attribute. This may cause the 
browser to download the whole page again over the network. To fix this, 
either do not render the element at all or pass null to src instead of an 
empty string.
An empty string ("") was passed to the src attribute. This may cause the 
browser to download the whole page again over the network. To fix this, 
either do not render the element at all or pass null to src instead of an 
empty string.
An empty string ("") was passed to the src attribute. This may cause the 
browser to download the whole page again over the network. To fix this, 
either do not render the element at all or pass null to src instead of an 
empty string.
An empty string ("") was passed to the src attribute. This may cause the 
browser to download the whole page again over the network. To fix this, 
either do not render the element at all or pass null to src instead of an 
empty string.
An empty string ("") was passed to the src attribute. This may cause the 
browser to download the whole page again over the network. To fix this, 
either do not render the element at all or pass null to src instead of an 
empty string.
An empty string ("") was passed to the src attribute. This may cause the 
browser to download the whole page again over the network. To fix this, 
either do not render the element at all or pass null to src instead of an 
empty string.

[90mstderr[2m | 
__tests__/properties/lazy-loading-below-fold.property.test.tsx[2m > 
[22m[2mProperty: Lazy Loading Below Fold[2m > [22m[2mshould handle 
custom root margins correctly
[22m[39mAn empty string ("") was passed to the src attribute. This may 
cause the browser to download the whole page again over the network. To 
fix this, either do not render the element at all or pass null to src 
instead of an empty string.
An empty string ("") was passed to the src attribute. This may cause the 
browser to download the whole page again over the network. To fix this, 
either do not render the element at all or pass null to src instead of an 
empty string.
An empty string ("") was passed to the src attribute. This may cause the 
browser to download the whole page again over the network. To fix this, 
either do not render the element at all or pass null to src instead of an 
empty string.
An empty string ("") was passed to the src attribute. This may cause the 
browser to download the whole page again over the network. To fix this, 
either do not render the element at all or pass null to src instead of an 
empty string.
An empty string ("") was passed to the src attribute. This may cause the 
browser to download the whole page again over the network. To fix this, 
either do not render the element at all or pass null to src instead of an 
empty string.
An empty string ("") was passed to the src attribute. This may cause the 
browser to download the whole page again over the network. To fix this, 
either do not render the element at all or pass null to src instead of an 
empty string.
An empty string ("") was passed to the src attribute. This may cause the 
browser to download the whole page again over the network. To fix this, 
either do not render the element at all or pass null to src instead of an 
empty string.
An empty string ("") was passed to the src attribute. This may cause the 
browser to download the whole page again over the network. To fix this, 
either do not render the element at all or pass null to src instead of an 
empty string.
An empty string ("") was passed to the src attribute. This may cause the 
browser to download the whole page again over the network. To fix this, 
either do not render the element at all or pass null to src instead of an 
empty string.
An empty string ("") was passed to the src attribute. This may cause the 
browser to download the whole page again over the network. To fix this, 
either do not render the element at all or pass null to src instead of an 
empty string.
An empty string ("") was passed to the src attribute. This may cause the 
browser to download the whole page again over the network. To fix this, 
either do not render the element at all or pass null to src instead of an 
empty string.
An empty string ("") was passed to the src attribute. This may cause the 
browser to download the whole page again over the network. To fix this, 
either do not render the element at all or pass null to src instead of an 
empty string.
An empty string ("") was passed to the src attribute. This may cause the 
browser to download the whole page again over the network. To fix this, 
either do not render the element at all or pass null to src instead of an 
empty string.
An empty string ("") was passed to the src attribute. This may cause the 
browser to download the whole page again over the network. To fix this, 
either do not render the element at all or pass null to src instead of an 
empty string.
An empty string ("") was passed to the src attribute. This may cause the 
browser to download the whole page again over the network. To fix this, 
either do not render the element at all or pass null to src instead of an 
empty string.
An empty string ("") was passed to the src attribute. This may cause the 
browser to download the whole page again over the network. To fix this, 
either do not render the element at all or pass null to src instead of an 
empty string.
An empty string ("") was passed to the src attribute. This may cause the 
browser to download the whole page again over the network. To fix this, 
either do not render the element at all or pass null to src instead of an 
empty string.
An empty string ("") was passed to the src attribute. This may cause the 
browser to download the whole page again over the network. To fix this, 
either do not render the element at all or pass null to src instead of an 
empty string.
An empty string ("") was passed to the src attribute. This may cause the 
browser to download the whole page again over the network. To fix this, 
either do not render the element at all or pass null to src instead of an 
empty string.
An empty string ("") was passed to the src attribute. This may cause the 
browser to download the whole page again over the network. To fix this, 
either do not render the element at all or pass null to src instead of an 
empty string.
An empty string ("") was passed to the src attribute. This may cause the 
browser to download the whole page again over the network. To fix this, 
either do not render the element at all or pass null to src instead of an 
empty string.
An empty string ("") was passed to the src attribute. This may cause the 
browser to download the whole page again over the network. To fix this, 
either do not render the element at all or pass null to src instead of an 
empty string.
An empty string ("") was passed to the src attribute. This may cause the 
browser to download the whole page again over the network. To fix this, 
either do not render the element at all or pass null to src instead of an 
empty string.
An empty string ("") was passed to the src attribute. This may cause the 
browser to download the whole page again over the network. To fix this, 
either do not render the element at all or pass null to src instead of an 
empty string.
An empty string ("") was passed to the src attribute. This may cause the 
browser to download the whole page again over the network. To fix this, 
either do not render the element at all or pass null to src instead of an 
empty string.
An empty string ("") was passed to the src attribute. This may cause the 
browser to download the whole page again over the network. To fix this, 
either do not render the element at all or pass null to src instead of an 
empty string.
An empty string ("") was passed to the src attribute. This may cause the 
browser to download the whole page again over the network. To fix this, 
either do not render the element at all or pass null to src instead of an 
empty string.
An empty string ("") was passed to the src attribute. This may cause the 
browser to download the whole page again over the network. To fix this, 
either do not render the element at all or pass null to src instead of an 
empty string.
An empty string ("") was passed to the src attribute. This may cause the 
browser to download the whole page again over the network. To fix this, 
either do not render the element at all or pass null to src instead of an 
empty string.
An empty string ("") was passed to the src attribute. This may cause the 
browser to download the whole page again over the network. To fix this, 
either do not render the element at all or pass null to src instead of an 
empty string.
An empty string ("") was passed to the src attribute. This may cause the 
browser to download the whole page again over the network. To fix this, 
either do not render the element at all or pass null to src instead of an 
empty string.
An empty string ("") was passed to the src attribute. This may cause the 
browser to download the whole page again over the network. To fix this, 
either do not render the element at all or pass null to src instead of an 
empty string.
An empty string ("") was passed to the src attribute. This may cause the 
browser to download the whole page again over the network. To fix this, 
either do not render the element at all or pass null to src instead of an 
empty string.
An empty string ("") was passed to the src attribute. This may cause the 
browser to download the whole page again over the network. To fix this, 
either do not render the element at all or pass null to src instead of an 
empty string.
An empty string ("") was passed to the src attribute. This may cause the 
browser to download the whole page again over the network. To fix this, 
either do not render the element at all or pass null to src instead of an 
empty string.
An empty string ("") was passed to the src attribute. This may cause the 
browser to download the whole page again over the network. To fix this, 
either do not render the element at all or pass null to src instead of an 
empty string.
An empty string ("") was passed to the src attribute. This may cause the 
browser to download the whole page again over the network. To fix this, 
either do not render the element at all or pass null to src instead of an 
empty string.
An empty string ("") was passed to the src attribute. This may cause the 
browser to download the whole page again over the network. To fix this, 
either do not render the element at all or pass null to src instead of an 
empty string.
An empty string ("") was passed to the src attribute. This may cause the 
browser to download the whole page again over the network. To fix this, 
either do not render the element at all or pass null to src instead of an 
empty string.
An empty string ("") was passed to the src attribute. This may cause the 
browser to download the whole page again over the network. To fix this, 
either do not render the element at all or pass null to src instead of an 
empty string.
An empty string ("") was passed to the src attribute. This may cause the 
browser to download the whole page again over the network. To fix this, 
either do not render the element at all or pass null to src instead of an 
empty string.
An empty string ("") was passed to the src attribute. This may cause the 
browser to download the whole page again over the network. To fix this, 
either do not render the element at all or pass null to src instead of an 
empty string.
An empty string ("") was passed to the src attribute. This may cause the 
browser to download the whole page again over the network. To fix this, 
either do not render the element at all or pass null to src instead of an 
empty string.
An empty string ("") was passed to the src attribute. This may cause the 
browser to download the whole page again over the network. To fix this, 
either do not render the element at all or pass null to src instead of an 
empty string.
An empty string ("") was passed to the src attribute. This may cause the 
browser to download the whole page again over the network. To fix this, 
either do not render the element at all or pass null to src instead of an 
empty string.
An empty string ("") was passed to the src attribute. This may cause the 
browser to download the whole page again over the network. To fix this, 
either do not render the element at all or pass null to src instead of an 
empty string.
An empty string ("") was passed to the src attribute. This may cause the 
browser to download the whole page again over the network. To fix this, 
either do not render the element at all or pass null to src instead of an 
empty string.
An empty string ("") was passed to the src attribute. This may cause the 
browser to download the whole page again over the network. To fix this, 
either do not render the element at all or pass null to src instead of an 
empty string.
An empty string ("") was passed to the src attribute. This may cause the 
browser to download the whole page again over the network. To fix this, 
either do not render the element at all or pass null to src instead of an 
empty string.
An empty string ("") was passed to the src attribute. This may cause the 
browser to download the whole page again over the network. To fix this, 
either do not render the element at all or pass null to src instead of an 
empty string.
An empty string ("") was passed to the src attribute. This may cause the 
browser to download the whole page again over the network. To fix this, 
either do not render the element at all or pass null to src instead of an 
empty string.
An empty string ("") was passed to the src attribute. This may cause the 
browser to download the whole page again over the network. To fix this, 
either do not render the element at all or pass null to src instead of an 
empty string.
An empty string ("") was passed to the src attribute. This may cause the 
browser to download the whole page again over the network. To fix this, 
either do not render the element at all or pass null to src instead of an 
empty string.
An empty string ("") was passed to the src attribute. This may cause the 
browser to download the whole page again over the network. To fix this, 
either do not render the element at all or pass null to src instead of an 
empty string.
An empty string ("") was passed to the src attribute. This may cause the 
browser to download the whole page again over the network. To fix this, 
either do not render the element at all or pass null to src instead of an 
empty string.
An empty string ("") was passed to the src attribute. This may cause the 
browser to download the whole page again over the network. To fix this, 
either do not render the element at all or pass null to src instead of an 
empty string.
An empty string ("") was passed to the src attribute. This may cause the 
browser to download the whole page again over the network. To fix this, 
either do not render the element at all or pass null to src instead of an 
empty string.
An empty string ("") was passed to the src attribute. This may cause the 
browser to download the whole page again over the network. To fix this, 
either do not render the element at all or pass null to src instead of an 
empty string.
An empty string ("") was passed to the src attribute. This may cause the 
browser to download the whole page again over the network. To fix this, 
either do not render the element at all or pass null to src instead of an 
empty string.
An empty string ("") was passed to the src attribute. This may cause the 
browser to download the whole page again over the network. To fix this, 
either do not render the element at all or pass null to src instead of an 
empty string.
An empty string ("") was passed to the src attribute. This may cause the 
browser to download the whole page again over the network. To fix this, 
either do not render the element at all or pass null to src instead of an 
empty string.
An empty string ("") was passed to the src attribute. This may cause the 
browser to download the whole page again over the network. To fix this, 
either do not render the element at all or pass null to src instead of an 
empty string.
An empty string ("") was passed to the src attribute. This may cause the 
browser to download the whole page again over the network. To fix this, 
either do not render the element at all or pass null to src instead of an 
empty string.
An empty string ("") was passed to the src attribute. This may cause the 
browser to download the whole page again over the network. To fix this, 
either do not render the element at all or pass null to src instead of an 
empty string.
An empty string ("") was passed to the src attribute. This may cause the 
browser to download the whole page again over the network. To fix this, 
either do not render the element at all or pass null to src instead of an 
empty string.
An empty string ("") was passed to the src attribute. This may cause the 
browser to download the whole page again over the network. To fix this, 
either do not render the element at all or pass null to src instead of an 
empty string.
An empty string ("") was passed to the src attribute. This may cause the 
browser to download the whole page again over the network. To fix this, 
either do not render the element at all or pass null to src instead of an 
empty string.
An empty string ("") was passed to the src attribute. This may cause the 
browser to download the whole page again over the network. To fix this, 
either do not render the element at all or pass null to src instead of an 
empty string.
An empty string ("") was passed to the src attribute. This may cause the 
browser to download the whole page again over the network. To fix this, 
either do not render the element at all or pass null to src instead of an 
empty string.
An empty string ("") was passed to the src attribute. This may cause the 
browser to download the whole page again over the network. To fix this, 
either do not render the element at all or pass null to src instead of an 
empty string.
An empty string ("") was passed to the src attribute. This may cause the 
browser to download the whole page again over the network. To fix this, 
either do not render the element at all or pass null to src instead of an 
empty string.
An empty string ("") was passed to the src attribute. This may cause the 
browser to download the whole page again over the network. To fix this, 
either do not render the element at all or pass null to src instead of an 
empty string.
An empty string ("") was passed to the src attribute. This may cause the 
browser to download the whole page again over the network. To fix this, 
either do not render the element at all or pass null to src instead of an 
empty string.
An empty string ("") was passed to the src attribute. This may cause the 
browser to download the whole page again over the network. To fix this, 
either do not render the element at all or pass null to src instead of an 
empty string.
An empty string ("") was passed to the src attribute. This may cause the 
browser to download the whole page again over the network. To fix this, 
either do not render the element at all or pass null to src instead of an 
empty string.
An empty string ("") was passed to the src attribute. This may cause the 
browser to download the whole page again over the network. To fix this, 
either do not render the element at all or pass null to src instead of an 
empty string.
 [32mΓ£ô[39m __tests__/properties/stage-mapping.property.test.ts [2m([22m[2m7 tests[22m[2m)[22m[33m 513[2mms[22m[39m
An empty string ("") was passed to the src attribute. This may cause the 
browser to download the whole page again over the network. To fix this, 
either do not render the element at all or pass null to src instead of an 
empty string.
An empty string ("") was passed to the src attribute. This may cause the 
browser to download the whole page again over the network. To fix this, 
either do not render the element at all or pass null to src instead of an 
empty string.
An empty string ("") was passed to the src attribute. This may cause the 
browser to download the whole page again over the network. To fix this, 
either do not render the element at all or pass null to src instead of an 
empty string.
An empty string ("") was passed to the src attribute. This may cause the 
browser to download the whole page again over the network. To fix this, 
either do not render the element at all or pass null to src instead of an 
empty string.
An empty string ("") was passed to the src attribute. This may cause the 
browser to download the whole page again over the network. To fix this, 
either do not render the element at all or pass null to src instead of an 
empty string.
An empty string ("") was passed to the src attribute. This may cause the 
browser to download the whole page again over the network. To fix this, 
either do not render the element at all or pass null to src instead of an 
empty string.
An empty string ("") was passed to the src attribute. This may cause the 
browser to download the whole page again over the network. To fix this, 
either do not render the element at all or pass null to src instead of an 
empty string.
An empty string ("") was passed to the src attribute. This may cause the 
browser to download the whole page again over the network. To fix this, 
either do not render the element at all or pass null to src instead of an 
empty string.
An empty string ("") was passed to the src attribute. This may cause the 
browser to download the whole page again over the network. To fix this, 
either do not render the element at all or pass null to src instead of an 
empty string.
An empty string ("") was passed to the src attribute. This may cause the 
browser to download the whole page again over the network. To fix this, 
either do not render the element at all or pass null to src instead of an 
empty string.
An empty string ("") was passed to the src attribute. This may cause the 
browser to download the whole page again over the network. To fix this, 
either do not render the element at all or pass null to src instead of an 
empty string.
An empty string ("") was passed to the src attribute. This may cause the 
browser to download the whole page again over the network. To fix this, 
either do not render the element at all or pass null to src instead of an 
empty string.
An empty string ("") was passed to the src attribute. This may cause the 
browser to download the whole page again over the network. To fix this, 
either do not render the element at all or pass null to src instead of an 
empty string.
An empty string ("") was passed to the src attribute. This may cause the 
browser to download the whole page again over the network. To fix this, 
either do not render the element at all or pass null to src instead of an 
empty string.
An empty string ("") was passed to the src attribute. This may cause the 
browser to download the whole page again over the network. To fix this, 
either do not render the element at all or pass null to src instead of an 
empty string.
An empty string ("") was passed to the src attribute. This may cause the 
browser to download the whole page again over the network. To fix this, 
either do not render the element at all or pass null to src instead of an 
empty string.
An empty string ("") was passed to the src attribute. This may cause the 
browser to download the whole page again over the network. To fix this, 
either do not render the element at all or pass null to src instead of an 
empty string.
An empty string ("") was passed to the src attribute. This may cause the 
browser to download the whole page again over the network. To fix this, 
either do not render the element at all or pass null to src instead of an 
empty string.
An empty string ("") was passed to the src attribute. This may cause the 
browser to download the whole page again over the network. To fix this, 
either do not render the element at all or pass null to src instead of an 
empty string.
An empty string ("") was passed to the src attribute. This may cause the 
browser to download the whole page again over the network. To fix this, 
either do not render the element at all or pass null to src instead of an 
empty string.
An empty string ("") was passed to the src attribute. This may cause the 
browser to download the whole page again over the network. To fix this, 
either do not render the element at all or pass null to src instead of an 
empty string.
An empty string ("") was passed to the src attribute. This may cause the 
browser to download the whole page again over the network. To fix this, 
either do not render the element at all or pass null to src instead of an 
empty string.
An empty string ("") was passed to the src attribute. This may cause the 
browser to download the whole page again over the network. To fix this, 
either do not render the element at all or pass null to src instead of an 
empty string.
An empty string ("") was passed to the src attribute. This may cause the 
browser to download the whole page again over the network. To fix this, 
either do not render the element at all or pass null to src instead of an 
empty string.

[90mstderr[2m | 
__tests__/properties/lazy-loading-below-fold.property.test.tsx[2m > 
[22m[2mProperty: Lazy Loading Below Fold[2m > [22m[2mshould not load 
images that never enter viewport
[22m[39mAn empty string ("") was passed to the src attribute. This may 
cause the browser to download the whole page again over the network. To 
fix this, either do not render the element at all or pass null to src 
instead of an empty string.
An empty string ("") was passed to the src attribute. This may cause the 
browser to download the whole page again over the network. To fix this, 
either do not render the element at all or pass null to src instead of an 
empty string.
An empty string ("") was passed to the src attribute. This may cause the 
browser to download the whole page again over the network. To fix this, 
either do not render the element at all or pass null to src instead of an 
empty string.
An empty string ("") was passed to the src attribute. This may cause the 
browser to download the whole page again over the network. To fix this, 
either do not render the element at all or pass null to src instead of an 
empty string.
An empty string ("") was passed to the src attribute. This may cause the 
browser to download the whole page again over the network. To fix this, 
either do not render the element at all or pass null to src instead of an 
empty string.
An empty string ("") was passed to the src attribute. This may cause the 
browser to download the whole page again over the network. To fix this, 
either do not render the element at all or pass null to src instead of an 
empty string.
An empty string ("") was passed to the src attribute. This may cause the 
browser to download the whole page again over the network. To fix this, 
either do not render the element at all or pass null to src instead of an 
empty string.
An empty string ("") was passed to the src attribute. This may cause the 
browser to download the whole page again over the network. To fix this, 
either do not render the element at all or pass null to src instead of an 
empty string.
An empty string ("") was passed to the src attribute. This may cause the 
browser to download the whole page again over the network. To fix this, 
either do not render the element at all or pass null to src instead of an 
empty string.
An empty string ("") was passed to the src attribute. This may cause the 
browser to download the whole page again over the network. To fix this, 
either do not render the element at all or pass null to src instead of an 
empty string.
An empty string ("") was passed to the src attribute. This may cause the 
browser to download the whole page again over the network. To fix this, 
either do not render the element at all or pass null to src instead of an 
empty string.
An empty string ("") was passed to the src attribute. This may cause the 
browser to download the whole page again over the network. To fix this, 
either do not render the element at all or pass null to src instead of an 
empty string.
An empty string ("") was passed to the src attribute. This may cause the 
browser to download the whole page again over the network. To fix this, 
either do not render the element at all or pass null to src instead of an 
empty string.
An empty string ("") was passed to the src attribute. This may cause the 
browser to download the whole page again over the network. To fix this, 
either do not render the element at all or pass null to src instead of an 
empty string.
An empty string ("") was passed to the src attribute. This may cause the 
browser to download the whole page again over the network. To fix this, 
either do not render the element at all or pass null to src instead of an 
empty string.
An empty string ("") was passed to the src attribute. This may cause the 
browser to download the whole page again over the network. To fix this, 
either do not render the element at all or pass null to src instead of an 
empty string.
An empty string ("") was passed to the src attribute. This may cause the 
browser to download the whole page again over the network. To fix this, 
either do not render the element at all or pass null to src instead of an 
empty string.
An empty string ("") was passed to the src attribute. This may cause the 
browser to download the whole page again over the network. To fix this, 
either do not render the element at all or pass null to src instead of an 
empty string.
An empty string ("") was passed to the src attribute. This may cause the 
browser to download the whole page again over the network. To fix this, 
either do not render the element at all or pass null to src instead of an 
empty string.
An empty string ("") was passed to the src attribute. This may cause the 
browser to download the whole page again over the network. To fix this, 
either do not render the element at all or pass null to src instead of an 
empty string.
An empty string ("") was passed to the src attribute. This may cause the 
browser to download the whole page again over the network. To fix this, 
either do not render the element at all or pass null to src instead of an 
empty string.
An empty string ("") was passed to the src attribute. This may cause the 
browser to download the whole page again over the network. To fix this, 
either do not render the element at all or pass null to src instead of an 
empty string.
An empty string ("") was passed to the src attribute. This may cause the 
browser to download the whole page again over the network. To fix this, 
either do not render the element at all or pass null to src instead of an 
empty string.
An empty string ("") was passed to the src attribute. This may cause the 
browser to download the whole page again over the network. To fix this, 
either do not render the element at all or pass null to src instead of an 
empty string.
An empty string ("") was passed to the src attribute. This may cause the 
browser to download the whole page again over the network. To fix this, 
either do not render the element at all or pass null to src instead of an 
empty string.
An empty string ("") was passed to the src attribute. This may cause the 
browser to download the whole page again over the network. To fix this, 
either do not render the element at all or pass null to src instead of an 
empty string.
An empty string ("") was passed to the src attribute. This may cause the 
browser to download the whole page again over the network. To fix this, 
either do not render the element at all or pass null to src instead of an 
empty string.
An empty string ("") was passed to the src attribute. This may cause the 
browser to download the whole page again over the network. To fix this, 
either do not render the element at all or pass null to src instead of an 
empty string.
An empty string ("") was passed to the src attribute. This may cause the 
browser to download the whole page again over the network. To fix this, 
either do not render the element at all or pass null to src instead of an 
empty string.
An empty string ("") was passed to the src attribute. This may cause the 
browser to download the whole page again over the network. To fix this, 
either do not render the element at all or pass null to src instead of an 
empty string.
An empty string ("") was passed to the src attribute. This may cause the 
browser to download the whole page again over the network. To fix this, 
either do not render the element at all or pass null to src instead of an 
empty string.
An empty string ("") was passed to the src attribute. This may cause the 
browser to download the whole page again over the network. To fix this, 
either do not render the element at all or pass null to src instead of an 
empty string.
An empty string ("") was passed to the src attribute. This may cause the 
browser to download the whole page again over the network. To fix this, 
either do not render the element at all or pass null to src instead of an 
empty string.
An empty string ("") was passed to the src attribute. This may cause the 
browser to download the whole page again over the network. To fix this, 
either do not render the element at all or pass null to src instead of an 
empty string.
An empty string ("") was passed to the src attribute. This may cause the 
browser to download the whole page again over the network. To fix this, 
either do not render the element at all or pass null to src instead of an 
empty string.
An empty string ("") was passed to the src attribute. This may cause the 
browser to download the whole page again over the network. To fix this, 
either do not render the element at all or pass null to src instead of an 
empty string.
An empty string ("") was passed to the src attribute. This may cause the 
browser to download the whole page again over the network. To fix this, 
either do not render the element at all or pass null to src instead of an 
empty string.
An empty string ("") was passed to the src attribute. This may cause the 
browser to download the whole page again over the network. To fix this, 
either do not render the element at all or pass null to src instead of an 
empty string.
An empty string ("") was passed to the src attribute. This may cause the 
browser to download the whole page again over the network. To fix this, 
either do not render the element at all or pass null to src instead of an 
empty string.
An empty string ("") was passed to the src attribute. This may cause the 
browser to download the whole page again over the network. To fix this, 
either do not render the element at all or pass null to src instead of an 
empty string.
An empty string ("") was passed to the src attribute. This may cause the 
browser to download the whole page again over the network. To fix this, 
either do not render the element at all or pass null to src instead of an 
empty string.
An empty string ("") was passed to the src attribute. This may cause the 
browser to download the whole page again over the network. To fix this, 
either do not render the element at all or pass null to src instead of an 
empty string.
An empty string ("") was passed to the src attribute. This may cause the 
browser to download the whole page again over the network. To fix this, 
either do not render the element at all or pass null to src instead of an 
empty string.
An empty string ("") was passed to the src attribute. This may cause the 
browser to download the whole page again over the network. To fix this, 
either do not render the element at all or pass null to src instead of an 
empty string.
An empty string ("") was passed to the src attribute. This may cause the 
browser to download the whole page again over the network. To fix this, 
either do not render the element at all or pass null to src instead of an 
empty string.
An empty string ("") was passed to the src attribute. This may cause the 
browser to download the whole page again over the network. To fix this, 
either do not render the element at all or pass null to src instead of an 
empty string.
An empty string ("") was passed to the src attribute. This may cause the 
browser to download the whole page again over the network. To fix this, 
either do not render the element at all or pass null to src instead of an 
empty string.
An empty string ("") was passed to the src attribute. This may cause the 
browser to download the whole page again over the network. To fix this, 
either do not render the element at all or pass null to src instead of an 
empty string.
An empty string ("") was passed to the src attribute. This may cause the 
browser to download the whole page again over the network. To fix this, 
either do not render the element at all or pass null to src instead of an 
empty string.
An empty string ("") was passed to the src attribute. This may cause the 
browser to download the whole page again over the network. To fix this, 
either do not render the element at all or pass null to src instead of an 
empty string.
An empty string ("") was passed to the src attribute. This may cause the 
browser to download the whole page again over the network. To fix this, 
either do not render the element at all or pass null to src instead of an 
empty string.
An empty string ("") was passed to the src attribute. This may cause the 
browser to download the whole page again over the network. To fix this, 
either do not render the element at all or pass null to src instead of an 
empty string.
An empty string ("") was passed to the src attribute. This may cause the 
browser to download the whole page again over the network. To fix this, 
either do not render the element at all or pass null to src instead of an 
empty string.
An empty string ("") was passed to the src attribute. This may cause the 
browser to download the whole page again over the network. To fix this, 
either do not render the element at all or pass null to src instead of an 
empty string.
An empty string ("") was passed to the src attribute. This may cause the 
browser to download the whole page again over the network. To fix this, 
either do not render the element at all or pass null to src instead of an 
empty string.
An empty string ("") was passed to the src attribute. This may cause the 
browser to download the whole page again over the network. To fix this, 
either do not render the element at all or pass null to src instead of an 
empty string.
An empty string ("") was passed to the src attribute. This may cause the 
browser to download the whole page again over the network. To fix this, 
either do not render the element at all or pass null to src instead of an 
empty string.
An empty string ("") was passed to the src attribute. This may cause the 
browser to download the whole page again over the network. To fix this, 
either do not render the element at all or pass null to src instead of an 
empty string.
An empty string ("") was passed to the src attribute. This may cause the 
browser to download the whole page again over the network. To fix this, 
either do not render the element at all or pass null to src instead of an 
empty string.
An empty string ("") was passed to the src attribute. This may cause the 
browser to download the whole page again over the network. To fix this, 
either do not render the element at all or pass null to src instead of an 
empty string.
An empty string ("") was passed to the src attribute. This may cause the 
browser to download the whole page again over the network. To fix this, 
either do not render the element at all or pass null to src instead of an 
empty string.
An empty string ("") was passed to the src attribute. This may cause the 
browser to download the whole page again over the network. To fix this, 
either do not render the element at all or pass null to src instead of an 
empty string.
An empty string ("") was passed to the src attribute. This may cause the 
browser to download the whole page again over the network. To fix this, 
either do not render the element at all or pass null to src instead of an 
empty string.
An empty string ("") was passed to the src attribute. This may cause the 
browser to download the whole page again over the network. To fix this, 
either do not render the element at all or pass null to src instead of an 
empty string.
An empty string ("") was passed to the src attribute. This may cause the 
browser to download the whole page again over the network. To fix this, 
either do not render the element at all or pass null to src instead of an 
empty string.
An empty string ("") was passed to the src attribute. This may cause the 
browser to download the whole page again over the network. To fix this, 
either do not render the element at all or pass null to src instead of an 
empty string.
An empty string ("") was passed to the src attribute. This may cause the 
browser to download the whole page again over the network. To fix this, 
either do not render the element at all or pass null to src instead of an 
empty string.
An empty string ("") was passed to the src attribute. This may cause the 
browser to download the whole page again over the network. To fix this, 
either do not render the element at all or pass null to src instead of an 
empty string.
An empty string ("") was passed to the src attribute. This may cause the 
browser to download the whole page again over the network. To fix this, 
either do not render the element at all or pass null to src instead of an 
empty string.
An empty string ("") was passed to the src attribute. This may cause the 
browser to download the whole page again over the network. To fix this, 
either do not render the element at all or pass null to src instead of an 
empty string.
An empty string ("") was passed to the src attribute. This may cause the 
browser to download the whole page again over the network. To fix this, 
either do not render the element at all or pass null to src instead of an 
empty string.
An empty string ("") was passed to the src attribute. This may cause the 
browser to download the whole page again over the network. To fix this, 
either do not render the element at all or pass null to src instead of an 
empty string.
An empty string ("") was passed to the src attribute. This may cause the 
browser to download the whole page again over the network. To fix this, 
either do not render the element at all or pass null to src instead of an 
empty string.
An empty string ("") was passed to the src attribute. This may cause the 
browser to download the whole page again over the network. To fix this, 
either do not render the element at all or pass null to src instead of an 
empty string.
An empty string ("") was passed to the src attribute. This may cause the 
browser to download the whole page again over the network. To fix this, 
either do not render the element at all or pass null to src instead of an 
empty string.
An empty string ("") was passed to the src attribute. This may cause the 
browser to download the whole page again over the network. To fix this, 
either do not render the element at all or pass null to src instead of an 
empty string.
An empty string ("") was passed to the src attribute. This may cause the 
browser to download the whole page again over the network. To fix this, 
either do not render the element at all or pass null to src instead of an 
empty string.
An empty string ("") was passed to the src attribute. This may cause the 
browser to download the whole page again over the network. To fix this, 
either do not render the element at all or pass null to src instead of an 
empty string.
An empty string ("") was passed to the src attribute. This may cause the 
browser to download the whole page again over the network. To fix this, 
either do not render the element at all or pass null to src instead of an 
empty string.
An empty string ("") was passed to the src attribute. This may cause the 
browser to download the whole page again over the network. To fix this, 
either do not render the element at all or pass null to src instead of an 
empty string.
An empty string ("") was passed to the src attribute. This may cause the 
browser to download the whole page again over the network. To fix this, 
either do not render the element at all or pass null to src instead of an 
empty string.
An empty string ("") was passed to the src attribute. This may cause the 
browser to download the whole page again over the network. To fix this, 
either do not render the element at all or pass null to src instead of an 
empty string.
An empty string ("") was passed to the src attribute. This may cause the 
browser to download the whole page again over the network. To fix this, 
either do not render the element at all or pass null to src instead of an 
empty string.
An empty string ("") was passed to the src attribute. This may cause the 
browser to download the whole page again over the network. To fix this, 
either do not render the element at all or pass null to src instead of an 
empty string.
An empty string ("") was passed to the src attribute. This may cause the 
browser to download the whole page again over the network. To fix this, 
either do not render the element at all or pass null to src instead of an 
empty string.
An empty string ("") was passed to the src attribute. This may cause the 
browser to download the whole page again over the network. To fix this, 
either do not render the element at all or pass null to src instead of an 
empty string.
An empty string ("") was passed to the src attribute. This may cause the 
browser to download the whole page again over the network. To fix this, 
either do not render the element at all or pass null to src instead of an 
empty string.
An empty string ("") was passed to the src attribute. This may cause the 
browser to download the whole page again over the network. To fix this, 
either do not render the element at all or pass null to src instead of an 
empty string.
An empty string ("") was passed to the src attribute. This may cause the 
browser to download the whole page again over the network. To fix this, 
either do not render the element at all or pass null to src instead of an 
empty string.
An empty string ("") was passed to the src attribute. This may cause the 
browser to download the whole page again over the network. To fix this, 
either do not render the element at all or pass null to src instead of an 
empty string.
An empty string ("") was passed to the src attribute. This may cause the 
browser to download the whole page again over the network. To fix this, 
either do not render the element at all or pass null to src instead of an 
empty string.
An empty string ("") was passed to the src attribute. This may cause the 
browser to download the whole page again over the network. To fix this, 
either do not render the element at all or pass null to src instead of an 
empty string.
An empty string ("") was passed to the src attribute. This may cause the 
browser to download the whole page again over the network. To fix this, 
either do not render the element at all or pass null to src instead of an 
empty string.
An empty string ("") was passed to the src attribute. This may cause the 
browser to download the whole page again over the network. To fix this, 
either do not render the element at all or pass null to src instead of an 
empty string.
An empty string ("") was passed to the src attribute. This may cause the 
browser to download the whole page again over the network. To fix this, 
either do not render the element at all or pass null to src instead of an 
empty string.
An empty string ("") was passed to the src attribute. This may cause the 
browser to download the whole page again over the network. To fix this, 
either do not render the element at all or pass null to src instead of an 
empty string.
An empty string ("") was passed to the src attribute. This may cause the 
browser to download the whole page again over the network. To fix this, 
either do not render the element at all or pass null to src instead of an 
empty string.
An empty string ("") was passed to the src attribute. This may cause the 
browser to download the whole page again over the network. To fix this, 
either do not render the element at all or pass null to src instead of an 
empty string.
An empty string ("") was passed to the src attribute. This may cause the 
browser to download the whole page again over the network. To fix this, 
either do not render the element at all or pass null to src instead of an 
empty string.
An empty string ("") was passed to the src attribute. This may cause the 
browser to download the whole page again over the network. To fix this, 
either do not render the element at all or pass null to src instead of an 
empty string.
An empty string ("") was passed to the src attribute. This may cause the 
browser to download the whole page again over the network. To fix this, 
either do not render the element at all or pass null to src instead of an 
empty string.
An empty string ("") was passed to the src attribute. This may cause the 
browser to download the whole page again over the network. To fix this, 
either do not render the element at all or pass null to src instead of an 
empty string.
An empty string ("") was passed to the src attribute. This may cause the 
browser to download the whole page again over the network. To fix this, 
either do not render the element at all or pass null to src instead of an 
empty string.
An empty string ("") was passed to the src attribute. This may cause the 
browser to download the whole page again over the network. To fix this, 
either do not render the element at all or pass null to src instead of an 
empty string.
An empty string ("") was passed to the src attribute. This may cause the 
browser to download the whole page again over the network. To fix this, 
either do not render the element at all or pass null to src instead of an 
empty string.
An empty string ("") was passed to the src attribute. This may cause the 
browser to download the whole page again over the network. To fix this, 
either do not render the element at all or pass null to src instead of an 
empty string.
An empty string ("") was passed to the src attribute. This may cause the 
browser to download the whole page again over the network. To fix this, 
either do not render the element at all or pass null to src instead of an 
empty string.
An empty string ("") was passed to the src attribute. This may cause the 
browser to download the whole page again over the network. To fix this, 
either do not render the element at all or pass null to src instead of an 
empty string.
An empty string ("") was passed to the src attribute. This may cause the 
browser to download the whole page again over the network. To fix this, 
either do not render the element at all or pass null to src instead of an 
empty string.
An empty string ("") was passed to the src attribute. This may cause the 
browser to download the whole page again over the network. To fix this, 
either do not render the element at all or pass null to src instead of an 
empty string.
An empty string ("") was passed to the src attribute. This may cause the 
browser to download the whole page again over the network. To fix this, 
either do not render the element at all or pass null to src instead of an 
empty string.
An empty string ("") was passed to the src attribute. This may cause the 
browser to download the whole page again over the network. To fix this, 
either do not render the element at all or pass null to src instead of an 
empty string.
An empty string ("") was passed to the src attribute. This may cause the 
browser to download the whole page again over the network. To fix this, 
either do not render the element at all or pass null to src instead of an 
empty string.
An empty string ("") was passed to the src attribute. This may cause the 
browser to download the whole page again over the network. To fix this, 
either do not render the element at all or pass null to src instead of an 
empty string.
An empty string ("") was passed to the src attribute. This may cause the 
browser to download the whole page again over the network. To fix this, 
either do not render the element at all or pass null to src instead of an 
empty string.
An empty string ("") was passed to the src attribute. This may cause the 
browser to download the whole page again over the network. To fix this, 
either do not render the element at all or pass null to src instead of an 
empty string.
An empty string ("") was passed to the src attribute. This may cause the 
browser to download the whole page again over the network. To fix this, 
either do not render the element at all or pass null to src instead of an 
empty string.
An empty string ("") was passed to the src attribute. This may cause the 
browser to download the whole page again over the network. To fix this, 
either do not render the element at all or pass null to src instead of an 
empty string.
An empty string ("") was passed to the src attribute. This may cause the 
browser to download the whole page again over the network. To fix this, 
either do not render the element at all or pass null to src instead of an 
empty string.
An empty string ("") was passed to the src attribute. This may cause the 
browser to download the whole page again over the network. To fix this, 
either do not render the element at all or pass null to src instead of an 
empty string.
An empty string ("") was passed to the src attribute. This may cause the 
browser to download the whole page again over the network. To fix this, 
either do not render the element at all or pass null to src instead of an 
empty string.
An empty string ("") was passed to the src attribute. This may cause the 
browser to download the whole page again over the network. To fix this, 
either do not render the element at all or pass null to src instead of an 
empty string.
An empty string ("") was passed to the src attribute. This may cause the 
browser to download the whole page again over the network. To fix this, 
either do not render the element at all or pass null to src instead of an 
empty string.
An empty string ("") was passed to the src attribute. This may cause the 
browser to download the whole page again over the network. To fix this, 
either do not render the element at all or pass null to src instead of an 
empty string.
An empty string ("") was passed to the src attribute. This may cause the 
browser to download the whole page again over the network. To fix this, 
either do not render the element at all or pass null to src instead of an 
empty string.
An empty string ("") was passed to the src attribute. This may cause the 
browser to download the whole page again over the network. To fix this, 
either do not render the element at all or pass null to src instead of an 
empty string.
An empty string ("") was passed to the src attribute. This may cause the 
browser to download the whole page again over the network. To fix this, 
either do not render the element at all or pass null to src instead of an 
empty string.
An empty string ("") was passed to the src attribute. This may cause the 
browser to download the whole page again over the network. To fix this, 
either do not render the element at all or pass null to src instead of an 
empty string.
An empty string ("") was passed to the src attribute. This may cause the 
browser to download the whole page again over the network. To fix this, 
either do not render the element at all or pass null to src instead of an 
empty string.
An empty string ("") was passed to the src attribute. This may cause the 
browser to download the whole page again over the network. To fix this, 
either do not render the element at all or pass null to src instead of an 
empty string.
An empty string ("") was passed to the src attribute. This may cause the 
browser to download the whole page again over the network. To fix this, 
either do not render the element at all or pass null to src instead of an 
empty string.
An empty string ("") was passed to the src attribute. This may cause the 
browser to download the whole page again over the network. To fix this, 
either do not render the element at all or pass null to src instead of an 
empty string.
An empty string ("") was passed to the src attribute. This may cause the 
browser to download the whole page again over the network. To fix this, 
either do not render the element at all or pass null to src instead of an 
empty string.
An empty string ("") was passed to the src attribute. This may cause the 
browser to download the whole page again over the network. To fix this, 
either do not render the element at all or pass null to src instead of an 
empty string.
An empty string ("") was passed to the src attribute. This may cause the 
browser to download the whole page again over the network. To fix this, 
either do not render the element at all or pass null to src instead of an 
empty string.
An empty string ("") was passed to the src attribute. This may cause the 
browser to download the whole page again over the network. To fix this, 
either do not render the element at all or pass null to src instead of an 
empty string.
An empty string ("") was passed to the src attribute. This may cause the 
browser to download the whole page again over the network. To fix this, 
either do not render the element at all or pass null to src instead of an 
empty string.
An empty string ("") was passed to the src attribute. This may cause the 
browser to download the whole page again over the network. To fix this, 
either do not render the element at all or pass null to src instead of an 
empty string.
An empty string ("") was passed to the src attribute. This may cause the 
browser to download the whole page again over the network. To fix this, 
either do not render the element at all or pass null to src instead of an 
empty string.
An empty string ("") was passed to the src attribute. This may cause the 
browser to download the whole page again over the network. To fix this, 
either do not render the element at all or pass null to src instead of an 
empty string.
An empty string ("") was passed to the src attribute. This may cause the 
browser to download the whole page again over the network. To fix this, 
either do not render the element at all or pass null to src instead of an 
empty string.
An empty string ("") was passed to the src attribute. This may cause the 
browser to download the whole page again over the network. To fix this, 
either do not render the element at all or pass null to src instead of an 
empty string.
An empty string ("") was passed to the src attribute. This may cause the 
browser to download the whole page again over the network. To fix this, 
either do not render the element at all or pass null to src instead of an 
empty string.
An empty string ("") was passed to the src attribute. This may cause the 
browser to download the whole page again over the network. To fix this, 
either do not render the element at all or pass null to src instead of an 
empty string.
An empty string ("") was passed to the src attribute. This may cause the 
browser to download the whole page again over the network. To fix this, 
either do not render the element at all or pass null to src instead of an 
empty string.
An empty string ("") was passed to the src attribute. This may cause the 
browser to download the whole page again over the network. To fix this, 
either do not render the element at all or pass null to src instead of an 
empty string.
An empty string ("") was passed to the src attribute. This may cause the 
browser to download the whole page again over the network. To fix this, 
either do not render the element at all or pass null to src instead of an 
empty string.
An empty string ("") was passed to the src attribute. This may cause the 
browser to download the whole page again over the network. To fix this, 
either do not render the element at all or pass null to src instead of an 
empty string.
An empty string ("") was passed to the src attribute. This may cause the 
browser to download the whole page again over the network. To fix this, 
either do not render the element at all or pass null to src instead of an 
empty string.
An empty string ("") was passed to the src attribute. This may cause the 
browser to download the whole page again over the network. To fix this, 
either do not render the element at all or pass null to src instead of an 
empty string.
An empty string ("") was passed to the src attribute. This may cause the 
browser to download the whole page again over the network. To fix this, 
either do not render the element at all or pass null to src instead of an 
empty string.
An empty string ("") was passed to the src attribute. This may cause the 
browser to download the whole page again over the network. To fix this, 
either do not render the element at all or pass null to src instead of an 
empty string.
An empty string ("") was passed to the src attribute. This may cause the 
browser to download the whole page again over the network. To fix this, 
either do not render the element at all or pass null to src instead of an 
empty string.
An empty string ("") was passed to the src attribute. This may cause the 
browser to download the whole page again over the network. To fix this, 
either do not render the element at all or pass null to src instead of an 
empty string.
An empty string ("") was passed to the src attribute. This may cause the 
browser to download the whole page again over the network. To fix this, 
either do not render the element at all or pass null to src instead of an 
empty string.
An empty string ("") was passed to the src attribute. This may cause the 
browser to download the whole page again over the network. To fix this, 
either do not render the element at all or pass null to src instead of an 
empty string.
An empty string ("") was passed to the src attribute. This may cause the 
browser to download the whole page again over the network. To fix this, 
either do not render the element at all or pass null to src instead of an 
empty string.
An empty string ("") was passed to the src attribute. This may cause the 
browser to download the whole page again over the network. To fix this, 
either do not render the element at all or pass null to src instead of an 
empty string.
An empty string ("") was passed to the src attribute. This may cause the 
browser to download the whole page again over the network. To fix this, 
either do not render the element at all or pass null to src instead of an 
empty string.
An empty string ("") was passed to the src attribute. This may cause the 
browser to download the whole page again over the network. To fix this, 
either do not render the element at all or pass null to src instead of an 
empty string.
An empty string ("") was passed to the src attribute. This may cause the 
browser to download the whole page again over the network. To fix this, 
either do not render the element at all or pass null to src instead of an 
empty string.
An empty string ("") was passed to the src attribute. This may cause the 
browser to download the whole page again over the network. To fix this, 
either do not render the element at all or pass null to src instead of an 
empty string.
An empty string ("") was passed to the src attribute. This may cause the 
browser to download the whole page again over the network. To fix this, 
either do not render the element at all or pass null to src instead of an 
empty string.
An empty string ("") was passed to the src attribute. This may cause the 
browser to download the whole page again over the network. To fix this, 
either do not render the element at all or pass null to src instead of an 
empty string.
An empty string ("") was passed to the src attribute. This may cause the 
browser to download the whole page again over the network. To fix this, 
either do not render the element at all or pass null to src instead of an 
empty string.
An empty string ("") was passed to the src attribute. This may cause the 
browser to download the whole page again over the network. To fix this, 
either do not render the element at all or pass null to src instead of an 
empty string.
An empty string ("") was passed to the src attribute. This may cause the 
browser to download the whole page again over the network. To fix this, 
either do not render the element at all or pass null to src instead of an 
empty string.
An empty string ("") was passed to the src attribute. This may cause the 
browser to download the whole page again over the network. To fix this, 
either do not render the element at all or pass null to src instead of an 
empty string.
An empty string ("") was passed to the src attribute. This may cause the 
browser to download the whole page again over the network. To fix this, 
either do not render the element at all or pass null to src instead of an 
empty string.
An empty string ("") was passed to the src attribute. This may cause the 
browser to download the whole page again over the network. To fix this, 
either do not render the element at all or pass null to src instead of an 
empty string.
An empty string ("") was passed to the src attribute. This may cause the 
browser to download the whole page again over the network. To fix this, 
either do not render the element at all or pass null to src instead of an 
empty string.
An empty string ("") was passed to the src attribute. This may cause the 
browser to download the whole page again over the network. To fix this, 
either do not render the element at all or pass null to src instead of an 
empty string.
An empty string ("") was passed to the src attribute. This may cause the 
browser to download the whole page again over the network. To fix this, 
either do not render the element at all or pass null to src instead of an 
empty string.
An empty string ("") was passed to the src attribute. This may cause the 
browser to download the whole page again over the network. To fix this, 
either do not render the element at all or pass null to src instead of an 
empty string.
An empty string ("") was passed to the src attribute. This may cause the 
browser to download the whole page again over the network. To fix this, 
either do not render the element at all or pass null to src instead of an 
empty string.
An empty string ("") was passed to the src attribute. This may cause the 
browser to download the whole page again over the network. To fix this, 
either do not render the element at all or pass null to src instead of an 
empty string.
An empty string ("") was passed to the src attribute. This may cause the 
browser to download the whole page again over the network. To fix this, 
either do not render the element at all or pass null to src instead of an 
empty string.
An empty string ("") was passed to the src attribute. This may cause the 
browser to download the whole page again over the network. To fix this, 
either do not render the element at all or pass null to src instead of an 
empty string.
An empty string ("") was passed to the src attribute. This may cause the 
browser to download the whole page again over the network. To fix this, 
either do not render the element at all or pass null to src instead of an 
empty string.
An empty string ("") was passed to the src attribute. This may cause the 
browser to download the whole page again over the network. To fix this, 
either do not render the element at all or pass null to src instead of an 
empty string.
An empty string ("") was passed to the src attribute. This may cause the 
browser to download the whole page again over the network. To fix this, 
either do not render the element at all or pass null to src instead of an 
empty string.
An empty string ("") was passed to the src attribute. This may cause the 
browser to download the whole page again over the network. To fix this, 
either do not render the element at all or pass null to src instead of an 
empty string.
An empty string ("") was passed to the src attribute. This may cause the 
browser to download the whole page again over the network. To fix this, 
either do not render the element at all or pass null to src instead of an 
empty string.
An empty string ("") was passed to the src attribute. This may cause the 
browser to download the whole page again over the network. To fix this, 
either do not render the element at all or pass null to src instead of an 
empty string.
An empty string ("") was passed to the src attribute. This may cause the 
browser to download the whole page again over the network. To fix this, 
either do not render the element at all or pass null to src instead of an 
empty string.
An empty string ("") was passed to the src attribute. This may cause the 
browser to download the whole page again over the network. To fix this, 
either do not render the element at all or pass null to src instead of an 
empty string.
An empty string ("") was passed to the src attribute. This may cause the 
browser to download the whole page again over the network. To fix this, 
either do not render the element at all or pass null to src instead of an 
empty string.
An empty string ("") was passed to the src attribute. This may cause the 
browser to download the whole page again over the network. To fix this, 
either do not render the element at all or pass null to src instead of an 
empty string.
An empty string ("") was passed to the src attribute. This may cause the 
browser to download the whole page again over the network. To fix this, 
either do not render the element at all or pass null to src instead of an 
empty string.
An empty string ("") was passed to the src attribute. This may cause the 
browser to download the whole page again over the network. To fix this, 
either do not render the element at all or pass null to src instead of an 
empty string.
An empty string ("") was passed to the src attribute. This may cause the 
browser to download the whole page again over the network. To fix this, 
either do not render the element at all or pass null to src instead of an 
empty string.
An empty string ("") was passed to the src attribute. This may cause the 
browser to download the whole page again over the network. To fix this, 
either do not render the element at all or pass null to src instead of an 
empty string.
An empty string ("") was passed to the src attribute. This may cause the 
browser to download the whole page again over the network. To fix this, 
either do not render the element at all or pass null to src instead of an 
empty string.
An empty string ("") was passed to the src attribute. This may cause the 
browser to download the whole page again over the network. To fix this, 
either do not render the element at all or pass null to src instead of an 
empty string.
An empty string ("") was passed to the src attribute. This may cause the 
browser to download the whole page again over the network. To fix this, 
either do not render the element at all or pass null to src instead of an 
empty string.
An empty string ("") was passed to the src attribute. This may cause the 
browser to download the whole page again over the network. To fix this, 
either do not render the element at all or pass null to src instead of an 
empty string.
An empty string ("") was passed to the src attribute. This may cause the 
browser to download the whole page again over the network. To fix this, 
either do not render the element at all or pass null to src instead of an 
empty string.
An empty string ("") was passed to the src attribute. This may cause the 
browser to download the whole page again over the network. To fix this, 
either do not render the element at all or pass null to src instead of an 
empty string.
An empty string ("") was passed to the src attribute. This may cause the 
browser to download the whole page again over the network. To fix this, 
either do not render the element at all or pass null to src instead of an 
empty string.
An empty string ("") was passed to the src attribute. This may cause the 
browser to download the whole page again over the network. To fix this, 
either do not render the element at all or pass null to src instead of an 
empty string.
An empty string ("") was passed to the src attribute. This may cause the 
browser to download the whole page again over the network. To fix this, 
either do not render the element at all or pass null to src instead of an 
empty string.
An empty string ("") was passed to the src attribute. This may cause the 
browser to download the whole page again over the network. To fix this, 
either do not render the element at all or pass null to src instead of an 
empty string.
An empty string ("") was passed to the src attribute. This may cause the 
browser to download the whole page again over the network. To fix this, 
either do not render the element at all or pass null to src instead of an 
empty string.
An empty string ("") was passed to the src attribute. This may cause the 
browser to download the whole page again over the network. To fix this, 
either do not render the element at all or pass null to src instead of an 
empty string.
An empty string ("") was passed to the src attribute. This may cause the 
browser to download the whole page again over the network. To fix this, 
either do not render the element at all or pass null to src instead of an 
empty string.
An empty string ("") was passed to the src attribute. This may cause the 
browser to download the whole page again over the network. To fix this, 
either do not render the element at all or pass null to src instead of an 
empty string.
An empty string ("") was passed to the src attribute. This may cause the 
browser to download the whole page again over the network. To fix this, 
either do not render the element at all or pass null to src instead of an 
empty string.
An empty string ("") was passed to the src attribute. This may cause the 
browser to download the whole page again over the network. To fix this, 
either do not render the element at all or pass null to src instead of an 
empty string.
An empty string ("") was passed to the src attribute. This may cause the 
browser to download the whole page again over the network. To fix this, 
either do not render the element at all or pass null to src instead of an 
empty string.
An empty string ("") was passed to the src attribute. This may cause the 
browser to download the whole page again over the network. To fix this, 
either do not render the element at all or pass null to src instead of an 
empty string.
An empty string ("") was passed to the src attribute. This may cause the 
browser to download the whole page again over the network. To fix this, 
either do not render the element at all or pass null to src instead of an 
empty string.
An empty string ("") was passed to the src attribute. This may cause the 
browser to download the whole page again over the network. To fix this, 
either do not render the element at all or pass null to src instead of an 
empty string.
An empty string ("") was passed to the src attribute. This may cause the 
browser to download the whole page again over the network. To fix this, 
either do not render the element at all or pass null to src instead of an 
empty string.
An empty string ("") was passed to the src attribute. This may cause the 
browser to download the whole page again over the network. To fix this, 
either do not render the element at all or pass null to src instead of an 
empty string.
An empty string ("") was passed to the src attribute. This may cause the 
browser to download the whole page again over the network. To fix this, 
either do not render the element at all or pass null to src instead of an 
empty string.
An empty string ("") was passed to the src attribute. This may cause the 
browser to download the whole page again over the network. To fix this, 
either do not render the element at all or pass null to src instead of an 
empty string.
An empty string ("") was passed to the src attribute. This may cause the 
browser to download the whole page again over the network. To fix this, 
either do not render the element at all or pass null to src instead of an 
empty string.
An empty string ("") was passed to the src attribute. This may cause the 
browser to download the whole page again over the network. To fix this, 
either do not render the element at all or pass null to src instead of an 
empty string.
An empty string ("") was passed to the src attribute. This may cause the 
browser to download the whole page again over the network. To fix this, 
either do not render the element at all or pass null to src instead of an 
empty string.
An empty string ("") was passed to the src attribute. This may cause the 
browser to download the whole page again over the network. To fix this, 
either do not render the element at all or pass null to src instead of an 
empty string.
An empty string ("") was passed to the src attribute. This may cause the 
browser to download the whole page again over the network. To fix this, 
either do not render the element at all or pass null to src instead of an 
empty string.
An empty string ("") was passed to the src attribute. This may cause the 
browser to download the whole page again over the network. To fix this, 
either do not render the element at all or pass null to src instead of an 
empty string.
An empty string ("") was passed to the src attribute. This may cause the 
browser to download the whole page again over the network. To fix this, 
either do not render the element at all or pass null to src instead of an 
empty string.
An empty string ("") was passed to the src attribute. This may cause the 
browser to download the whole page again over the network. To fix this, 
either do not render the element at all or pass null to src instead of an 
empty string.
An empty string ("") was passed to the src attribute. This may cause the 
browser to download the whole page again over the network. To fix this, 
either do not render the element at all or pass null to src instead of an 
empty string.
An empty string ("") was passed to the src attribute. This may cause the 
browser to download the whole page again over the network. To fix this, 
either do not render the element at all or pass null to src instead of an 
empty string.
An empty string ("") was passed to the src attribute. This may cause the 
browser to download the whole page again over the network. To fix this, 
either do not render the element at all or pass null to src instead of an 
empty string.
An empty string ("") was passed to the src attribute. This may cause the 
browser to download the whole page again over the network. To fix this, 
either do not render the element at all or pass null to src instead of an 
empty string.
An empty string ("") was passed to the src attribute. This may cause the 
browser to download the whole page again over the network. To fix this, 
either do not render the element at all or pass null to src instead of an 
empty string.
An empty string ("") was passed to the src attribute. This may cause the 
browser to download the whole page again over the network. To fix this, 
either do not render the element at all or pass null to src instead of an 
empty string.
An empty string ("") was passed to the src attribute. This may cause the 
browser to download the whole page again over the network. To fix this, 
either do not render the element at all or pass null to src instead of an 
empty string.
An empty string ("") was passed to the src attribute. This may cause the 
browser to download the whole page again over the network. To fix this, 
either do not render the element at all or pass null to src instead of an 
empty string.
An empty string ("") was passed to the src attribute. This may cause the 
browser to download the whole page again over the network. To fix this, 
either do not render the element at all or pass null to src instead of an 
empty string.
An empty string ("") was passed to the src attribute. This may cause the 
browser to download the whole page again over the network. To fix this, 
either do not render the element at all or pass null to src instead of an 
empty string.
An empty string ("") was passed to the src attribute. This may cause the 
browser to download the whole page again over the network. To fix this, 
either do not render the element at all or pass null to src instead of an 
empty string.
An empty string ("") was passed to the src attribute. This may cause the 
browser to download the whole page again over the network. To fix this, 
either do not render the element at all or pass null to src instead of an 
empty string.
An empty string ("") was passed to the src attribute. This may cause the 
browser to download the whole page again over the network. To fix this, 
either do not render the element at all or pass null to src instead of an 
empty string.
An empty string ("") was passed to the src attribute. This may cause the 
browser to download the whole page again over the network. To fix this, 
either do not render the element at all or pass null to src instead of an 
empty string.
An empty string ("") was passed to the src attribute. This may cause the 
browser to download the whole page again over the network. To fix this, 
either do not render the element at all or pass null to src instead of an 
empty string.
An empty string ("") was passed to the src attribute. This may cause the 
browser to download the whole page again over the network. To fix this, 
either do not render the element at all or pass null to src instead of an 
empty string.
An empty string ("") was passed to the src attribute. This may cause the 
browser to download the whole page again over the network. To fix this, 
either do not render the element at all or pass null to src instead of an 
empty string.
An empty string ("") was passed to the src attribute. This may cause the 
browser to download the whole page again over the network. To fix this, 
either do not render the element at all or pass null to src instead of an 
empty string.
An empty string ("") was passed to the src attribute. This may cause the 
browser to download the whole page again over the network. To fix this, 
either do not render the element at all or pass null to src instead of an 
empty string.
An empty string ("") was passed to the src attribute. This may cause the 
browser to download the whole page again over the network. To fix this, 
either do not render the element at all or pass null to src instead of an 
empty string.
An empty string ("") was passed to the src attribute. This may cause the 
browser to download the whole page again over the network. To fix this, 
either do not render the element at all or pass null to src instead of an 
empty string.
An empty string ("") was passed to the src attribute. This may cause the 
browser to download the whole page again over the network. To fix this, 
either do not render the element at all or pass null to src instead of an 
empty string.
An empty string ("") was passed to the src attribute. This may cause the 
browser to download the whole page again over the network. To fix this, 
either do not render the element at all or pass null to src instead of an 
empty string.
An empty string ("") was passed to the src attribute. This may cause the 
browser to download the whole page again over the network. To fix this, 
either do not render the element at all or pass null to src instead of an 
empty string.
An empty string ("") was passed to the src attribute. This may cause the 
browser to download the whole page again over the network. To fix this, 
either do not render the element at all or pass null to src instead of an 
empty string.
An empty string ("") was passed to the src attribute. This may cause the 
browser to download the whole page again over the network. To fix this, 
either do not render the element at all or pass null to src instead of an 
empty string.
An empty string ("") was passed to the src attribute. This may cause the 
browser to download the whole page again over the network. To fix this, 
either do not render the element at all or pass null to src instead of an 
empty string.
An empty string ("") was passed to the src attribute. This may cause the 
browser to download the whole page again over the network. To fix this, 
either do not render the element at all or pass null to src instead of an 
empty string.
An empty string ("") was passed to the src attribute. This may cause the 
browser to download the whole page again over the network. To fix this, 
either do not render the element at all or pass null to src instead of an 
empty string.
An empty string ("") was passed to the src attribute. This may cause the 
browser to download the whole page again over the network. To fix this, 
either do not render the element at all or pass null to src instead of an 
empty string.
An empty string ("") was passed to the src attribute. This may cause the 
browser to download the whole page again over the network. To fix this, 
either do not render the element at all or pass null to src instead of an 
empty string.
An empty string ("") was passed to the src attribute. This may cause the 
browser to download the whole page again over the network. To fix this, 
either do not render the element at all or pass null to src instead of an 
empty string.
An empty string ("") was passed to the src attribute. This may cause the 
browser to download the whole page again over the network. To fix this, 
either do not render the element at all or pass null to src instead of an 
empty string.
An empty string ("") was passed to the src attribute. This may cause the 
browser to download the whole page again over the network. To fix this, 
either do not render the element at all or pass null to src instead of an 
empty string.
An empty string ("") was passed to the src attribute. This may cause the 
browser to download the whole page again over the network. To fix this, 
either do not render the element at all or pass null to src instead of an 
empty string.
An empty string ("") was passed to the src attribute. This may cause the 
browser to download the whole page again over the network. To fix this, 
either do not render the element at all or pass null to src instead of an 
empty string.
An empty string ("") was passed to the src attribute. This may cause the 
browser to download the whole page again over the network. To fix this, 
either do not render the element at all or pass null to src instead of an 
empty string.
An empty string ("") was passed to the src attribute. This may cause the 
browser to download the whole page again over the network. To fix this, 
either do not render the element at all or pass null to src instead of an 
empty string.
An empty string ("") was passed to the src attribute. This may cause the 
browser to download the whole page again over the network. To fix this, 
either do not render the element at all or pass null to src instead of an 
empty string.
An empty string ("") was passed to the src attribute. This may cause the 
browser to download the whole page again over the network. To fix this, 
either do not render the element at all or pass null to src instead of an 
empty string.
An empty string ("") was passed to the src attribute. This may cause the 
browser to download the whole page again over the network. To fix this, 
either do not render the element at all or pass null to src instead of an 
empty string.
An empty string ("") was passed to the src attribute. This may cause the 
browser to download the whole page again over the network. To fix this, 
either do not render the element at all or pass null to src instead of an 
empty string.
An empty string ("") was passed to the src attribute. This may cause the 
browser to download the whole page again over the network. To fix this, 
either do not render the element at all or pass null to src instead of an 
empty string.
An empty string ("") was passed to the src attribute. This may cause the 
browser to download the whole page again over the network. To fix this, 
either do not render the element at all or pass null to src instead of an 
empty string.
An empty string ("") was passed to the src attribute. This may cause the 
browser to download the whole page again over the network. To fix this, 
either do not render the element at all or pass null to src instead of an 
empty string.
An empty string ("") was passed to the src attribute. This may cause the 
browser to download the whole page again over the network. To fix this, 
either do not render the element at all or pass null to src instead of an 
empty string.
An empty string ("") was passed to the src attribute. This may cause the 
browser to download the whole page again over the network. To fix this, 
either do not render the element at all or pass null to src instead of an 
empty string.
An empty string ("") was passed to the src attribute. This may cause the 
browser to download the whole page again over the network. To fix this, 
either do not render the element at all or pass null to src instead of an 
empty string.
An empty string ("") was passed to the src attribute. This may cause the 
browser to download the whole page again over the network. To fix this, 
either do not render the element at all or pass null to src instead of an 
empty string.
An empty string ("") was passed to the src attribute. This may cause the 
browser to download the whole page again over the network. To fix this, 
either do not render the element at all or pass null to src instead of an 
empty string.
An empty string ("") was passed to the src attribute. This may cause the 
browser to download the whole page again over the network. To fix this, 
either do not render the element at all or pass null to src instead of an 
empty string.
An empty string ("") was passed to the src attribute. This may cause the 
browser to download the whole page again over the network. To fix this, 
either do not render the element at all or pass null to src instead of an 
empty string.
An empty string ("") was passed to the src attribute. This may cause the 
browser to download the whole page again over the network. To fix this, 
either do not render the element at all or pass null to src instead of an 
empty string.
An empty string ("") was passed to the src attribute. This may cause the 
browser to download the whole page again over the network. To fix this, 
either do not render the element at all or pass null to src instead of an 
empty string.
An empty string ("") was passed to the src attribute. This may cause the 
browser to download the whole page again over the network. To fix this, 
either do not render the element at all or pass null to src instead of an 
empty string.
An empty string ("") was passed to the src attribute. This may cause the 
browser to download the whole page again over the network. To fix this, 
either do not render the element at all or pass null to src instead of an 
empty string.
An empty string ("") was passed to the src attribute. This may cause the 
browser to download the whole page again over the network. To fix this, 
either do not render the element at all or pass null to src instead of an 
empty string.
An empty string ("") was passed to the src attribute. This may cause the 
browser to download the whole page again over the network. To fix this, 
either do not render the element at all or pass null to src instead of an 
empty string.
An empty string ("") was passed to the src attribute. This may cause the 
browser to download the whole page again over the network. To fix this, 
either do not render the element at all or pass null to src instead of an 
empty string.
An empty string ("") was passed to the src attribute. This may cause the 
browser to download the whole page again over the network. To fix this, 
either do not render the element at all or pass null to src instead of an 
empty string.
An empty string ("") was passed to the src attribute. This may cause the 
browser to download the whole page again over the network. To fix this, 
either do not render the element at all or pass null to src instead of an 
empty string.
An empty string ("") was passed to the src attribute. This may cause the 
browser to download the whole page again over the network. To fix this, 
either do not render the element at all or pass null to src instead of an 
empty string.
An empty string ("") was passed to the src attribute. This may cause the 
browser to download the whole page again over the network. To fix this, 
either do not render the element at all or pass null to src instead of an 
empty string.
An empty string ("") was passed to the src attribute. This may cause the 
browser to download the whole page again over the network. To fix this, 
either do not render the element at all or pass null to src instead of an 
empty string.
An empty string ("") was passed to the src attribute. This may cause the 
browser to download the whole page again over the network. To fix this, 
either do not render the element at all or pass null to src instead of an 
empty string.
An empty string ("") was passed to the src attribute. This may cause the 
browser to download the whole page again over the network. To fix this, 
either do not render the element at all or pass null to src instead of an 
empty string.
An empty string ("") was passed to the src attribute. This may cause the 
browser to download the whole page again over the network. To fix this, 
either do not render the element at all or pass null to src instead of an 
empty string.
An empty string ("") was passed to the src attribute. This may cause the 
browser to download the whole page again over the network. To fix this, 
either do not render the element at all or pass null to src instead of an 
empty string.
An empty string ("") was passed to the src attribute. This may cause the 
browser to download the whole page again over the network. To fix this, 
either do not render the element at all or pass null to src instead of an 
empty string.
An empty string ("") was passed to the src attribute. This may cause the 
browser to download the whole page again over the network. To fix this, 
either do not render the element at all or pass null to src instead of an 
empty string.
An empty string ("") was passed to the src attribute. This may cause the 
browser to download the whole page again over the network. To fix this, 
either do not render the element at all or pass null to src instead of an 
empty string.
An empty string ("") was passed to the src attribute. This may cause the 
browser to download the whole page again over the network. To fix this, 
either do not render the element at all or pass null to src instead of an 
empty string.
An empty string ("") was passed to the src attribute. This may cause the 
browser to download the whole page again over the network. To fix this, 
either do not render the element at all or pass null to src instead of an 
empty string.
An empty string ("") was passed to the src attribute. This may cause the 
browser to download the whole page again over the network. To fix this, 
either do not render the element at all or pass null to src instead of an 
empty string.
An empty string ("") was passed to the src attribute. This may cause the 
browser to download the whole page again over the network. To fix this, 
either do not render the element at all or pass null to src instead of an 
empty string.
An empty string ("") was passed to the src attribute. This may cause the 
browser to download the whole page again over the network. To fix this, 
either do not render the element at all or pass null to src instead of an 
empty string.
An empty string ("") was passed to the src attribute. This may cause the 
browser to download the whole page again over the network. To fix this, 
either do not render the element at all or pass null to src instead of an 
empty string.
An empty string ("") was passed to the src attribute. This may cause the 
browser to download the whole page again over the network. To fix this, 
either do not render the element at all or pass null to src instead of an 
empty string.
An empty string ("") was passed to the src attribute. This may cause the 
browser to download the whole page again over the network. To fix this, 
either do not render the element at all or pass null to src instead of an 
empty string.
An empty string ("") was passed to the src attribute. This may cause the 
browser to download the whole page again over the network. To fix this, 
either do not render the element at all or pass null to src instead of an 
empty string.
An empty string ("") was passed to the src attribute. This may cause the 
browser to download the whole page again over the network. To fix this, 
either do not render the element at all or pass null to src instead of an 
empty string.
An empty string ("") was passed to the src attribute. This may cause the 
browser to download the whole page again over the network. To fix this, 
either do not render the element at all or pass null to src instead of an 
empty string.
An empty string ("") was passed to the src attribute. This may cause the 
browser to download the whole page again over the network. To fix this, 
either do not render the element at all or pass null to src instead of an 
empty string.
An empty string ("") was passed to the src attribute. This may cause the 
browser to download the whole page again over the network. To fix this, 
either do not render the element at all or pass null to src instead of an 
empty string.
An empty string ("") was passed to the src attribute. This may cause the 
browser to download the whole page again over the network. To fix this, 
either do not render the element at all or pass null to src instead of an 
empty string.
An empty string ("") was passed to the src attribute. This may cause the 
browser to download the whole page again over the network. To fix this, 
either do not render the element at all or pass null to src instead of an 
empty string.
An empty string ("") was passed to the src attribute. This may cause the 
browser to download the whole page again over the network. To fix this, 
either do not render the element at all or pass null to src instead of an 
empty string.
An empty string ("") was passed to the src attribute. This may cause the 
browser to download the whole page again over the network. To fix this, 
either do not render the element at all or pass null to src instead of an 
empty string.
An empty string ("") was passed to the src attribute. This may cause the 
browser to download the whole page again over the network. To fix this, 
either do not render the element at all or pass null to src instead of an 
empty string.
An empty string ("") was passed to the src attribute. This may cause the 
browser to download the whole page again over the network. To fix this, 
either do not render the element at all or pass null to src instead of an 
empty string.
An empty string ("") was passed to the src attribute. This may cause the 
browser to download the whole page again over the network. To fix this, 
either do not render the element at all or pass null to src instead of an 
empty string.
An empty string ("") was passed to the src attribute. This may cause the 
browser to download the whole page again over the network. To fix this, 
either do not render the element at all or pass null to src instead of an 
empty string.
An empty string ("") was passed to the src attribute. This may cause the 
browser to download the whole page again over the network. To fix this, 
either do not render the element at all or pass null to src instead of an 
empty string.
An empty string ("") was passed to the src attribute. This may cause the 
browser to download the whole page again over the network. To fix this, 
either do not render the element at all or pass null to src instead of an 
empty string.
An empty string ("") was passed to the src attribute. This may cause the 
browser to download the whole page again over the network. To fix this, 
either do not render the element at all or pass null to src instead of an 
empty string.
An empty string ("") was passed to the src attribute. This may cause the 
browser to download the whole page again over the network. To fix this, 
either do not render the element at all or pass null to src instead of an 
empty string.
An empty string ("") was passed to the src attribute. This may cause the 
browser to download the whole page again over the network. To fix this, 
either do not render the element at all or pass null to src instead of an 
empty string.
An empty string ("") was passed to the src attribute. This may cause the 
browser to download the whole page again over the network. To fix this, 
either do not render the element at all or pass null to src instead of an 
empty string.
An empty string ("") was passed to the src attribute. This may cause the 
browser to download the whole page again over the network. To fix this, 
either do not render the element at all or pass null to src instead of an 
empty string.
An empty string ("") was passed to the src attribute. This may cause the 
browser to download the whole page again over the network. To fix this, 
either do not render the element at all or pass null to src instead of an 
empty string.
An empty string ("") was passed to the src attribute. This may cause the 
browser to download the whole page again over the network. To fix this, 
either do not render the element at all or pass null to src instead of an 
empty string.
An empty string ("") was passed to the src attribute. This may cause the 
browser to download the whole page again over the network. To fix this, 
either do not render the element at all or pass null to src instead of an 
empty string.
An empty string ("") was passed to the src attribute. This may cause the 
browser to download the whole page again over the network. To fix this, 
either do not render the element at all or pass null to src instead of an 
empty string.
An empty string ("") was passed to the src attribute. This may cause the 
browser to download the whole page again over the network. To fix this, 
either do not render the element at all or pass null to src instead of an 
empty string.
An empty string ("") was passed to the src attribute. This may cause the 
browser to download the whole page again over the network. To fix this, 
either do not render the element at all or pass null to src instead of an 
empty string.
An empty string ("") was passed to the src attribute. This may cause the 
browser to download the whole page again over the network. To fix this, 
either do not render the element at all or pass null to src instead of an 
empty string.
An empty string ("") was passed to the src attribute. This may cause the 
browser to download the whole page again over the network. To fix this, 
either do not render the element at all or pass null to src instead of an 
empty string.
An empty string ("") was passed to the src attribute. This may cause the 
browser to download the whole page again over the network. To fix this, 
either do not render the element at all or pass null to src instead of an 
empty string.
An empty string ("") was passed to the src attribute. This may cause the 
browser to download the whole page again over the network. To fix this, 
either do not render the element at all or pass null to src instead of an 
empty string.
An empty string ("") was passed to the src attribute. This may cause the 
browser to download the whole page again over the network. To fix this, 
either do not render the element at all or pass null to src instead of an 
empty string.
An empty string ("") was passed to the src attribute. This may cause the 
browser to download the whole page again over the network. To fix this, 
either do not render the element at all or pass null to src instead of an 
empty string.
An empty string ("") was passed to the src attribute. This may cause the 
browser to download the whole page again over the network. To fix this, 
either do not render the element at all or pass null to src instead of an 
empty string.
An empty string ("") was passed to the src attribute. This may cause the 
browser to download the whole page again over the network. To fix this, 
either do not render the element at all or pass null to src instead of an 
empty string.
An empty string ("") was passed to the src attribute. This may cause the 
browser to download the whole page again over the network. To fix this, 
either do not render the element at all or pass null to src instead of an 
empty string.
An empty string ("") was passed to the src attribute. This may cause the 
browser to download the whole page again over the network. To fix this, 
either do not render the element at all or pass null to src instead of an 
empty string.
An empty string ("") was passed to the src attribute. This may cause the 
browser to download the whole page again over the network. To fix this, 
either do not render the element at all or pass null to src instead of an 
empty string.
An empty string ("") was passed to the src attribute. This may cause the 
browser to download the whole page again over the network. To fix this, 
either do not render the element at all or pass null to src instead of an 
empty string.
An empty string ("") was passed to the src attribute. This may cause the 
browser to download the whole page again over the network. To fix this, 
either do not render the element at all or pass null to src instead of an 
empty string.
An empty string ("") was passed to the src attribute. This may cause the 
browser to download the whole page again over the network. To fix this, 
either do not render the element at all or pass null to src instead of an 
empty string.
An empty string ("") was passed to the src attribute. This may cause the 
browser to download the whole page again over the network. To fix this, 
either do not render the element at all or pass null to src instead of an 
empty string.
An empty string ("") was passed to the src attribute. This may cause the 
browser to download the whole page again over the network. To fix this, 
either do not render the element at all or pass null to src instead of an 
empty string.
An empty string ("") was passed to the src attribute. This may cause the 
browser to download the whole page again over the network. To fix this, 
either do not render the element at all or pass null to src instead of an 
empty string.
An empty string ("") was passed to the src attribute. This may cause the 
browser to download the whole page again over the network. To fix this, 
either do not render the element at all or pass null to src instead of an 
empty string.
An empty string ("") was passed to the src attribute. This may cause the 
browser to download the whole page again over the network. To fix this, 
either do not render the element at all or pass null to src instead of an 
empty string.
An empty string ("") was passed to the src attribute. This may cause the 
browser to download the whole page again over the network. To fix this, 
either do not render the element at all or pass null to src instead of an 
empty string.
An empty string ("") was passed to the src attribute. This may cause the 
browser to download the whole page again over the network. To fix this, 
either do not render the element at all or pass null to src instead of an 
empty string.
An empty string ("") was passed to the src attribute. This may cause the 
browser to download the whole page again over the network. To fix this, 
either do not render the element at all or pass null to src instead of an 
empty string.
An empty string ("") was passed to the src attribute. This may cause the 
browser to download the whole page again over the network. To fix this, 
either do not render the element at all or pass null to src instead of an 
empty string.
An empty string ("") was passed to the src attribute. This may cause the 
browser to download the whole page again over the network. To fix this, 
either do not render the element at all or pass null to src instead of an 
empty string.
An empty string ("") was passed to the src attribute. This may cause the 
browser to download the whole page again over the network. To fix this, 
either do not render the element at all or pass null to src instead of an 
empty string.
An empty string ("") was passed to the src attribute. This may cause the 
browser to download the whole page again over the network. To fix this, 
either do not render the element at all or pass null to src instead of an 
empty string.
An empty string ("") was passed to the src attribute. This may cause the 
browser to download the whole page again over the network. To fix this, 
either do not render the element at all or pass null to src instead of an 
empty string.
An empty string ("") was passed to the src attribute. This may cause the 
browser to download the whole page again over the network. To fix this, 
either do not render the element at all or pass null to src instead of an 
empty string.
An empty string ("") was passed to the src attribute. This may cause the 
browser to download the whole page again over the network. To fix this, 
either do not render the element at all or pass null to src instead of an 
empty string.
An empty string ("") was passed to the src attribute. This may cause the 
browser to download the whole page again over the network. To fix this, 
either do not render the element at all or pass null to src instead of an 
empty string.
An empty string ("") was passed to the src attribute. This may cause the 
browser to download the whole page again over the network. To fix this, 
either do not render the element at all or pass null to src instead of an 
empty string.
An empty string ("") was passed to the src attribute. This may cause the 
browser to download the whole page again over the network. To fix this, 
either do not render the element at all or pass null to src instead of an 
empty string.
An empty string ("") was passed to the src attribute. This may cause the 
browser to download the whole page again over the network. To fix this, 
either do not render the element at all or pass null to src instead of an 
empty string.
An empty string ("") was passed to the src attribute. This may cause the 
browser to download the whole page again over the network. To fix this, 
either do not render the element at all or pass null to src instead of an 
empty string.
An empty string ("") was passed to the src attribute. This may cause the 
browser to download the whole page again over the network. To fix this, 
either do not render the element at all or pass null to src instead of an 
empty string.
An empty string ("") was passed to the src attribute. This may cause the 
browser to download the whole page again over the network. To fix this, 
either do not render the element at all or pass null to src instead of an 
empty string.
An empty string ("") was passed to the src attribute. This may cause the 
browser to download the whole page again over the network. To fix this, 
either do not render the element at all or pass null to src instead of an 
empty string.
An empty string ("") was passed to the src attribute. This may cause the 
browser to download the whole page again over the network. To fix this, 
either do not render the element at all or pass null to src instead of an 
empty string.
An empty string ("") was passed to the src attribute. This may cause the 
browser to download the whole page again over the network. To fix this, 
either do not render the element at all or pass null to src instead of an 
empty string.
An empty string ("") was passed to the src attribute. This may cause the 
browser to download the whole page again over the network. To fix this, 
either do not render the element at all or pass null to src instead of an 
empty string.
An empty string ("") was passed to the src attribute. This may cause the 
browser to download the whole page again over the network. To fix this, 
either do not render the element at all or pass null to src instead of an 
empty string.
An empty string ("") was passed to the src attribute. This may cause the 
browser to download the whole page again over the network. To fix this, 
either do not render the element at all or pass null to src instead of an 
empty string.
An empty string ("") was passed to the src attribute. This may cause the 
browser to download the whole page again over the network. To fix this, 
either do not render the element at all or pass null to src instead of an 
empty string.
An empty string ("") was passed to the src attribute. This may cause the 
browser to download the whole page again over the network. To fix this, 
either do not render the element at all or pass null to src instead of an 
empty string.
An empty string ("") was passed to the src attribute. This may cause the 
browser to download the whole page again over the network. To fix this, 
either do not render the element at all or pass null to src instead of an 
empty string.
An empty string ("") was passed to the src attribute. This may cause the 
browser to download the whole page again over the network. To fix this, 
either do not render the element at all or pass null to src instead of an 
empty string.
An empty string ("") was passed to the src attribute. This may cause the 
browser to download the whole page again over the network. To fix this, 
either do not render the element at all or pass null to src instead of an 
empty string.
An empty string ("") was passed to the src attribute. This may cause the 
browser to download the whole page again over the network. To fix this, 
either do not render the element at all or pass null to src instead of an 
empty string.
An empty string ("") was passed to the src attribute. This may cause the 
browser to download the whole page again over the network. To fix this, 
either do not render the element at all or pass null to src instead of an 
empty string.
An empty string ("") was passed to the src attribute. This may cause the 
browser to download the whole page again over the network. To fix this, 
either do not render the element at all or pass null to src instead of an 
empty string.
An empty string ("") was passed to the src attribute. This may cause the 
browser to download the whole page again over the network. To fix this, 
either do not render the element at all or pass null to src instead of an 
empty string.
An empty string ("") was passed to the src attribute. This may cause the 
browser to download the whole page again over the network. To fix this, 
either do not render the element at all or pass null to src instead of an 
empty string.
An empty string ("") was passed to the src attribute. This may cause the 
browser to download the whole page again over the network. To fix this, 
either do not render the element at all or pass null to src instead of an 
empty string.
An empty string ("") was passed to the src attribute. This may cause the 
browser to download the whole page again over the network. To fix this, 
either do not render the element at all or pass null to src instead of an 
empty string.
An empty string ("") was passed to the src attribute. This may cause the 
browser to download the whole page again over the network. To fix this, 
either do not render the element at all or pass null to src instead of an 
empty string.
An empty string ("") was passed to the src attribute. This may cause the 
browser to download the whole page again over the network. To fix this, 
either do not render the element at all or pass null to src instead of an 
empty string.
An empty string ("") was passed to the src attribute. This may cause the 
browser to download the whole page again over the network. To fix this, 
either do not render the element at all or pass null to src instead of an 
empty string.
An empty string ("") was passed to the src attribute. This may cause the 
browser to download the whole page again over the network. To fix this, 
either do not render the element at all or pass null to src instead of an 
empty string.
An empty string ("") was passed to the src attribute. This may cause the 
browser to download the whole page again over the network. To fix this, 
either do not render the element at all or pass null to src instead of an 
empty string.
An empty string ("") was passed to the src attribute. This may cause the 
browser to download the whole page again over the network. To fix this, 
either do not render the element at all or pass null to src instead of an 
empty string.
An empty string ("") was passed to the src attribute. This may cause the 
browser to download the whole page again over the network. To fix this, 
either do not render the element at all or pass null to src instead of an 
empty string.
An empty string ("") was passed to the src attribute. This may cause the 
browser to download the whole page again over the network. To fix this, 
either do not render the element at all or pass null to src instead of an 
empty string.
An empty string ("") was passed to the src attribute. This may cause the 
browser to download the whole page again over the network. To fix this, 
either do not render the element at all or pass null to src instead of an 
empty string.
An empty string ("") was passed to the src attribute. This may cause the 
browser to download the whole page again over the network. To fix this, 
either do not render the element at all or pass null to src instead of an 
empty string.
An empty string ("") was passed to the src attribute. This may cause the 
browser to download the whole page again over the network. To fix this, 
either do not render the element at all or pass null to src instead of an 
empty string.
An empty string ("") was passed to the src attribute. This may cause the 
browser to download the whole page again over the network. To fix this, 
either do not render the element at all or pass null to src instead of an 
empty string.
An empty string ("") was passed to the src attribute. This may cause the 
browser to download the whole page again over the network. To fix this, 
either do not render the element at all or pass null to src instead of an 
empty string.
An empty string ("") was passed to the src attribute. This may cause the 
browser to download the whole page again over the network. To fix this, 
either do not render the element at all or pass null to src instead of an 
empty string.
An empty string ("") was passed to the src attribute. This may cause the 
browser to download the whole page again over the network. To fix this, 
either do not render the element at all or pass null to src instead of an 
empty string.
An empty string ("") was passed to the src attribute. This may cause the 
browser to download the whole page again over the network. To fix this, 
either do not render the element at all or pass null to src instead of an 
empty string.
An empty string ("") was passed to the src attribute. This may cause the 
browser to download the whole page again over the network. To fix this, 
either do not render the element at all or pass null to src instead of an 
empty string.
An empty string ("") was passed to the src attribute. This may cause the 
browser to download the whole page again over the network. To fix this, 
either do not render the element at all or pass null to src instead of an 
empty string.
An empty string ("") was passed to the src attribute. This may cause the 
browser to download the whole page again over the network. To fix this, 
either do not render the element at all or pass null to src instead of an 
empty string.
An empty string ("") was passed to the src attribute. This may cause the 
browser to download the whole page again over the network. To fix this, 
either do not render the element at all or pass null to src instead of an 
empty string.
An empty string ("") was passed to the src attribute. This may cause the 
browser to download the whole page again over the network. To fix this, 
either do not render the element at all or pass null to src instead of an 
empty string.
An empty string ("") was passed to the src attribute. This may cause the 
browser to download the whole page again over the network. To fix this, 
either do not render the element at all or pass null to src instead of an 
empty string.
An empty string ("") was passed to the src attribute. This may cause the 
browser to download the whole page again over the network. To fix this, 
either do not render the element at all or pass null to src instead of an 
empty string.
An empty string ("") was passed to the src attribute. This may cause the 
browser to download the whole page again over the network. To fix this, 
either do not render the element at all or pass null to src instead of an 
empty string.
An empty string ("") was passed to the src attribute. This may cause the 
browser to download the whole page again over the network. To fix this, 
either do not render the element at all or pass null to src instead of an 
empty string.
An empty string ("") was passed to the src attribute. This may cause the 
browser to download the whole page again over the network. To fix this, 
either do not render the element at all or pass null to src instead of an 
empty string.
An empty string ("") was passed to the src attribute. This may cause the 
browser to download the whole page again over the network. To fix this, 
either do not render the element at all or pass null to src instead of an 
empty string.
An empty string ("") was passed to the src attribute. This may cause the 
browser to download the whole page again over the network. To fix this, 
either do not render the element at all or pass null to src instead of an 
empty string.
An empty string ("") was passed to the src attribute. This may cause the 
browser to download the whole page again over the network. To fix this, 
either do not render the element at all or pass null to src instead of an 
empty string.
An empty string ("") was passed to the src attribute. This may cause the 
browser to download the whole page again over the network. To fix this, 
either do not render the element at all or pass null to src instead of an 
empty string.
An empty string ("") was passed to the src attribute. This may cause the 
browser to download the whole page again over the network. To fix this, 
either do not render the element at all or pass null to src instead of an 
empty string.
An empty string ("") was passed to the src attribute. This may cause the 
browser to download the whole page again over the network. To fix this, 
either do not render the element at all or pass null to src instead of an 
empty string.
An empty string ("") was passed to the src attribute. This may cause the 
browser to download the whole page again over the network. To fix this, 
either do not render the element at all or pass null to src instead of an 
empty string.
An empty string ("") was passed to the src attribute. This may cause the 
browser to download the whole page again over the network. To fix this, 
either do not render the element at all or pass null to src instead of an 
empty string.
An empty string ("") was passed to the src attribute. This may cause the 
browser to download the whole page again over the network. To fix this, 
either do not render the element at all or pass null to src instead of an 
empty string.
An empty string ("") was passed to the src attribute. This may cause the 
browser to download the whole page again over the network. To fix this, 
either do not render the element at all or pass null to src instead of an 
empty string.
An empty string ("") was passed to the src attribute. This may cause the 
browser to download the whole page again over the network. To fix this, 
either do not render the element at all or pass null to src instead of an 
empty string.
An empty string ("") was passed to the src attribute. This may cause the 
browser to download the whole page again over the network. To fix this, 
either do not render the element at all or pass null to src instead of an 
empty string.
An empty string ("") was passed to the src attribute. This may cause the 
browser to download the whole page again over the network. To fix this, 
either do not render the element at all or pass null to src instead of an 
empty string.
An empty string ("") was passed to the src attribute. This may cause the 
browser to download the whole page again over the network. To fix this, 
either do not render the element at all or pass null to src instead of an 
empty string.
An empty string ("") was passed to the src attribute. This may cause the 
browser to download the whole page again over the network. To fix this, 
either do not render the element at all or pass null to src instead of an 
empty string.
An empty string ("") was passed to the src attribute. This may cause the 
browser to download the whole page again over the network. To fix this, 
either do not render the element at all or pass null to src instead of an 
empty string.
An empty string ("") was passed to the src attribute. This may cause the 
browser to download the whole page again over the network. To fix this, 
either do not render the element at all or pass null to src instead of an 
empty string.
An empty string ("") was passed to the src attribute. This may cause the 
browser to download the whole page again over the network. To fix this, 
either do not render the element at all or pass null to src instead of an 
empty string.
An empty string ("") was passed to the src attribute. This may cause the 
browser to download the whole page again over the network. To fix this, 
either do not render the element at all or pass null to src instead of an 
empty string.
An empty string ("") was passed to the src attribute. This may cause the 
browser to download the whole page again over the network. To fix this, 
either do not render the element at all or pass null to src instead of an 
empty string.
An empty string ("") was passed to the src attribute. This may cause the 
browser to download the whole page again over the network. To fix this, 
either do not render the element at all or pass null to src instead of an 
empty string.
An empty string ("") was passed to the src attribute. This may cause the 
browser to download the whole page again over the network. To fix this, 
either do not render the element at all or pass null to src instead of an 
empty string.
An empty string ("") was passed to the src attribute. This may cause the 
browser to download the whole page again over the network. To fix this, 
either do not render the element at all or pass null to src instead of an 
empty string.
An empty string ("") was passed to the src attribute. This may cause the 
browser to download the whole page again over the network. To fix this, 
either do not render the element at all or pass null to src instead of an 
empty string.
An empty string ("") was passed to the src attribute. This may cause the 
browser to download the whole page again over the network. To fix this, 
either do not render the element at all or pass null to src instead of an 
empty string.
An empty string ("") was passed to the src attribute. This may cause the 
browser to download the whole page again over the network. To fix this, 
either do not render the element at all or pass null to src instead of an 
empty string.
An empty string ("") was passed to the src attribute. This may cause the 
browser to download the whole page again over the network. To fix this, 
either do not render the element at all or pass null to src instead of an 
empty string.
An empty string ("") was passed to the src attribute. This may cause the 
browser to download the whole page again over the network. To fix this, 
either do not render the element at all or pass null to src instead of an 
empty string.
An empty string ("") was passed to the src attribute. This may cause the 
browser to download the whole page again over the network. To fix this, 
either do not render the element at all or pass null to src instead of an 
empty string.
An empty string ("") was passed to the src attribute. This may cause the 
browser to download the whole page again over the network. To fix this, 
either do not render the element at all or pass null to src instead of an 
empty string.
An empty string ("") was passed to the src attribute. This may cause the 
browser to download the whole page again over the network. To fix this, 
either do not render the element at all or pass null to src instead of an 
empty string.
An empty string ("") was passed to the src attribute. This may cause the 
browser to download the whole page again over the network. To fix this, 
either do not render the element at all or pass null to src instead of an 
empty string.
An empty string ("") was passed to the src attribute. This may cause the 
browser to download the whole page again over the network. To fix this, 
either do not render the element at all or pass null to src instead of an 
empty string.
An empty string ("") was passed to the src attribute. This may cause the 
browser to download the whole page again over the network. To fix this, 
either do not render the element at all or pass null to src instead of an 
empty string.
An empty string ("") was passed to the src attribute. This may cause the 
browser to download the whole page again over the network. To fix this, 
either do not render the element at all or pass null to src instead of an 
empty string.
An empty string ("") was passed to the src attribute. This may cause the 
browser to download the whole page again over the network. To fix this, 
either do not render the element at all or pass null to src instead of an 
empty string.
An empty string ("") was passed to the src attribute. This may cause the 
browser to download the whole page again over the network. To fix this, 
either do not render the element at all or pass null to src instead of an 
empty string.
An empty string ("") was passed to the src attribute. This may cause the 
browser to download the whole page again over the network. To fix this, 
either do not render the element at all or pass null to src instead of an 
empty string.
An empty string ("") was passed to the src attribute. This may cause the 
browser to download the whole page again over the network. To fix this, 
either do not render the element at all or pass null to src instead of an 
empty string.
An empty string ("") was passed to the src attribute. This may cause the 
browser to download the whole page again over the network. To fix this, 
either do not render the element at all or pass null to src instead of an 
empty string.
An empty string ("") was passed to the src attribute. This may cause the 
browser to download the whole page again over the network. To fix this, 
either do not render the element at all or pass null to src instead of an 
empty string.
An empty string ("") was passed to the src attribute. This may cause the 
browser to download the whole page again over the network. To fix this, 
either do not render the element at all or pass null to src instead of an 
empty string.
An empty string ("") was passed to the src attribute. This may cause the 
browser to download the whole page again over the network. To fix this, 
either do not render the element at all or pass null to src instead of an 
empty string.
An empty string ("") was passed to the src attribute. This may cause the 
browser to download the whole page again over the network. To fix this, 
either do not render the element at all or pass null to src instead of an 
empty string.
An empty string ("") was passed to the src attribute. This may cause the 
browser to download the whole page again over the network. To fix this, 
either do not render the element at all or pass null to src instead of an 
empty string.
An empty string ("") was passed to the src attribute. This may cause the 
browser to download the whole page again over the network. To fix this, 
either do not render the element at all or pass null to src instead of an 
empty string.
An empty string ("") was passed to the src attribute. This may cause the 
browser to download the whole page again over the network. To fix this, 
either do not render the element at all or pass null to src instead of an 
empty string.
An empty string ("") was passed to the src attribute. This may cause the 
browser to download the whole page again over the network. To fix this, 
either do not render the element at all or pass null to src instead of an 
empty string.
An empty string ("") was passed to the src attribute. This may cause the 
browser to download the whole page again over the network. To fix this, 
either do not render the element at all or pass null to src instead of an 
empty string.
An empty string ("") was passed to the src attribute. This may cause the 
browser to download the whole page again over the network. To fix this, 
either do not render the element at all or pass null to src instead of an 
empty string.
An empty string ("") was passed to the src attribute. This may cause the 
browser to download the whole page again over the network. To fix this, 
either do not render the element at all or pass null to src instead of an 
empty string.
An empty string ("") was passed to the src attribute. This may cause the 
browser to download the whole page again over the network. To fix this, 
either do not render the element at all or pass null to src instead of an 
empty string.
An empty string ("") was passed to the src attribute. This may cause the 
browser to download the whole page again over the network. To fix this, 
either do not render the element at all or pass null to src instead of an 
empty string.
An empty string ("") was passed to the src attribute. This may cause the 
browser to download the whole page again over the network. To fix this, 
either do not render the element at all or pass null to src instead of an 
empty string.
An empty string ("") was passed to the src attribute. This may cause the 
browser to download the whole page again over the network. To fix this, 
either do not render the element at all or pass null to src instead of an 
empty string.
An empty string ("") was passed to the src attribute. This may cause the 
browser to download the whole page again over the network. To fix this, 
either do not render the element at all or pass null to src instead of an 
empty string.
An empty string ("") was passed to the src attribute. This may cause the 
browser to download the whole page again over the network. To fix this, 
either do not render the element at all or pass null to src instead of an 
empty string.
An empty string ("") was passed to the src attribute. This may cause the 
browser to download the whole page again over the network. To fix this, 
either do not render the element at all or pass null to src instead of an 
empty string.
An empty string ("") was passed to the src attribute. This may cause the 
browser to download the whole page again over the network. To fix this, 
either do not render the element at all or pass null to src instead of an 
empty string.
An empty string ("") was passed to the src attribute. This may cause the 
browser to download the whole page again over the network. To fix this, 
either do not render the element at all or pass null to src instead of an 
empty string.
An empty string ("") was passed to the src attribute. This may cause the 
browser to download the whole page again over the network. To fix this, 
either do not render the element at all or pass null to src instead of an 
empty string.
An empty string ("") was passed to the src attribute. This may cause the 
browser to download the whole page again over the network. To fix this, 
either do not render the element at all or pass null to src instead of an 
empty string.
An empty string ("") was passed to the src attribute. This may cause the 
browser to download the whole page again over the network. To fix this, 
either do not render the element at all or pass null to src instead of an 
empty string.
An empty string ("") was passed to the src attribute. This may cause the 
browser to download the whole page again over the network. To fix this, 
either do not render the element at all or pass null to src instead of an 
empty string.
An empty string ("") was passed to the src attribute. This may cause the 
browser to download the whole page again over the network. To fix this, 
either do not render the element at all or pass null to src instead of an 
empty string.
An empty string ("") was passed to the src attribute. This may cause the 
browser to download the whole page again over the network. To fix this, 
either do not render the element at all or pass null to src instead of an 
empty string.
An empty string ("") was passed to the src attribute. This may cause the 
browser to download the whole page again over the network. To fix this, 
either do not render the element at all or pass null to src instead of an 
empty string.
An empty string ("") was passed to the src attribute. This may cause the 
browser to download the whole page again over the network. To fix this, 
either do not render the element at all or pass null to src instead of an 
empty string.
An empty string ("") was passed to the src attribute. This may cause the 
browser to download the whole page again over the network. To fix this, 
either do not render the element at all or pass null to src instead of an 
empty string.
An empty string ("") was passed to the src attribute. This may cause the 
browser to download the whole page again over the network. To fix this, 
either do not render the element at all or pass null to src instead of an 
empty string.
An empty string ("") was passed to the src attribute. This may cause the 
browser to download the whole page again over the network. To fix this, 
either do not render the element at all or pass null to src instead of an 
empty string.
An empty string ("") was passed to the src attribute. This may cause the 
browser to download the whole page again over the network. To fix this, 
either do not render the element at all or pass null to src instead of an 
empty string.
An empty string ("") was passed to the src attribute. This may cause the 
browser to download the whole page again over the network. To fix this, 
either do not render the element at all or pass null to src instead of an 
empty string.
An empty string ("") was passed to the src attribute. This may cause the 
browser to download the whole page again over the network. To fix this, 
either do not render the element at all or pass null to src instead of an 
empty string.
An empty string ("") was passed to the src attribute. This may cause the 
browser to download the whole page again over the network. To fix this, 
either do not render the element at all or pass null to src instead of an 
empty string.
An empty string ("") was passed to the src attribute. This may cause the 
browser to download the whole page again over the network. To fix this, 
either do not render the element at all or pass null to src instead of an 
empty string.
An empty string ("") was passed to the src attribute. This may cause the 
browser to download the whole page again over the network. To fix this, 
either do not render the element at all or pass null to src instead of an 
empty string.
An empty string ("") was passed to the src attribute. This may cause the 
browser to download the whole page again over the network. To fix this, 
either do not render the element at all or pass null to src instead of an 
empty string.
An empty string ("") was passed to the src attribute. This may cause the 
browser to download the whole page again over the network. To fix this, 
either do not render the element at all or pass null to src instead of an 
empty string.
An empty string ("") was passed to the src attribute. This may cause the 
browser to download the whole page again over the network. To fix this, 
either do not render the element at all or pass null to src instead of an 
empty string.
An empty string ("") was passed to the src attribute. This may cause the 
browser to download the whole page again over the network. To fix this, 
either do not render the element at all or pass null to src instead of an 
empty string.
An empty string ("") was passed to the src attribute. This may cause the 
browser to download the whole page again over the network. To fix this, 
either do not render the element at all or pass null to src instead of an 
empty string.
An empty string ("") was passed to the src attribute. This may cause the 
browser to download the whole page again over the network. To fix this, 
either do not render the element at all or pass null to src instead of an 
empty string.
An empty string ("") was passed to the src attribute. This may cause the 
browser to download the whole page again over the network. To fix this, 
either do not render the element at all or pass null to src instead of an 
empty string.
An empty string ("") was passed to the src attribute. This may cause the 
browser to download the whole page again over the network. To fix this, 
either do not render the element at all or pass null to src instead of an 
empty string.
An empty string ("") was passed to the src attribute. This may cause the 
browser to download the whole page again over the network. To fix this, 
either do not render the element at all or pass null to src instead of an 
empty string.
An empty string ("") was passed to the src attribute. This may cause the 
browser to download the whole page again over the network. To fix this, 
either do not render the element at all or pass null to src instead of an 
empty string.
An empty string ("") was passed to the src attribute. This may cause the 
browser to download the whole page again over the network. To fix this, 
either do not render the element at all or pass null to src instead of an 
empty string.
An empty string ("") was passed to the src attribute. This may cause the 
browser to download the whole page again over the network. To fix this, 
either do not render the element at all or pass null to src instead of an 
empty string.
An empty string ("") was passed to the src attribute. This may cause the 
browser to download the whole page again over the network. To fix this, 
either do not render the element at all or pass null to src instead of an 
empty string.
An empty string ("") was passed to the src attribute. This may cause the 
browser to download the whole page again over the network. To fix this, 
either do not render the element at all or pass null to src instead of an 
empty string.
An empty string ("") was passed to the src attribute. This may cause the 
browser to download the whole page again over the network. To fix this, 
either do not render the element at all or pass null to src instead of an 
empty string.
An empty string ("") was passed to the src attribute. This may cause the 
browser to download the whole page again over the network. To fix this, 
either do not render the element at all or pass null to src instead of an 
empty string.
An empty string ("") was passed to the src attribute. This may cause the 
browser to download the whole page again over the network. To fix this, 
either do not render the element at all or pass null to src instead of an 
empty string.
An empty string ("") was passed to the src attribute. This may cause the 
browser to download the whole page again over the network. To fix this, 
either do not render the element at all or pass null to src instead of an 
empty string.
An empty string ("") was passed to the src attribute. This may cause the 
browser to download the whole page again over the network. To fix this, 
either do not render the element at all or pass null to src instead of an 
empty string.
An empty string ("") was passed to the src attribute. This may cause the 
browser to download the whole page again over the network. To fix this, 
either do not render the element at all or pass null to src instead of an 
empty string.
An empty string ("") was passed to the src attribute. This may cause the 
browser to download the whole page again over the network. To fix this, 
either do not render the element at all or pass null to src instead of an 
empty string.
An empty string ("") was passed to the src attribute. This may cause the 
browser to download the whole page again over the network. To fix this, 
either do not render the element at all or pass null to src instead of an 
empty string.
An empty string ("") was passed to the src attribute. This may cause the 
browser to download the whole page again over the network. To fix this, 
either do not render the element at all or pass null to src instead of an 
empty string.
An empty string ("") was passed to the src attribute. This may cause the 
browser to download the whole page again over the network. To fix this, 
either do not render the element at all or pass null to src instead of an 
empty string.
An empty string ("") was passed to the src attribute. This may cause the 
browser to download the whole page again over the network. To fix this, 
either do not render the element at all or pass null to src instead of an 
empty string.
An empty string ("") was passed to the src attribute. This may cause the 
browser to download the whole page again over the network. To fix this, 
either do not render the element at all or pass null to src instead of an 
empty string.
An empty string ("") was passed to the src attribute. This may cause the 
browser to download the whole page again over the network. To fix this, 
either do not render the element at all or pass null to src instead of an 
empty string.
An empty string ("") was passed to the src attribute. This may cause the 
browser to download the whole page again over the network. To fix this, 
either do not render the element at all or pass null to src instead of an 
empty string.
An empty string ("") was passed to the src attribute. This may cause the 
browser to download the whole page again over the network. To fix this, 
either do not render the element at all or pass null to src instead of an 
empty string.
An empty string ("") was passed to the src attribute. This may cause the 
browser to download the whole page again over the network. To fix this, 
either do not render the element at all or pass null to src instead of an 
empty string.
An empty string ("") was passed to the src attribute. This may cause the 
browser to download the whole page again over the network. To fix this, 
either do not render the element at all or pass null to src instead of an 
empty string.
An empty string ("") was passed to the src attribute. This may cause the 
browser to download the whole page again over the network. To fix this, 
either do not render the element at all or pass null to src instead of an 
empty string.
An empty string ("") was passed to the src attribute. This may cause the 
browser to download the whole page again over the network. To fix this, 
either do not render the element at all or pass null to src instead of an 
empty string.
An empty string ("") was passed to the src attribute. This may cause the 
browser to download the whole page again over the network. To fix this, 
either do not render the element at all or pass null to src instead of an 
empty string.
An empty string ("") was passed to the src attribute. This may cause the 
browser to download the whole page again over the network. To fix this, 
either do not render the element at all or pass null to src instead of an 
empty string.
An empty string ("") was passed to the src attribute. This may cause the 
browser to download the whole page again over the network. To fix this, 
either do not render the element at all or pass null to src instead of an 
empty string.
An empty string ("") was passed to the src attribute. This may cause the 
browser to download the whole page again over the network. To fix this, 
either do not render the element at all or pass null to src instead of an 
empty string.
An empty string ("") was passed to the src attribute. This may cause the 
browser to download the whole page again over the network. To fix this, 
either do not render the element at all or pass null to src instead of an 
empty string.
An empty string ("") was passed to the src attribute. This may cause the 
browser to download the whole page again over the network. To fix this, 
either do not render the element at all or pass null to src instead of an 
empty string.
An empty string ("") was passed to the src attribute. This may cause the 
browser to download the whole page again over the network. To fix this, 
either do not render the element at all or pass null to src instead of an 
empty string.
An empty string ("") was passed to the src attribute. This may cause the 
browser to download the whole page again over the network. To fix this, 
either do not render the element at all or pass null to src instead of an 
empty string.
An empty string ("") was passed to the src attribute. This may cause the 
browser to download the whole page again over the network. To fix this, 
either do not render the element at all or pass null to src instead of an 
empty string.
An empty string ("") was passed to the src attribute. This may cause the 
browser to download the whole page again over the network. To fix this, 
either do not render the element at all or pass null to src instead of an 
empty string.
An empty string ("") was passed to the src attribute. This may cause the 
browser to download the whole page again over the network. To fix this, 
either do not render the element at all or pass null to src instead of an 
empty string.
An empty string ("") was passed to the src attribute. This may cause the 
browser to download the whole page again over the network. To fix this, 
either do not render the element at all or pass null to src instead of an 
empty string.
An empty string ("") was passed to the src attribute. This may cause the 
browser to download the whole page again over the network. To fix this, 
either do not render the element at all or pass null to src instead of an 
empty string.
An empty string ("") was passed to the src attribute. This may cause the 
browser to download the whole page again over the network. To fix this, 
either do not render the element at all or pass null to src instead of an 
empty string.
An empty string ("") was passed to the src attribute. This may cause the 
browser to download the whole page again over the network. To fix this, 
either do not render the element at all or pass null to src instead of an 
empty string.
An empty string ("") was passed to the src attribute. This may cause the 
browser to download the whole page again over the network. To fix this, 
either do not render the element at all or pass null to src instead of an 
empty string.
An empty string ("") was passed to the src attribute. This may cause the 
browser to download the whole page again over the network. To fix this, 
either do not render the element at all or pass null to src instead of an 
empty string.
An empty string ("") was passed to the src attribute. This may cause the 
browser to download the whole page again over the network. To fix this, 
either do not render the element at all or pass null to src instead of an 
empty string.
An empty string ("") was passed to the src attribute. This may cause the 
browser to download the whole page again over the network. To fix this, 
either do not render the element at all or pass null to src instead of an 
empty string.
An empty string ("") was passed to the src attribute. This may cause the 
browser to download the whole page again over the network. To fix this, 
either do not render the element at all or pass null to src instead of an 
empty string.
An empty string ("") was passed to the src attribute. This may cause the 
browser to download the whole page again over the network. To fix this, 
either do not render the element at all or pass null to src instead of an 
empty string.
An empty string ("") was passed to the src attribute. This may cause the 
browser to download the whole page again over the network. To fix this, 
either do not render the element at all or pass null to src instead of an 
empty string.
An empty string ("") was passed to the src attribute. This may cause the 
browser to download the whole page again over the network. To fix this, 
either do not render the element at all or pass null to src instead of an 
empty string.
An empty string ("") was passed to the src attribute. This may cause the 
browser to download the whole page again over the network. To fix this, 
either do not render the element at all or pass null to src instead of an 
empty string.
An empty string ("") was passed to the src attribute. This may cause the 
browser to download the whole page again over the network. To fix this, 
either do not render the element at all or pass null to src instead of an 
empty string.
An empty string ("") was passed to the src attribute. This may cause the 
browser to download the whole page again over the network. To fix this, 
either do not render the element at all or pass null to src instead of an 
empty string.
An empty string ("") was passed to the src attribute. This may cause the 
browser to download the whole page again over the network. To fix this, 
either do not render the element at all or pass null to src instead of an 
empty string.
An empty string ("") was passed to the src attribute. This may cause the 
browser to download the whole page again over the network. To fix this, 
either do not render the element at all or pass null to src instead of an 
empty string.
An empty string ("") was passed to the src attribute. This may cause the 
browser to download the whole page again over the network. To fix this, 
either do not render the element at all or pass null to src instead of an 
empty string.
An empty string ("") was passed to the src attribute. This may cause the 
browser to download the whole page again over the network. To fix this, 
either do not render the element at all or pass null to src instead of an 
empty string.
An empty string ("") was passed to the src attribute. This may cause the 
browser to download the whole page again over the network. To fix this, 
either do not render the element at all or pass null to src instead of an 
empty string.
An empty string ("") was passed to the src attribute. This may cause the 
browser to download the whole page again over the network. To fix this, 
either do not render the element at all or pass null to src instead of an 
empty string.
An empty string ("") was passed to the src attribute. This may cause the 
browser to download the whole page again over the network. To fix this, 
either do not render the element at all or pass null to src instead of an 
empty string.
An empty string ("") was passed to the src attribute. This may cause the 
browser to download the whole page again over the network. To fix this, 
either do not render the element at all or pass null to src instead of an 
empty string.
An empty string ("") was passed to the src attribute. This may cause the 
browser to download the whole page again over the network. To fix this, 
either do not render the element at all or pass null to src instead of an 
empty string.
An empty string ("") was passed to the src attribute. This may cause the 
browser to download the whole page again over the network. To fix this, 
either do not render the element at all or pass null to src instead of an 
empty string.
An empty string ("") was passed to the src attribute. This may cause the 
browser to download the whole page again over the network. To fix this, 
either do not render the element at all or pass null to src instead of an 
empty string.
An empty string ("") was passed to the src attribute. This may cause the 
browser to download the whole page again over the network. To fix this, 
either do not render the element at all or pass null to src instead of an 
empty string.
An empty string ("") was passed to the src attribute. This may cause the 
browser to download the whole page again over the network. To fix this, 
either do not render the element at all or pass null to src instead of an 
empty string.
An empty string ("") was passed to the src attribute. This may cause the 
browser to download the whole page again over the network. To fix this, 
either do not render the element at all or pass null to src instead of an 
empty string.
An empty string ("") was passed to the src attribute. This may cause the 
browser to download the whole page again over the network. To fix this, 
either do not render the element at all or pass null to src instead of an 
empty string.
An empty string ("") was passed to the src attribute. This may cause the 
browser to download the whole page again over the network. To fix this, 
either do not render the element at all or pass null to src instead of an 
empty string.
An empty string ("") was passed to the src attribute. This may cause the 
browser to download the whole page again over the network. To fix this, 
either do not render the element at all or pass null to src instead of an 
empty string.
An empty string ("") was passed to the src attribute. This may cause the 
browser to download the whole page again over the network. To fix this, 
either do not render the element at all or pass null to src instead of an 
empty string.
An empty string ("") was passed to the src attribute. This may cause the 
browser to download the whole page again over the network. To fix this, 
either do not render the element at all or pass null to src instead of an 
empty string.
An empty string ("") was passed to the src attribute. This may cause the 
browser to download the whole page again over the network. To fix this, 
either do not render the element at all or pass null to src instead of an 
empty string.
An empty string ("") was passed to the src attribute. This may cause the 
browser to download the whole page again over the network. To fix this, 
either do not render the element at all or pass null to src instead of an 
empty string.
An empty string ("") was passed to the src attribute. This may cause the 
browser to download the whole page again over the network. To fix this, 
either do not render the element at all or pass null to src instead of an 
empty string.
An empty string ("") was passed to the src attribute. This may cause the 
browser to download the whole page again over the network. To fix this, 
either do not render the element at all or pass null to src instead of an 
empty string.
An empty string ("") was passed to the src attribute. This may cause the 
browser to download the whole page again over the network. To fix this, 
either do not render the element at all or pass null to src instead of an 
empty string.
An empty string ("") was passed to the src attribute. This may cause the 
browser to download the whole page again over the network. To fix this, 
either do not render the element at all or pass null to src instead of an 
empty string.
An empty string ("") was passed to the src attribute. This may cause the 
browser to download the whole page again over the network. To fix this, 
either do not render the element at all or pass null to src instead of an 
empty string.
An empty string ("") was passed to the src attribute. This may cause the 
browser to download the whole page again over the network. To fix this, 
either do not render the element at all or pass null to src instead of an 
empty string.
An empty string ("") was passed to the src attribute. This may cause the 
browser to download the whole page again over the network. To fix this, 
either do not render the element at all or pass null to src instead of an 
empty string.
An empty string ("") was passed to the src attribute. This may cause the 
browser to download the whole page again over the network. To fix this, 
either do not render the element at all or pass null to src instead of an 
empty string.
An empty string ("") was passed to the src attribute. This may cause the 
browser to download the whole page again over the network. To fix this, 
either do not render the element at all or pass null to src instead of an 
empty string.
An empty string ("") was passed to the src attribute. This may cause the 
browser to download the whole page again over the network. To fix this, 
either do not render the element at all or pass null to src instead of an 
empty string.
An empty string ("") was passed to the src attribute. This may cause the 
browser to download the whole page again over the network. To fix this, 
either do not render the element at all or pass null to src instead of an 
empty string.
An empty string ("") was passed to the src attribute. This may cause the 
browser to download the whole page again over the network. To fix this, 
either do not render the element at all or pass null to src instead of an 
empty string.
An empty string ("") was passed to the src attribute. This may cause the 
browser to download the whole page again over the network. To fix this, 
either do not render the element at all or pass null to src instead of an 
empty string.
An empty string ("") was passed to the src attribute. This may cause the 
browser to download the whole page again over the network. To fix this, 
either do not render the element at all or pass null to src instead of an 
empty string.
An empty string ("") was passed to the src attribute. This may cause the 
browser to download the whole page again over the network. To fix this, 
either do not render the element at all or pass null to src instead of an 
empty string.
An empty string ("") was passed to the src attribute. This may cause the 
browser to download the whole page again over the network. To fix this, 
either do not render the element at all or pass null to src instead of an 
empty string.
An empty string ("") was passed to the src attribute. This may cause the 
browser to download the whole page again over the network. To fix this, 
either do not render the element at all or pass null to src instead of an 
empty string.
An empty string ("") was passed to the src attribute. This may cause the 
browser to download the whole page again over the network. To fix this, 
either do not render the element at all or pass null to src instead of an 
empty string.
An empty string ("") was passed to the src attribute. This may cause the 
browser to download the whole page again over the network. To fix this, 
either do not render the element at all or pass null to src instead of an 
empty string.
An empty string ("") was passed to the src attribute. This may cause the 
browser to download the whole page again over the network. To fix this, 
either do not render the element at all or pass null to src instead of an 
empty string.
An empty string ("") was passed to the src attribute. This may cause the 
browser to download the whole page again over the network. To fix this, 
either do not render the element at all or pass null to src instead of an 
empty string.
An empty string ("") was passed to the src attribute. This may cause the 
browser to download the whole page again over the network. To fix this, 
either do not render the element at all or pass null to src instead of an 
empty string.
An empty string ("") was passed to the src attribute. This may cause the 
browser to download the whole page again over the network. To fix this, 
either do not render the element at all or pass null to src instead of an 
empty string.
An empty string ("") was passed to the src attribute. This may cause the 
browser to download the whole page again over the network. To fix this, 
either do not render the element at all or pass null to src instead of an 
empty string.
An empty string ("") was passed to the src attribute. This may cause the 
browser to download the whole page again over the network. To fix this, 
either do not render the element at all or pass null to src instead of an 
empty string.
An empty string ("") was passed to the src attribute. This may cause the 
browser to download the whole page again over the network. To fix this, 
either do not render the element at all or pass null to src instead of an 
empty string.
An empty string ("") was passed to the src attribute. This may cause the 
browser to download the whole page again over the network. To fix this, 
either do not render the element at all or pass null to src instead of an 
empty string.
An empty string ("") was passed to the src attribute. This may cause the 
browser to download the whole page again over the network. To fix this, 
either do not render the element at all or pass null to src instead of an 
empty string.
An empty string ("") was passed to the src attribute. This may cause the 
browser to download the whole page again over the network. To fix this, 
either do not render the element at all or pass null to src instead of an 
empty string.
An empty string ("") was passed to the src attribute. This may cause the 
browser to download the whole page again over the network. To fix this, 
either do not render the element at all or pass null to src instead of an 
empty string.
An empty string ("") was passed to the src attribute. This may cause the 
browser to download the whole page again over the network. To fix this, 
either do not render the element at all or pass null to src instead of an 
empty string.
An empty string ("") was passed to the src attribute. This may cause the 
browser to download the whole page again over the network. To fix this, 
either do not render the element at all or pass null to src instead of an 
empty string.
An empty string ("") was passed to the src attribute. This may cause the 
browser to download the whole page again over the network. To fix this, 
either do not render the element at all or pass null to src instead of an 
empty string.
An empty string ("") was passed to the src attribute. This may cause the 
browser to download the whole page again over the network. To fix this, 
either do not render the element at all or pass null to src instead of an 
empty string.
An empty string ("") was passed to the src attribute. This may cause the 
browser to download the whole page again over the network. To fix this, 
either do not render the element at all or pass null to src instead of an 
empty string.
An empty string ("") was passed to the src attribute. This may cause the 
browser to download the whole page again over the network. To fix this, 
either do not render the element at all or pass null to src instead of an 
empty string.
An empty string ("") was passed to the src attribute. This may cause the 
browser to download the whole page again over the network. To fix this, 
either do not render the element at all or pass null to src instead of an 
empty string.
An empty string ("") was passed to the src attribute. This may cause the 
browser to download the whole page again over the network. To fix this, 
either do not render the element at all or pass null to src instead of an 
empty string.
An empty string ("") was passed to the src attribute. This may cause the 
browser to download the whole page again over the network. To fix this, 
either do not render the element at all or pass null to src instead of an 
empty string.
An empty string ("") was passed to the src attribute. This may cause the 
browser to download the whole page again over the network. To fix this, 
either do not render the element at all or pass null to src instead of an 
empty string.
An empty string ("") was passed to the src attribute. This may cause the 
browser to download the whole page again over the network. To fix this, 
either do not render the element at all or pass null to src instead of an 
empty string.
An empty string ("") was passed to the src attribute. This may cause the 
browser to download the whole page again over the network. To fix this, 
either do not render the element at all or pass null to src instead of an 
empty string.
 [32mΓ£ô[39m __tests__/properties/lazy-loading-below-fold.property.test.tsx [2m([22m[2m8 tests[22m[2m)[22m[33m 7160[2mms[22m[39m
An empty string ("") was passed to the src attribute. This may cause the 
browser to download the whole page again over the network. To fix this, 
either do not render the element at all or pass null to src instead of an 
empty string.
   [33m[2mΓ£ô[22m[39m Property: Lazy Loading Below Fold[2m > [22mshould not load images that are below the fold initially [33m1098[2mms[22m[39m
An empty string ("") was passed to the src attribute. This may cause the 
browser to download the whole page again over the network. To fix this, 
either do not render the element at all or pass null to src instead of an 
empty string.
   [33m[2mΓ£ô[22m[39m Property: Lazy Loading Below Fold[2m > [22mshould load images when they enter the viewport [33m952[2mms[22m[39m
An empty string ("") was passed to the src attribute. This may cause the 
browser to download the whole page again over the network. To fix this, 
either do not render the element at all or pass null to src instead of an 
empty string.
   [33m[2mΓ£ô[22m[39m Property: Lazy Loading Below Fold[2m > [22mshould only observe images once [33m818[2mms[22m[39m
An empty string ("") was passed to the src attribute. This may cause the 
browser to download the whole page again over the network. To fix this, 
either do not render the element at all or pass null to src instead of an 
empty string.
   [33m[2mΓ£ô[22m[39m Property: Lazy Loading Below Fold[2m > [22mshould handle images at various scroll positions correctly [33m460[2mms[22m[39m
An empty string ("") was passed to the src attribute. This may cause the 
browser to download the whole page again over the network. To fix this, 
either do not render the element at all or pass null to src instead of an 
empty string.
   [33m[2mΓ£ô[22m[39m Property: Lazy Loading Below Fold[2m > [22mshould use lazy loading attribute on img element [33m487[2mms[22m[39m
An empty string ("") was passed to the src attribute. This may cause the 
browser to download the whole page again over the network. To fix this, 
either do not render the element at all or pass null to src instead of an 
empty string.
   [33m[2mΓ£ô[22m[39m Property: Lazy Loading Below Fold[2m > [22mshould show placeholder while image is not loaded [33m733[2mms[22m[39m
   [33m[2mΓ£ô[22m[39m Property: Lazy Loading Below Fold[2m > [22mshould handle custom root margins correctly [33m733[2mms[22m[39m
An empty string ("") was passed to the src attribute. This may cause the 
browser to download the whole page again over the network. To fix this, 
either do not render the element at all or pass null to src instead of an 
empty string.
   [33m[2mΓ£ô[22m[39m Property: Lazy Loading Below Fold[2m > [22mshould not load images that never enter viewport [33m1868[2mms[22m[39m
An empty string ("") was passed to the src attribute. This may cause the 
browser to download the whole page again over the network. To fix this, 
either do not render the element at all or pass null to src instead of an 
empty string.
An empty string ("") was passed to the src attribute. This may cause the 
browser to download the whole page again over the network. To fix this, 
either do not render the element at all or pass null to src instead of an 
empty string.
An empty string ("") was passed to the src attribute. This may cause the 
browser to download the whole page again over the network. To fix this, 
either do not render the element at all or pass null to src instead of an 
empty string.
An empty string ("") was passed to the src attribute. This may cause the 
browser to download the whole page again over the network. To fix this, 
either do not render the element at all or pass null to src instead of an 
empty string.
An empty string ("") was passed to the src attribute. This may cause the 
browser to download the whole page again over the network. To fix this, 
either do not render the element at all or pass null to src instead of an 
empty string.
An empty string ("") was passed to the src attribute. This may cause the 
browser to download the whole page again over the network. To fix this, 
either do not render the element at all or pass null to src instead of an 
empty string.
An empty string ("") was passed to the src attribute. This may cause the 
browser to download the whole page again over the network. To fix this, 
either do not render the element at all or pass null to src instead of an 
empty string.
An empty string ("") was passed to the src attribute. This may cause the 
browser to download the whole page again over the network. To fix this, 
either do not render the element at all or pass null to src instead of an 
empty string.
An empty string ("") was passed to the src attribute. This may cause the 
browser to download the whole page again over the network. To fix this, 
either do not render the element at all or pass null to src instead of an 
empty string.
An empty string ("") was passed to the src attribute. This may cause the 
browser to download the whole page again over the network. To fix this, 
either do not render the element at all or pass null to src instead of an 
empty string.

 [32mΓ£ô[39m __tests__/properties/whatsapp-color-consistency.property.test.ts [2m([22m[2m10 tests[22m[2m)[22m[33m 337[2mms[22m[39m
 [32mΓ£ô[39m __tests__/properties/count-query-usage.property.test.ts [2m([22m[2m10 tests[22m[2m)[22m[33m 555[2mms[22m[39m
 [32mΓ£ô[39m __tests__/unit/date-utils.test.ts [2m([22m[2m23 tests[22m[2m)[22m[90m 154[2mms[22m[39m
 [32mΓ£ô[39m __tests__/properties/technical-term-hiding.property.test.tsx [2m([22m[2m3 tests[22m[2m)[22m[33m 27290[2mms[22m[39m
   [33m[2mΓ£ô[22m[39m Property 14: Technical Term Hiding in Simple Mode[2m > [22mshould hide technical agent names in Simple Mode for any message [33m9800[2mms[22m[39m
   [33m[2mΓ£ô[22m[39m Property 14: Technical Term Hiding in Simple Mode[2m > [22mshould show technical agent names in Advanced Mode for any message [33m13937[2mms[22m[39m
   [33m[2mΓ£ô[22m[39m Property 14: Technical Term Hiding in Simple Mode[2m > [22mshould consistently hide stage labels in Simple Mode [33m3548[2mms[22m[39m
 [32mΓ£ô[39m __tests__/properties/appointment-meeting-room-creation.property.test.ts [2m([22m[2m6 tests[22m[2m)[22m[33m 3403[2mms[22m[39m
   [33m[2mΓ£ô[22m[39m Property 4: Appointment Meeting Room Creation[2m > [22mcreates meeting room with appointment ID as call identifier [33m374[2mms[22m[39m
   [33m[2mΓ£ô[22m[39m Property 4: Appointment Meeting Room Creation[2m > [22mcreates meeting room with matching start times [33m481[2mms[22m[39m
   [33m[2mΓ£ô[22m[39m Property 4: Appointment Meeting Room Creation[2m > [22mincludes appointment metadata in meeting room [33m617[2mms[22m[39m
   [33m[2mΓ£ô[22m[39m Property 4: Appointment Meeting Room Creation[2m > [22mupdates appointment record with Stream data [33m674[2mms[22m[39m
   [33m[2mΓ£ô[22m[39m Property 4: Appointment Meeting Room Creation[2m > [22madds participants with correct roles [33m1113[2mms[22m[39m
 [32mΓ£ô[39m __tests__/properties/cross-connection-validation.property.test.ts [2m([22m[2m7 tests[22m[2m)[22m[33m 636[2mms[22m[39m
 [32mΓ£ô[39m __tests__/properties/doctor-meeting-control.property.test.ts [2m([22m[2m6 tests[22m[2m)[22m[33m 1157[2mms[22m[39m
   [33m[2mΓ£ô[22m[39m Property 9: Doctor Meeting Control[2m > [22mallows doctors to end meetings for all participants [33m345[2mms[22m[39m
   [33m[2mΓ£ô[22m[39m Property 9: Doctor Meeting Control[2m > [22mallows admins to end meetings for all participants [33m308[2mms[22m[39m
   [33m[2mΓ£ô[22m[39m Property 9: Doctor Meeting Control[2m > [22mhandles end meeting errors gracefully [33m304[2mms[22m[39m
 [32mΓ£ô[39m __tests__/properties/optimistic-updates.property.test.ts [2m([22m[2m5 tests[22m[2m)[22m[33m 454[2mms[22m[39m
 [32mΓ£ô[39m __tests__/properties/response-acceptance.property.test.ts [2m([22m[2m13 tests[22m[2m)[22m[33m 376[2mms[22m[39m
 [32mΓ£ô[39m __tests__/properties/appointment-session-link.property.test.ts [2m([22m[2m8 tests[22m[2m)[22m[33m 488[2mms[22m[39m
 [32mΓ£ô[39m __tests__/properties/qr-code-url.property.test.ts [2m([22m[2m12 tests[22m[2m)[22m[33m 2851[2mms[22m[39m
   [33m[2mΓ£ô[22m[39m Property 9: QR Code URL Consistency[2m > [22mQR Code Generation[2m > [22mfor any valid slug, QR code data URL is valid base64 PNG [33m1366[2mms[22m[39m
   [33m[2mΓ£ô[22m[39m Property 9: QR Code URL Consistency[2m > [22mQR Code Generation[2m > [22mgenerateDoctorQRCode returns consistent shareUrl and qrCodeDataUrl [33m1066[2mms[22m[39m
 [32mΓ£ô[39m __tests__/properties/video-quality-config.property.test.ts [2m([22m[2m12 tests[22m[2m)[22m[90m 82[2mms[22m[39m
 [32mΓ£ô[39m __tests__/properties/completeness-threshold.property.test.ts [2m([22m[2m6 tests[22m[2m)[22m[90m 158[2mms[22m[39m
 [32mΓ£ô[39m __tests__/properties/agent-routing-transitions.property.test.ts [2m([22m[2m14 tests[22m[2m)[22m[90m 28[2mms[22m[39m
 [32mΓ£ô[39m __tests__/properties/date-normalization.property.test.ts [2m([22m[2m6 tests[22m[2m)[22m[33m 2105[2mms[22m[39m
   [33m[2mΓ£ô[22m[39m Property 4: Date Normalization to Local Timezone[2m > [22mall group dates are normalized to midnight [33m585[2mms[22m[39m
   [33m[2mΓ£ô[22m[39m Property 4: Date Normalization to Local Timezone[2m > [22mmessages with createdAt field are also normalized correctly [33m694[2mms[22m[39m
 [31mΓ¥»[39m __tests__/properties/image-size-optimization.property.test.ts [2m([22m[2m7 tests[22m[2m | [22m[31m1 failed[39m[2m)[22m[33m 507[2mms[22m[39m
[31m   [31m├ù[31m Property: Image Size Optimization[2m > [22mshould compress any image to Γëñ 100KB[90m 178[2mms[22m[31m[39m
[31m     ΓåÆ Property failed after 7 tests
{ seed: -1873148461, path: "6:0:0", endOnFailure: true }
Counterexample: [{"width":100,"height":100,"complexity":Number.NaN}]
Shrunk 2 time(s)
Got AssertionError: expected NaN to be less than or equal to 102400
    at C:\Users\DELL\Desktop\a2a-dr.-gemini-intake-agent\__tests__\properties\image-size-optimization.property.test.ts:98:32
    at Property.predicate (file:///C:/Users/DELL/Desktop/a2a-dr.-gemini-intake-agent/node_modules/fast-check/lib/esm/check/property/Property.js:14:54)
    at Property.run (file:///C:/Users/DELL/Desktop/a2a-dr.-gemini-intake-agent/node_modules/fast-check/lib/esm/check/property/Property.generic.js:46:33)
    at runIt (file:///C:/Users/DELL/Desktop/a2a-dr.-gemini-intake-agent/node_modules/fast-check/lib/esm/check/runner/Runner.js:18:30)
    at check (file:///C:/Users/DELL/Desktop/a2a-dr.-gemini-intake-agent/node_modules/fast-check/lib/esm/check/runner/Runner.js:62:11)
    at Module.assert (file:///C:/Users/DELL/Desktop/a2a-dr.-gemini-intake-agent/node_modules/fast-check/lib/esm/check/runner/Runner.js:65:17)
    at C:\Users\DELL\Desktop\a2a-dr.-gemini-intake-agent\__tests__\properties\image-size-optimization.property.test.ts:92:8
    at file:///C:/Users/DELL/Desktop/a2a-dr.-gemini-intake-agent/node_modules/@vitest/runner/dist/index.js:146:14
    at file:///C:/Users/DELL/Desktop/a2a-dr.-gemini-intake-agent/node_modules/@vitest/runner/dist/index.js:533:11
    at runWithTimeout (file:///C:/Users/DELL/Desktop/a2a-dr.-gemini-intake-agent/node_modules/@vitest/runner/dist/index.js:39:7)

Hint: Enable verbose mode in order to have the list of all failing values encountered during the run[39m
 [32mΓ£ô[39m __tests__/properties/main-content-scroll-enablement.property.test.ts [2m([22m[2m7 tests[22m[2m)[22m[90m 162[2mms[22m[39m
 [32mΓ£ô[39m __tests__/properties/time-slot-grouping.property.test.ts [2m([22m[2m9 tests[22m[2m)[22m[33m 1215[2mms[22m[39m
   [33m[2mΓ£ô[22m[39m Property: Time Slot Grouping[2m > [22mshould group all slots into exactly three categories [33m419[2mms[22m[39m
 [32mΓ£ô[39m __tests__/properties/response-processing.property.test.ts [2m([22m[2m8 tests[22m[2m)[22m[33m 439[2mms[22m[39m
 [32mΓ£ô[39m __tests__/properties/message-render-optimization.property.test.ts [2m([22m[2m6 tests[22m[2m)[22m[33m 446[2mms[22m[39m
 [32mΓ£ô[39m __tests__/integration/stream-video-integration.test.ts [2m([22m[2m17 tests[22m[2m)[22m[90m 39[2mms[22m[39m
 [32mΓ£ô[39m __tests__/properties/message-order-preservation.property.test.ts [2m([22m[2m4 tests[22m[2m)[22m[33m 655[2mms[22m[39m
 [32mΓ£ô[39m __tests__/properties/optimistic-update-test.property.test.ts [2m([22m[2m4 tests[22m[2m)[22m[33m 682[2mms[22m[39m
 [32mΓ£ô[39m __tests__/properties/appointment-creation-params.property.test.ts [2m([22m[2m5 tests[22m[2m)[22m[90m 108[2mms[22m[39m
 [32mΓ£ô[39m __tests__/properties/invalid-timestamp-handling.property.test.ts [2m([22m[2m8 tests[22m[2m)[22m[33m 418[2mms[22m[39m
 [32mΓ£ô[39m __tests__/properties/state-persistence.property.test.ts [2m([22m[2m10 tests[22m[2m)[22m[90m 273[2mms[22m[39m
 [32mΓ£ô[39m __tests__/properties/retry-content-preservation.property.test.ts [2m([22m[2m3 tests[22m[2m)[22m[90m 259[2mms[22m[39m
 [32mΓ£ô[39m __tests__/properties/dashboard-lean-fields.property.test.ts [2m([22m[2m7 tests[22m[2m)[22m[90m 148[2mms[22m[39m
 [32mΓ£ô[39m __tests__/properties/join-meeting-button-visibility.property.test.ts [2m([22m[2m8 tests[22m[2m)[22m[33m 393[2mms[22m[39m
 [32mΓ£ô[39m __tests__/integration/ChatInterface-date-separators.test.tsx [2m([22m[2m5 tests[22m[2m)[22m[33m 894[2mms[22m[39m
   [33m[2mΓ£ô[22m[39m ChatInterface with Date Separators[2m > [22mshould render separators between different dates [33m524[2mms[22m[39m
 [32mΓ£ô[39m __tests__/properties/skip-command-handling.property.test.ts [2m([22m[2m8 tests[22m[2m)[22m[90m 227[2mms[22m[39m
 [32mΓ£ô[39m __tests__/properties/resource-management.property.test.ts [2m([22m[2m12 tests[22m[2m)[22m[90m 174[2mms[22m[39m
 [32mΓ£ô[39m __tests__/properties/layout-height-constraint.property.test.ts [2m([22m[2m5 tests[22m[2m)[22m[90m 139[2mms[22m[39m
 [31mΓ¥»[39m __tests__/properties/single-question-per-response.property.test.ts [2m([22m[2m7 tests[22m[2m | [22m[31m1 failed[39m[2m)[22m[90m 172[2mms[22m[39m
[31m   [31m├ù[31m Property 16: Single Question Per AI Response[2m > [22mshould validate that Simple Mode AI messages follow single question rule[90m 69[2mms[22m[31m[39m
[31m     ΓåÆ Property failed after 77 tests
{ seed: 1388135149, path: "76:1:0:1:13:12:12:12:12:12:12:12:12:12:12", endOnFailure: true }
Counterexample: ["??          "]
Shrunk 14 time(s)
Got error: Property failed by returning false

Hint: Enable verbose mode in order to have the list of all failing values encountered during the run[39m
 [32mΓ£ô[39m __tests__/properties/stream-provider-context.property.test.ts [2m([22m[2m4 tests[22m[2m)[22m[33m 4263[2mms[22m[39m
   [33m[2mΓ£ô[22m[39m Property 3: Provider Context Availability[2m > [22mprovides context to any component within the provider [33m2137[2mms[22m[39m
   [33m[2mΓ£ô[22m[39m Property 3: Provider Context Availability[2m > [22mcontext provides all required properties [33m1172[2mms[22m[39m
   [33m[2mΓ£ô[22m[39m Property 3: Provider Context Availability[2m > [22mcontext handles nested provider scenarios correctly [33m828[2mms[22m[39m
 [32mΓ£ô[39m __tests__/properties/intake-progress-display-format.property.test.tsx [2m([22m[2m4 tests[22m[2m)[22m[33m 8153[2mms[22m[39m
   [33m[2mΓ£ô[22m[39m Property 13: Intake Progress Display Format[2m > [22mshould display progress as "X of Y questions answered" in Simple Mode for any values [33m6445[2mms[22m[39m
   [33m[2mΓ£ô[22m[39m Property 13: Intake Progress Display Format[2m > [22mshould display percentage format in Advanced Mode for any completeness value [33m1596[2mms[22m[39m
[90mstderr[2m | __tests__/unit/BottomNav.test.tsx[2m > 
[22m[2mBottomNav Component[2m > [22m[2mshould render all navigation 
items
[22m[39mreact-i18next:: useTranslation: You will need to pass in an 
i18next instance by using initReactI18next { code: 
[32m'NO_I18NEXT_INSTANCE'[39m }

 [31mΓ¥»[39m __tests__/unit/BottomNav.test.tsx [2m([22m[2m13 tests[22m[2m | [22m[31m4 failed[39m[2m)[22m[33m 2641[2mms[22m[39m
[31m   [31m├ù[31m BottomNav Component[2m > [22mshould render all navigation items[33m 890[2mms[22m[31m[39m
[31m     ΓåÆ Unable to find an element with the text: Home. This could be because the text is broken up by multiple elements. In this case, you can provide a function for your text matcher to make your matcher more flexible.

Ignored nodes: comments, script, style
[36m<body>[31m
  [36m<div>[31m
    [36m<nav[31m
      [33mclass[31m=[32m"bottom-nav"[31m
      [33mstyle[31m=[32m"position: fixed; bottom: 0px; left: 0px; right: 0px; height: 64px; background-color: rgb(255, 255, 255); border-top: 1px solid rgb(229, 231, 235); display: flex; justify-content: space-around; align-items: center; z-index: 40; box-shadow: 0 -2px 8px rgba(0, 0, 0, 0.05);"[31m
    [36m>[31m
      [36m<a[31m
        [33mclass[31m=[32m"bottom-nav-item btn-ripple"[31m
        [33mhref[31m=[32m"/patient"[31m
        [33mstyle[31m=[32m"display: flex; flex-direction: column; align-items: center; justify-content: center; gap: 4px; flex: 1 1 0%; height: 100%; text-decoration: none; position: relative; transition: all 0.2s ease;"[31m
      [36m>[31m
        [36m<div[31m
          [33mstyle[31m=[32m"position: relative; color: rgb(37, 211, 102);"[31m
        [36m>[31m
          [36m<svg[31m
            [33mclass[31m=[32m"lucide lucide-house w-6 h-6"[31m
            [33mfill[31m=[32m"none"[31m
            [33mheight[31m=[32m"24"[31m
            [33mstroke[31m=[32m"currentColor"[31m
            [33mstroke-linecap[31m=[32m"round"[31m
            [33mstroke-linejoin[31m=[32m"round"[31m
            [33mstroke-width[31m=[32m"2"[31m
            [33mviewBox[31m=[32m"0 0 24 24"[31m
            [33mwidth[31m=[32m"24"[31m
            [33mxmlns[31m=[32m"http://www.w3.org/2000/svg"[31m
          [36m>[31m
            [36m<path[31m
              [33md[31m=[32m"M15 21v-8a1 1 0 0 0-1-1h-4a1 1 0 0 0-1 1v8"[31m
            [36m/>[31m
            [36m<path[31m
              [33md[31m=[32m"M3 10a2 2 0 0 1 .709-1.528l7-5.999a2 2 0 0 1 2.582 0l7 5.999A2 2 0 0 1 21 10v9a2 2 0 0 1-2 2H5a2 2 0 0 1-2-2z"[31m
            [36m/>[31m
          [36m</svg>[31m
        [36m</div>[31m
        [36m<span[31m
          [33mclass[31m=[32m"bottom-nav-label"[31m
          [33mstyle[31m=[32m"font-size: 12px; font-weight: 600; color: rgb(37, 211, 102); user-select: none;"[31m
        [36m>[31m
          [0mnavigation.home[0m
        [36m</span>[31m
      [36m</a>[31m
      [36m<a[31m
        [33mclass[31m=[32m"bottom-nav-item btn-ripple"[31m
        [33mhref[31m=[32m"/patient/messages"[31m
        [33mstyle[31m=[32m"display: flex; flex-direction: column; align-items: center; justify-content: center; gap: 4px; flex: 1 1 0%; height: 100%; text-decoration: none; position: relative; transition: all 0.2s ease;"[31m
      [36m>[31m
        [36m<div[31m
          [33mstyle[31m=[32m"position: relative; color: rgb(134, 150, 160);"[31m
        [36m>[31m
          [36m<svg[31m
            [33mclass[31m=[32m"lucide lucide-message-square w-6 h-6"[31m
            [33mfill[31m=[32m"none"[31m
            [33mheight[31m=[32m"24"[31m
            [33mstroke[31m=[32m"currentColor"[31m
            [33mstroke-linecap[31m=[32m"round"[31m
            [33mstroke-linejoin[31m=[32m"round"[31m
            [33mstroke-width[31m=[32m"2"[31m
            [33mviewBox[31m=[32m"0 0 24 24"[31m
            [33mwidth[31m=[32m"24"[31m
            [33mxmlns[31m=[32m"http://www.w3.org/2000/svg"[31m
          [36m>[31m
            [36m<path[31m
              [33md[31m=[32m"M21 15a2 2 0 0 1-2 2H7l-4 4V5a2 2 0 0 1 2-2h14a2 2 0 0 1 2 2z"[31m
            [36m/>[31m
          [36m</svg>[31m
        [36m</div>[31m
        [36m<span[31m
          [33mclass[31m=[32m"bottom-nav-label"[31m
          [33mstyle[31m=[32m"font-size: 12px; font-weight: 400; color: rgb(134, 150, 160); user-select: none;"[31m
        [36m>[31m
          [0mnavigation.messages[0m
        [36m</span>[31m
      [36m</a>[31m
      [36m<a[31m
        [33mclass[31m=[32m"bottom-nav-item btn-ripple"[31m
        [33mhref[31m=[32m"/patient/profile"[31m
        [33mstyle[31m=[32m"display: flex; flex-direction: column; align-items: center; justify-content: center; gap: 4px; flex: 1 1 0%; height: 100%; text-decoration: none; position: relative; transition: all 0.2s ease;"[31m
      [36m>[31m
        [36m<div[31m
          [33mstyle[31m=[32m"position: relative; color: rgb(134, 150, 160);"[31m
        [36m>[31m
          [36m<svg[31m
            [33mclass[31m=[32m"lucide lucide-user w-6 h-6"[31m
            [33mfill[31m=[32m"none"[31m
            [33mheight[31m=[32m"24"[31m
            [33mstroke[31m=[32m"currentColor"[31m
            [33mstroke-linecap[31m=[32m"round"[31m
            [33mstroke-linejoin[31m=[32m"round"[31m
            [33mstroke-width[31m=[32m"2"[31m
            [33mviewBox[31m=[32m"0 0 24 24"[31m
            [33mwidth[31m=[32m"24"[31m
            [33mxmlns[31m=[32m"http://www.w3.org/2000/svg"[31m
          [36m>[31m
            [36m<path[31m
              [33md[31m=[32m"M19 21v-2a4 4 0 0 0-4-4H9a4 4 0 0 0-4 4v2"[31m
            [36m/>[31m
            [36m<circle[31m
              [33mcx[31m=[32m"12"[31m
              [33mcy[31m=[32m"7"[31m
              [33mr[31m=[32m"4"[31m
            [36m/>[31m
          [36m</svg>[31m
        [36m</div>[31m
        [36m<span[31m
          [33mclass[31m=[32m"bottom-nav-label"[31m
          [33mstyle[31m=[32m"font-size: 12px; font-weight: 400; color: rgb(134, 150, 160); user-select: none;"[31m
        [36m>[31m
          [0mnavigation.profile[0m
        [36m</span>[31m
      [36m</a>[31m
    [36m</nav>[31m
  [36m</div>[31m
[36m</body>[31m[39m
   [33m[2mΓ£ô[22m[39m BottomNav Component[2m > [22mshould render with correct structure and styling [33m522[2mms[22m[39m
[31m   [31m├ù[31m BottomNav Component[2m > [22mshould highlight active tab in green[90m 77[2mms[22m[31m[39m
[31m     ΓåÆ Unable to find an element with the text: Home. This could be because the text is broken up by multiple elements. In this case, you can provide a function for your text matcher to make your matcher more flexible.

Ignored nodes: comments, script, style
[36m<body>[31m
  [36m<div>[31m
    [36m<nav[31m
      [33mclass[31m=[32m"bottom-nav"[31m
      [33mstyle[31m=[32m"position: fixed; bottom: 0px; left: 0px; right: 0px; height: 64px; background-color: rgb(255, 255, 255); border-top: 1px solid rgb(229, 231, 235); display: flex; justify-content: space-around; align-items: center; z-index: 40; box-shadow: 0 -2px 8px rgba(0, 0, 0, 0.05);"[31m
    [36m>[31m
      [36m<a[31m
        [33mclass[31m=[32m"bottom-nav-item btn-ripple"[31m
        [33mhref[31m=[32m"/patient"[31m
        [33mstyle[31m=[32m"display: flex; flex-direction: column; align-items: center; justify-content: center; gap: 4px; flex: 1 1 0%; height: 100%; text-decoration: none; position: relative; transition: all 0.2s ease;"[31m
      [36m>[31m
        [36m<div[31m
          [33mstyle[31m=[32m"position: relative; color: rgb(37, 211, 102);"[31m
        [36m>[31m
          [36m<svg[31m
            [33mclass[31m=[32m"lucide lucide-house w-6 h-6"[31m
            [33mfill[31m=[32m"none"[31m
            [33mheight[31m=[32m"24"[31m
            [33mstroke[31m=[32m"currentColor"[31m
            [33mstroke-linecap[31m=[32m"round"[31m
            [33mstroke-linejoin[31m=[32m"round"[31m
            [33mstroke-width[31m=[32m"2"[31m
            [33mviewBox[31m=[32m"0 0 24 24"[31m
            [33mwidth[31m=[32m"24"[31m
            [33mxmlns[31m=[32m"http://www.w3.org/2000/svg"[31m
          [36m>[31m
            [36m<path[31m
              [33md[31m=[32m"M15 21v-8a1 1 0 0 0-1-1h-4a1 1 0 0 0-1 1v8"[31m
            [36m/>[31m
            [36m<path[31m
              [33md[31m=[32m"M3 10a2 2 0 0 1 .709-1.528l7-5.999a2 2 0 0 1 2.582 0l7 5.999A2 2 0 0 1 21 10v9a2 2 0 0 1-2 2H5a2 2 0 0 1-2-2z"[31m
            [36m/>[31m
          [36m</svg>[31m
        [36m</div>[31m
        [36m<span[31m
          [33mclass[31m=[32m"bottom-nav-label"[31m
          [33mstyle[31m=[32m"font-size: 12px; font-weight: 600; color: rgb(37, 211, 102); user-select: none;"[31m
        [36m>[31m
          [0mnavigation.home[0m
        [36m</span>[31m
      [36m</a>[31m
      [36m<a[31m
        [33mclass[31m=[32m"bottom-nav-item btn-ripple"[31m
        [33mhref[31m=[32m"/patient/messages"[31m
        [33mstyle[31m=[32m"display: flex; flex-direction: column; align-items: center; justify-content: center; gap: 4px; flex: 1 1 0%; height: 100%; text-decoration: none; position: relative; transition: all 0.2s ease;"[31m
      [36m>[31m
        [36m<div[31m
          [33mstyle[31m=[32m"position: relative; color: rgb(134, 150, 160);"[31m
        [36m>[31m
          [36m<svg[31m
            [33mclass[31m=[32m"lucide lucide-message-square w-6 h-6"[31m
            [33mfill[31m=[32m"none"[31m
            [33mheight[31m=[32m"24"[31m
            [33mstroke[31m=[32m"currentColor"[31m
            [33mstroke-linecap[31m=[32m"round"[31m
            [33mstroke-linejoin[31m=[32m"round"[31m
            [33mstroke-width[31m=[32m"2"[31m
            [33mviewBox[31m=[32m"0 0 24 24"[31m
            [33mwidth[31m=[32m"24"[31m
            [33mxmlns[31m=[32m"http://www.w3.org/2000/svg"[31m
          [36m>[31m
            [36m<path[31m
              [33md[31m=[32m"M21 15a2 2 0 0 1-2 2H7l-4 4V5a2 2 0 0 1 2-2h14a2 2 0 0 1 2 2z"[31m
            [36m/>[31m
          [36m</svg>[31m
        [36m</div>[31m
        [36m<span[31m
          [33mclass[31m=[32m"bottom-nav-label"[31m
          [33mstyle[31m=[32m"font-size: 12px; font-weight: 400; color: rgb(134, 150, 160); user-select: none;"[31m
        [36m>[31m
          [0mnavigation.messages[0m
        [36m</span>[31m
      [36m</a>[31m
      [36m<a[31m
        [33mclass[31m=[32m"bottom-nav-item btn-ripple"[31m
        [33mhref[31m=[32m"/patient/profile"[31m
        [33mstyle[31m=[32m"display: flex; flex-direction: column; align-items: center; justify-content: center; gap: 4px; flex: 1 1 0%; height: 100%; text-decoration: none; position: relative; transition: all 0.2s ease;"[31m
      [36m>[31m
        [36m<div[31m
          [33mstyle[31m=[32m"position: relative; color: rgb(134, 150, 160);"[31m
        [36m>[31m
          [36m<svg[31m
            [33mclass[31m=[32m"lucide lucide-user w-6 h-6"[31m
            [33mfill[31m=[32m"none"[31m
            [33mheight[31m=[32m"24"[31m
            [33mstroke[31m=[32m"currentColor"[31m
            [33mstroke-linecap[31m=[32m"round"[31m
            [33mstroke-linejoin[31m=[32m"round"[31m
            [33mstroke-width[31m=[32m"2"[31m
            [33mviewBox[31m=[32m"0 0 24 24"[31m
            [33mwidth[31m=[32m"24"[31m
            [33mxmlns[31m=[32m"http://www.w3.org/2000/svg"[31m
          [36m>[31m
            [36m<path[31m
              [33md[31m=[32m"M19 21v-2a4 4 0 0 0-4-4H9a4 4 0 0 0-4 4v2"[31m
            [36m/>[31m
            [36m<circle[31m
              [33mcx[31m=[32m"12"[31m
              [33mcy[31m=[32m"7"[31m
              [33mr[31m=[32m"4"[31m
            [36m/>[31m
          [36m</svg>[31m
        [36m</div>[31m
        [36m<span[31m
          [33mclass[31m=[32m"bottom-nav-label"[31m
          [33mstyle[31m=[32m"font-size: 12px; font-weight: 400; color: rgb(134, 150, 160); user-select: none;"[31m
        [36m>[31m
          [0mnavigation.profile[0m
        [36m</span>[31m
      [36m</a>[31m
    [36m</nav>[31m
  [36m</div>[31m
[36m</body>[31m[39m
[31m   [31m├ù[31m BottomNav Component[2m > [22mshould show inactive tabs in gray[90m 101[2mms[22m[31m[39m
[31m     ΓåÆ Unable to find an element with the text: Messages. This could be because the text is broken up by multiple elements. In this case, you can provide a function for your text matcher to make your matcher more flexible.

Ignored nodes: comments, script, style
[36m<body>[31m
  [36m<div>[31m
    [36m<nav[31m
      [33mclass[31m=[32m"bottom-nav"[31m
      [33mstyle[31m=[32m"position: fixed; bottom: 0px; left: 0px; right: 0px; height: 64px; background-color: rgb(255, 255, 255); border-top: 1px solid rgb(229, 231, 235); display: flex; justify-content: space-around; align-items: center; z-index: 40; box-shadow: 0 -2px 8px rgba(0, 0, 0, 0.05);"[31m
    [36m>[31m
      [36m<a[31m
        [33mclass[31m=[32m"bottom-nav-item btn-ripple"[31m
        [33mhref[31m=[32m"/patient"[31m
        [33mstyle[31m=[32m"display: flex; flex-direction: column; align-items: center; justify-content: center; gap: 4px; flex: 1 1 0%; height: 100%; text-decoration: none; position: relative; transition: all 0.2s ease;"[31m
      [36m>[31m
        [36m<div[31m
          [33mstyle[31m=[32m"position: relative; color: rgb(37, 211, 102);"[31m
        [36m>[31m
          [36m<svg[31m
            [33mclass[31m=[32m"lucide lucide-house w-6 h-6"[31m
            [33mfill[31m=[32m"none"[31m
            [33mheight[31m=[32m"24"[31m
            [33mstroke[31m=[32m"currentColor"[31m
            [33mstroke-linecap[31m=[32m"round"[31m
            [33mstroke-linejoin[31m=[32m"round"[31m
            [33mstroke-width[31m=[32m"2"[31m
            [33mviewBox[31m=[32m"0 0 24 24"[31m
            [33mwidth[31m=[32m"24"[31m
            [33mxmlns[31m=[32m"http://www.w3.org/2000/svg"[31m
          [36m>[31m
            [36m<path[31m
              [33md[31m=[32m"M15 21v-8a1 1 0 0 0-1-1h-4a1 1 0 0 0-1 1v8"[31m
            [36m/>[31m
            [36m<path[31m
              [33md[31m=[32m"M3 10a2 2 0 0 1 .709-1.528l7-5.999a2 2 0 0 1 2.582 0l7 5.999A2 2 0 0 1 21 10v9a2 2 0 0 1-2 2H5a2 2 0 0 1-2-2z"[31m
            [36m/>[31m
          [36m</svg>[31m
        [36m</div>[31m
        [36m<span[31m
          [33mclass[31m=[32m"bottom-nav-label"[31m
          [33mstyle[31m=[32m"font-size: 12px; font-weight: 600; color: rgb(37, 211, 102); user-select: none;"[31m
        [36m>[31m
          [0mnavigation.home[0m
        [36m</span>[31m
      [36m</a>[31m
      [36m<a[31m
        [33mclass[31m=[32m"bottom-nav-item btn-ripple"[31m
        [33mhref[31m=[32m"/patient/messages"[31m
        [33mstyle[31m=[32m"display: flex; flex-direction: column; align-items: center; justify-content: center; gap: 4px; flex: 1 1 0%; height: 100%; text-decoration: none; position: relative; transition: all 0.2s ease;"[31m
      [36m>[31m
        [36m<div[31m
          [33mstyle[31m=[32m"position: relative; color: rgb(134, 150, 160);"[31m
        [36m>[31m
          [36m<svg[31m
            [33mclass[31m=[32m"lucide lucide-message-square w-6 h-6"[31m
            [33mfill[31m=[32m"none"[31m
            [33mheight[31m=[32m"24"[31m
            [33mstroke[31m=[32m"currentColor"[31m
            [33mstroke-linecap[31m=[32m"round"[31m
            [33mstroke-linejoin[31m=[32m"round"[31m
            [33mstroke-width[31m=[32m"2"[31m
            [33mviewBox[31m=[32m"0 0 24 24"[31m
            [33mwidth[31m=[32m"24"[31m
            [33mxmlns[31m=[32m"http://www.w3.org/2000/svg"[31m
          [36m>[31m
            [36m<path[31m
              [33md[31m=[32m"M21 15a2 2 0 0 1-2 2H7l-4 4V5a2 2 0 0 1 2-2h14a2 2 0 0 1 2 2z"[31m
            [36m/>[31m
          [36m</svg>[31m
        [36m</div>[31m
        [36m<span[31m
          [33mclass[31m=[32m"bottom-nav-label"[31m
          [33mstyle[31m=[32m"font-size: 12px; font-weight: 400; color: rgb(134, 150, 160); user-select: none;"[31m
        [36m>[31m
          [0mnavigation.messages[0m
        [36m</span>[31m
      [36m</a>[31m
      [36m<a[31m
        [33mclass[31m=[32m"bottom-nav-item btn-ripple"[31m
        [33mhref[31m=[32m"/patient/profile"[31m
        [33mstyle[31m=[32m"display: flex; flex-direction: column; align-items: center; justify-content: center; gap: 4px; flex: 1 1 0%; height: 100%; text-decoration: none; position: relative; transition: all 0.2s ease;"[31m
      [36m>[31m
        [36m<div[31m
          [33mstyle[31m=[32m"position: relative; color: rgb(134, 150, 160);"[31m
        [36m>[31m
          [36m<svg[31m
            [33mclass[31m=[32m"lucide lucide-user w-6 h-6"[31m
            [33mfill[31m=[32m"none"[31m
            [33mheight[31m=[32m"24"[31m
            [33mstroke[31m=[32m"currentColor"[31m
            [33mstroke-linecap[31m=[32m"round"[31m
            [33mstroke-linejoin[31m=[32m"round"[31m
            [33mstroke-width[31m=[32m"2"[31m
            [33mviewBox[31m=[32m"0 0 24 24"[31m
            [33mwidth[31m=[32m"24"[31m
            [33mxmlns[31m=[32m"http://www.w3.org/2000/svg"[31m
          [36m>[31m
            [36m<path[31m
              [33md[31m=[32m"M19 21v-2a4 4 0 0 0-4-4H9a4 4 0 0 0-4 4v2"[31m
            [36m/>[31m
            [36m<circle[31m
              [33mcx[31m=[32m"12"[31m
              [33mcy[31m=[32m"7"[31m
              [33mr[31m=[32m"4"[31m
            [36m/>[31m
          [36m</svg>[31m
        [36m</div>[31m
        [36m<span[31m
          [33mclass[31m=[32m"bottom-nav-label"[31m
          [33mstyle[31m=[32m"font-size: 12px; font-weight: 400; color: rgb(134, 150, 160); user-select: none;"[31m
        [36m>[31m
          [0mnavigation.profile[0m
        [36m</span>[31m
      [36m</a>[31m
    [36m</nav>[31m
  [36m</div>[31m
[36m</body>[31m[39m
[31m   [31m├ù[31m BottomNav Component[2m > [22mshould call onNavigate when provided[90m 147[2mms[22m[31m[39m
[31m     ΓåÆ Unable to find an element with the text: Messages. This could be because the text is broken up by multiple elements. In this case, you can provide a function for your text matcher to make your matcher more flexible.

Ignored nodes: comments, script, style
[36m<body>[31m
  [36m<div>[31m
    [36m<nav[31m
      [33mclass[31m=[32m"bottom-nav"[31m
      [33mstyle[31m=[32m"position: fixed; bottom: 0px; left: 0px; right: 0px; height: 64px; background-color: rgb(255, 255, 255); border-top: 1px solid rgb(229, 231, 235); display: flex; justify-content: space-around; align-items: center; z-index: 40; box-shadow: 0 -2px 8px rgba(0, 0, 0, 0.05);"[31m
    [36m>[31m
      [36m<a[31m
        [33mclass[31m=[32m"bottom-nav-item btn-ripple"[31m
        [33mhref[31m=[32m"/patient"[31m
        [33mstyle[31m=[32m"display: flex; flex-direction: column; align-items: center; justify-content: center; gap: 4px; flex: 1 1 0%; height: 100%; text-decoration: none; position: relative; transition: all 0.2s ease;"[31m
      [36m>[31m
        [36m<div[31m
          [33mstyle[31m=[32m"position: relative; color: rgb(37, 211, 102);"[31m
        [36m>[31m
          [36m<svg[31m
            [33mclass[31m=[32m"lucide lucide-house w-6 h-6"[31m
            [33mfill[31m=[32m"none"[31m
            [33mheight[31m=[32m"24"[31m
            [33mstroke[31m=[32m"currentColor"[31m
            [33mstroke-linecap[31m=[32m"round"[31m
            [33mstroke-linejoin[31m=[32m"round"[31m
            [33mstroke-width[31m=[32m"2"[31m
            [33mviewBox[31m=[32m"0 0 24 24"[31m
            [33mwidth[31m=[32m"24"[31m
            [33mxmlns[31m=[32m"http://www.w3.org/2000/svg"[31m
          [36m>[31m
            [36m<path[31m
              [33md[31m=[32m"M15 21v-8a1 1 0 0 0-1-1h-4a1 1 0 0 0-1 1v8"[31m
            [36m/>[31m
            [36m<path[31m
              [33md[31m=[32m"M3 10a2 2 0 0 1 .709-1.528l7-5.999a2 2 0 0 1 2.582 0l7 5.999A2 2 0 0 1 21 10v9a2 2 0 0 1-2 2H5a2 2 0 0 1-2-2z"[31m
            [36m/>[31m
          [36m</svg>[31m
        [36m</div>[31m
        [36m<span[31m
          [33mclass[31m=[32m"bottom-nav-label"[31m
          [33mstyle[31m=[32m"font-size: 12px; font-weight: 600; color: rgb(37, 211, 102); user-select: none;"[31m
        [36m>[31m
          [0mnavigation.home[0m
        [36m</span>[31m
      [36m</a>[31m
      [36m<a[31m
        [33mclass[31m=[32m"bottom-nav-item btn-ripple"[31m
        [33mhref[31m=[32m"/patient/messages"[31m
        [33mstyle[31m=[32m"display: flex; flex-direction: column; align-items: center; justify-content: center; gap: 4px; flex: 1 1 0%; height: 100%; text-decoration: none; position: relative; transition: all 0.2s ease;"[31m
      [36m>[31m
        [36m<div[31m
          [33mstyle[31m=[32m"position: relative; color: rgb(134, 150, 160);"[31m
        [36m>[31m
          [36m<svg[31m
            [33mclass[31m=[32m"lucide lucide-message-square w-6 h-6"[31m
            [33mfill[31m=[32m"none"[31m
            [33mheight[31m=[32m"24"[31m
            [33mstroke[31m=[32m"currentColor"[31m
            [33mstroke-linecap[31m=[32m"round"[31m
            [33mstroke-linejoin[31m=[32m"round"[31m
            [33mstroke-width[31m=[32m"2"[31m
            [33mviewBox[31m=[32m"0 0 24 24"[31m
            [33mwidth[31m=[32m"24"[31m
            [33mxmlns[31m=[32m"http://www.w3.org/2000/svg"[31m
          [36m>[31m
            [36m<path[31m
              [33md[31m=[32m"M21 15a2 2 0 0 1-2 2H7l-4 4V5a2 2 0 0 1 2-2h14a2 2 0 0 1 2 2z"[31m
            [36m/>[31m
          [36m</svg>[31m
        [36m</div>[31m
        [36m<span[31m
          [33mclass[31m=[32m"bottom-nav-label"[31m
          [33mstyle[31m=[32m"font-size: 12px; font-weight: 400; color: rgb(134, 150, 160); user-select: none;"[31m
        [36m>[31m
          [0mnavigation.messages[0m
        [36m</span>[31m
      [36m</a>[31m
      [36m<a[31m
        [33mclass[31m=[32m"bottom-nav-item btn-ripple"[31m
        [33mhref[31m=[32m"/patient/profile"[31m
        [33mstyle[31m=[32m"display: flex; flex-direction: column; align-items: center; justify-content: center; gap: 4px; flex: 1 1 0%; height: 100%; text-decoration: none; position: relative; transition: all 0.2s ease;"[31m
      [36m>[31m
        [36m<div[31m
          [33mstyle[31m=[32m"position: relative; color: rgb(134, 150, 160);"[31m
        [36m>[31m
          [36m<svg[31m
            [33mclass[31m=[32m"lucide lucide-user w-6 h-6"[31m
            [33mfill[31m=[32m"none"[31m
            [33mheight[31m=[32m"24"[31m
            [33mstroke[31m=[32m"currentColor"[31m
            [33mstroke-linecap[31m=[32m"round"[31m
            [33mstroke-linejoin[31m=[32m"round"[31m
            [33mstroke-width[31m=[32m"2"[31m
            [33mviewBox[31m=[32m"0 0 24 24"[31m
            [33mwidth[31m=[32m"24"[31m
            [33mxmlns[31m=[32m"http://www.w3.org/2000/svg"[31m
          [36m>[31m
            [36m<path[31m
              [33md[31m=[32m"M19 21v-2a4 4 0 0 0-4-4H9a4 4 0 0 0-4 4v2"[31m
            [36m/>[31m
            [36m<circle[31m
              [33mcx[31m=[32m"12"[31m
              [33mcy[31m=[32m"7"[31m
              [33mr[31m=[32m"4"[31m
            [36m/>[31m
          [36m</svg>[31m
        [36m</div>[31m
        [36m<span[31m
          [33mclass[31m=[32m"bottom-nav-label"[31m
          [33mstyle[31m=[32m"font-size: 12px; font-weight: 400; color: rgb(134, 150, 160); user-select: none;"[31m
        [36m>[31m
          [0mnavigation.profile[0m
        [36m</span>[31m
      [36m</a>[31m
    [36m</nav>[31m
  [36m</div>[31m
[36m</body>[31m[39m
 [32mΓ£ô[39m __tests__/properties/chronological-order-preservation.property.test.ts [2m([22m[2m4 tests[22m[2m)[22m[33m 468[2mms[22m[39m
 [32mΓ£ô[39m __tests__/properties/cache-stale-time-config.property.test.ts [2m([22m[2m9 tests[22m[2m)[22m[33m 327[2mms[22m[39m
[90mstderr[2m | 
__tests__/properties/stream-token-security.property.test.ts[2m > 
[22m[2mProperty 8: Token Security[2m > [22m[2mhandles token 
generation errors securely
[22m[39mUnhandled error: StreamError: Unable to connect to the video 
service. Please check your internet connection and try again.
    at toStreamError [90m(C:\Users\DELL\Desktop\a2a-dr.-gemini-intake-age
nt\[39msrc\server\services\stream-error-handler.ts:337:10[90m)[39m
    at Module.logStreamError [90m(C:\Users\DELL\Desktop\a2a-dr.-gemini-in
take-agent\[39msrc\server\services\stream-error-handler.ts:352:23[90m)[
39m
    at StreamService.generateToken [90m(C:\Users\DELL\Desktop\a2a-dr.-gem
ini-intake-agent\[39msrc\server\services\stream.ts:144:7[90m)[39m
    at [90mC:\Users\DELL\Desktop\a2a-dr.-gemini-intake-agent\[39m__tests
__\properties\stream-token-security.property.test.ts:164:38
    at AsyncProperty.predicate [90m(file:///C:/Users/DELL/Desktop/a2a-dr.
-gemini-intake-agent/[39mnode_modules/[4mfast-check[24m/lib/esm/check/p
roperty/AsyncProperty.js:14:59[90m)[39m
    at AsyncProperty.run [90m(file:///C:/Users/DELL/Desktop/a2a-dr.-gemin
i-intake-agent/[39mnode_modules/[4mfast-check[24m/lib/esm/check/propert
y/AsyncProperty.generic.js:46:39[90m)[39m
    at asyncRunIt [90m(file:///C:/Users/DELL/Desktop/a2a-dr.-gemini-intak
e-agent/[39mnode_modules/[4mfast-check[24m/lib/esm/check/runner/Runner.
js:33:36[90m)[39m
[90m    at processTicksAndRejections 
(node:internal/process/task_queues:103:5)[39m
    at [90mC:\Users\DELL\Desktop\a2a-dr.-gemini-intake-agent\[39m__tests
__\properties\stream-token-security.property.test.ts:155:5
    at [90mfile:///C:/Users/DELL/Desktop/a2a-dr.-gemini-intake-agent/[39
mnode_modules/[4m@vitest/runner[24m/dist/index.js:533:5 {
  code: [32m'STREAM_CONNECTION_FAILED'[39m,
  originalError: Error: Stream API error
      at Object.<anonymous> [90m(C:\Users\DELL\Desktop\a2a-dr.-gemini-int
ake-agent\[39m__tests__\properties\stream-token-security.property.test.ts
:161:19[90m)[39m
      at Object.mockCall [90m(file:///C:/Users/DELL/Desktop/a2a-dr.-gemin
i-intake-agent/[39mnode_modules/[4m@vitest/spy[24m/dist/index.js:61:17
[90m)[39m
      at Object.spy [as generateUserToken] [90m(file:///C:/Users/DELL/Des
ktop/a2a-dr.-gemini-intake-agent/[39mnode_modules/[4mtinyspy[24m/dist/i
ndex.js:45:80[90m)[39m
      at StreamService.generateToken [90m(C:\Users\DELL\Desktop\a2a-dr.-g
emini-intake-agent\[39msrc\server\services\stream.ts:126:28[90m)[39m
      at [90mC:\Users\DELL\Desktop\a2a-dr.-gemini-intake-agent\[39m__tes
ts__\properties\stream-token-security.property.test.ts:164:38
      at AsyncProperty.predicate [90m(file:///C:/Users/DELL/Desktop/a2a-d
r.-gemini-intake-agent/[39mnode_modules/[4mfast-check[24m/lib/esm/check
/property/AsyncProperty.js:14:59[90m)[39m
      at AsyncProperty.run [90m(file:///C:/Users/DELL/Desktop/a2a-dr.-gem
ini-intake-agent/[39mnode_modules/[4mfast-check[24m/lib/esm/check/prope
rty/AsyncProperty.generic.js:46:39[90m)[39m
      at asyncRunIt [90m(file:///C:/Users/DELL/Desktop/a2a-dr.-gemini-int
ake-agent/[39mnode_modules/[4mfast-check[24m/lib/esm/check/runner/Runne
r.js:33:36[90m)[39m
  [90m    at processTicksAndRejections 
(node:internal/process/task_queues:103:5)[39m
      at [90mC:\Users\DELL\Desktop\a2a-dr.-gemini-intake-agent\[39m__tes
ts__\properties\stream-token-security.property.test.ts:155:5,
  retryable: [33mtrue[39m,
  fallbackOptions: [
    {
      id: [32m'retry'[39m,
      label: [32m'Try Again'[39m,
      description: [32m'Attempt to reconnect to the video service'[39m,
      action: [32m'retry'[39m
    },
    {
      id: [32m'refresh'[39m,
      label: [32m'Refresh Page'[39m,
      description: [32m'Reload the page to reset the connection'[39m,
      action: [32m'refresh'[39m
    }
  ]
}
Unexpected error: {
  code: [32m'INTERNAL_ERROR'[39m,
  message: [32m'Something went wrong. Please try again later.'[39m,
  context: {
    streamErrorCode: [32m'STREAM_CONNECTION_FAILED'[39m,
    retryable: [33mtrue[39m,
    originalMessage: [32m'Stream API error'[39m,
    operation: [32m'generateToken'[39m,
    userId: [32m'[}'[39m,
    callId: [90mundefined[39m
  },
  stack: [32m'Error: Unable to connect to the video service. Please 
check your internet connection and try again.\n'[39m +
    [32m'    at toStreamError (C:\\Users\\DELL\\Desktop\\a2a-dr.-gemini-i
ntake-agent\\src\\server\\services\\stream-error-handler.ts:337:10)\n'[39
m +
    [32m'    at Module.logStreamError (C:\\Users\\DELL\\Desktop\\a2a-dr.-
gemini-intake-agent\\src\\server\\services\\stream-error-handler.ts:352:23
)\n'[39m +
    [32m'    at StreamService.generateToken (C:\\Users\\DELL\\Desktop\\a2
a-dr.-gemini-intake-agent\\src\\server\\services\\stream.ts:144:7)\n'[39m
 +
    [32m'    at C:\\Users\\DELL\\Desktop\\a2a-dr.-gemini-intake-agent\\__
tests__\\properties\\stream-token-security.property.test.ts:164:38\n'[39m
 +
    [32m'    at AsyncProperty.predicate (file:///C:/Users/DELL/Desktop/a2
a-dr.-gemini-intake-agent/node_modules/fast-check/lib/esm/check/property/A
syncProperty.js:14:59)\n'[39m +
    [32m'    at AsyncProperty.run (file:///C:/Users/DELL/Desktop/a2a-dr.-
gemini-intake-agent/node_modules/fast-check/lib/esm/check/property/AsyncPr
operty.generic.js:46:39)\n'[39m +
    [32m'    at asyncRunIt (file:///C:/Users/DELL/Desktop/a2a-dr.-gemini-
intake-agent/node_modules/fast-check/lib/esm/check/runner/Runner.js:33:36)
\n'[39m +
    [32m'    at processTicksAndRejections 
(node:internal/process/task_queues:103:5)\n'[39m +
    [32m'    at C:\\Users\\DELL\\Desktop\\a2a-dr.-gemini-intake-agent\\__
tests__\\properties\\stream-token-security.property.test.ts:155:5\n'[39m 
+
    [32m'    at file:///C:/Users/DELL/Desktop/a2a-dr.-gemini-intake-agent
/node_modules/@vitest/runner/dist/index.js:533:5'[39m
}
Unhandled error: StreamError: Unable to connect to the video service. 
Please check your internet connection and try again.
    at toStreamError [90m(C:\Users\DELL\Desktop\a2a-dr.-gemini-intake-age
nt\[39msrc\server\services\stream-error-handler.ts:337:10[90m)[39m
    at Module.logStreamError [90m(C:\Users\DELL\Desktop\a2a-dr.-gemini-in
take-agent\[39msrc\server\services\stream-error-handler.ts:352:23[90m)[
39m
    at StreamService.generateToken [90m(C:\Users\DELL\Desktop\a2a-dr.-gem
ini-intake-agent\[39msrc\server\services\stream.ts:144:7[90m)[39m
    at [90mC:\Users\DELL\Desktop\a2a-dr.-gemini-intake-agent\[39m__tests
__\properties\stream-token-security.property.test.ts:164:38
    at AsyncProperty.predicate [90m(file:///C:/Users/DELL/Desktop/a2a-dr.
-gemini-intake-agent/[39mnode_modules/[4mfast-check[24m/lib/esm/check/p
roperty/AsyncProperty.js:14:59[90m)[39m
    at AsyncProperty.run [90m(file:///C:/Users/DELL/Desktop/a2a-dr.-gemin
i-intake-agent/[39mnode_modules/[4mfast-check[24m/lib/esm/check/propert
y/AsyncProperty.generic.js:46:39[90m)[39m
    at asyncRunIt [90m(file:///C:/Users/DELL/Desktop/a2a-dr.-gemini-intak
e-agent/[39mnode_modules/[4mfast-check[24m/lib/esm/check/runner/Runner.
js:33:36[90m)[39m
[90m    at processTicksAndRejections 
(node:internal/process/task_queues:103:5)[39m
    at [90mC:\Users\DELL\Desktop\a2a-dr.-gemini-intake-agent\[39m__tests
__\properties\stream-token-security.property.test.ts:155:5
    at [90mfile:///C:/Users/DELL/Desktop/a2a-dr.-gemini-intake-agent/[39
mnode_modules/[4m@vitest/runner[24m/dist/index.js:533:5 {
  code: [32m'STREAM_CONNECTION_FAILED'[39m,
  originalError: Error: Stream API error
      at Object.<anonymous> [90m(C:\Users\DELL\Desktop\a2a-dr.-gemini-int
ake-agent\[39m__tests__\properties\stream-token-security.property.test.ts
:161:19[90m)[39m
      at Object.mockCall [90m(file:///C:/Users/DELL/Desktop/a2a-dr.-gemin
i-intake-agent/[39mnode_modules/[4m@vitest/spy[24m/dist/index.js:61:17
[90m)[39m
      at Object.spy [as generateUserToken] [90m(file:///C:/Users/DELL/Des
ktop/a2a-dr.-gemini-intake-agent/[39mnode_modules/[4mtinyspy[24m/dist/i
ndex.js:45:80[90m)[39m
      at StreamService.generateToken [90m(C:\Users\DELL\Desktop\a2a-dr.-g
emini-intake-agent\[39msrc\server\services\stream.ts:126:28[90m)[39m
      at [90mC:\Users\DELL\Desktop\a2a-dr.-gemini-intake-agent\[39m__tes
ts__\properties\stream-token-security.property.test.ts:164:38
      at AsyncProperty.predicate [90m(file:///C:/Users/DELL/Desktop/a2a-d
r.-gemini-intake-agent/[39mnode_modules/[4mfast-check[24m/lib/esm/check
/property/AsyncProperty.js:14:59[90m)[39m
      at AsyncProperty.run [90m(file:///C:/Users/DELL/Desktop/a2a-dr.-gem
ini-intake-agent/[39mnode_modules/[4mfast-check[24m/lib/esm/check/prope
rty/AsyncProperty.generic.js:46:39[90m)[39m
      at asyncRunIt [90m(file:///C:/Users/DELL/Desktop/a2a-dr.-gemini-int
ake-agent/[39mnode_modules/[4mfast-check[24m/lib/esm/check/runner/Runne
r.js:33:36[90m)[39m
  [90m    at processTicksAndRejections 
(node:internal/process/task_queues:103:5)[39m
      at [90mC:\Users\DELL\Desktop\a2a-dr.-gemini-intake-agent\[39m__tes
ts__\properties\stream-token-security.property.test.ts:155:5,
  retryable: [33mtrue[39m,
  fallbackOptions: [
    {
      id: [32m'retry'[39m,
      label: [32m'Try Again'[39m,
      description: [32m'Attempt to reconnect to the video service'[39m,
      action: [32m'retry'[39m
    },
    {
      id: [32m'refresh'[39m,
      label: [32m'Refresh Page'[39m,
      description: [32m'Reload the page to reset the connection'[39m,
      action: [32m'refresh'[39m
    }
  ]
}
Unexpected error: {
  code: [32m'INTERNAL_ERROR'[39m,
  message: [32m'Something went wrong. Please try again later.'[39m,
  context: {
    streamErrorCode: [32m'STREAM_CONNECTION_FAILED'[39m,
    retryable: [33mtrue[39m,
    originalMessage: [32m'Stream API error'[39m,
    operation: [32m'generateToken'[39m,
    userId: [32m'B:}~);'[39m,
    callId: [90mundefined[39m
  },
  stack: [32m'Error: Unable to connect to the video service. Please 
check your internet connection and try again.\n'[39m +
    [32m'    at toStreamError (C:\\Users\\DELL\\Desktop\\a2a-dr.-gemini-i
ntake-agent\\src\\server\\services\\stream-error-handler.ts:337:10)\n'[39
m +
    [32m'    at Module.logStreamError (C:\\Users\\DELL\\Desktop\\a2a-dr.-
gemini-intake-agent\\src\\server\\services\\stream-error-handler.ts:352:23
)\n'[39m +
    [32m'    at StreamService.generateToken (C:\\Users\\DELL\\Desktop\\a2
a-dr.-gemini-intake-agent\\src\\server\\services\\stream.ts:144:7)\n'[39m
 +
    [32m'    at C:\\Users\\DELL\\Desktop\\a2a-dr.-gemini-intake-agent\\__
tests__\\properties\\stream-token-security.property.test.ts:164:38\n'[39m
 +
    [32m'    at AsyncProperty.predicate (file:///C:/Users/DELL/Desktop/a2
a-dr.-gemini-intake-agent/node_modules/fast-check/lib/esm/check/property/A
syncProperty.js:14:59)\n'[39m +
    [32m'    at AsyncProperty.run (file:///C:/Users/DELL/Desktop/a2a-dr.-
gemini-intake-agent/node_modules/fast-check/lib/esm/check/property/AsyncPr
operty.generic.js:46:39)\n'[39m +
    [32m'    at asyncRunIt (file:///C:/Users/DELL/Desktop/a2a-dr.-gemini-
intake-agent/node_modules/fast-check/lib/esm/check/runner/Runner.js:33:36)
\n'[39m +
    [32m'    at processTicksAndRejections 
(node:internal/process/task_queues:103:5)\n'[39m +
    [32m'    at C:\\Users\\DELL\\Desktop\\a2a-dr.-gemini-intake-agent\\__
tests__\\properties\\stream-token-security.property.test.ts:155:5\n'[39m 
+
    [32m'    at file:///C:/Users/DELL/Desktop/a2a-dr.-gemini-intake-agent
/node_modules/@vitest/runner/dist/index.js:533:5'[39m
}
Unhandled error: StreamError: Unable to connect to the video service. 
Please check your internet connection and try again.
    at toStreamError [90m(C:\Users\DELL\Desktop\a2a-dr.-gemini-intake-age
nt\[39msrc\server\services\stream-error-handler.ts:337:10[90m)[39m
    at Module.logStreamError [90m(C:\Users\DELL\Desktop\a2a-dr.-gemini-in
take-agent\[39msrc\server\services\stream-error-handler.ts:352:23[90m)[
39m
    at StreamService.generateToken [90m(C:\Users\DELL\Desktop\a2a-dr.-gem
ini-intake-agent\[39msrc\server\services\stream.ts:144:7[90m)[39m
    at [90mC:\Users\DELL\Desktop\a2a-dr.-gemini-intake-agent\[39m__tests
__\properties\stream-token-security.property.test.ts:164:38
    at AsyncProperty.predicate [90m(file:///C:/Users/DELL/Desktop/a2a-dr.
-gemini-intake-agent/[39mnode_modules/[4mfast-check[24m/lib/esm/check/p
roperty/AsyncProperty.js:14:59[90m)[39m
    at AsyncProperty.run [90m(file:///C:/Users/DELL/Desktop/a2a-dr.-gemin
i-intake-agent/[39mnode_modules/[4mfast-check[24m/lib/esm/check/propert
y/AsyncProperty.generic.js:46:39[90m)[39m
    at asyncRunIt [90m(file:///C:/Users/DELL/Desktop/a2a-dr.-gemini-intak
e-agent/[39mnode_modules/[4mfast-check[24m/lib/esm/check/runner/Runner.
js:33:36[90m)[39m
[90m    at processTicksAndRejections 
(node:internal/process/task_queues:103:5)[39m
    at [90mC:\Users\DELL\Desktop\a2a-dr.-gemini-intake-agent\[39m__tests
__\properties\stream-token-security.property.test.ts:155:5
    at [90mfile:///C:/Users/DELL/Desktop/a2a-dr.-gemini-intake-agent/[39
mnode_modules/[4m@vitest/runner[24m/dist/index.js:533:5 {
  code: [32m'STREAM_CONNECTION_FAILED'[39m,
  originalError: Error: Stream API error
      at Object.<anonymous> [90m(C:\Users\DELL\Desktop\a2a-dr.-gemini-int
ake-agent\[39m__tests__\properties\stream-token-security.property.test.ts
:161:19[90m)[39m
      at Object.mockCall [90m(file:///C:/Users/DELL/Desktop/a2a-dr.-gemin
i-intake-agent/[39mnode_modules/[4m@vitest/spy[24m/dist/index.js:61:17
[90m)[39m
      at Object.spy [as generateUserToken] [90m(file:///C:/Users/DELL/Des
ktop/a2a-dr.-gemini-intake-agent/[39mnode_modules/[4mtinyspy[24m/dist/i
ndex.js:45:80[90m)[39m
      at StreamService.generateToken [90m(C:\Users\DELL\Desktop\a2a-dr.-g
emini-intake-agent\[39msrc\server\services\stream.ts:126:28[90m)[39m
      at [90mC:\Users\DELL\Desktop\a2a-dr.-gemini-intake-agent\[39m__tes
ts__\properties\stream-token-security.property.test.ts:164:38
      at AsyncProperty.predicate [90m(file:///C:/Users/DELL/Desktop/a2a-d
r.-gemini-intake-agent/[39mnode_modules/[4mfast-check[24m/lib/esm/check
/property/AsyncProperty.js:14:59[90m)[39m
      at AsyncProperty.run [90m(file:///C:/Users/DELL/Desktop/a2a-dr.-gem
ini-intake-agent/[39mnode_modules/[4mfast-check[24m/lib/esm/check/prope
rty/AsyncProperty.generic.js:46:39[90m)[39m
      at asyncRunIt [90m(file:///C:/Users/DELL/Desktop/a2a-dr.-gemini-int
ake-agent/[39mnode_modules/[4mfast-check[24m/lib/esm/check/runner/Runne
r.js:33:36[90m)[39m
  [90m    at processTicksAndRejections 
(node:internal/process/task_queues:103:5)[39m
      at [90mC:\Users\DELL\Desktop\a2a-dr.-gemini-intake-agent\[39m__tes
ts__\properties\stream-token-security.property.test.ts:155:5,
  retryable: [33mtrue[39m,
  fallbackOptions: [
    {
      id: [32m'retry'[39m,
      label: [32m'Try Again'[39m,
      description: [32m'Attempt to reconnect to the video service'[39m,
      action: [32m'retry'[39m
    },
    {
      id: [32m'refresh'[39m,
      label: [32m'Refresh Page'[39m,
      description: [32m'Reload the page to reset the connection'[39m,
      action: [32m'refresh'[39m
    }
  ]
}
Unexpected error: {
  code: [32m'INTERNAL_ERROR'[39m,
  message: [32m'Something went wrong. Please try again later.'[39m,
  context: {
    streamErrorCode: [32m'STREAM_CONNECTION_FAILED'[39m,
    retryable: [33mtrue[39m,
    originalMessage: [32m'Stream API error'[39m,
    operation: [32m'generateToken'[39m,
    userId: [32m'"meiKS'[39m,
    callId: [90mundefined[39m
  },
  stack: [32m'Error: Unable to connect to the video service. Please 
check your internet connection and try again.\n'[39m +
    [32m'    at toStreamError (C:\\Users\\DELL\\Desktop\\a2a-dr.-gemini-i
ntake-agent\\src\\server\\services\\stream-error-handler.ts:337:10)\n'[39
m +
    [32m'    at Module.logStreamError (C:\\Users\\DELL\\Desktop\\a2a-dr.-
gemini-intake-agent\\src\\server\\services\\stream-error-handler.ts:352:23
)\n'[39m +
    [32m'    at StreamService.generateToken (C:\\Users\\DELL\\Desktop\\a2
a-dr.-gemini-intake-agent\\src\\server\\services\\stream.ts:144:7)\n'[39m
 +
    [32m'    at C:\\Users\\DELL\\Desktop\\a2a-dr.-gemini-intake-agent\\__
tests__\\properties\\stream-token-security.property.test.ts:164:38\n'[39m
 +
    [32m'    at AsyncProperty.predicate (file:///C:/Users/DELL/Desktop/a2
a-dr.-gemini-intake-agent/node_modules/fast-check/lib/esm/check/property/A
syncProperty.js:14:59)\n'[39m +
    [32m'    at AsyncProperty.run (file:///C:/Users/DELL/Desktop/a2a-dr.-
gemini-intake-agent/node_modules/fast-check/lib/esm/check/property/AsyncPr
operty.generic.js:46:39)\n'[39m +
    [32m'    at asyncRunIt (file:///C:/Users/DELL/Desktop/a2a-dr.-gemini-
intake-agent/node_modules/fast-check/lib/esm/check/runner/Runner.js:33:36)
\n'[39m +
    [32m'    at processTicksAndRejections 
(node:internal/process/task_queues:103:5)\n'[39m +
    [32m'    at C:\\Users\\DELL\\Desktop\\a2a-dr.-gemini-intake-agent\\__
tests__\\properties\\stream-token-security.property.test.ts:155:5\n'[39m 
+
    [32m'    at file:///C:/Users/DELL/Desktop/a2a-dr.-gemini-intake-agent
/node_modules/@vitest/runner/dist/index.js:533:5'[39m
}
Unhandled error: StreamError: Unable to connect to the video service. 
Please check your internet connection and try again.
    at toStreamError [90m(C:\Users\DELL\Desktop\a2a-dr.-gemini-intake-age
nt\[39msrc\server\services\stream-error-handler.ts:337:10[90m)[39m
    at Module.logStreamError [90m(C:\Users\DELL\Desktop\a2a-dr.-gemini-in
take-agent\[39msrc\server\services\stream-error-handler.ts:352:23[90m)[
39m
    at StreamService.generateToken [90m(C:\Users\DELL\Desktop\a2a-dr.-gem
ini-intake-agent\[39msrc\server\services\stream.ts:144:7[90m)[39m
    at [90mC:\Users\DELL\Desktop\a2a-dr.-gemini-intake-agent\[39m__tests
__\properties\stream-token-security.property.test.ts:164:38
    at AsyncProperty.predicate [90m(file:///C:/Users/DELL/Desktop/a2a-dr.
-gemini-intake-agent/[39mnode_modules/[4mfast-check[24m/lib/esm/check/p
roperty/AsyncProperty.js:14:59[90m)[39m
    at AsyncProperty.run [90m(file:///C:/Users/DELL/Desktop/a2a-dr.-gemin
i-intake-agent/[39mnode_modules/[4mfast-check[24m/lib/esm/check/propert
y/AsyncProperty.generic.js:46:39[90m)[39m
    at asyncRunIt [90m(file:///C:/Users/DELL/Desktop/a2a-dr.-gemini-intak
e-agent/[39mnode_modules/[4mfast-check[24m/lib/esm/check/runner/Runner.
js:33:36[90m)[39m
[90m    at processTicksAndRejections 
(node:internal/process/task_queues:103:5)[39m
    at [90mC:\Users\DELL\Desktop\a2a-dr.-gemini-intake-agent\[39m__tests
__\properties\stream-token-security.property.test.ts:155:5
    at [90mfile:///C:/Users/DELL/Desktop/a2a-dr.-gemini-intake-agent/[39
mnode_modules/[4m@vitest/runner[24m/dist/index.js:533:5 {
  code: [32m'STREAM_CONNECTION_FAILED'[39m,
  originalError: Error: Stream API error
      at Object.<anonymous> [90m(C:\Users\DELL\Desktop\a2a-dr.-gemini-int
ake-agent\[39m__tests__\properties\stream-token-security.property.test.ts
:161:19[90m)[39m
      at Object.mockCall [90m(file:///C:/Users/DELL/Desktop/a2a-dr.-gemin
i-intake-agent/[39mnode_modules/[4m@vitest/spy[24m/dist/index.js:61:17
[90m)[39m
      at Object.spy [as generateUserToken] [90m(file:///C:/Users/DELL/Des
ktop/a2a-dr.-gemini-intake-agent/[39mnode_modules/[4mtinyspy[24m/dist/i
ndex.js:45:80[90m)[39m
      at StreamService.generateToken [90m(C:\Users\DELL\Desktop\a2a-dr.-g
emini-intake-agent\[39msrc\server\services\stream.ts:126:28[90m)[39m
      at [90mC:\Users\DELL\Desktop\a2a-dr.-gemini-intake-agent\[39m__tes
ts__\properties\stream-token-security.property.test.ts:164:38
      at AsyncProperty.predicate [90m(file:///C:/Users/DELL/Desktop/a2a-d
r.-gemini-intake-agent/[39mnode_modules/[4mfast-check[24m/lib/esm/check
/property/AsyncProperty.js:14:59[90m)[39m
      at AsyncProperty.run [90m(file:///C:/Users/DELL/Desktop/a2a-dr.-gem
ini-intake-agent/[39mnode_modules/[4mfast-check[24m/lib/esm/check/prope
rty/AsyncProperty.generic.js:46:39[90m)[39m
      at asyncRunIt [90m(file:///C:/Users/DELL/Desktop/a2a-dr.-gemini-int
ake-agent/[39mnode_modules/[4mfast-check[24m/lib/esm/check/runner/Runne
r.js:33:36[90m)[39m
  [90m    at processTicksAndRejections 
(node:internal/process/task_queues:103:5)[39m
      at [90mC:\Users\DELL\Desktop\a2a-dr.-gemini-intake-agent\[39m__tes
ts__\properties\stream-token-security.property.test.ts:155:5,
  retryable: [33mtrue[39m,
  fallbackOptions: [
    {
      id: [32m'retry'[39m,
      label: [32m'Try Again'[39m,
      description: [32m'Attempt to reconnect to the video service'[39m,
      action: [32m'retry'[39m
    },
    {
      id: [32m'refresh'[39m,
      label: [32m'Refresh Page'[39m,
      description: [32m'Reload the page to reset the connection'[39m,
      action: [32m'refresh'[39m
    }
  ]
}
Unexpected error: {
  code: [32m'INTERNAL_ERROR'[39m,
  message: [32m'Something went wrong. Please try again later.'[39m,
  context: {
    streamErrorCode: [32m'STREAM_CONNECTION_FAILED'[39m,
    retryable: [33mtrue[39m,
    originalMessage: [32m'Stream API error'[39m,
    operation: [32m'generateToken'[39m,
    userId: [32m'f'[39m,
    callId: [90mundefined[39m
  },
  stack: [32m'Error: Unable to connect to the video service. Please 
check your internet connection and try again.\n'[39m +
    [32m'    at toStreamError (C:\\Users\\DELL\\Desktop\\a2a-dr.-gemini-i
ntake-agent\\src\\server\\services\\stream-error-handler.ts:337:10)\n'[39
m +
    [32m'    at Module.logStreamError (C:\\Users\\DELL\\Desktop\\a2a-dr.-
gemini-intake-agent\\src\\server\\services\\stream-error-handler.ts:352:23
)\n'[39m +
    [32m'    at StreamService.generateToken (C:\\Users\\DELL\\Desktop\\a2
a-dr.-gemini-intake-agent\\src\\server\\services\\stream.ts:144:7)\n'[39m
 +
    [32m'    at C:\\Users\\DELL\\Desktop\\a2a-dr.-gemini-intake-agent\\__
tests__\\properties\\stream-token-security.property.test.ts:164:38\n'[39m
 +
    [32m'    at AsyncProperty.predicate (file:///C:/Users/DELL/Desktop/a2
a-dr.-gemini-intake-agent/node_modules/fast-check/lib/esm/check/property/A
syncProperty.js:14:59)\n'[39m +
    [32m'    at AsyncProperty.run (file:///C:/Users/DELL/Desktop/a2a-dr.-
gemini-intake-agent/node_modules/fast-check/lib/esm/check/property/AsyncPr
operty.generic.js:46:39)\n'[39m +
    [32m'    at asyncRunIt (file:///C:/Users/DELL/Desktop/a2a-dr.-gemini-
intake-agent/node_modules/fast-check/lib/esm/check/runner/Runner.js:33:36)
\n'[39m +
    [32m'    at processTicksAndRejections 
(node:internal/process/task_queues:103:5)\n'[39m +
    [32m'    at C:\\Users\\DELL\\Desktop\\a2a-dr.-gemini-intake-agent\\__
tests__\\properties\\stream-token-security.property.test.ts:155:5\n'[39m 
+
    [32m'    at file:///C:/Users/DELL/Desktop/a2a-dr.-gemini-intake-agent
/node_modules/@vitest/runner/dist/index.js:533:5'[39m
}
Unhandled error: StreamError: Unable to connect to the video service. 
Please check your internet connection and try again.
    at toStreamError [90m(C:\Users\DELL\Desktop\a2a-dr.-gemini-intake-age
nt\[39msrc\server\services\stream-error-handler.ts:337:10[90m)[39m
    at Module.logStreamError [90m(C:\Users\DELL\Desktop\a2a-dr.-gemini-in
take-agent\[39msrc\server\services\stream-error-handler.ts:352:23[90m)[
39m
    at StreamService.generateToken [90m(C:\Users\DELL\Desktop\a2a-dr.-gem
ini-intake-agent\[39msrc\server\services\stream.ts:144:7[90m)[39m
    at [90mC:\Users\DELL\Desktop\a2a-dr.-gemini-intake-agent\[39m__tests
__\properties\stream-token-security.property.test.ts:164:38
    at AsyncProperty.predicate [90m(file:///C:/Users/DELL/Desktop/a2a-dr.
-gemini-intake-agent/[39mnode_modules/[4mfast-check[24m/lib/esm/check/p
roperty/AsyncProperty.js:14:59[90m)[39m
    at AsyncProperty.run [90m(file:///C:/Users/DELL/Desktop/a2a-dr.-gemin
i-intake-agent/[39mnode_modules/[4mfast-check[24m/lib/esm/check/propert
y/AsyncProperty.generic.js:46:39[90m)[39m
    at asyncRunIt [90m(file:///C:/Users/DELL/Desktop/a2a-dr.-gemini-intak
e-agent/[39mnode_modules/[4mfast-check[24m/lib/esm/check/runner/Runner.
js:33:36[90m)[39m
[90m    at processTicksAndRejections 
(node:internal/process/task_queues:103:5)[39m
    at [90mC:\Users\DELL\Desktop\a2a-dr.-gemini-intake-agent\[39m__tests
__\properties\stream-token-security.property.test.ts:155:5
    at [90mfile:///C:/Users/DELL/Desktop/a2a-dr.-gemini-intake-agent/[39
mnode_modules/[4m@vitest/runner[24m/dist/index.js:533:5 {
  code: [32m'STREAM_CONNECTION_FAILED'[39m,
  originalError: Error: Stream API error
      at Object.<anonymous> [90m(C:\Users\DELL\Desktop\a2a-dr.-gemini-int
ake-agent\[39m__tests__\properties\stream-token-security.property.test.ts
:161:19[90m)[39m
      at Object.mockCall [90m(file:///C:/Users/DELL/Desktop/a2a-dr.-gemin
i-intake-agent/[39mnode_modules/[4m@vitest/spy[24m/dist/index.js:61:17
[90m)[39m
      at Object.spy [as generateUserToken] [90m(file:///C:/Users/DELL/Des
ktop/a2a-dr.-gemini-intake-agent/[39mnode_modules/[4mtinyspy[24m/dist/i
ndex.js:45:80[90m)[39m
      at StreamService.generateToken [90m(C:\Users\DELL\Desktop\a2a-dr.-g
emini-intake-agent\[39msrc\server\services\stream.ts:126:28[90m)[39m
      at [90mC:\Users\DELL\Desktop\a2a-dr.-gemini-intake-agent\[39m__tes
ts__\properties\stream-token-security.property.test.ts:164:38
      at AsyncProperty.predicate [90m(file:///C:/Users/DELL/Desktop/a2a-d
r.-gemini-intake-agent/[39mnode_modules/[4mfast-check[24m/lib/esm/check
/property/AsyncProperty.js:14:59[90m)[39m
      at AsyncProperty.run [90m(file:///C:/Users/DELL/Desktop/a2a-dr.-gem
ini-intake-agent/[39mnode_modules/[4mfast-check[24m/lib/esm/check/prope
rty/AsyncProperty.generic.js:46:39[90m)[39m
      at asyncRunIt [90m(file:///C:/Users/DELL/Desktop/a2a-dr.-gemini-int
ake-agent/[39mnode_modules/[4mfast-check[24m/lib/esm/check/runner/Runne
r.js:33:36[90m)[39m
  [90m    at processTicksAndRejections 
(node:internal/process/task_queues:103:5)[39m
      at [90mC:\Users\DELL\Desktop\a2a-dr.-gemini-intake-agent\[39m__tes
ts__\properties\stream-token-security.property.test.ts:155:5,
  retryable: [33mtrue[39m,
  fallbackOptions: [
    {
      id: [32m'retry'[39m,
      label: [32m'Try Again'[39m,
      description: [32m'Attempt to reconnect to the video service'[39m,
      action: [32m'retry'[39m
    },
    {
      id: [32m'refresh'[39m,
      label: [32m'Refresh Page'[39m,
      description: [32m'Reload the page to reset the connection'[39m,
      action: [32m'refresh'[39m
    }
  ]
}
Unexpected error: {
  code: [32m'INTERNAL_ERROR'[39m,
  message: [32m'Something went wrong. Please try again later.'[39m,
  context: {
    streamErrorCode: [32m'STREAM_CONNECTION_FAILED'[39m,
    retryable: [33mtrue[39m,
    originalMessage: [32m'Stream API error'[39m,
    operation: [32m'generateToken'[39m,
    userId: [32m"BkNe1V$'"[39m,
    callId: [90mundefined[39m
  },
  stack: [32m'Error: Unable to connect to the video service. Please 
check your internet connection and try again.\n'[39m +
    [32m'    at toStreamError (C:\\Users\\DELL\\Desktop\\a2a-dr.-gemini-i
ntake-agent\\src\\server\\services\\stream-error-handler.ts:337:10)\n'[39
m +
    [32m'    at Module.logStreamError (C:\\Users\\DELL\\Desktop\\a2a-dr.-
gemini-intake-agent\\src\\server\\services\\stream-error-handler.ts:352:23
)\n'[39m +
    [32m'    at StreamService.generateToken (C:\\Users\\DELL\\Desktop\\a2
a-dr.-gemini-intake-agent\\src\\server\\services\\stream.ts:144:7)\n'[39m
 +
    [32m'    at C:\\Users\\DELL\\Desktop\\a2a-dr.-gemini-intake-agent\\__
tests__\\properties\\stream-token-security.property.test.ts:164:38\n'[39m
 +
    [32m'    at AsyncProperty.predicate (file:///C:/Users/DELL/Desktop/a2
a-dr.-gemini-intake-agent/node_modules/fast-check/lib/esm/check/property/A
syncProperty.js:14:59)\n'[39m +
    [32m'    at AsyncProperty.run (file:///C:/Users/DELL/Desktop/a2a-dr.-
gemini-intake-agent/node_modules/fast-check/lib/esm/check/property/AsyncPr
operty.generic.js:46:39)\n'[39m +
    [32m'    at asyncRunIt (file:///C:/Users/DELL/Desktop/a2a-dr.-gemini-
intake-agent/node_modules/fast-check/lib/esm/check/runner/Runner.js:33:36)
\n'[39m +
    [32m'    at processTicksAndRejections 
(node:internal/process/task_queues:103:5)\n'[39m +
    [32m'    at C:\\Users\\DELL\\Desktop\\a2a-dr.-gemini-intake-agent\\__
tests__\\properties\\stream-token-security.property.test.ts:155:5\n'[39m 
+
    [32m'    at file:///C:/Users/DELL/Desktop/a2a-dr.-gemini-intake-agent
/node_modules/@vitest/runner/dist/index.js:533:5'[39m
}
Unhandled error: StreamError: Unable to connect to the video service. 
Please check your internet connection and try again.
    at toStreamError [90m(C:\Users\DELL\Desktop\a2a-dr.-gemini-intake-age
nt\[39msrc\server\services\stream-error-handler.ts:337:10[90m)[39m
    at Module.logStreamError [90m(C:\Users\DELL\Desktop\a2a-dr.-gemini-in
take-agent\[39msrc\server\services\stream-error-handler.ts:352:23[90m)[
39m
    at StreamService.generateToken [90m(C:\Users\DELL\Desktop\a2a-dr.-gem
ini-intake-agent\[39msrc\server\services\stream.ts:144:7[90m)[39m
    at [90mC:\Users\DELL\Desktop\a2a-dr.-gemini-intake-agent\[39m__tests
__\properties\stream-token-security.property.test.ts:164:38
    at AsyncProperty.predicate [90m(file:///C:/Users/DELL/Desktop/a2a-dr.
-gemini-intake-agent/[39mnode_modules/[4mfast-check[24m/lib/esm/check/p
roperty/AsyncProperty.js:14:59[90m)[39m
    at AsyncProperty.run [90m(file:///C:/Users/DELL/Desktop/a2a-dr.-gemin
i-intake-agent/[39mnode_modules/[4mfast-check[24m/lib/esm/check/propert
y/AsyncProperty.generic.js:46:39[90m)[39m
    at asyncRunIt [90m(file:///C:/Users/DELL/Desktop/a2a-dr.-gemini-intak
e-agent/[39mnode_modules/[4mfast-check[24m/lib/esm/check/runner/Runner.
js:33:36[90m)[39m
[90m    at processTicksAndRejections 
(node:internal/process/task_queues:103:5)[39m
    at [90mC:\Users\DELL\Desktop\a2a-dr.-gemini-intake-agent\[39m__tests
__\properties\stream-token-security.property.test.ts:155:5
    at [90mfile:///C:/Users/DELL/Desktop/a2a-dr.-gemini-intake-agent/[39
mnode_modules/[4m@vitest/runner[24m/dist/index.js:533:5 {
  code: [32m'STREAM_CONNECTION_FAILED'[39m,
  originalError: Error: Stream API error
      at Object.<anonymous> [90m(C:\Users\DELL\Desktop\a2a-dr.-gemini-int
ake-agent\[39m__tests__\properties\stream-token-security.property.test.ts
:161:19[90m)[39m
      at Object.mockCall [90m(file:///C:/Users/DELL/Desktop/a2a-dr.-gemin
i-intake-agent/[39mnode_modules/[4m@vitest/spy[24m/dist/index.js:61:17
[90m)[39m
      at Object.spy [as generateUserToken] [90m(file:///C:/Users/DELL/Des
ktop/a2a-dr.-gemini-intake-agent/[39mnode_modules/[4mtinyspy[24m/dist/i
ndex.js:45:80[90m)[39m
      at StreamService.generateToken [90m(C:\Users\DELL\Desktop\a2a-dr.-g
emini-intake-agent\[39msrc\server\services\stream.ts:126:28[90m)[39m
      at [90mC:\Users\DELL\Desktop\a2a-dr.-gemini-intake-agent\[39m__tes
ts__\properties\stream-token-security.property.test.ts:164:38
      at AsyncProperty.predicate [90m(file:///C:/Users/DELL/Desktop/a2a-d
r.-gemini-intake-agent/[39mnode_modules/[4mfast-check[24m/lib/esm/check
/property/AsyncProperty.js:14:59[90m)[39m
      at AsyncProperty.run [90m(file:///C:/Users/DELL/Desktop/a2a-dr.-gem
ini-intake-agent/[39mnode_modules/[4mfast-check[24m/lib/esm/check/prope
rty/AsyncProperty.generic.js:46:39[90m)[39m
      at asyncRunIt [90m(file:///C:/Users/DELL/Desktop/a2a-dr.-gemini-int
ake-agent/[39mnode_modules/[4mfast-check[24m/lib/esm/check/runner/Runne
r.js:33:36[90m)[39m
  [90m    at processTicksAndRejections 
(node:internal/process/task_queues:103:5)[39m
      at [90mC:\Users\DELL\Desktop\a2a-dr.-gemini-intake-agent\[39m__tes
ts__\properties\stream-token-security.property.test.ts:155:5,
  retryable: [33mtrue[39m,
  fallbackOptions: [
    {
      id: [32m'retry'[39m,
      label: [32m'Try Again'[39m,
      description: [32m'Attempt to reconnect to the video service'[39m,
      action: [32m'retry'[39m
    },
    {
      id: [32m'refresh'[39m,
      label: [32m'Refresh Page'[39m,
      description: [32m'Reload the page to reset the connection'[39m,
      action: [32m'refresh'[39m
    }
  ]
}
Unexpected error: {
  code: [32m'INTERNAL_ERROR'[39m,
  message: [32m'Something went wrong. Please try again later.'[39m,
  context: {
    streamErrorCode: [32m'STREAM_CONNECTION_FAILED'[39m,
    retryable: [33mtrue[39m,
    originalMessage: [32m'Stream API error'[39m,
    operation: [32m'generateToken'[39m,
    userId: [32m'bind'[39m,
    callId: [90mundefined[39m
  },
  stack: [32m'Error: Unable to connect to the video service. Please 
check your internet connection and try again.\n'[39m +
    [32m'    at toStreamError (C:\\Users\\DELL\\Desktop\\a2a-dr.-gemini-i
ntake-agent\\src\\server\\services\\stream-error-handler.ts:337:10)\n'[39
m +
    [32m'    at Module.logStreamError (C:\\Users\\DELL\\Desktop\\a2a-dr.-
gemini-intake-agent\\src\\server\\services\\stream-error-handler.ts:352:23
)\n'[39m +
    [32m'    at StreamService.generateToken (C:\\Users\\DELL\\Desktop\\a2
a-dr.-gemini-intake-agent\\src\\server\\services\\stream.ts:144:7)\n'[39m
 +
    [32m'    at C:\\Users\\DELL\\Desktop\\a2a-dr.-gemini-intake-agent\\__
tests__\\properties\\stream-token-security.property.test.ts:164:38\n'[39m
 +
    [32m'    at AsyncProperty.predicate (file:///C:/Users/DELL/Desktop/a2
a-dr.-gemini-intake-agent/node_modules/fast-check/lib/esm/check/property/A
syncProperty.js:14:59)\n'[39m +
    [32m'    at AsyncProperty.run (file:///C:/Users/DELL/Desktop/a2a-dr.-
gemini-intake-agent/node_modules/fast-check/lib/esm/check/property/AsyncPr
operty.generic.js:46:39)\n'[39m +
    [32m'    at asyncRunIt (file:///C:/Users/DELL/Desktop/a2a-dr.-gemini-
intake-agent/node_modules/fast-check/lib/esm/check/runner/Runner.js:33:36)
\n'[39m +
    [32m'    at processTicksAndRejections 
(node:internal/process/task_queues:103:5)\n'[39m +
    [32m'    at C:\\Users\\DELL\\Desktop\\a2a-dr.-gemini-intake-agent\\__
tests__\\properties\\stream-token-security.property.test.ts:155:5\n'[39m 
+
    [32m'    at file:///C:/Users/DELL/Desktop/a2a-dr.-gemini-intake-agent
/node_modules/@vitest/runner/dist/index.js:533:5'[39m
}
Unhandled error: StreamError: Unable to connect to the video service. 
Please check your internet connection and try again.
    at toStreamError [90m(C:\Users\DELL\Desktop\a2a-dr.-gemini-intake-age
nt\[39msrc\server\services\stream-error-handler.ts:337:10[90m)[39m
    at Module.logStreamError [90m(C:\Users\DELL\Desktop\a2a-dr.-gemini-in
take-agent\[39msrc\server\services\stream-error-handler.ts:352:23[90m)[
39m
    at StreamService.generateToken [90m(C:\Users\DELL\Desktop\a2a-dr.-gem
ini-intake-agent\[39msrc\server\services\stream.ts:144:7[90m)[39m
    at [90mC:\Users\DELL\Desktop\a2a-dr.-gemini-intake-agent\[39m__tests
__\properties\stream-token-security.property.test.ts:164:38
    at AsyncProperty.predicate [90m(file:///C:/Users/DELL/Desktop/a2a-dr.
-gemini-intake-agent/[39mnode_modules/[4mfast-check[24m/lib/esm/check/p
roperty/AsyncProperty.js:14:59[90m)[39m
    at AsyncProperty.run [90m(file:///C:/Users/DELL/Desktop/a2a-dr.-gemin
i-intake-agent/[39mnode_modules/[4mfast-check[24m/lib/esm/check/propert
y/AsyncProperty.generic.js:46:39[90m)[39m
    at asyncRunIt [90m(file:///C:/Users/DELL/Desktop/a2a-dr.-gemini-intak
e-agent/[39mnode_modules/[4mfast-check[24m/lib/esm/check/runner/Runner.
js:33:36[90m)[39m
[90m    at processTicksAndRejections 
(node:internal/process/task_queues:103:5)[39m
    at [90mC:\Users\DELL\Desktop\a2a-dr.-gemini-intake-agent\[39m__tests
__\properties\stream-token-security.property.test.ts:155:5
    at [90mfile:///C:/Users/DELL/Desktop/a2a-dr.-gemini-intake-agent/[39
mnode_modules/[4m@vitest/runner[24m/dist/index.js:533:5 {
  code: [32m'STREAM_CONNECTION_FAILED'[39m,
  originalError: Error: Stream API error
      at Object.<anonymous> [90m(C:\Users\DELL\Desktop\a2a-dr.-gemini-int
ake-agent\[39m__tests__\properties\stream-token-security.property.test.ts
:161:19[90m)[39m
      at Object.mockCall [90m(file:///C:/Users/DELL/Desktop/a2a-dr.-gemin
i-intake-agent/[39mnode_modules/[4m@vitest/spy[24m/dist/index.js:61:17
[90m)[39m
      at Object.spy [as generateUserToken] [90m(file:///C:/Users/DELL/Des
ktop/a2a-dr.-gemini-intake-agent/[39mnode_modules/[4mtinyspy[24m/dist/i
ndex.js:45:80[90m)[39m
      at StreamService.generateToken [90m(C:\Users\DELL\Desktop\a2a-dr.-g
emini-intake-agent\[39msrc\server\services\stream.ts:126:28[90m)[39m
      at [90mC:\Users\DELL\Desktop\a2a-dr.-gemini-intake-agent\[39m__tes
ts__\properties\stream-token-security.property.test.ts:164:38
      at AsyncProperty.predicate [90m(file:///C:/Users/DELL/Desktop/a2a-d
r.-gemini-intake-agent/[39mnode_modules/[4mfast-check[24m/lib/esm/check
/property/AsyncProperty.js:14:59[90m)[39m
      at AsyncProperty.run [90m(file:///C:/Users/DELL/Desktop/a2a-dr.-gem
ini-intake-agent/[39mnode_modules/[4mfast-check[24m/lib/esm/check/prope
rty/AsyncProperty.generic.js:46:39[90m)[39m
      at asyncRunIt [90m(file:///C:/Users/DELL/Desktop/a2a-dr.-gemini-int
ake-agent/[39mnode_modules/[4mfast-check[24m/lib/esm/check/runner/Runne
r.js:33:36[90m)[39m
  [90m    at processTicksAndRejections 
(node:internal/process/task_queues:103:5)[39m
      at [90mC:\Users\DELL\Desktop\a2a-dr.-gemini-intake-agent\[39m__tes
ts__\properties\stream-token-security.property.test.ts:155:5,
  retryable: [33mtrue[39m,
  fallbackOptions: [
    {
      id: [32m'retry'[39m,
      label: [32m'Try Again'[39m,
      description: [32m'Attempt to reconnect to the video service'[39m,
      action: [32m'retry'[39m
    },
    {
      id: [32m'refresh'[39m,
      label: [32m'Refresh Page'[39m,
      description: [32m'Reload the page to reset the connection'[39m,
      action: [32m'refresh'[39m
    }
  ]
}
Unexpected error: {
  code: [32m'INTERNAL_ERROR'[39m,
  message: [32m'Something went wrong. Please try again later.'[39m,
  context: {
    streamErrorCode: [32m'STREAM_CONNECTION_FAILED'[39m,
    retryable: [33mtrue[39m,
    originalMessage: [32m'Stream API error'[39m,
    operation: [32m'generateToken'[39m,
    userId: [32m'constructor'[39m,
    callId: [90mundefined[39m
  },
  stack: [32m'Error: Unable to connect to the video service. Please 
check your internet connection and try again.\n'[39m +
    [32m'    at toStreamError (C:\\Users\\DELL\\Desktop\\a2a-dr.-gemini-i
ntake-agent\\src\\server\\services\\stream-error-handler.ts:337:10)\n'[39
m +
    [32m'    at Module.logStreamError (C:\\Users\\DELL\\Desktop\\a2a-dr.-
gemini-intake-agent\\src\\server\\services\\stream-error-handler.ts:352:23
)\n'[39m +
    [32m'    at StreamService.generateToken (C:\\Users\\DELL\\Desktop\\a2
a-dr.-gemini-intake-agent\\src\\server\\services\\stream.ts:144:7)\n'[39m
 +
    [32m'    at C:\\Users\\DELL\\Desktop\\a2a-dr.-gemini-intake-agent\\__
tests__\\properties\\stream-token-security.property.test.ts:164:38\n'[39m
 +
    [32m'    at AsyncProperty.predicate (file:///C:/Users/DELL/Desktop/a2
a-dr.-gemini-intake-agent/node_modules/fast-check/lib/esm/check/property/A
syncProperty.js:14:59)\n'[39m +
    [32m'    at AsyncProperty.run (file:///C:/Users/DELL/Desktop/a2a-dr.-
gemini-intake-agent/node_modules/fast-check/lib/esm/check/property/AsyncPr
operty.generic.js:46:39)\n'[39m +
    [32m'    at asyncRunIt (file:///C:/Users/DELL/Desktop/a2a-dr.-gemini-
intake-agent/node_modules/fast-check/lib/esm/check/runner/Runner.js:33:36)
\n'[39m +
    [32m'    at processTicksAndRejections 
(node:internal/process/task_queues:103:5)\n'[39m +
    [32m'    at C:\\Users\\DELL\\Desktop\\a2a-dr.-gemini-intake-agent\\__
tests__\\properties\\stream-token-security.property.test.ts:155:5\n'[39m 
+
    [32m'    at file:///C:/Users/DELL/Desktop/a2a-dr.-gemini-intake-agent
/node_modules/@vitest/runner/dist/index.js:533:5'[39m
}
Unhandled error: StreamError: Unable to connect to the video service. 
Please check your internet connection and try again.
    at toStreamError [90m(C:\Users\DELL\Desktop\a2a-dr.-gemini-intake-age
nt\[39msrc\server\services\stream-error-handler.ts:337:10[90m)[39m
    at Module.logStreamError [90m(C:\Users\DELL\Desktop\a2a-dr.-gemini-in
take-agent\[39msrc\server\services\stream-error-handler.ts:352:23[90m)[
39m
    at StreamService.generateToken [90m(C:\Users\DELL\Desktop\a2a-dr.-gem
ini-intake-agent\[39msrc\server\services\stream.ts:144:7[90m)[39m
    at [90mC:\Users\DELL\Desktop\a2a-dr.-gemini-intake-agent\[39m__tests
__\properties\stream-token-security.property.test.ts:164:38
    at AsyncProperty.predicate [90m(file:///C:/Users/DELL/Desktop/a2a-dr.
-gemini-intake-agent/[39mnode_modules/[4mfast-check[24m/lib/esm/check/p
roperty/AsyncProperty.js:14:59[90m)[39m
    at AsyncProperty.run [90m(file:///C:/Users/DELL/Desktop/a2a-dr.-gemin
i-intake-agent/[39mnode_modules/[4mfast-check[24m/lib/esm/check/propert
y/AsyncProperty.generic.js:46:39[90m)[39m
    at asyncRunIt [90m(file:///C:/Users/DELL/Desktop/a2a-dr.-gemini-intak
e-agent/[39mnode_modules/[4mfast-check[24m/lib/esm/check/runner/Runner.
js:33:36[90m)[39m
[90m    at processTicksAndRejections 
(node:internal/process/task_queues:103:5)[39m
    at [90mC:\Users\DELL\Desktop\a2a-dr.-gemini-intake-agent\[39m__tests
__\properties\stream-token-security.property.test.ts:155:5
    at [90mfile:///C:/Users/DELL/Desktop/a2a-dr.-gemini-intake-agent/[39
mnode_modules/[4m@vitest/runner[24m/dist/index.js:533:5 {
  code: [32m'STREAM_CONNECTION_FAILED'[39m,
  originalError: Error: Stream API error
      at Object.<anonymous> [90m(C:\Users\DELL\Desktop\a2a-dr.-gemini-int
ake-agent\[39m__tests__\properties\stream-token-security.property.test.ts
:161:19[90m)[39m
      at Object.mockCall [90m(file:///C:/Users/DELL/Desktop/a2a-dr.-gemin
i-intake-agent/[39mnode_modules/[4m@vitest/spy[24m/dist/index.js:61:17
[90m)[39m
      at Object.spy [as generateUserToken] [90m(file:///C:/Users/DELL/Des
ktop/a2a-dr.-gemini-intake-agent/[39mnode_modules/[4mtinyspy[24m/dist/i
ndex.js:45:80[90m)[39m
      at StreamService.generateToken [90m(C:\Users\DELL\Desktop\a2a-dr.-g
emini-intake-agent\[39msrc\server\services\stream.ts:126:28[90m)[39m
      at [90mC:\Users\DELL\Desktop\a2a-dr.-gemini-intake-agent\[39m__tes
ts__\properties\stream-token-security.property.test.ts:164:38
      at AsyncProperty.predicate [90m(file:///C:/Users/DELL/Desktop/a2a-d
r.-gemini-intake-agent/[39mnode_modules/[4mfast-check[24m/lib/esm/check
/property/AsyncProperty.js:14:59[90m)[39m
      at AsyncProperty.run [90m(file:///C:/Users/DELL/Desktop/a2a-dr.-gem
ini-intake-agent/[39mnode_modules/[4mfast-check[24m/lib/esm/check/prope
rty/AsyncProperty.generic.js:46:39[90m)[39m
      at asyncRunIt [90m(file:///C:/Users/DELL/Desktop/a2a-dr.-gemini-int
ake-agent/[39mnode_modules/[4mfast-check[24m/lib/esm/check/runner/Runne
r.js:33:36[90m)[39m
  [90m    at processTicksAndRejections 
(node:internal/process/task_queues:103:5)[39m
      at [90mC:\Users\DELL\Desktop\a2a-dr.-gemini-intake-agent\[39m__tes
ts__\properties\stream-token-security.property.test.ts:155:5,
  retryable: [33mtrue[39m,
  fallbackOptions: [
    {
      id: [32m'retry'[39m,
      label: [32m'Try Again'[39m,
      description: [32m'Attempt to reconnect to the video service'[39m,
      action: [32m'retry'[39m
    },
    {
      id: [32m'refresh'[39m,
      label: [32m'Refresh Page'[39m,
      description: [32m'Reload the page to reset the connection'[39m,
      action: [32m'refresh'[39m
    }
  ]
}
Unexpected error: {
  code: [32m'INTERNAL_ERROR'[39m,
  message: [32m'Something went wrong. Please try again later.'[39m,
  context: {
    streamErrorCode: [32m'STREAM_CONNECTION_FAILED'[39m,
    retryable: [33mtrue[39m,
    originalMessage: [32m'Stream API error'[39m,
    operation: [32m'generateToken'[39m,
    userId: [32m'&3'[39m,
    callId: [90mundefined[39m
  },
  stack: [32m'Error: Unable to connect to the video service. Please 
check your internet connection and try again.\n'[39m +
    [32m'    at toStreamError (C:\\Users\\DELL\\Desktop\\a2a-dr.-gemini-i
ntake-agent\\src\\server\\services\\stream-error-handler.ts:337:10)\n'[39
m +
    [32m'    at Module.logStreamError (C:\\Users\\DELL\\Desktop\\a2a-dr.-
gemini-intake-agent\\src\\server\\services\\stream-error-handler.ts:352:23
)\n'[39m +
    [32m'    at StreamService.generateToken (C:\\Users\\DELL\\Desktop\\a2
a-dr.-gemini-intake-agent\\src\\server\\services\\stream.ts:144:7)\n'[39m
 +
    [32m'    at C:\\Users\\DELL\\Desktop\\a2a-dr.-gemini-intake-agent\\__
tests__\\properties\\stream-token-security.property.test.ts:164:38\n'[39m
 +
    [32m'    at AsyncProperty.predicate (file:///C:/Users/DELL/Desktop/a2
a-dr.-gemini-intake-agent/node_modules/fast-check/lib/esm/check/property/A
syncProperty.js:14:59)\n'[39m +
    [32m'    at AsyncProperty.run (file:///C:/Users/DELL/Desktop/a2a-dr.-
gemini-intake-agent/node_modules/fast-check/lib/esm/check/property/AsyncPr
operty.generic.js:46:39)\n'[39m +
    [32m'    at asyncRunIt (file:///C:/Users/DELL/Desktop/a2a-dr.-gemini-
intake-agent/node_modules/fast-check/lib/esm/check/runner/Runner.js:33:36)
\n'[39m +
    [32m'    at processTicksAndRejections 
(node:internal/process/task_queues:103:5)\n'[39m +
    [32m'    at C:\\Users\\DELL\\Desktop\\a2a-dr.-gemini-intake-agent\\__
tests__\\properties\\stream-token-security.property.test.ts:155:5\n'[39m 
+
    [32m'    at file:///C:/Users/DELL/Desktop/a2a-dr.-gemini-intake-agent
/node_modules/@vitest/runner/dist/index.js:533:5'[39m
}
Unhandled error: StreamError: Unable to connect to the video service. 
Please check your internet connection and try again.
    at toStreamError [90m(C:\Users\DELL\Desktop\a2a-dr.-gemini-intake-age
nt\[39msrc\server\services\stream-error-handler.ts:337:10[90m)[39m
    at Module.logStreamError [90m(C:\Users\DELL\Desktop\a2a-dr.-gemini-in
take-agent\[39msrc\server\services\stream-error-handler.ts:352:23[90m)[
39m
    at StreamService.generateToken [90m(C:\Users\DELL\Desktop\a2a-dr.-gem
ini-intake-agent\[39msrc\server\services\stream.ts:144:7[90m)[39m
    at [90mC:\Users\DELL\Desktop\a2a-dr.-gemini-intake-agent\[39m__tests
__\properties\stream-token-security.property.test.ts:164:38
    at AsyncProperty.predicate [90m(file:///C:/Users/DELL/Desktop/a2a-dr.
-gemini-intake-agent/[39mnode_modules/[4mfast-check[24m/lib/esm/check/p
roperty/AsyncProperty.js:14:59[90m)[39m
    at AsyncProperty.run [90m(file:///C:/Users/DELL/Desktop/a2a-dr.-gemin
i-intake-agent/[39mnode_modules/[4mfast-check[24m/lib/esm/check/propert
y/AsyncProperty.generic.js:46:39[90m)[39m
    at asyncRunIt [90m(file:///C:/Users/DELL/Desktop/a2a-dr.-gemini-intak
e-agent/[39mnode_modules/[4mfast-check[24m/lib/esm/check/runner/Runner.
js:33:36[90m)[39m
[90m    at processTicksAndRejections 
(node:internal/process/task_queues:103:5)[39m
    at [90mC:\Users\DELL\Desktop\a2a-dr.-gemini-intake-agent\[39m__tests
__\properties\stream-token-security.property.test.ts:155:5
    at [90mfile:///C:/Users/DELL/Desktop/a2a-dr.-gemini-intake-agent/[39
mnode_modules/[4m@vitest/runner[24m/dist/index.js:533:5 {
  code: [32m'STREAM_CONNECTION_FAILED'[39m,
  originalError: Error: Stream API error
      at Object.<anonymous> [90m(C:\Users\DELL\Desktop\a2a-dr.-gemini-int
ake-agent\[39m__tests__\properties\stream-token-security.property.test.ts
:161:19[90m)[39m
      at Object.mockCall [90m(file:///C:/Users/DELL/Desktop/a2a-dr.-gemin
i-intake-agent/[39mnode_modules/[4m@vitest/spy[24m/dist/index.js:61:17
[90m)[39m
      at Object.spy [as generateUserToken] [90m(file:///C:/Users/DELL/Des
ktop/a2a-dr.-gemini-intake-agent/[39mnode_modules/[4mtinyspy[24m/dist/i
ndex.js:45:80[90m)[39m
      at StreamService.generateToken [90m(C:\Users\DELL\Desktop\a2a-dr.-g
emini-intake-agent\[39msrc\server\services\stream.ts:126:28[90m)[39m
      at [90mC:\Users\DELL\Desktop\a2a-dr.-gemini-intake-agent\[39m__tes
ts__\properties\stream-token-security.property.test.ts:164:38
      at AsyncProperty.predicate [90m(file:///C:/Users/DELL/Desktop/a2a-d
r.-gemini-intake-agent/[39mnode_modules/[4mfast-check[24m/lib/esm/check
/property/AsyncProperty.js:14:59[90m)[39m
      at AsyncProperty.run [90m(file:///C:/Users/DELL/Desktop/a2a-dr.-gem
ini-intake-agent/[39mnode_modules/[4mfast-check[24m/lib/esm/check/prope
rty/AsyncProperty.generic.js:46:39[90m)[39m
      at asyncRunIt [90m(file:///C:/Users/DELL/Desktop/a2a-dr.-gemini-int
ake-agent/[39mnode_modules/[4mfast-check[24m/lib/esm/check/runner/Runne
r.js:33:36[90m)[39m
  [90m    at processTicksAndRejections 
(node:internal/process/task_queues:103:5)[39m
      at [90mC:\Users\DELL\Desktop\a2a-dr.-gemini-intake-agent\[39m__tes
ts__\properties\stream-token-security.property.test.ts:155:5,
  retryable: [33mtrue[39m,
  fallbackOptions: [
    {
      id: [32m'retry'[39m,
      label: [32m'Try Again'[39m,
 [31mΓ¥»[39m __tests__/properties/stream-token-security.property.test.ts [2m([22m[2m7 tests[22m[2m | [22m[31m2 failed[39m[2m)[22m[33m 829[2mms[22m[39m
[31m   [31m├ù[31m Property 8: Token Security[2m > [22mgenerates tokens with secure expiration times (24 hours)[90m 294[2mms[22m[31m[39m
      description: [32m'Attempt to reconnect to the video service'[39m,
[31m     ΓåÆ Property failed after 1 tests
      action: [32m'retry'[39m
    },
    {
      id: [32m'refresh'[39m,
{ seed: 1349798453, path: "0:0:0:0:0:0:0:0:0", endOnFailure: true }
Counterexample: ["!",undefined]
Shrunk 8 time(s)
Got AssertionError: expected "spy" to be called with arguments: [ { user_id: '!', exp: 1768834648 } ][90m
      label: [32m'Refresh Page'[39m,

      description: [32m'Reload the page to reset the connection'[39m,
Received: 
      action: [32m'refresh'[39m
    }

  ]
}
Unexpected error: {
[1m  1st spy call:

[22m[2m  Array [[22m
[2m    Object {[22m
  code: [32m'INTERNAL_ERROR'[39m,
[2m      "exp": 1768834648,[22m
  message: [32m'Something went wrong. Please try again later.'[39m,
[32m-     "user_id": "!",[90m
  context: {
[31m+     "iat": 1768748188,[90m
    streamErrorCode: [32m'STREAM_CONNECTION_FAILED'[39m,
[31m+     "user_id": "n",[90m
    retryable: [33mtrue[39m,
[2m    },[22m
    originalMessage: [32m'Stream API error'[39m,
[2m  ][22m

    operation: [32m'generateToken'[39m,
    userId: [32m'%%,DB3POrJm'[39m,
[1m  2nd spy call:
    callId: [90mundefined[39m

  },
[22m[2m  Array [[22m
  stack: [32m'Error: Unable to connect to the video service. Please 
check your internet connection and try again.\n'[39m +
    [32m'    at toStreamError (C:\\Users\\DELL\\Desktop\\a2a-dr.-gemini-i
ntake-agent\\src\\server\\services\\stream-error-handler.ts:337:10)\n'[39
m +
    [32m'    at Module.logStreamError (C:\\Users\\DELL\\Desktop\\a2a-dr.-
gemini-intake-agent\\src\\server\\services\\stream-error-handler.ts:352:23
)\n'[39m +
[2m    Object {[22m
    [32m'    at StreamService.generateToken (C:\\Users\\DELL\\Desktop\\a2
a-dr.-gemini-intake-agent\\src\\server\\services\\stream.ts:144:7)\n'[39m
 +
    [32m'    at C:\\Users\\DELL\\Desktop\\a2a-dr.-gemini-intake-agent\\__
tests__\\properties\\stream-token-security.property.test.ts:164:38\n'[39m
 +
    [32m'    at AsyncProperty.predicate (file:///C:/Users/DELL/Desktop/a2
a-dr.-gemini-intake-agent/node_modules/fast-check/lib/esm/check/property/A
syncProperty.js:14:59)\n'[39m +
[2m      "exp": 1768834648,[22m
[32m-     "user_id": "!",[90m
    [32m'    at AsyncProperty.run (file:///C:/Users/DELL/Desktop/a2a-dr.-
gemini-intake-agent/node_modules/fast-check/lib/esm/check/property/AsyncPr
operty.generic.js:46:39)\n'[39m +
[31m+     "iat": 1768748188,[90m
[31m+     "user_id": "G",[90m
    [32m'    at asyncRunIt (file:///C:/Users/DELL/Desktop/a2a-dr.-gemini-
intake-agent/node_modules/fast-check/lib/esm/check/runner/Runner.js:33:36)
\n'[39m +
[2m    },[22m
    [32m'    at processTicksAndRejections 
(node:internal/process/task_queues:103:5)\n'[39m +
[2m  ][22m

    [32m'    at C:\\Users\\DELL\\Desktop\\a2a-dr.-gemini-intake-agent\\__
tests__\\properties\\stream-token-security.property.test.ts:155:5\n'[39m 
+
    [32m'    at file:///C:/Users/DELL/Desktop/a2a-dr.-gemini-intake-agent
/node_modules/@vitest/runner/dist/index.js:533:5'[39m
}
Unhandled error: StreamError: Unable to connect to the video service. 
Please check your internet connection and try again.
[1m  3rd spy call:

[22m[2m  Array [[22m
[2m    Object {[22m
    at toStreamError [90m(C:\Users\DELL\Desktop\a2a-dr.-gemini-intake-age
nt\[39msrc\server\services\stream-error-handler.ts:337:10[90m)[39m
    at Module.logStreamError [90m(C:\Users\DELL\Desktop\a2a-dr.-gemini-in
take-agent\[39msrc\server\services\stream-error-handler.ts:352:23[90m)[
39m
    at StreamService.generateToken [90m(C:\Users\DELL\Desktop\a2a-dr.-gem
ini-intake-agent\[39msrc\server\services\stream.ts:144:7[90m)[39m
    at [90mC:\Users\DELL\Desktop\a2a-dr.-gemini-intake-agent\[39m__tests
__\properties\stream-token-security.property.test.ts:164:38
    at AsyncProperty.predicate [90m(file:///C:/Users/DELL/Desktop/a2a-dr.
-gemini-intake-agent/[39mnode_modules/[4mfast-check[24m/lib/esm/check/p
roperty/AsyncProperty.js:14:59[90m)[39m
[2m      "exp": 1768834648,[22m
[32m-     "user_id": "!",[90m
[31m+     "iat": 1768748188,[90m
[31m+     "user_id": "4",[90m
    at AsyncProperty.run [90m(file:///C:/Users/DELL/Desktop/a2a-dr.-gemin
i-intake-agent/[39mnode_modules/[4mfast-check[24m/lib/esm/check/propert
y/AsyncProperty.generic.js:46:39[90m)[39m
[2m    },[22m
[2m  ][22m
    at asyncRunIt [90m(file:///C:/Users/DELL/Desktop/a2a-dr.-gemini-intak
e-agent/[39mnode_modules/[4mfast-check[24m/lib/esm/check/runner/Runner.
js:33:36[90m)[39m
[90m    at processTicksAndRejections 
(node:internal/process/task_queues:103:5)[39m

[1m  4th spy call:
    at [90mC:\Users\DELL\Desktop\a2a-dr.-gemini-intake-agent\[39m__tests
__\properties\stream-token-security.property.test.ts:155:5
    at [90mfile:///C:/Users/DELL/Desktop/a2a-dr.-gemini-intake-agent/[39
mnode_modules/[4m@vitest/runner[24m/dist/index.js:533:5 {
  code: [32m'STREAM_CONNECTION_FAILED'[39m,
  originalError: Error: Stream API error

[22m[2m  Array [[22m
[2m    Object {[22m
[2m      "exp": 1768834648,[22m
[32m-     "user_id": "!",[90m
[31m+     "iat": 1768748188,[90m
      at Object.<anonymous> [90m(C:\Users\DELL\Desktop\a2a-dr.-gemini-int
ake-agent\[39m__tests__\properties\stream-token-security.property.test.ts
:161:19[90m)[39m
      at Object.mockCall [90m(file:///C:/Users/DELL/Desktop/a2a-dr.-gemin
i-intake-agent/[39mnode_modules/[4m@vitest/spy[24m/dist/index.js:61:17
[90m)[39m
[31m+     "user_id": "*",[90m
      at Object.spy [as generateUserToken] [90m(file:///C:/Users/DELL/Des
ktop/a2a-dr.-gemini-intake-agent/[39mnode_modules/[4mtinyspy[24m/dist/i
ndex.js:45:80[90m)[39m
      at StreamService.generateToken [90m(C:\Users\DELL\Desktop\a2a-dr.-g
emini-intake-agent\[39msrc\server\services\stream.ts:126:28[90m)[39m
      at [90mC:\Users\DELL\Desktop\a2a-dr.-gemini-intake-agent\[39m__tes
ts__\properties\stream-token-security.property.test.ts:164:38
[2m    },[22m
[2m  ][22m
      at AsyncProperty.predicate [90m(file:///C:/Users/DELL/Desktop/a2a-d
r.-gemini-intake-agent/[39mnode_modules/[4mfast-check[24m/lib/esm/check
/property/AsyncProperty.js:14:59[90m)[39m
      at AsyncProperty.run [90m(file:///C:/Users/DELL/Desktop/a2a-dr.-gem
ini-intake-agent/[39mnode_modules/[4mfast-check[24m/lib/esm/check/prope
rty/AsyncProperty.generic.js:46:39[90m)[39m

      at asyncRunIt [90m(file:///C:/Users/DELL/Desktop/a2a-dr.-gemini-int
ake-agent/[39mnode_modules/[4mfast-check[24m/lib/esm/check/runner/Runne
r.js:33:36[90m)[39m
[1m  5th spy call:

  [90m    at processTicksAndRejections 
(node:internal/process/task_queues:103:5)[39m
[22m[2m  Array [[22m
[2m    Object {[22m
[2m      "exp": 1768834648,[22m
      at [90mC:\Users\DELL\Desktop\a2a-dr.-gemini-intake-agent\[39m__tes
ts__\properties\stream-token-security.property.test.ts:155:5,
[32m-     "user_id": "!",[90m
  retryable: [33mtrue[39m,
[31m+     "iat": 1768748188,[90m
[31m+     "user_id": "%",[90m
[2m    },[22m
[2m  ][22m

[1m  6th spy call:

[22m[2m  Array [[22m
[2m    Object {[22m
[2m      "exp": 1768834648,[22m
[32m-     "user_id": "!",[90m
[31m+     "iat": 1768748188,[90m
[31m+     "user_id": "#",[90m
[2m    },[22m
[2m  ][22m

[1m  7th spy call:

  fallbackOptions: [
[22m[2m  Array [[22m
[2m    Object {[22m
[2m      "exp": 1768834648,[22m
[32m-     "user_id": "!",[90m
    {
[31m+     "iat": 1768748188,[90m
[31m+     "user_id": "\"",[90m
[2m    },[22m
[2m  ][22m

[1m  8th spy call:
      id: [32m'retry'[39m,
      label: [32m'Try Again'[39m,
      description: [32m'Attempt to reconnect to the video service'[39m,
      action: [32m'retry'[39m
    },
    {

[22m[2m  Array [[22m
[2m    Object {[22m
[2m      "exp": 1768834648,[22m
[31m+     "iat": 1768748188,[90m
      id: [32m'refresh'[39m,
[2m      "user_id": "!",[22m
[2m    },[22m
      label: [32m'Refresh Page'[39m,
      description: [32m'Reload the page to reset the connection'[39m,
      action: [32m'refresh'[39m
[2m  ][22m
    }

[1m  9th spy call:
  ]

[22m[2m  Array [[22m
}
Unexpected error: {
  code: [32m'INTERNAL_ERROR'[39m,
[2m    Object {[22m
  message: [32m'Something went wrong. Please try again later.'[39m,
[2m      "exp": 1768834648,[22m
  context: {
    streamErrorCode: [32m'STREAM_CONNECTION_FAILED'[39m,
[31m+     "iat": 1768748188,[90m
    retryable: [33mtrue[39m,
    originalMessage: [32m'Stream API error'[39m,
    operation: [32m'generateToken'[39m,
    userId: [32m'>&5T('[39m,
    callId: [90mundefined[39m
  },
  stack: [32m'Error: Unable to connect to the video service. Please 
check your internet connection and try again.\n'[39m +
    [32m'    at toStreamError (C:\\Users\\DELL\\Desktop\\a2a-dr.-gemini-i
ntake-agent\\src\\server\\services\\stream-error-handler.ts:337:10)\n'[39
m +
    [32m'    at Module.logStreamError (C:\\Users\\DELL\\Desktop\\a2a-dr.-
gemini-intake-agent\\src\\server\\services\\stream-error-handler.ts:352:23
)\n'[39m +
    [32m'    at StreamService.generateToken (C:\\Users\\DELL\\Desktop\\a2
a-dr.-gemini-intake-agent\\src\\server\\services\\stream.ts:144:7)\n'[39m
 +
    [32m'    at C:\\Users\\DELL\\Desktop\\a2a-dr.-gemini-intake-agent\\__
tests__\\properties\\stream-token-security.property.test.ts:164:38\n'[39m
 +
    [32m'    at AsyncProperty.predicate (file:///C:/Users/DELL/Desktop/a2
a-dr.-gemini-intake-agent/node_modules/fast-check/lib/esm/check/property/A
syncProperty.js:14:59)\n'[39m +
    [32m'    at AsyncProperty.run (file:///C:/Users/DELL/Desktop/a2a-dr.-
gemini-intake-agent/node_modules/fast-check/lib/esm/check/property/AsyncPr
operty.generic.js:46:39)\n'[39m +
    [32m'    at asyncRunIt (file:///C:/Users/DELL/Desktop/a2a-dr.-gemini-
intake-agent/node_modules/fast-check/lib/esm/check/runner/Runner.js:33:36)
\n'[39m +
[2m      "user_id": "!",[22m
    [32m'    at processTicksAndRejections 
(node:internal/process/task_queues:103:5)\n'[39m +
    [32m'    at C:\\Users\\DELL\\Desktop\\a2a-dr.-gemini-intake-agent\\__
tests__\\properties\\stream-token-security.property.test.ts:155:5\n'[39m 
+
    [32m'    at file:///C:/Users/DELL/Desktop/a2a-dr.-gemini-intake-agent
/node_modules/@vitest/runner/dist/index.js:533:5'[39m
}

[2m    },[22m
[2m  ][22m
[31m[90m

Number of calls: [1m9[22m
[31m
    at Proxy.<anonymous> (file:///C:/Users/DELL/Desktop/a2a-dr.-gemini-intake-agent/node_modules/@vitest/expect/dist/index.js:1465:13)
    at Proxy.<anonymous> (file:///C:/Users/DELL/Desktop/a2a-dr.-gemini-intake-agent/node_modules/@vitest/expect/dist/index.js:972:17)
    at Proxy.methodWrapper (file:///C:/Users/DELL/Desktop/a2a-dr.-gemini-intake-agent/node_modules/chai/index.js:1686:25)
    at C:\Users\DELL\Desktop\a2a-dr.-gemini-intake-agent\__tests__\properties\stream-token-security.property.test.ts:62:41
    at processTicksAndRejections (node:internal/process/task_queues:103:5)
    at AsyncProperty.run (file:///C:/Users/DELL/Desktop/a2a-dr.-gemini-intake-agent/node_modules/fast-check/lib/esm/check/property/AsyncProperty.generic.js:46:28)
    at asyncRunIt (file:///C:/Users/DELL/Desktop/a2a-dr.-gemini-intake-agent/node_modules/fast-check/lib/esm/check/runner/Runner.js:33:21)
    at C:\Users\DELL\Desktop\a2a-dr.-gemini-intake-agent\__tests__\properties\stream-token-security.property.test.ts:45:5
    at file:///C:/Users/DELL/Desktop/a2a-dr.-gemini-intake-agent/node_modules/@vitest/runner/dist/index.js:533:5
    at runTest (file:///C:/Users/DELL/Desktop/a2a-dr.-gemini-intake-agent/node_modules/@vitest/runner/dist/index.js:1056:11)

Hint: Enable verbose mode in order to have the list of all failing values encountered during the run[39m
[31m   [31m├ù[31m Property 8: Token Security[2m > [22mtoken contains proper security metadata[90m 161[2mms[22m[31m[39m
[31m     ΓåÆ Property failed after 1 tests
{ seed: -1032419165, path: "0:0:0:0:0:0:0:0:0", endOnFailure: true }
Counterexample: ["!"]
Shrunk 8 time(s)
Got AssertionError: expected "spy" to be called with arguments: [ { user_id: '!', exp: Any<Number> } ][90m

Received: 

[1m  1st spy call:

[22m[2m  Array [[22m
[2m    Object {[22m
[32m-     "exp": Any<Number>,[90m
[32m-     "user_id": "!",[90m
[31m+     "exp": 1768834649,[90m
[31m+     "iat": 1768748189,[90m
[31m+     "user_id": "gbZwBCMSK1Fq",[90m
[2m    },[22m
[2m  ][22m

[1m  2nd spy call:

[22m[2m  Array [[22m
[2m    Object {[22m
[32m-     "exp": Any<Number>,[90m
[32m-     "user_id": "!",[90m
[31m+     "exp": 1768834649,[90m
[31m+     "iat": 1768748189,[90m
[31m+     "user_id": "q",[90m
[2m    },[22m
[2m  ][22m

[1m  3rd spy call:

[22m[2m  Array [[22m
[2m    Object {[22m
[32m-     "exp": Any<Number>,[90m
[32m-     "user_id": "!",[90m
[31m+     "exp": 1768834649,[90m
[31m+     "iat": 1768748189,[90m
[31m+     "user_id": "I",[90m
[2m    },[22m
[2m  ][22m

[1m  4th spy call:

[22m[2m  Array [[22m
[2m    Object {[22m
[32m-     "exp": Any<Number>,[90m
[32m-     "user_id": "!",[90m
[31m+     "exp": 1768834649,[90m
[31m+     "iat": 1768748189,[90m
[31m+     "user_id": "5",[90m
[2m    },[22m
[2m  ][22m

[1m  5th spy call:

[22m[2m  Array [[22m
[2m    Object {[22m
[32m-     "exp": Any<Number>,[90m
[32m-     "user_id": "!",[90m
[31m+     "exp": 1768834649,[90m
[31m+     "iat": 1768748189,[90m
[31m+     "user_id": "+",[90m
[2m    },[22m
[2m  ][22m

[1m  6th spy call:

[22m[2m  Array [[22m
[2m    Object {[22m
[32m-     "exp": Any<Number>,[90m
[32m-     "user_id": "!",[90m
[31m+     "exp": 1768834649,[90m
[31m+     "iat": 1768748189,[90m
[31m+     "user_id": "&",[90m
[2m    },[22m
[2m  ][22m

[1m  7th spy call:

[22m[2m  Array [[22m
[2m    Object {[22m
[32m-     "exp": Any<Number>,[90m
[32m-     "user_id": "!",[90m
[31m+     "exp": 1768834649,[90m
[31m+     "iat": 1768748189,[90m
[31m+     "user_id": "#",[90m
[2m    },[22m
[2m  ][22m

[1m  8th spy call:

[22m[2m  Array [[22m
[2m    Object {[22m
[32m-     "exp": Any<Number>,[90m
[32m-     "user_id": "!",[90m
[31m+     "exp": 1768834649,[90m
[31m+     "iat": 1768748189,[90m
[31m+     "user_id": "\"",[90m
[2m    },[22m
[2m  ][22m

[1m  9th spy call:

[22m[2m  Array [[22m
[2m    Object {[22m
[32m-     "exp": Any<Number>,[90m
[31m+     "exp": 1768834649,[90m
[31m+     "iat": 1768748189,[90m
[2m      "user_id": "!",[22m
[2m    },[22m
[2m  ][22m
[31m[90m

Number of calls: [1m9[22m
[31m
    at Proxy.<anonymous> (file:///C:/Users/DELL/Desktop/a2a-dr.-gemini-intake-agent/node_modules/@vitest/expect/dist/index.js:1465:13)
    at Proxy.<anonymous> (file:///C:/Users/DELL/Desktop/a2a-dr.-gemini-intake-agent/node_modules/@vitest/expect/dist/index.js:972:17)
    at Proxy.methodWrapper (file:///C:/Users/DELL/Desktop/a2a-dr.-gemini-intake-agent/node_modules/chai/index.js:1686:25)
    at C:\Users\DELL\Desktop\a2a-dr.-gemini-intake-agent\__tests__\properties\stream-token-security.property.test.ts:139:41
    at processTicksAndRejections (node:internal/process/task_queues:103:5)
    at AsyncProperty.run (file:///C:/Users/DELL/Desktop/a2a-dr.-gemini-intake-agent/node_modules/fast-check/lib/esm/check/property/AsyncProperty.generic.js:46:28)
    at asyncRunIt (file:///C:/Users/DELL/Desktop/a2a-dr.-gemini-intake-agent/node_modules/fast-check/lib/esm/check/runner/Runner.js:33:21)
    at C:\Users\DELL\Desktop\a2a-dr.-gemini-intake-agent\__tests__\properties\stream-token-security.property.test.ts:124:5
    at file:///C:/Users/DELL/Desktop/a2a-dr.-gemini-intake-agent/node_modules/@vitest/runner/dist/index.js:533:5
    at runTest (file:///C:/Users/DELL/Desktop/a2a-dr.-gemini-intake-agent/node_modules/@vitest/runner/dist/index.js:1056:11)

Hint: Enable verbose mode in order to have the list of all failing values encountered during the run[39m
 [32mΓ£ô[39m __tests__/properties/booking-status-sbar-invariant.property.test.ts [2m([22m[2m13 tests[22m[2m)[22m[90m 25[2mms[22m[39m
 [32mΓ£ô[39m __tests__/properties/medical-data-merge.property.test.ts [2m([22m[2m5 tests[22m[2m)[22m[33m 593[2mms[22m[39m
   [33m[2mΓ£ô[22m[39m Property 3: Medical Data Array Merge Preservation[2m > [22mmerged arrays contain all items from both existing and update [33m327[2mms[22m[39m
 [32mΓ£ô[39m __tests__/properties/sequential-flow-step-prevention.property.test.tsx [2m([22m[2m6 tests[22m[2m)[22m[33m 552081[2mms[22m[39m
   [33m[2mΓ£ô[22m[39m Property 8: Sequential Flow Step Prevention[2m > [22mproperty: future steps are disabled and non-interactive [33m4003[2mms[22m[39m
   [33m[2mΓ£ô[22m[39m Property 8: Sequential Flow Step Prevention[2m > [22mproperty: clicking future steps does not navigate [33m102946[2mms[22m[39m
   [33m[2mΓ£ô[22m[39m Property 8: Sequential Flow Step Prevention[2m > [22mproperty: cannot skip steps by clicking ahead [33m204457[2mms[22m[39m
   [33m[2mΓ£ô[22m[39m Property 8: Sequential Flow Step Prevention[2m > [22mproperty: step 0 is always accessible [33m240538[2mms[22m[39m
 [32mΓ£ô[39m __tests__/properties/booking-button-visibility.property.test.ts [2m([22m[2m15 tests[22m[2m)[22m[90m 21[2mms[22m[39m
 [32mΓ£ô[39m __tests__/properties/agent-stage-mapping.property.test.ts [2m([22m[2m18 tests[22m[2m)[22m[90m 29[2mms[22m[39m
 [32mΓ£ô[39m __tests__/properties/reconnection-message-order.property.test.ts [2m([22m[2m5 tests[22m[2m)[22m[90m 100[2mms[22m[39m
 [32mΓ£ô[39m __tests__/properties/api-contract.property.test.ts [2m([22m[2m8 tests[22m[2m)[22m[33m 633[2mms[22m[39m
 [32mΓ£ô[39m __tests__/integration/DirectChatOverlay-date-separators.test.tsx [2m([22m[2m4 tests[22m[2m)[22m[33m 1334[2mms[22m[39m
   [33m[2mΓ£ô[22m[39m DirectChatOverlay - Date Separators Integration[2m > [22mshould render date separators between messages from different dates [33m1063[2mms[22m[39m
 [32mΓ£ô[39m __tests__/properties/date-grouping.property.test.ts [2m([22m[2m6 tests[22m[2m)[22m[33m 1052[2mms[22m[39m
   [33m[2mΓ£ô[22m[39m Property 1: Date Boundary Separators[2m > [22mcreates separate groups for each unique calendar date [33m367[2mms[22m[39m
 [31mΓ¥»[39m __tests__/properties/stream-token-generation.property.test.ts [2m([22m[2m6 tests[22m[2m | [22m[31m2 failed[39m[2m)[22m[33m 497[2mms[22m[39m
[31m   [31m├ù[31m Property 2: User Identity Mapping[2m > [22mgenerates valid tokens for any authenticated user ID[90m 121[2mms[22m[31m[39m
[31m     ΓåÆ Property failed after 1 tests
{ seed: -1481222917, path: "0:0:0:0:0:0:0:0:0", endOnFailure: true }
Counterexample: ["!",undefined]
Shrunk 8 time(s)
Got AssertionError: expected "spy" to be called with arguments: [ { user_id: '!', exp: Any<Number> } ][90m

Received: 

[1m  1st spy call:

[22m[2m  Array [[22m
[2m    Object {[22m
[32m-     "exp": Any<Number>,[90m
[32m-     "user_id": "!",[90m
[31m+     "exp": 1768834717,[90m
[31m+     "iat": 1768748257,[90m
[31m+     "user_id": "x",[90m
[2m    },[22m
[2m  ][22m

[1m  2nd spy call:

[22m[2m  Array [[22m
[2m    Object {[22m
[32m-     "exp": Any<Number>,[90m
[32m-     "user_id": "!",[90m
[31m+     "exp": 1768834717,[90m
[31m+     "iat": 1768748257,[90m
[31m+     "user_id": "L",[90m
[2m    },[22m
[2m  ][22m

[1m  3rd spy call:

[22m[2m  Array [[22m
[2m    Object {[22m
[32m-     "exp": Any<Number>,[90m
[32m-     "user_id": "!",[90m
[31m+     "exp": 1768834717,[90m
[31m+     "iat": 1768748257,[90m
[31m+     "user_id": "6",[90m
[2m    },[22m
[2m  ][22m

[1m  4th spy call:

[22m[2m  Array [[22m
[2m    Object {[22m
[32m-     "exp": Any<Number>,[90m
[32m-     "user_id": "!",[90m
[31m+     "exp": 1768834717,[90m
[31m+     "iat": 1768748257,[90m
[31m+     "user_id": "+",[90m
[2m    },[22m
[2m  ][22m

[1m  5th spy call:

[22m[2m  Array [[22m
[2m    Object {[22m
[32m-     "exp": Any<Number>,[90m
[32m-     "user_id": "!",[90m
[31m+     "exp": 1768834717,[90m
[31m+     "iat": 1768748257,[90m
[31m+     "user_id": "&",[90m
[2m    },[22m
[2m  ][22m

[1m  6th spy call:

[22m[2m  Array [[22m
[2m    Object {[22m
[32m-     "exp": Any<Number>,[90m
[32m-     "user_id": "!",[90m
[31m+     "exp": 1768834717,[90m
[31m+     "iat": 1768748257,[90m
[31m+     "user_id": "#",[90m
[2m    },[22m
[2m  ][22m

[1m  7th spy call:

[22m[2m  Array [[22m
[2m    Object {[22m
[32m-     "exp": Any<Number>,[90m
[32m-     "user_id": "!",[90m
[31m+     "exp": 1768834717,[90m
[31m+     "iat": 1768748257,[90m
[31m+     "user_id": "\"",[90m
[2m    },[22m
[2m  ][22m

[1m  8th spy call:

[22m[2m  Array [[22m
[2m    Object {[22m
[32m-     "exp": Any<Number>,[90m
[31m+     "exp": 1768834717,[90m
[31m+     "iat": 1768748257,[90m
[2m      "user_id": "!",[22m
[2m    },[22m
[2m  ][22m

[1m  9th spy call:

[22m[2m  Array [[22m
[2m    Object {[22m
[32m-     "exp": Any<Number>,[90m
[31m+     "exp": 1768834717,[90m
[31m+     "iat": 1768748257,[90m
[2m      "user_id": "!",[22m
[2m    },[22m
[2m  ][22m
[31m[90m

Number of calls: [1m9[22m
[31m
    at Proxy.<anonymous> (file:///C:/Users/DELL/Desktop/a2a-dr.-gemini-intake-agent/node_modules/@vitest/expect/dist/index.js:1465:13)
    at Proxy.<anonymous> (file:///C:/Users/DELL/Desktop/a2a-dr.-gemini-intake-agent/node_modules/@vitest/expect/dist/index.js:972:17)
    at Proxy.methodWrapper (file:///C:/Users/DELL/Desktop/a2a-dr.-gemini-intake-agent/node_modules/chai/index.js:1686:25)
    at C:\Users\DELL\Desktop\a2a-dr.-gemini-intake-agent\__tests__\properties\stream-token-generation.property.test.ts:62:41
    at processTicksAndRejections (node:internal/process/task_queues:103:5)
    at AsyncProperty.run (file:///C:/Users/DELL/Desktop/a2a-dr.-gemini-intake-agent/node_modules/fast-check/lib/esm/check/property/AsyncProperty.generic.js:46:28)
    at asyncRunIt (file:///C:/Users/DELL/Desktop/a2a-dr.-gemini-intake-agent/node_modules/fast-check/lib/esm/check/runner/Runner.js:33:21)
    at C:\Users\DELL\Desktop\a2a-dr.-gemini-intake-agent\__tests__\properties\stream-token-generation.property.test.ts:46:5
    at file:///C:/Users/DELL/Desktop/a2a-dr.-gemini-intake-agent/node_modules/@vitest/runner/dist/index.js:533:5
    at runTest (file:///C:/Users/DELL/Desktop/a2a-dr.-gemini-intake-agent/node_modules/@vitest/runner/dist/index.js:1056:11)

Hint: Enable verbose mode in order to have the list of all failing values encountered during the run[39m
[31m   [31m├ù[31m Property 2: User Identity Mapping[2m > [22muses Clerk user ID as Stream user identifier[90m 125[2mms[22m[31m[39m
[31m     ΓåÆ Property failed after 1 tests
{ seed: 1019189395, path: "0:0:0:0:0:0:0:0:0", endOnFailure: true }
Counterexample: ["!"]
Shrunk 8 time(s)
Got AssertionError: expected "spy" to be called with arguments: [ { user_id: '!', exp: Any<Number> } ][90m

Received: 

[1m  1st spy call:

[22m[2m  Array [[22m
[2m    Object {[22m
[32m-     "exp": Any<Number>,[90m
[32m-     "user_id": "!",[90m
[31m+     "exp": 1768834717,[90m
[31m+     "iat": 1768748257,[90m
[31m+     "user_id": "ref",[90m
[2m    },[22m
[2m  ][22m

[1m  2nd spy call:

[22m[2m  Array [[22m
[2m    Object {[22m
[32m-     "exp": Any<Number>,[90m
[32m-     "user_id": "!",[90m
[31m+     "exp": 1768834717,[90m
[31m+     "iat": 1768748257,[90m
[31m+     "user_id": "f",[90m
[2m    },[22m
[2m  ][22m

[1m  3rd spy call:

[22m[2m  Array [[22m
[2m    Object {[22m
[32m-     "exp": Any<Number>,[90m
[32m-     "user_id": "!",[90m
[31m+     "exp": 1768834717,[90m
[31m+     "iat": 1768748257,[90m
[31m+     "user_id": "C",[90m
[2m    },[22m
[2m  ][22m

[1m  4th spy call:

[22m[2m  Array [[22m
[2m    Object {[22m
[32m-     "exp": Any<Number>,[90m
[32m-     "user_id": "!",[90m
[31m+     "exp": 1768834717,[90m
[31m+     "iat": 1768748257,[90m
[31m+     "user_id": "2",[90m
[2m    },[22m
[2m  ][22m

[1m  5th spy call:

[22m[2m  Array [[22m
[2m    Object {[22m
[32m-     "exp": Any<Number>,[90m
[32m-     "user_id": "!",[90m
[31m+     "exp": 1768834717,[90m
[31m+     "iat": 1768748257,[90m
[31m+     "user_id": ")",[90m
[2m    },[22m
[2m  ][22m

[1m  6th spy call:

[22m[2m  Array [[22m
[2m    Object {[22m
[32m-     "exp": Any<Number>,[90m
[32m-     "user_id": "!",[90m
[31m+     "exp": 1768834717,[90m
[31m+     "iat": 1768748257,[90m
[31m+     "user_id": "%",[90m
[2m    },[22m
[2m  ][22m

[1m  7th spy call:

[22m[2m  Array [[22m
[2m    Object {[22m
[32m-     "exp": Any<Number>,[90m
[32m-     "user_id": "!",[90m
[31m+     "exp": 1768834717,[90m
[31m+     "iat": 1768748257,[90m
[31m+     "user_id": "#",[90m
[2m    },[22m
[2m  ][22m

[1m  8th spy call:

[22m[2m  Array [[22m
[2m    Object {[22m
[32m-     "exp": Any<Number>,[90m
[32m-     "user_id": "!",[90m
[31m+     "exp": 1768834717,[90m
[31m+     "iat": 1768748257,[90m
[31m+     "user_id": "\"",[90m
[2m    },[22m
[2m  ][22m

[1m  9th spy call:

[22m[2m  Array [[22m
[2m    Object {[22m
[32m-     "exp": Any<Number>,[90m
[31m+     "exp": 1768834717,[90m
[31m+     "iat": 1768748257,[90m
[2m      "user_id": "!",[22m
[2m    },[22m
[2m  ][22m
[31m[90m

Number of calls: [1m9[22m
[31m
    at Proxy.<anonymous> (file:///C:/Users/DELL/Desktop/a2a-dr.-gemini-intake-agent/node_modules/@vitest/expect/dist/index.js:1465:13)
    at Proxy.<anonymous> (file:///C:/Users/DELL/Desktop/a2a-dr.-gemini-intake-agent/node_modules/@vitest/expect/dist/index.js:972:17)
    at Proxy.methodWrapper (file:///C:/Users/DELL/Desktop/a2a-dr.-gemini-intake-agent/node_modules/chai/index.js:1686:25)
    at C:\Users\DELL\Desktop\a2a-dr.-gemini-intake-agent\__tests__\properties\stream-token-generation.property.test.ts:80:41
    at processTicksAndRejections (node:internal/process/task_queues:103:5)
    at AsyncProperty.run (file:///C:/Users/DELL/Desktop/a2a-dr.-gemini-intake-agent/node_modules/fast-check/lib/esm/check/property/AsyncProperty.generic.js:46:28)
    at asyncRunIt (file:///C:/Users/DELL/Desktop/a2a-dr.-gemini-intake-agent/node_modules/fast-check/lib/esm/check/runner/Runner.js:33:21)
    at C:\Users\DELL\Desktop\a2a-dr.-gemini-intake-agent\__tests__\properties\stream-token-generation.property.test.ts:73:5
    at file:///C:/Users/DELL/Desktop/a2a-dr.-gemini-intake-agent/node_modules/@vitest/runner/dist/index.js:533:5
    at runTest (file:///C:/Users/DELL/Desktop/a2a-dr.-gemini-intake-agent/node_modules/@vitest/runner/dist/index.js:1056:11)

Hint: Enable verbose mode in order to have the list of all failing values encountered during the run[39m
 [32mΓ£ô[39m __tests__/properties/query-warning-threshold.property.test.ts [2m([22m[2m5 tests[22m[2m)[22m[33m 337[2mms[22m[39m
 [32mΓ£ô[39m __tests__/properties/unread-count.property.test.ts [2m([22m[2m4 tests[22m[2m)[22m[90m 188[2mms[22m[39m
 [32mΓ£ô[39m __tests__/properties/date-label-formatting.property.test.ts [2m([22m[2m5 tests[22m[2m)[22m[33m 1180[2mms[22m[39m
   [33m[2mΓ£ô[22m[39m Property 3: Date Label Formatting Correctness[2m > [22mreturns "Month Day" format for dates in current year (not today/yesterday) [33m315[2mms[22m[39m
   [33m[2mΓ£ô[22m[39m Property 3: Date Label Formatting Correctness[2m > [22mreturns "Month Day, Year" format for dates from previous years [33m465[2mms[22m[39m
   [33m[2mΓ£ô[22m[39m Property 3: Date Label Formatting Correctness[2m > [22mformatting is consistent for same date [33m364[2mms[22m[39m
 [32mΓ£ô[39m __tests__/properties/component-isolation.property.test.ts [2m([22m[2m6 tests[22m[2m)[22m[33m 446[2mms[22m[39m
 [32mΓ£ô[39m __tests__/properties/date-selection-slot-fetch.property.test.ts [2m([22m[2m4 tests[22m[2m)[22m[90m 56[2mms[22m[39m
 [32mΓ£ô[39m __tests__/properties/json-parsing.property.test.ts [2m([22m[2m4 tests[22m[2m)[22m[33m 675[2mms[22m[39m
   [33m[2mΓ£ô[22m[39m Property 2: JSON Response Parsing Round-Trip[2m > [22mparsing JSON wrapped in markdown code blocks extracts the object correctly [33m423[2mms[22m[39m
 [32mΓ£ô[39m __tests__/properties/doctor-mode.property.test.ts [2m([22m[2m6 tests[22m[2m)[22m[90m 153[2mms[22m[39m
 [32mΓ£ô[39m __tests__/properties/limit-enforcement.property.test.ts [2m([22m[2m9 tests[22m[2m)[22m[90m 161[2mms[22m[39m
 [32mΓ£ô[39m __tests__/properties/navigation-url-sessionid.property.test.ts [2m([22m[2m4 tests[22m[2m)[22m[33m 473[2mms[22m[39m
 [32mΓ£ô[39m __tests__/unit/DateSeparator.test.tsx [2m([22m[2m5 tests[22m[2m)[22m[33m 1047[2mms[22m[39m
   [33m[2mΓ£ô[22m[39m DateSeparator Component[2m > [22mshould render with correct structure [33m793[2mms[22m[39m
 [32mΓ£ô[39m __tests__/properties/session-auto-selection.property.test.ts [2m([22m[2m3 tests[22m[2m)[22m[90m 116[2mms[22m[39m
[90mstderr[2m | 
__tests__/properties/response-size-warning.property.test.ts[2m > 
[22m[2mProperty 8: Response Size Warning[2m > [22m[2mSHALL log 
warning for responses exceeding threshold
[22m[39m[Performance Warning] Response size exceeded: test.endpoint - 
187KB (threshold: 100KB)
[Performance Warning] Response size exceeded: test.endpoint - 191KB 
(threshold: 100KB)
[Performance Warning] Response size exceeded: test.endpoint - 197KB 
(threshold: 100KB)
[Performance Warning] Response size exceeded: test.endpoint - 143KB 
(threshold: 100KB)
[Performance Warning] Response size exceeded: test.endpoint - 116KB 
(threshold: 100KB)
[Performance Warning] Response size exceeded: test.endpoint - 133KB 
(threshold: 100KB)
[Performance Warning] Response size exceeded: test.endpoint - 195KB 
(threshold: 100KB)
[Performance Warning] Response size exceeded: test.endpoint - 199KB 
(threshold: 100KB)
[Performance Warning] Response size exceeded: test.endpoint - 114KB 
(threshold: 100KB)
[Performance Warning] Response size exceeded: test.endpoint - 111KB 
(threshold: 100KB)

[90mstderr[2m | 
__tests__/properties/response-size-warning.property.test.ts[2m > 
[22m[2mProperty 8: Response Size Warning[2m > 
[22m[2mlogPerformanceWarning SHALL store warning details
[22m[39m[Performance Warning] Response size exceeded: ^C%&  - 347KB 
(threshold: 100KB)
[Performance Warning] Response size exceeded: ,A3WzoUrdqZipr~*`" - 219KB 
(threshold: 100KB)
[Performance Warning] Response size exceeded: ,3Ow&0!<Kw5}"UjD6 - 102KB 
(threshold: 100KB)
[Performance Warning] Response size exceeded: 1{b"}t4x - 105KB 
(threshold: 100KB)
[Performance Warning] Response size exceeded: <"} *P2<  - 497KB 
(threshold: 100KB)
[Performance Warning] Response size exceeded: #iMKuL9i6'JdG - 474KB 
(threshold: 100KB)
[Performance Warning] Response size exceeded: 1MT{s"Lc{ - 399KB 
(threshold: 100KB)
[Performance Warning] Response size exceeded: s%1F%x - 458KB (threshold: 
100KB)
[Performance Warning] Response size exceeded: caller - 119KB (threshold: 
100KB)
[Performance Warning] Response size exceeded: 3zChNE&n=5s - 233KB 
(threshold: 100KB)
[Performance Warning] Response size exceeded: -'!X?g`!2P+30GT0m0 - 109KB 
(threshold: 100KB)
[Performance Warning] Response size exceeded: O]3'x - 101KB (threshold: 
100KB)
[Performance Warning] Response size exceeded: HmU|SBKUlFm - 402KB 
(threshold: 100KB)
[Performance Warning] Response size exceeded: V91-BkF1^3< n - 104KB 
(threshold: 100KB)
[Performance Warning] Response size exceeded: IRa{T:,mW - 156KB 
(threshold: 100KB)
[Performance Warning] Response size exceeded: QL.jLjR&vAsPzON~?>S - 493KB 
(threshold: 100KB)
[Performance Warning] Response size exceeded: apply - 108KB (threshold: 
100KB)
[Performance Warning] Response size exceeded: S2fdDK&XgEGj+( - 480KB 
(threshold: 100KB)
[Performance Warning] Response size exceeded: Fb6sq`v{ - 353KB 
(threshold: 100KB)
[Performance Warning] Response size exceeded: xlp3Z|s~v7b|V{>4m$ - 265KB 
(threshold: 100KB)

 [32mΓ£ô[39m __tests__/properties/response-size-warning.property.test.ts [2m([22m[2m5 tests[22m[2m)[22m[90m 54[2mms[22m[39m
 [32mΓ£ô[39m __tests__/properties/agent-role.property.test.ts [2m([22m[2m5 tests[22m[2m)[22m[33m 423[2mms[22m[39m
 [32mΓ£ô[39m __tests__/properties/past-date-prevention.property.test.ts [2m([22m[2m3 tests[22m[2m)[22m[90m 58[2mms[22m[39m
 [32mΓ£ô[39m __tests__/properties/session-url-loading.property.test.ts [2m([22m[2m2 tests[22m[2m)[22m[90m 34[2mms[22m[39m
 [32mΓ£ô[39m __tests__/properties/pagination-limit.property.test.ts [2m([22m[2m5 tests[22m[2m)[22m[90m 21[2mms[22m[39m
 [32mΓ£ô[39m __tests__/properties/url-sync-on-switch.property.test.ts [2m([22m[2m2 tests[22m[2m)[22m[90m 177[2mms[22m[39m
 [32mΓ£ô[39m __tests__/properties/selector-url-sync.property.test.ts [2m([22m[2m2 tests[22m[2m)[22m[90m 40[2mms[22m[39m
 [31mΓ¥»[39m __tests__/properties/offline-action-queueing.property.test.ts [2m([22m[2m0 test[22m[2m)[22m

[31mΓÄ»ΓÄ»ΓÄ»ΓÄ»ΓÄ»ΓÄ»[1m[7m Failed Suites 1 
[27m[22mΓÄ»ΓÄ»ΓÄ»ΓÄ»ΓÄ»ΓÄ»ΓÄ»[39m

[31m[1m[7m FAIL [27m[22m[39m 
__tests__/properties/offline-action-queueing.property.test.ts[2m [ 
__tests__/properties/offline-action-queueing.property.test.ts ][22m
[31m[1mError[22m: No test suite found in file C:/Users/DELL/Desktop/a2a
-dr.-gemini-intake-agent/__tests__/properties/offline-action-queueing.prop
erty.test.ts[39m
[31m[2mΓÄ»ΓÄ»ΓÄ»ΓÄ»ΓÄ»ΓÄ»ΓÄ»ΓÄ»ΓÄ»ΓÄ»ΓÄ»ΓÄ»ΓÄ»ΓÄ»ΓÄ»ΓÄ»ΓÄ»ΓÄ»ΓÄ»ΓÄ»ΓÄ»ΓÄ
»ΓÄ»[1/42]ΓÄ»[22m[39m

[31mΓÄ»ΓÄ»ΓÄ»ΓÄ»ΓÄ»ΓÄ»[1m[7m Failed Tests 41 
[27m[22mΓÄ»ΓÄ»ΓÄ»ΓÄ»ΓÄ»ΓÄ»ΓÄ»[39m

[31m[1m[7m FAIL [27m[22m[39m 
__tests__/accessibility/whatsapp-ux-accessibility.test.tsx[2m > 
[22mWhatsApp-Simple UX - Accessibility Audit[2m > [22mTouch Target 
Sizes (Requirement 14.1)[2m > [22mshould have all buttons ΓëÑ 48x48dp
[31m[1mAssertionError[22m: expected 0 to be greater than or equal to 
48[39m
[36m [2mΓ¥»[22m __tests__/accessibility/whatsapp-ux-accessibility.test.
tsx:[2m66:23[22m[39m
    [90m 64| [39m        
    [90m 65| [39m        [90m// Minimum 48x48dp (48px in web)[39m
    [90m 66| [39m        [34mexpect[39m(width)[33m.[39m[34mtoBeGrea
terThanOrEqual[39m([34m48[39m)[33m;[39m
    [90m   | [39m                      [31m^[39m
    [90m 67| [39m        [34mexpect[39m(height)[33m.[39m[34mtoBeGre
aterThanOrEqual[39m([34m48[39m)[33m;[39m
    [90m 68| [39m      }

[31m[2mΓÄ»ΓÄ»ΓÄ»ΓÄ»ΓÄ»ΓÄ»ΓÄ»ΓÄ»ΓÄ»ΓÄ»ΓÄ»ΓÄ»ΓÄ»ΓÄ»ΓÄ»ΓÄ»ΓÄ»ΓÄ»ΓÄ»ΓÄ»ΓÄ»ΓÄ
»ΓÄ»[2/42]ΓÄ»[22m[39m

[31m[1m[7m FAIL [27m[22m[39m 
__tests__/accessibility/whatsapp-ux-accessibility.test.tsx[2m > 
[22mWhatsApp-Simple UX - Accessibility Audit[2m > [22mTouch Target 
Sizes (Requirement 14.1)[2m > [22mshould have action cards with large 
touch targets
[31m[1m[7m FAIL [27m[22m[39m 
__tests__/accessibility/whatsapp-ux-accessibility.test.tsx[2m > 
[22mWhatsApp-Simple UX - Accessibility Audit[2m > [22mTouch Target 
Sizes (Requirement 14.1)[2m > [22mshould have bottom nav items with 
adequate touch targets
[31m[1m[7m FAIL [27m[22m[39m 
__tests__/accessibility/whatsapp-ux-accessibility.test.tsx[2m > 
[22mWhatsApp-Simple UX - Accessibility Audit[2m > [22mTouch Target 
Sizes (Requirement 14.1)[2m > [22mshould have mode toggle with adequate 
size
[31m[1m[7m FAIL [27m[22m[39m 
__tests__/accessibility/whatsapp-ux-accessibility.test.tsx[2m > 
[22mWhatsApp-Simple UX - Accessibility Audit[2m > [22mIcons and Visual 
Communication (Requirement 14.3)[2m > [22mshould display icons 
alongside text labels
[31m[1m[7m FAIL [27m[22m[39m 
__tests__/accessibility/whatsapp-ux-accessibility.test.tsx[2m > 
[22mWhatsApp-Simple UX - Accessibility Audit[2m > [22mScreen Reader 
Support (Requirement 14.4)[2m > [22mshould have proper ARIA labels for 
interactive elements
[31m[1m[7m FAIL [27m[22m[39m 
__tests__/accessibility/whatsapp-ux-accessibility.test.tsx[2m > 
[22mWhatsApp-Simple UX - Accessibility Audit[2m > [22mScreen Reader 
Support (Requirement 14.4)[2m > [22mshould have semantic HTML structure
[31m[1m[7m FAIL [27m[22m[39m 
__tests__/integration/whatsapp-simple-ux-e2e.test.tsx[2m > 
[22mWhatsApp-Simple UX - End-to-End Integration[2m > [22mComplete User 
Flow in Simple Mode[2m > [22mshould complete full patient journey: home 
ΓåÆ intake ΓåÆ booking
[31m[1m[7m FAIL [27m[22m[39m 
__tests__/integration/whatsapp-simple-ux-e2e.test.tsx[2m > 
[22mWhatsApp-Simple UX - End-to-End Integration[2m > [22mProgressive 
Disclosure and Navigation[2m > [22mshould show maximum 3 options per 
screen in Simple Mode
[31m[1mError[22m: Element type is invalid: expected a string (for 
built-in components) or a class/function (for composite components) but 
got: undefined. You likely forgot to export your component from the file 
it's defined in, or you might have mixed up default and named 
imports.[39m
[90m [2mΓ¥»[22m createFiberFromTypeAndProps node_modules/react-dom/cjs/
react-dom-client.development.js:[2m5021:28[22m[39m
[90m [2mΓ¥»[22m createFiberFromElement node_modules/react-dom/cjs/react
-dom-client.development.js:[2m5035:14[22m[39m
[90m [2mΓ¥»[22m reconcileChildFibersImpl node_modules/react-dom/cjs/rea
ct-dom-client.development.js:[2m6920:31[22m[39m
[90m [2mΓ¥»[22m node_modules/react-dom/cjs/react-dom-client.development
.js:[2m7098:33[22m[39m
[90m [2mΓ¥»[22m reconcileChildren node_modules/react-dom/cjs/react-dom-
client.development.js:[2m9701:13[22m[39m
[90m [2mΓ¥»[22m beginWork node_modules/react-dom/cjs/react-dom-client.d
evelopment.js:[2m12171:13[22m[39m
[90m [2mΓ¥»[22m runWithFiberInDEV node_modules/react-dom/cjs/react-dom-
client.development.js:[2m874:13[22m[39m
[90m [2mΓ¥»[22m performUnitOfWork node_modules/react-dom/cjs/react-dom-
client.development.js:[2m17641:22[22m[39m
[90m [2mΓ¥»[22m workLoopSync node_modules/react-dom/cjs/react-dom-clien
t.development.js:[2m17469:41[22m[39m
[90m [2mΓ¥»[22m renderRootSync node_modules/react-dom/cjs/react-dom-cli
ent.development.js:[2m17450:11[22m[39m

[31m[2mΓÄ»ΓÄ»ΓÄ»ΓÄ»ΓÄ»ΓÄ»ΓÄ»ΓÄ»ΓÄ»ΓÄ»ΓÄ»ΓÄ»ΓÄ»ΓÄ»ΓÄ»ΓÄ»ΓÄ»ΓÄ»ΓÄ»ΓÄ»ΓÄ»ΓÄ
»ΓÄ»[3/42]ΓÄ»[22m[39m

[31m[1m[7m FAIL [27m[22m[39m 
__tests__/integration/simplified-booking-flow.test.tsx[2m > 
[22mSimplified Booking Flow Integration[2m > [22mshould show success 
screen after confirmation
[31m[1mTestingLibraryElementError[22m[39m: Unable to find an element 
with the text: Booking Confirmed! Γ£ô. This could be because the text is 
broken up by multiple elements. In this case, you can provide a function 
for your text matcher to make your matcher more flexible.

Ignored nodes: comments, script, style
[36m<body>[39m
  [36m<div>[39m
    [36m<div[39m
      [33mclass[39m=[32m"fixed inset-0 z-[60] flex items-center 
justify-center p-4"[39m
    [36m>[39m
      [36m<div[39m
        [33mclass[39m=[32m"absolute inset-0 bg-black/40 
backdrop-blur-sm"[39m
      [36m/>[39m
      [36m<div[39m
        [33mclass[39m=[32m"relative bg-white rounded-2xl shadow-2xl 
w-full max-w-md overflow-hidden transform transition-all"[39m
      [36m>[39m
        [36m<div[39m
          [33mclass[39m=[32m"fixed inset-0 z-50 bg-white flex flex-col 
items-center justify-center p-6"[39m
        [36m>[39m
          [36m<div[39m
            [33mclass[39m=[32m"w-[120px] h-[120px] flex items-center 
justify-center mb-6 animate-bounce-once"[39m
          [36m>[39m
            [36m<div[39m
              [33mclass[39m=[32m"text-[120px] leading-none"[39m
            [36m>[39m
              [36m<svg[39m
                [33mclass[39m=[32m"lucide lucide-circle-check-big"[39m
                [33mfill[39m=[32m"none"[39m
                [33mheight[39m=[32m"24"[39m
                [33mstroke[39m=[32m"currentColor"[39m
                [33mstroke-linecap[39m=[32m"round"[39m
                [33mstroke-linejoin[39m=[32m"round"[39m
                [33mstroke-width[39m=[32m"2"[39m
                [33mviewBox[39m=[32m"0 0 24 24"[39m
                [33mwidth[39m=[32m"24"[39m
                [33mxmlns[39m=[32m"http://www.w3.org/2000/svg"[39m
              [36m>[39m
                [36m<path[39m
                  [33md[39m=[32m"M21.801 10A10 10 0 1 1 17 3.335"[39m
                [36m/>[39m
                [36m<path[39m
                  [33md[39m=[32m"m9 11 3 3L22 4"[39m
                [36m/>[39m
              [36m</svg>[39m
            [36m</div>[39m
          [36m</div>[39m
          [36m<h1[39m
            [33mclass[39m=[32m"text-2xl font-bold text-gray-900 
text-center mb-3"[39m
          [36m>[39m
            [0mBooking Confirmed![0m
          [36m</h1>[39m
          [36m<p[39m
            [33mclass[39m=[32m"text-base text-gray-600 text-center 
mb-6 max-w-md"[39m
          [36m>[39m
            [0mYour appointment has been successfully scheduled[0m
          [36m</p>[39m
          [36m<div[39m
            [33mclass[39m=[32m"w-full max-w-md space-y-3 mb-6"[39m
          [36m>[39m
            [36m<div[39m
              [33mclass[39m=[32m"bg-gray-50 rounded-xl p-4 flex 
justify-between items-center"[39m
            [36m>[39m
              [36m<span[39m
                [33mclass[39m=[32m"text-sm font-medium 
text-gray-700"[39m
              [36m>[39m
                [0mDate & Time[0m
              [36m</span>[39m
              [36m<span[39m
                [33mclass[39m=[32m"text-sm font-bold 
text-gray-900"[39m
              [36m>[39m
                [0mSunday, Jan 18 at 09:00[0m
              [36m</span>[39m
            [36m</div>[39m
            [36m<div[39m
              [33mclass[39m=[32m"bg-gray-50 rounded-xl p-4 flex 
justify-between items-center"[39m
            [36m>[39m
              [36m<span[39m
                [33mclass[39m=[32m"text-sm font-medium 
text-gray-700"[39m
              [36m>[39m
                [0mType[0m
              [36m</span>[39m
              [36m<span[39m
                [33mclass[39m=[32m"text-sm font-bold 
text-gray-900"[39m
              [36m>[39m
                [0mIn-person Visit[0m
              [36m</span>[39m
            [36m</div>[39m
            [36m<div[39m
              [33mclass[39m=[32m"bg-gray-50 rounded-xl p-4 flex 
justify-between items-center"[39m
            [36m>[39m
              [36m<span[39m
                [33mclass[39m=[32m"text-sm font-medium 
text-gray-700"[39m
              [36m>[39m
                [0mLocation[0m
              [36m</span>[39m
              [36m<span[39m
                [33mclass[39m=[32m"text-sm font-bold 
text-gray-900"[39m
              [36m>[39m
                [0mClinic A[0m
              [36m</span>[39m
            [36m</div>[39m
          [36m</div>[39m
          [36m<div[39m
            [33mclass[39m=[32m"w-full max-w-md space-y-3"[39m
          [36m>[39m
            [36m<button[39m
              [33mclass[39m=[32m"w-full h-14 bg-[#25D366] text-white 
text-lg font-semibold rounded-xl
                     hover:bg-[#20BD5A] btn-full-feedback
                     shadow-md"[39m
            [36m>[39m
              [0mDone[0m
            [36m</button>[39m
          [36m</div>[39m
          [36m<p[39m
            [33mclass[39m=[32m"text-sm text-gray-500 mt-6"[39m
          [36m>[39m
            [0mClosing in [0m
            [0m3[0m
            [0m second[0m
            [0ms[0m
            [0m...[0m
          [36m</p>[39m
        [36m</div>[39m
      [36m</div>[39m
    [36m</div>[39m
  [36m</div>[39m
[36m</body>[39m

Ignored nodes: comments, script, style
[36m<html>[39m
  [36m<head />[39m
  [36m<body>[39m
    [36m<div>[39m
      [36m<div[39m
        [33mclass[39m=[32m"fixed inset-0 z-[60] flex items-center 
justify-center p-4"[39m
      [36m>[39m
        [36m<div[39m
          [33mclass[39m=[32m"absolute inset-0 bg-black/40 
backdrop-blur-sm"[39m
        [36m/>[39m
        [36m<div[39m
          [33mclass[39m=[32m"relative bg-white rounded-2xl shadow-2xl 
w-full max-w-md overflow-hidden transform transition-all"[39m
        [36m>[39m
          [36m<div[39m
            [33mclass[39m=[32m"fixed inset-0 z-50 bg-white flex 
flex-col items-center justify-center p-6"[39m
          [36m>[39m
            [36m<div[39m
              [33mclass[39m=[32m"w-[120px] h-[120px] flex items-center 
justify-center mb-6 animate-bounce-once"[39m
            [36m>[39m
              [36m<div[39m
                [33mclass[39m=[32m"text-[120px] leading-none"[39m
              [36m>[39m
                [36m<svg[39m
                  [33mclass[39m=[32m"lucide 
lucide-circle-check-big"[39m
                  [33mfill[39m=[32m"none"[39m
                  [33mheight[39m=[32m"24"[39m
                  [33mstroke[39m=[32m"currentColor"[39m
                  [33mstroke-linecap[39m=[32m"round"[39m
                  [33mstroke-linejoin[39m=[32m"round"[39m
                  [33mstroke-width[39m=[32m"2"[39m
                  [33mviewBox[39m=[32m"0 0 24 24"[39m
                  [33mwidth[39m=[32m"24"[39m
                  [33mxmlns[39m=[32m"http://www.w3.org/2000/svg"[39m
                [36m>[39m
                  [36m<path[39m
                    [33md[39m=[32m"M21.801 10A10 10 0 1 1 17 
3.335"[39m
                  [36m/>[39m
                  [36m<path[39m
                    [33md[39m=[32m"m9 11 3 3L22 4"[39m
                  [36m/>[39m
                [36m</svg>[39m
              [36m</div>[39m
            [36m</div>[39m
            [36m<h1[39m
              [33mclass[39m=[32m"text-2xl font-bold text-gray-900 
text-center mb-3"[39m
            [36m>[39m
              [0mBooking Confirmed![0m
            [36m</h1>[39m
            [36m<p[39m
              [33mclass[39m=[32m"text-base text-gray-600 text-center 
mb-6 max-w-md"[39m
            [36m>[39m
              [0mYour appointment has been successfully scheduled[0m
            [36m</p>[39m
            [36m<div[39m
              [33mclass[39m=[32m"w-full max-w-md space-y-3 mb-6"[39m
            [36m>[39m
              [36m<div[39m
                [33mclass[39m=[32m"bg-gray-50 rounded-xl p-4 flex 
justify-between items-center"[39m
              [36m>[39m
                [36m<span[39m
                  [33mclass[39m=[32m"text-sm font-medium 
text-gray-700"[39m
                [36m>[39m
                  [0mDate & Time[0m
                [36m</span>[39m
                [36m<span[39m
                  [33mclass[39m=[32m"text-sm font-bold 
text-gray-900"[39m
                [36m>[39m
                  [0mSunday, Jan 18 at 09:00[0m
                [36m</span>[39m
              [36m</div>[39m
              [36m<div[39m
                [33mclass[39m=[32m"bg-gray-50 rounded-xl p-4 flex 
justify-between items-center"[39m
              [36m>[39m
                [36m<span[39m
                  [33mclass[39m=[32m"text-sm font-medium 
text-gray-700"[39m
                [36m>[39m
                  [0mType[0m
                [36m</span>[39m
                [36m<span[39m
                  [33mclass[39m=[32m"text-sm font-bold 
text-gray-900"[39m
                [36m>[39m
                  [0mIn-person Visit[0m
                [36m</span>[39m
              [36m</div>[39m
              [36m<div[39m
                [33mclass[39m=[32m"bg-gray-50 rounded-xl p-4 flex 
justify-between items-center"[39m
              [36m>[39m
                [36m<span[39m
                  [33mclass[39m=[32m"text-sm font-medium 
text-gray-700"[39m
                [36m>[39m
                  [0mLocation[0m
                [36m</span>[39m
                [36m<span[39m
                  [33mclass[39m=[32m"text-sm font-bold 
text-gray-900"[39m
                [36m>[39m
                  [0mClinic A[0m
                [36m</span>[39m
              [36m</div>[39m
            [36m</div>[39m
            [36m<div[39m
              [33mclass[39m=[32m"w-full max-w-md space-y-3"[39m
            [36m>[39m
              [36m<button[39m
                [33mclass[39m=[32m"w-full h-14 bg-[#25D366] text-white 
text-lg font-semibold rounded-xl
                     hover:bg-[#20BD5A] btn-full-feedback
                     shadow-md"[39m
              [36m>[39m
                [0mDone[0m
              [36m</button>[39m
            [36m</div>[39m
            [36m<p[39m
              [33mclass[39m=[32m"text-sm text-gray-500 mt-6"[39m
            [36m>[39m
              [0mClosing in [0m
              [0m3[0m
              [0m second[0m
              [0ms[0m
              [0m...[0m
            [36m</p>[39m
          [36m</div>[39m
        [36m</div>[39m
      [36m</div>[39m
    [36m</div>[39m
  [36m</body>[39m
[36m</html>[39m
[90m [2mΓ¥»[22m Proxy.waitForWrapper 
node_modules/@testing-library/dom/dist/wait-for.js:[2m163:27[22m[39m
[36m [2mΓ¥»[22m __tests__/integration/simplified-booking-flow.test.tsx:
[2m204:11[22m[39m
    [90m202| [39m
    [90m203| [39m    [90m// Should show success screen[39m
    [90m204| [39m    [35mawait[39m [34mwaitFor[39m(() [33m=>[39m {
    [90m   | [39m          [31m^[39m
    [90m205| [39m      
[34mexpect[39m(screen[33m.[39m[34mgetByText[39m([32m'Booking 
Confirmed! Γ£ô'[39m))[33m.[39m[34mtoBeInTheDocume[39mΓÇª
    [90m206| [39m    })[33m;[39m

[31m[2mΓÄ»ΓÄ»ΓÄ»ΓÄ»ΓÄ»ΓÄ»ΓÄ»ΓÄ»ΓÄ»ΓÄ»ΓÄ»ΓÄ»ΓÄ»ΓÄ»ΓÄ»ΓÄ»ΓÄ»ΓÄ»ΓÄ»ΓÄ»ΓÄ»ΓÄ
»ΓÄ»[4/42]ΓÄ»[22m[39m

[31m[1m[7m FAIL [27m[22m[39m 
__tests__/integration/simplified-booking-flow.test.tsx[2m > 
[22mSimplified Booking Flow Integration[2m > [22mshould show loading 
state while fetching slots
[31m[1mTestingLibraryElementError[22m[39m: Unable to find an element 
with the text: Loading times.... This could be because the text is broken 
up by multiple elements. In this case, you can provide a function for 
your text matcher to make your matcher more flexible.

Ignored nodes: comments, script, style
[36m<body>[39m
  [36m<div>[39m
    [36m<div[39m
      [33mclass[39m=[32m"fixed inset-0 z-[60] flex items-center 
justify-center p-4"[39m
    [36m>[39m
      [36m<div[39m
        [33mclass[39m=[32m"absolute inset-0 bg-black/40 
backdrop-blur-sm"[39m
      [36m/>[39m
      [36m<div[39m
        [33mclass[39m=[32m"relative bg-white rounded-2xl shadow-2xl 
w-full max-w-md overflow-hidden transform transition-all"[39m
      [36m>[39m
        [36m<div[39m
          [33mclass[39m=[32m"bg-slate-50 border-b border-slate-200 
px-6 py-4"[39m
        [36m>[39m
          [36m<div[39m
            [33mclass[39m=[32m"flex flex-col items-center gap-4"[39m
          [36m>[39m
            [36m<div[39m
              [33mclass[39m=[32m"text-center"[39m
            [36m>[39m
              [36m<p[39m
                [33mclass[39m=[32m"text-sm font-medium 
text-slate-700"[39m
              [36m>[39m
                [0mStep [0m
                [0m3[0m
                [0m of [0m
                [0m4[0m
              [36m</p>[39m
              [36m<p[39m
                [33mclass[39m=[32m"text-xs text-slate-500 mt-1"[39m
              [36m>[39m
                [0mTime[0m
              [36m</p>[39m
            [36m</div>[39m
            [36m<div[39m
              [33mclass[39m=[32m"flex items-center gap-2"[39m
            [36m>[39m
              [36m<button[39m
                [33maria-disabled[39m=[32m"false"[39m
                [33maria-label[39m=[32m"Week (completed)"[39m
                [33mclass[39m=[32m"
                  w-3 h-3 rounded-full transition-all duration-200
                  bg-green-500 scale-100
                  
                  
                  cursor-pointer hover:scale-110
                  
                "[39m
              [36m/>[39m
              [36m<div[39m
                [33mclass[39m=[32m"w-8 h-0.5 bg-slate-200"[39m
              [36m/>[39m
              [36m<button[39m
                [33maria-disabled[39m=[32m"false"[39m
                [33maria-label[39m=[32m"Day (completed)"[39m
                [33mclass[39m=[32m"
                  w-3 h-3 rounded-full transition-all duration-200
                  bg-green-500 scale-100
                  
                  
                  cursor-pointer hover:scale-110
                  
                "[39m
              [36m/>[39m
              [36m<div[39m
                [33mclass[39m=[32m"w-8 h-0.5 bg-slate-200"[39m
              [36m/>[39m
              [36m<button[39m
                [33maria-current[39m=[32m"step"[39m
                [33maria-disabled[39m=[32m"false"[39m
                [33maria-label[39m=[32m"Time (current)"[39m
                [33mclass[39m=[32m"
                  w-3 h-3 rounded-full transition-all duration-200
                  
                  bg-green-500 scale-125 ring-4 ring-green-100
                  
                  cursor-pointer hover:scale-110
                  
                "[39m
              [36m/>[39m
              [36m<div[39m
                [33mclass[39m=[32m"w-8 h-0.5 bg-slate-200"[39m
              [36m/>[39m
              [36m<button[39m
                [33maria-disabled[39m=[32m"true"[39m
                [33maria-label[39m=[32m"Confirm"[39m
                [33mclass[39m=[32m"
                  w-3 h-3 rounded-full transition-all duration-200
                  
                  
                  bg-slate-300 scale-100
                  cursor-not-allowed
                  opacity-50
                "[39m
                [33mdisabled[39m=[32m""[39m
              [36m/>[39m
            [36m</div>[39m
          [36m</div>[39m
        [36m</div>[39m
        [36m<div[39m
          [33mclass[39m=[32m"p-6"[39m
        [36m>[39m
          [36m<button[39m
            [33mclass[39m=[32m"flex items-center gap-2 text-slate-600 
hover:text-slate-800 mb-4 transition-colors"[39m
          [36m>[39m
            [36m<svg[39m
              [33mclass[39m=[32m"lucide lucide-chevron-left w-5 
h-5"[39m
              [33mfill[39m=[32m"none"[39m
              [33mheight[39m=[32m"24"[39m
              [33mstroke[39m=[32m"currentColor"[39m
              [33mstroke-linecap[39m=[32m"round"[39m
              [33mstroke-linejoin[39m=[32m"round"[39m
              [33mstroke-width[39m=[32m"2"[39m
              [33mviewBox[39m=[32m"0 0 24 24"[39m
              [33mwidth[39m=[32m"24"[39m
              [33mxmlns[39m=[32m"http://www.w3.org/2000/svg"[39m
            [36m>[39m
              [36m<path[39m
                [33md[39m=[32m"m15 18-6-6 6-6"[39m
              [36m/>[39m
            [36m</svg>[39m
            [36m<span[39m
              [33mclass[39m=[32m"text-sm font-medium"[39m
            [36m>[39m
              [0mBack[0m
            [36m</span>[39m
          [36m</button>[39m
          [36m<div[39m
            [33mclass[39m=[32m"flex items-center gap-3 mb-6"[39m
          [36m>[39m
            [36m<div[39m
              [33mclass[39m=[32m"bg-[#25D366]/10 p-3 rounded-full 
text-[#25D366]"[39m
            [36m>[39m
              [36m<svg[39m
                [33mclass[39m=[32m"lucide lucide-clock w-6 h-6"[39m
                [33mfill[39m=[32m"none"[39m
                [33mheight[39m=[32m"24"[39m
                [33mstroke[39m=[32m"currentColor"[39m
                [33mstroke-linecap[39m=[32m"round"[39m
                [33mstroke-linejoin[39m=[32m"round"[39m
                [33mstroke-width[39m=[32m"2"[39m
                [33mviewBox[39m=[32m"0 0 24 24"[39m
                [33mwidth[39m=[32m"24"[39m
                [33mxmlns[39m=[32m"http://www.w3.org/2000/svg"[39m
              [36m>[39m
                [36m<circle[39m
                  [33mcx[39m=[32m"12"[39m
                  [33mcy[39m=[32m"12"[39m
                  [33mr[39m=[32m"10"[39m
                [36m/>[39m
                [36m<polyline[39m
                  [33mpoints[39m=[32m"12 6 12 12 16 14"[39m
                [36m/>[39m
              [36m</svg>[39m
            [36m</div>[39m
            [36m<div>[39m
              [36m<h2[39m
                [33mclass[39m=[32m"text-xl font-bold 
text-slate-800"[39m
              [36m>[39m
                [0mChoose a Time[0m
              [36m</h2>[39m
              [36m<p[39m
                [33mclass[39m=[32m"text-sm text-slate-500"[39m
              [36m>[39m
                [0mSunday, Jan 18[0m
              [36m</p>[39m
            [36m</div>[39m
          [36m</div>[39m
          [36m<div[39m
            [33mclass[39m=[32m"flex items-center gap-2 mb-6"[39m
          [36m>[39m
            [36m<button[39m
              [33mclass[39m=[32m"flex-1 px-4 py-3 rounded-xl text-base 
font-semibold border-2 transition-all border-[#25D366] bg-[#25D366]/10 
text-[#25D366]"[39m
            [36m>[39m
              [0mIn-person[0m
            [36m</button>[39m
            [36m<button[39m
              [33mclass[39m=[32m"flex-1 px-4 py-3 rounded-xl text-base 
font-semibold border-2 transition-all border-slate-200 text-slate-600 
hover:bg-slate-50"[39m
            [36m>[39m
              [0mOnline[0m
            [36m</button>[39m
          [36m</div>[39m
          [36m<div[39m
            [33mclass[39m=[32m"space-y-4 max-h-96 overflow-y-auto"[39m
          [36m>[39m
            [36m<div[39m
              [33mclass[39m=[32m"space-y-3"[39m
            [36m>[39m
              [36m<button[39m
                [33mclass[39m=[32m"w-full p-4 border-2 
border-slate-200 rounded-xl text-left animate-pulse"[39m
                [33mdisabled[39m=[32m""[39m
              [36m>[39m
                [36m<div[39m
                  [33mclass[39m=[32m"h-5 bg-slate-200 rounded w-24 
mb-1"[39m
                [36m/>[39m
                [36m<div[39m
                  [33mclass[39m=[32m"h-4 bg-slate-200 rounded 
w-16"[39m
                [36m/>[39m
              [36m</button>[39m
              [36m<button[39m
                [33mclass[39m=[32m"w-full p-4 border-2 
border-slate-200 rounded-xl text-left animate-pulse"[39m
                [33mdisabled[39m=[32m""[39m
              [36m>[39m
                [36m<div[39m
                  [33mclass[39m=[32m"h-5 bg-slate-200 rounded w-24 
mb-1"[39m
                [36m/>[39m
                [36m<div[39m
                  [33mclass[39m=[32m"h-4 bg-slate-200 rounded 
w-16"[39m
                [36m/>[39m
              [36m</button>[39m
              [36m<button[39m
                [33mclass[39m=[32m"w-full p-4 border-2 
border-slate-200 rounded-xl text-left animate-pulse"[39m
                [33mdisabled[39m=[32m""[39m
              [36m>[39m
                [36m<div[39m
                  [33mclass[39m=[32m"h-5 bg-slate-200 rounded w-24 
mb-1"[39m
                [36m/>[39m
                [36m<div[39m
                  [33mclass[39m=[32m"h-4 bg-slate-200 rounded 
w-16"[39m
                [36m/>[39m
              [36m</button>[39m
              [36m<button[39m
                [33mclass[39m=[32m"w-full p-4 border-2 
border-slate-200 rounded-xl text-left animate-pulse"[39m
                [33mdisabled[39m=[32m""[39m
              [36m>[39m
                [36m<div[39m
                  [33mclass[39m=[32m"h-5 bg-slate-200 rounded w-24 
mb-1"[39m
                [36m/>[39m
                [36m<div[39m
                  [33mclass[39m=[32m"h-4 bg-slate-200 rounded 
w-16"[39m
                [36m/>[39m
              [36m</button>[39m
            [36m</div>[39m
          [36m</div>[39m
        [36m</div>[39m
      [36m</div>[39m
    [36m</div>[39m
  [36m</div>[39m
[36m</body>[39m
[90m [2mΓ¥»[22m Object.getElementError 
node_modules/@testing-library/dom/dist/config.js:[2m37:19[22m[39m
[90m [2mΓ¥»[22m node_modules/@testing-library/dom/dist/query-helpers.js
:[2m76:38[22m[39m
[90m [2mΓ¥»[22m node_modules/@testing-library/dom/dist/query-helpers.js
:[2m52:17[22m[39m
[90m [2mΓ¥»[22m node_modules/@testing-library/dom/dist/query-helpers.js
:[2m95:19[22m[39m
[36m [2mΓ¥»[22m __tests__/integration/simplified-booking-flow.test.tsx:
[2m408:19[22m[39m
    [90m406| [39m
    [90m407| [39m    [90m// Should show loading message[39m
    [90m408| [39m    
[34mexpect[39m(screen[33m.[39m[34mgetByText[39m([32m'Loading 
times...'[39m))[33m.[39m[34mtoBeInTheDocument[39m()[33m;[39m
    [90m   | [39m                  [31m^[39m
    [90m409| [39m  })[33m;[39m
    [90m410| [39m

[31m[2mΓÄ»ΓÄ»ΓÄ»ΓÄ»ΓÄ»ΓÄ»ΓÄ»ΓÄ»ΓÄ»ΓÄ»ΓÄ»ΓÄ»ΓÄ»ΓÄ»ΓÄ»ΓÄ»ΓÄ»ΓÄ»ΓÄ»ΓÄ»ΓÄ»ΓÄ
»ΓÄ»[5/42]ΓÄ»[22m[39m

[31m[1m[7m FAIL [27m[22m[39m 
__tests__/integration/whatsapp-simple-ux-e2e.test.tsx[2m > 
[22mWhatsApp-Simple UX - End-to-End Integration[2m > [22mComplete User 
Flow in Simple Mode[2m > [22mshould navigate with back button 
throughout flow
[31m[1m[7m FAIL [27m[22m[39m 
__tests__/integration/whatsapp-simple-ux-e2e.test.tsx[2m > 
[22mWhatsApp-Simple UX - End-to-End Integration[2m > 
[22mOffline/Online Transitions[2m > [22mshould queue messages when 
offline and sync when online
[31m[1m[7m FAIL [27m[22m[39m 
__tests__/integration/whatsapp-simple-ux-e2e.test.tsx[2m > 
[22mWhatsApp-Simple UX - End-to-End Integration[2m > 
[22mOffline/Online Transitions[2m > [22mshould allow form completion 
offline with sync on reconnect
[31m[1mError[22m: Unable to find tRPC Context. Did you forget to wrap 
your App inside `withTRPC` HoC?[39m
[90m [2mΓ¥»[22m useContext node_modules/@trpc/react-query/src/shared/ho
oks/createHooksInternal.tsx:[2m146:13[22m[39m
[90m [2mΓ¥»[22m Object.useMutation$1 [as useMutation] node_modules/@trp
c/react-query/src/shared/hooks/createHooksInternal.tsx:[2m324:37[22m[39
m
[90m [2mΓ¥»[22m node_modules/@trpc/react-query/src/shared/proxy/decorat
ionProxy.ts:[2m21:29[22m[39m
[90m [2mΓ¥»[22m Object.apply node_modules/@trpc/server/src/unstable-cor
e-do-not-import/createProxy.ts:[2m53:14[22m[39m
[36m [2mΓ¥»[22m IntakeChatInterface 
app/components/IntakeChatInterface.tsx:[2m139:58[22m[39m
    [90m137| [39m
    [90m138| [39m  [90m// tRPC mutation for storing file metadata in 
database[39m
    [90m139| [39m  [35mconst[39m storeFileMetadata [33m=[39m api[33
m.[39mintake[33m.[39mstoreFileMetadata[33m.[39m[34museMutation[39m(
{
    [90m   | [39m                                                       
  [31m^[39m
    [90m140| [39m    onError[33m:[39m (err) [33m=>[39m {
    [90m141| [39m      console[33m.[39m[34merror[39m([32m'Failed 
to store file metadata:'[39m[33m,[39m err)[33m;[39m
[90m [2mΓ¥»[22m Object.react_stack_bottom_frame node_modules/react-dom/
cjs/react-dom-client.development.js:[2m25904:20[22m[39m
[90m [2mΓ¥»[22m renderWithHooks node_modules/react-dom/cjs/react-dom-cl
ient.development.js:[2m7662:22[22m[39m
[90m [2mΓ¥»[22m updateFunctionComponent node_modules/react-dom/cjs/reac
t-dom-client.development.js:[2m10166:19[22m[39m
[90m [2mΓ¥»[22m beginWork node_modules/react-dom/cjs/react-dom-client.d
evelopment.js:[2m11778:18[22m[39m
[90m [2mΓ¥»[22m runWithFiberInDEV node_modules/react-dom/cjs/react-dom-
client.development.js:[2m874:13[22m[39m

[31m[2mΓÄ»ΓÄ»ΓÄ»ΓÄ»ΓÄ»ΓÄ»ΓÄ»ΓÄ»ΓÄ»ΓÄ»ΓÄ»ΓÄ»ΓÄ»ΓÄ»ΓÄ»ΓÄ»ΓÄ»ΓÄ»ΓÄ»ΓÄ»ΓÄ»ΓÄ
»ΓÄ»[6/42]ΓÄ»[22m[39m

[31m[1m[7m FAIL [27m[22m[39m 
__tests__/integration/whatsapp-simple-ux-e2e.test.tsx[2m > 
[22mWhatsApp-Simple UX - End-to-End Integration[2m > [22mMode 
Switching During Flows[2m > [22mshould preserve data when switching 
modes during intake
[31m[1m[7m FAIL [27m[22m[39m 
__tests__/integration/whatsapp-simple-ux-e2e.test.tsx[2m > 
[22mWhatsApp-Simple UX - End-to-End Integration[2m > [22mMode 
Switching During Flows[2m > [22mshould preserve booking progress when 
switching modes
[31m[1m[7m FAIL [27m[22m[39m 
__tests__/integration/whatsapp-simple-ux-e2e.test.tsx[2m > 
[22mWhatsApp-Simple UX - End-to-End Integration[2m > [22mMode 
Switching During Flows[2m > [22mshould show/hide features based on mode
[31m[1mError[22m: Element type is invalid: expected a string (for 
built-in components) or a class/function (for composite components) but 
got: undefined. You likely forgot to export your component from the file 
it's defined in, or you might have mixed up default and named 
imports.[39m
[90m [2mΓ¥»[22m createFiberFromTypeAndProps node_modules/react-dom/cjs/
react-dom-client.development.js:[2m5021:28[22m[39m
[90m [2mΓ¥»[22m createFiberFromElement node_modules/react-dom/cjs/react
-dom-client.development.js:[2m5035:14[22m[39m
[90m [2mΓ¥»[22m createChild node_modules/react-dom/cjs/react-dom-client
.development.js:[2m6338:26[22m[39m
[90m [2mΓ¥»[22m reconcileChildrenArray node_modules/react-dom/cjs/react
-dom-client.development.js:[2m6670:25[22m[39m
[90m [2mΓ¥»[22m reconcileChildFibersImpl node_modules/react-dom/cjs/rea
ct-dom-client.development.js:[2m6993:30[22m[39m
[90m [2mΓ¥»[22m node_modules/react-dom/cjs/react-dom-client.development
.js:[2m7098:33[22m[39m
[90m [2mΓ¥»[22m reconcileChildren node_modules/react-dom/cjs/react-dom-
client.development.js:[2m9701:13[22m[39m
[90m [2mΓ¥»[22m beginWork node_modules/react-dom/cjs/react-dom-client.d
evelopment.js:[2m12171:13[22m[39m
[90m [2mΓ¥»[22m runWithFiberInDEV node_modules/react-dom/cjs/react-dom-
client.development.js:[2m874:13[22m[39m
[90m [2mΓ¥»[22m performUnitOfWork node_modules/react-dom/cjs/react-dom-
client.development.js:[2m17641:22[22m[39m

[31m[2mΓÄ»ΓÄ»ΓÄ»ΓÄ»ΓÄ»ΓÄ»ΓÄ»ΓÄ»ΓÄ»ΓÄ»ΓÄ»ΓÄ»ΓÄ»ΓÄ»ΓÄ»ΓÄ»ΓÄ»ΓÄ»ΓÄ»ΓÄ»ΓÄ»ΓÄ
»ΓÄ»[7/42]ΓÄ»[22m[39m

[31m[1m[7m FAIL [27m[22m[39m 
__tests__/integration/whatsapp-simple-ux-e2e.test.tsx[2m > 
[22mWhatsApp-Simple UX - End-to-End Integration[2m > 
[22mOffline/Online Transitions[2m > [22mshould display offline banner 
when connection lost
[31m[1mError[22m: Element type is invalid: expected a string (for 
built-in components) or a class/function (for composite components) but 
got: undefined. You likely forgot to export your component from the file 
it's defined in, or you might have mixed up default and named 
imports.[39m
[90m [2mΓ¥»[22m createFiberFromTypeAndProps node_modules/react-dom/cjs/
react-dom-client.development.js:[2m5021:28[22m[39m
[90m [2mΓ¥»[22m createFiberFromElement node_modules/react-dom/cjs/react
-dom-client.development.js:[2m5035:14[22m[39m
[90m [2mΓ¥»[22m createChild node_modules/react-dom/cjs/react-dom-client
.development.js:[2m6338:26[22m[39m
[90m [2mΓ¥»[22m reconcileChildrenArray node_modules/react-dom/cjs/react
-dom-client.development.js:[2m6670:25[22m[39m
[90m [2mΓ¥»[22m reconcileChildFibersImpl node_modules/react-dom/cjs/rea
ct-dom-client.development.js:[2m6993:30[22m[39m
[90m [2mΓ¥»[22m node_modules/react-dom/cjs/react-dom-client.development
.js:[2m7098:33[22m[39m
[90m [2mΓ¥»[22m reconcileChildren node_modules/react-dom/cjs/react-dom-
client.development.js:[2m9701:13[22m[39m
[90m [2mΓ¥»[22m beginWork node_modules/react-dom/cjs/react-dom-client.d
evelopment.js:[2m12049:13[22m[39m
[90m [2mΓ¥»[22m runWithFiberInDEV node_modules/react-dom/cjs/react-dom-
client.development.js:[2m874:13[22m[39m
[90m [2mΓ¥»[22m performUnitOfWork node_modules/react-dom/cjs/react-dom-
client.development.js:[2m17641:22[22m[39m

[31m[2mΓÄ»ΓÄ»ΓÄ»ΓÄ»ΓÄ»ΓÄ»ΓÄ»ΓÄ»ΓÄ»ΓÄ»ΓÄ»ΓÄ»ΓÄ»ΓÄ»ΓÄ»ΓÄ»ΓÄ»ΓÄ»ΓÄ»ΓÄ»ΓÄ»ΓÄ
»ΓÄ»[8/42]ΓÄ»[22m[39m

[31m[1m[7m FAIL [27m[22m[39m 
__tests__/integration/whatsapp-simple-ux-e2e.test.tsx[2m > 
[22mWhatsApp-Simple UX - End-to-End Integration[2m > [22mProgressive 
Disclosure and Navigation[2m > [22mshould prevent access to incomplete 
steps in sequential flows
[31m[1m[7m FAIL [27m[22m[39m 
__tests__/integration/whatsapp-simple-ux-e2e.test.tsx[2m > 
[22mWhatsApp-Simple UX - End-to-End Integration[2m > [22mVisual 
Feedback and Confirmation[2m > [22mshould display confirmation screen 
after successful booking
[31m[1mError[22m: Unable to find tRPC Context. Did you forget to wrap 
your App inside `withTRPC` HoC?[39m
[90m [2mΓ¥»[22m Object.useContext node_modules/@trpc/react-query/src/sh
ared/hooks/createHooksInternal.tsx:[2m146:13[22m[39m
[90m [2mΓ¥»[22m Proxy.<anonymous> node_modules/@trpc/react-query/src/cr
eateTRPCReact.tsx:[2m492:30[22m[39m
[36m [2mΓ¥»[22m SimplifiedBookingModal 
app/components/SimplifiedBookingModal.tsx:[2m62:21[22m[39m
    [90m 60| [39m  [35mconst[39m [isOnline[33m,[39m setIsOnline] 
[33m=[39m [34museState[39m([35mfalse[39m)[33m;[39m
    [90m 61| [39m
    [90m 62| [39m  [35mconst[39m utils [33m=[39m 
api[33m.[39m[34museUtils[39m()[33m;[39m
    [90m   | [39m                    [31m^[39m
    [90m 63| [39m
    [90m 64| [39m  [90m// Define booking steps for progress 
indicator[39m
[90m [2mΓ¥»[22m Object.react_stack_bottom_frame node_modules/react-dom/
cjs/react-dom-client.development.js:[2m25904:20[22m[39m
[90m [2mΓ¥»[22m renderWithHooks node_modules/react-dom/cjs/react-dom-cl
ient.development.js:[2m7662:22[22m[39m
[90m [2mΓ¥»[22m updateFunctionComponent node_modules/react-dom/cjs/reac
t-dom-client.development.js:[2m10166:19[22m[39m
[90m [2mΓ¥»[22m beginWork node_modules/react-dom/cjs/react-dom-client.d
evelopment.js:[2m11778:18[22m[39m
[90m [2mΓ¥»[22m runWithFiberInDEV node_modules/react-dom/cjs/react-dom-
client.development.js:[2m874:13[22m[39m
[90m [2mΓ¥»[22m performUnitOfWork node_modules/react-dom/cjs/react-dom-
client.development.js:[2m17641:22[22m[39m
[90m [2mΓ¥»[22m workLoopSync node_modules/react-dom/cjs/react-dom-clien
t.development.js:[2m17469:41[22m[39m

[31m[2mΓÄ»ΓÄ»ΓÄ»ΓÄ»ΓÄ»ΓÄ»ΓÄ»ΓÄ»ΓÄ»ΓÄ»ΓÄ»ΓÄ»ΓÄ»ΓÄ»ΓÄ»ΓÄ»ΓÄ»ΓÄ»ΓÄ»ΓÄ»ΓÄ»ΓÄ
»ΓÄ»[9/42]ΓÄ»[22m[39m

[31m[1m[7m FAIL [27m[22m[39m 
__tests__/properties/image-size-optimization.property.test.ts[2m > 
[22mProperty: Image Size Optimization[2m > [22mshould compress any 
image to Γëñ 100KB
[31m[1mError[22m: Property failed after 7 tests
{ seed: -1873148461, path: "6:0:0", endOnFailure: true }
Counterexample: [{"width":100,"height":100,"complexity":Number.NaN}]
Shrunk 2 time(s)
Got AssertionError: expected NaN to be less than or equal to 102400
    at C:\Users\DELL\Desktop\a2a-dr.-gemini-intake-agent\__tests__\propert
ies\image-size-optimization.property.test.ts:98:32
    at Property.predicate (file:///C:/Users/DELL/Desktop/a2a-dr.-gemini-in
take-agent/node_modules/fast-check/lib/esm/check/property/Property.js:14:5
4)
    at Property.run (file:///C:/Users/DELL/Desktop/a2a-dr.-gemini-intake-a
gent/node_modules/fast-check/lib/esm/check/property/Property.generic.js:46
:33)
    at runIt (file:///C:/Users/DELL/Desktop/a2a-dr.-gemini-intake-agent/no
de_modules/fast-check/lib/esm/check/runner/Runner.js:18:30)
    at check (file:///C:/Users/DELL/Desktop/a2a-dr.-gemini-intake-agent/no
de_modules/fast-check/lib/esm/check/runner/Runner.js:62:11)
    at Module.assert (file:///C:/Users/DELL/Desktop/a2a-dr.-gemini-intake-
agent/node_modules/fast-check/lib/esm/check/runner/Runner.js:65:17)
    at C:\Users\DELL\Desktop\a2a-dr.-gemini-intake-agent\__tests__\propert
ies\image-size-optimization.property.test.ts:92:8
    at file:///C:/Users/DELL/Desktop/a2a-dr.-gemini-intake-agent/node_modu
les/@vitest/runner/dist/index.js:146:14
    at file:///C:/Users/DELL/Desktop/a2a-dr.-gemini-intake-agent/node_modu
les/@vitest/runner/dist/index.js:533:11
    at runWithTimeout (file:///C:/Users/DELL/Desktop/a2a-dr.-gemini-intake
-agent/node_modules/@vitest/runner/dist/index.js:39:7)

Hint: Enable verbose mode in order to have the list of all failing values 
encountered during the run[39m
[36m [2mΓ¥»[22m __tests__/properties/image-size-optimization.property.t
est.ts:[2m98:32[22m[39m
    [90m 96| [39m
    [90m 97| [39m        [90m// Property: Size should be Γëñ 100KB[39m
    [90m 98| [39m        [34mexpect[39m(optimized[33m.[39msize)[33m
.[39m[34mtoBeLessThanOrEqual[39m([34m100[39m [33m*[39m 
[34m1024[39m)[33m;[39m
    [90m   | [39m                               [31m^[39m
    [90m 99| [39m      })[33m,[39m
    [90m100| [39m      { numRuns[33m:[39m [34m100[39m }
[90m [2mΓ¥»[22m Property.predicate node_modules/fast-check/lib/esm/chec
k/property/Property.js:[2m14:54[22m[39m
[90m [2mΓ¥»[22m Property.run node_modules/fast-check/lib/esm/check/prop
erty/Property.generic.js:[2m46:33[22m[39m
[90m [2mΓ¥»[22m runIt 
node_modules/fast-check/lib/esm/check/runner/Runner.js:[2m18:30[22m[39m
[90m [2mΓ¥»[22m check 
node_modules/fast-check/lib/esm/check/runner/Runner.js:[2m62:11[22m[39m
[90m [2mΓ¥»[22m Module.assert 
node_modules/fast-check/lib/esm/check/runner/Runner.js:[2m65:17[22m[39m
[90m [2mΓ¥»[22m __tests__/properties/image-size-optimization.property.t
est.ts:[2m92:8[22m[39m
[90m [2mΓ¥»[22m buildError node_modules/fast-check/lib/esm/check/runner
/utils/RunDetailsFormatter.js:[2m126:15[22m[39m
[90m [2mΓ¥»[22m throwIfFailed node_modules/fast-check/lib/esm/check/run
ner/utils/RunDetailsFormatter.js:[2m138:11[22m[39m
[90m [2mΓ¥»[22m reportRunDetails node_modules/fast-check/lib/esm/check/
runner/utils/RunDetailsFormatter.js:[2m151:16[22m[39m
[90m [2mΓ¥»[22m Module.assert 
node_modules/fast-check/lib/esm/check/runner/Runner.js:[2m69:9[22m[39m
[90m [2mΓ¥»[22m __tests__/properties/image-size-optimization.property.t
est.ts:[2m92:8[22m[39m

[31m[2mΓÄ»ΓÄ»ΓÄ»ΓÄ»ΓÄ»ΓÄ»ΓÄ»ΓÄ»ΓÄ»ΓÄ»ΓÄ»ΓÄ»ΓÄ»ΓÄ»ΓÄ»ΓÄ»ΓÄ»ΓÄ»ΓÄ»ΓÄ»ΓÄ»ΓÄ
»[10/42]ΓÄ»[22m[39m

[31m[1m[7m FAIL [27m[22m[39m 
__tests__/properties/single-question-per-response.property.test.ts[2m > 
[22mProperty 16: Single Question Per AI Response[2m > [22mshould 
validate that Simple Mode AI messages follow single question rule
[31m[1mError[22m: Property failed after 77 tests
{ seed: 1388135149, path: "76:1:0:1:13:12:12:12:12:12:12:12:12:12:12", 
endOnFailure: true }
Counterexample: ["??          "]
Shrunk 14 time(s)
Got error: Property failed by returning false

Hint: Enable verbose mode in order to have the list of all failing values 
encountered during the run[39m
[90m [2mΓ¥»[22m buildError node_modules/fast-check/lib/esm/check/runner
/utils/RunDetailsFormatter.js:[2m126:15[22m[39m
[90m [2mΓ¥»[22m throwIfFailed node_modules/fast-check/lib/esm/check/run
ner/utils/RunDetailsFormatter.js:[2m138:11[22m[39m
[90m [2mΓ¥»[22m reportRunDetails node_modules/fast-check/lib/esm/check/
runner/utils/RunDetailsFormatter.js:[2m151:16[22m[39m
[90m [2mΓ¥»[22m Proxy.assert 
node_modules/fast-check/lib/esm/check/runner/Runner.js:[2m69:9[22m[39m
[36m [2mΓ¥»[22m __tests__/properties/single-question-per-response.prope
rty.test.ts:[2m161:8[22m[39m
    [90m159| [39m  [34mit[39m([32m'should validate that Simple Mode 
AI messages follow single quest[39mΓÇª
    [90m160| [39m    [90m// This property ensures that in Simple Mode, 
AI should ask one qu[39mΓÇª
    [90m161| [39m    fc[33m.[39m[34massert[39m(
    [90m   | [39m       [31m^[39m
    [90m162| [39m      fc[33m.[39m[34mproperty[39m(
    [90m163| [39m        fc[33m.[39m[34mstring[39m({ 
minLength[33m:[39m [34m10[39m[33m,[39m maxLength[33m:[39m 
[34m200[39m })[33m,[39m

[31m[2mΓÄ»ΓÄ»ΓÄ»ΓÄ»ΓÄ»ΓÄ»ΓÄ»ΓÄ»ΓÄ»ΓÄ»ΓÄ»ΓÄ»ΓÄ»ΓÄ»ΓÄ»ΓÄ»ΓÄ»ΓÄ»ΓÄ»ΓÄ»ΓÄ»ΓÄ
»[11/42]ΓÄ»[22m[39m

[31m[1m[7m FAIL [27m[22m[39m 
__tests__/properties/stream-client-initialization.property.test.ts[2m > 
[22mProperty 1: Stream Client Initialization[2m > [22minitializes 
Stream Video Client with correct API key for any valid credentials
[31m[1mError[22m: Property failed after 1 tests
{ seed: 1876449804, path: "0:0:0:0:0:0:0:0:0:0:0:0:0:0:0:0", 
endOnFailure: true }
Counterexample: ["         !"]
Shrunk 15 time(s)
Got TypeError: Cannot read properties of undefined (reading 'catch')
    at C:\Users\DELL\Desktop\a2a-dr.-gemini-intake-agent\app\components\St
reamVideoProvider.tsx:522:31
    at Object.react_stack_bottom_frame (C:\Users\DELL\Desktop\a2a-dr.-gemi
ni-intake-agent\node_modules\react-dom\cjs\react-dom-client.development.js
:26001:13)
    at runWithFiberInDEV (C:\Users\DELL\Desktop\a2a-dr.-gemini-intake-agen
t\node_modules\react-dom\cjs\react-dom-client.development.js:874:13)
    at commitHookEffectListUnmount (C:\Users\DELL\Desktop\a2a-dr.-gemini-i
ntake-agent\node_modules\react-dom\cjs\react-dom-client.development.js:133
16:17)
    at commitHookPassiveUnmountEffects (C:\Users\DELL\Desktop\a2a-dr.-gemi
ni-intake-agent\node_modules\react-dom\cjs\react-dom-client.development.js
:13347:11)
    at commitPassiveUnmountEffectsInsideOfDeletedTree_begin (C:\Users\DELL
\Desktop\a2a-dr.-gemini-intake-agent\node_modules\react-dom\cjs\react-dom-
client.development.js:16264:13)
    at recursivelyTraversePassiveUnmountEffects (C:\Users\DELL\Desktop\a2a
-dr.-gemini-intake-agent\node_modules\react-dom\cjs\react-dom-client.devel
opment.js:16085:13)
    at commitPassiveUnmountOnFiber (C:\Users\DELL\Desktop\a2a-dr.-gemini-i
ntake-agent\node_modules\react-dom\cjs\react-dom-client.development.js:161
27:11)
    at flushPassiveEffects (C:\Users\DELL\Desktop\a2a-dr.-gemini-intake-ag
ent\node_modules\react-dom\cjs\react-dom-client.development.js:18428:9)
    at flushPendingEffects (C:\Users\DELL\Desktop\a2a-dr.-gemini-intake-ag
ent\node_modules\react-dom\cjs\react-dom-client.development.js:18358:14)

Hint: Enable verbose mode in order to have the list of all failing values 
encountered during the run[39m
[36m [2mΓ¥»[22m 
app/components/StreamVideoProvider.tsx:[2m522:31[22m[39m
    [90m520| [39m        }
    [90m521| [39m        [90m// Use the cleanup function for proper 
resource disposal[39m
    [90m522| [39m        
client[33m.[39m[34mdisconnectUser[39m()[33m.[39m[35mcatch[39m(err 
[33m=>[39m {
    [90m   | [39m                              [31m^[39m
    [90m523| [39m          [35mif[39m 
(process[33m.[39menv[33m.[39m[33mNODE_ENV[39m [33m===[39m 
[32m'development'[39m) {
    [90m524| [39m            
console[33m.[39m[34mdebug[39m([32m'[StreamVideoProvider] Cleanup 
error on unmo[39mΓÇª
[90m [2mΓ¥»[22m Object.react_stack_bottom_frame node_modules/react-dom/
cjs/react-dom-client.development.js:[2m26001:13[22m[39m
[90m [2mΓ¥»[22m runWithFiberInDEV node_modules/react-dom/cjs/react-dom-
client.development.js:[2m874:13[22m[39m
[90m [2mΓ¥»[22m commitHookEffectListUnmount node_modules/react-dom/cjs/
react-dom-client.development.js:[2m13316:17[22m[39m
[90m [2mΓ¥»[22m commitHookPassiveUnmountEffects node_modules/react-dom/
cjs/react-dom-client.development.js:[2m13347:11[22m[39m
[90m [2mΓ¥»[22m commitPassiveUnmountEffectsInsideOfDeletedTree_begin no
de_modules/react-dom/cjs/react-dom-client.development.js:[2m16264:13[22m
[39m
[90m [2mΓ¥»[22m recursivelyTraversePassiveUnmountEffects node_modules/r
eact-dom/cjs/react-dom-client.development.js:[2m16085:13[22m[39m
[90m [2mΓ¥»[22m commitPassiveUnmountOnFiber node_modules/react-dom/cjs/
react-dom-client.development.js:[2m16127:11[22m[39m
[90m [2mΓ¥»[22m flushPassiveEffects node_modules/react-dom/cjs/react-do
m-client.development.js:[2m18428:9[22m[39m
[90m [2mΓ¥»[22m flushPendingEffects node_modules/react-dom/cjs/react-do
m-client.development.js:[2m18358:14[22m[39m
[90m [2mΓ¥»[22m buildError node_modules/fast-check/lib/esm/check/runner
/utils/RunDetailsFormatter.js:[2m126:15[22m[39m
[90m [2mΓ¥»[22m asyncThrowIfFailed node_modules/fast-check/lib/esm/chec
k/runner/utils/RunDetailsFormatter.js:[2m143:11[22m[39m

[31m[2mΓÄ»ΓÄ»ΓÄ»ΓÄ»ΓÄ»ΓÄ»ΓÄ»ΓÄ»ΓÄ»ΓÄ»ΓÄ»ΓÄ»ΓÄ»ΓÄ»ΓÄ»ΓÄ»ΓÄ»ΓÄ»ΓÄ»ΓÄ»ΓÄ»ΓÄ
»[12/42]ΓÄ»[22m[39m

[31m[1m[7m FAIL [27m[22m[39m 
__tests__/properties/stream-client-initialization.property.test.ts[2m > 
[22mProperty 1: Stream Client Initialization[2m > [22mcreates client 
with user data from Clerk for any authenticated user
[31m[1mError[22m: Property failed after 1 tests
{ seed: -524052557, path: 
"0:0:0:0:0:0:0:0:0:0:0:0:0:0:0:0:0:0:0:0:0:0:0", endOnFailure: true }
Counterexample: ["         !","!"]
Shrunk 22 time(s)
Got TypeError: Cannot read properties of undefined (reading 'catch')
    at C:\Users\DELL\Desktop\a2a-dr.-gemini-intake-agent\app\components\St
reamVideoProvider.tsx:522:31
    at Object.react_stack_bottom_frame (C:\Users\DELL\Desktop\a2a-dr.-gemi
ni-intake-agent\node_modules\react-dom\cjs\react-dom-client.development.js
:26001:13)
    at runWithFiberInDEV (C:\Users\DELL\Desktop\a2a-dr.-gemini-intake-agen
t\node_modules\react-dom\cjs\react-dom-client.development.js:874:13)
    at commitHookEffectListUnmount (C:\Users\DELL\Desktop\a2a-dr.-gemini-i
ntake-agent\node_modules\react-dom\cjs\react-dom-client.development.js:133
16:17)
    at commitHookPassiveUnmountEffects (C:\Users\DELL\Desktop\a2a-dr.-gemi
ni-intake-agent\node_modules\react-dom\cjs\react-dom-client.development.js
:13347:11)
    at commitPassiveUnmountEffectsInsideOfDeletedTree_begin (C:\Users\DELL
\Desktop\a2a-dr.-gemini-intake-agent\node_modules\react-dom\cjs\react-dom-
client.development.js:16264:13)
    at recursivelyTraversePassiveUnmountEffects (C:\Users\DELL\Desktop\a2a
-dr.-gemini-intake-agent\node_modules\react-dom\cjs\react-dom-client.devel
opment.js:16085:13)
    at commitPassiveUnmountOnFiber (C:\Users\DELL\Desktop\a2a-dr.-gemini-i
ntake-agent\node_modules\react-dom\cjs\react-dom-client.development.js:161
27:11)
    at flushPassiveEffects (C:\Users\DELL\Desktop\a2a-dr.-gemini-intake-ag
ent\node_modules\react-dom\cjs\react-dom-client.development.js:18428:9)
    at flushPendingEffects (C:\Users\DELL\Desktop\a2a-dr.-gemini-intake-ag
ent\node_modules\react-dom\cjs\react-dom-client.development.js:18358:14)

Hint: Enable verbose mode in order to have the list of all failing values 
encountered during the run[39m
[36m [2mΓ¥»[22m 
app/components/StreamVideoProvider.tsx:[2m522:31[22m[39m
    [90m520| [39m        }
    [90m521| [39m        [90m// Use the cleanup function for proper 
resource disposal[39m
    [90m522| [39m        
client[33m.[39m[34mdisconnectUser[39m()[33m.[39m[35mcatch[39m(err 
[33m=>[39m {
    [90m   | [39m                              [31m^[39m
    [90m523| [39m          [35mif[39m 
(process[33m.[39menv[33m.[39m[33mNODE_ENV[39m [33m===[39m 
[32m'development'[39m) {
    [90m524| [39m            
console[33m.[39m[34mdebug[39m([32m'[StreamVideoProvider] Cleanup 
error on unmo[39mΓÇª
[90m [2mΓ¥»[22m Object.react_stack_bottom_frame node_modules/react-dom/
cjs/react-dom-client.development.js:[2m26001:13[22m[39m
[90m [2mΓ¥»[22m runWithFiberInDEV node_modules/react-dom/cjs/react-dom-
client.development.js:[2m874:13[22m[39m
[90m [2mΓ¥»[22m commitHookEffectListUnmount node_modules/react-dom/cjs/
react-dom-client.development.js:[2m13316:17[22m[39m
[90m [2mΓ¥»[22m commitHookPassiveUnmountEffects node_modules/react-dom/
cjs/react-dom-client.development.js:[2m13347:11[22m[39m
[90m [2mΓ¥»[22m commitPassiveUnmountEffectsInsideOfDeletedTree_begin no
de_modules/react-dom/cjs/react-dom-client.development.js:[2m16264:13[22m
[39m
[90m [2mΓ¥»[22m recursivelyTraversePassiveUnmountEffects node_modules/r
eact-dom/cjs/react-dom-client.development.js:[2m16085:13[22m[39m
[90m [2mΓ¥»[22m commitPassiveUnmountOnFiber node_modules/react-dom/cjs/
react-dom-client.development.js:[2m16127:11[22m[39m
[90m [2mΓ¥»[22m flushPassiveEffects node_modules/react-dom/cjs/react-do
m-client.development.js:[2m18428:9[22m[39m
[90m [2mΓ¥»[22m flushPendingEffects node_modules/react-dom/cjs/react-do
m-client.development.js:[2m18358:14[22m[39m
[90m [2mΓ¥»[22m buildError node_modules/fast-check/lib/esm/check/runner
/utils/RunDetailsFormatter.js:[2m126:15[22m[39m
[90m [2mΓ¥»[22m asyncThrowIfFailed node_modules/fast-check/lib/esm/chec
k/runner/utils/RunDetailsFormatter.js:[2m143:11[22m[39m

[31m[2mΓÄ»ΓÄ»ΓÄ»ΓÄ»ΓÄ»ΓÄ»ΓÄ»ΓÄ»ΓÄ»ΓÄ»ΓÄ»ΓÄ»ΓÄ»ΓÄ»ΓÄ»ΓÄ»ΓÄ»ΓÄ»ΓÄ»ΓÄ»ΓÄ»ΓÄ
»[13/42]ΓÄ»[22m[39m

[31m[1m[7m FAIL [27m[22m[39m 
__tests__/properties/stream-client-initialization.property.test.ts[2m > 
[22mProperty 1: Stream Client Initialization[2m > [22mproperly cleans 
up client resources on unmount
[31m[1mError[22m: Property failed after 1 tests
{ seed: -553200222, path: "0:0:0:0:0:0:0:0:0:0:0:0:0:0:0:0:0:0", 
endOnFailure: true }
Counterexample: ["         !"]
Shrunk 17 time(s)
Got TypeError: Cannot read properties of undefined (reading 'catch')
    at C:\Users\DELL\Desktop\a2a-dr.-gemini-intake-agent\app\components\St
reamVideoProvider.tsx:522:31
    at Object.react_stack_bottom_frame (C:\Users\DELL\Desktop\a2a-dr.-gemi
ni-intake-agent\node_modules\react-dom\cjs\react-dom-client.development.js
:26001:13)
    at runWithFiberInDEV (C:\Users\DELL\Desktop\a2a-dr.-gemini-intake-agen
t\node_modules\react-dom\cjs\react-dom-client.development.js:874:13)
    at commitHookEffectListUnmount (C:\Users\DELL\Desktop\a2a-dr.-gemini-i
ntake-agent\node_modules\react-dom\cjs\react-dom-client.development.js:133
16:17)
    at commitHookPassiveUnmountEffects (C:\Users\DELL\Desktop\a2a-dr.-gemi
ni-intake-agent\node_modules\react-dom\cjs\react-dom-client.development.js
:13347:11)
    at commitPassiveUnmountEffectsInsideOfDeletedTree_begin (C:\Users\DELL
\Desktop\a2a-dr.-gemini-intake-agent\node_modules\react-dom\cjs\react-dom-
client.development.js:16264:13)
    at recursivelyTraversePassiveUnmountEffects (C:\Users\DELL\Desktop\a2a
-dr.-gemini-intake-agent\node_modules\react-dom\cjs\react-dom-client.devel
opment.js:16085:13)
    at commitPassiveUnmountOnFiber (C:\Users\DELL\Desktop\a2a-dr.-gemini-i
ntake-agent\node_modules\react-dom\cjs\react-dom-client.development.js:161
27:11)
    at flushPassiveEffects (C:\Users\DELL\Desktop\a2a-dr.-gemini-intake-ag
ent\node_modules\react-dom\cjs\react-dom-client.development.js:18428:9)
    at flushPendingEffects (C:\Users\DELL\Desktop\a2a-dr.-gemini-intake-ag
ent\node_modules\react-dom\cjs\react-dom-client.development.js:18358:14)

Hint: Enable verbose mode in order to have the list of all failing values 
encountered during the run[39m
[36m [2mΓ¥»[22m 
app/components/StreamVideoProvider.tsx:[2m522:31[22m[39m
    [90m520| [39m        }
    [90m521| [39m        [90m// Use the cleanup function for proper 
resource disposal[39m
    [90m522| [39m        
client[33m.[39m[34mdisconnectUser[39m()[33m.[39m[35mcatch[39m(err 
[33m=>[39m {
    [90m   | [39m                              [31m^[39m
    [90m523| [39m          [35mif[39m 
(process[33m.[39menv[33m.[39m[33mNODE_ENV[39m [33m===[39m 
[32m'development'[39m) {
    [90m524| [39m            
console[33m.[39m[34mdebug[39m([32m'[StreamVideoProvider] Cleanup 
error on unmo[39mΓÇª
[90m [2mΓ¥»[22m Object.react_stack_bottom_frame node_modules/react-dom/
cjs/react-dom-client.development.js:[2m26001:13[22m[39m
[90m [2mΓ¥»[22m runWithFiberInDEV node_modules/react-dom/cjs/react-dom-
client.development.js:[2m874:13[22m[39m
[90m [2mΓ¥»[22m commitHookEffectListUnmount node_modules/react-dom/cjs/
react-dom-client.development.js:[2m13316:17[22m[39m
[90m [2mΓ¥»[22m commitHookPassiveUnmountEffects node_modules/react-dom/
cjs/react-dom-client.development.js:[2m13347:11[22m[39m
[90m [2mΓ¥»[22m commitPassiveUnmountEffectsInsideOfDeletedTree_begin no
de_modules/react-dom/cjs/react-dom-client.development.js:[2m16264:13[22m
[39m
[90m [2mΓ¥»[22m recursivelyTraversePassiveUnmountEffects node_modules/r
eact-dom/cjs/react-dom-client.development.js:[2m16085:13[22m[39m
[90m [2mΓ¥»[22m commitPassiveUnmountOnFiber node_modules/react-dom/cjs/
react-dom-client.development.js:[2m16127:11[22m[39m
[90m [2mΓ¥»[22m flushPassiveEffects node_modules/react-dom/cjs/react-do
m-client.development.js:[2m18428:9[22m[39m
[90m [2mΓ¥»[22m flushPendingEffects node_modules/react-dom/cjs/react-do
m-client.development.js:[2m18358:14[22m[39m
[90m [2mΓ¥»[22m buildError node_modules/fast-check/lib/esm/check/runner
/utils/RunDetailsFormatter.js:[2m126:15[22m[39m
[90m [2mΓ¥»[22m asyncThrowIfFailed node_modules/fast-check/lib/esm/chec
k/runner/utils/RunDetailsFormatter.js:[2m143:11[22m[39m

[31m[2mΓÄ»ΓÄ»ΓÄ»ΓÄ»ΓÄ»ΓÄ»ΓÄ»ΓÄ»ΓÄ»ΓÄ»ΓÄ»ΓÄ»ΓÄ»ΓÄ»ΓÄ»ΓÄ»ΓÄ»ΓÄ»ΓÄ»ΓÄ»ΓÄ»ΓÄ
»[14/42]ΓÄ»[22m[39m

[31m[1m[7m FAIL [27m[22m[39m 
__tests__/properties/stream-token-generation.property.test.ts[2m > 
[22mProperty 2: User Identity Mapping[2m > [22mgenerates valid tokens 
for any authenticated user ID
[31m[1mError[22m: Property failed after 1 tests
{ seed: -1481222917, path: "0:0:0:0:0:0:0:0:0", endOnFailure: true }
Counterexample: ["!",undefined]
Shrunk 8 time(s)
Got AssertionError: expected "spy" to be called with arguments: [ { 
user_id: '!', exp: Any<Number> } ][90m

Received: 

[1m  1st spy call:

[22m[2m  Array [[22m
[2m    Object {[22m
[32m-     "exp": Any<Number>,[90m
[32m-     "user_id": "!",[90m
[31m+     "exp": 1768834717,[90m
[31m+     "iat": 1768748257,[90m
[31m+     "user_id": "x",[90m
[2m    },[22m
[2m  ][22m

[1m  2nd spy call:

[22m[2m  Array [[22m
[2m    Object {[22m
[32m-     "exp": Any<Number>,[90m
[32m-     "user_id": "!",[90m
[31m+     "exp": 1768834717,[90m
[31m+     "iat": 1768748257,[90m
[31m+     "user_id": "L",[90m
[2m    },[22m
[2m  ][22m

[1m  3rd spy call:

[22m[2m  Array [[22m
[2m    Object {[22m
[32m-     "exp": Any<Number>,[90m
[32m-     "user_id": "!",[90m
[31m+     "exp": 1768834717,[90m
[31m+     "iat": 1768748257,[90m
[31m+     "user_id": "6",[90m
[2m    },[22m
[2m  ][22m

[1m  4th spy call:

[22m[2m  Array [[22m
[2m    Object {[22m
[32m-     "exp": Any<Number>,[90m
[32m-     "user_id": "!",[90m
[31m+     "exp": 1768834717,[90m
[31m+     "iat": 1768748257,[90m
[31m+     "user_id": "+",[90m
[2m    },[22m
[2m  ][22m

[1m  5th spy call:

[22m[2m  Array [[22m
[2m    Object {[22m
[32m-     "exp": Any<Number>,[90m
[32m-     "user_id": "!",[90m
[31m+     "exp": 1768834717,[90m
[31m+     "iat": 1768748257,[90m
[31m+     "user_id": "&",[90m
[2m    },[22m
[2m  ][22m

[1m  6th spy call:

[22m[2m  Array [[22m
[2m    Object {[22m
[32m-     "exp": Any<Number>,[90m
[32m-     "user_id": "!",[90m
[31m+     "exp": 1768834717,[90m
[31m+     "iat": 1768748257,[90m
[31m+     "user_id": "#",[90m
[2m    },[22m
[2m  ][22m

[1m  7th spy call:

[22m[2m  Array [[22m
[2m    Object {[22m
[32m-     "exp": Any<Number>,[90m
[32m-     "user_id": "!",[90m
[31m+     "exp": 1768834717,[90m
[31m+     "iat": 1768748257,[90m
[31m+     "user_id": "\"",[90m
[2m    },[22m
[2m  ][22m

[1m  8th spy call:

[22m[2m  Array [[22m
[2m    Object {[22m
[32m-     "exp": Any<Number>,[90m
[31m+     "exp": 1768834717,[90m
[31m+     "iat": 1768748257,[90m
[2m      "user_id": "!",[22m
[2m    },[22m
[2m  ][22m

[1m  9th spy call:

[22m[2m  Array [[22m
[2m    Object {[22m
[32m-     "exp": Any<Number>,[90m
[31m+     "exp": 1768834717,[90m
[31m+     "iat": 1768748257,[90m
[2m      "user_id": "!",[22m
[2m    },[22m
[2m  ][22m
[31m[90m

Number of calls: [1m9[22m
[31m
    at Proxy.<anonymous> (file:///C:/Users/DELL/Desktop/a2a-dr.-gemini-int
ake-agent/node_modules/@vitest/expect/dist/index.js:1465:13)
    at Proxy.<anonymous> (file:///C:/Users/DELL/Desktop/a2a-dr.-gemini-int
ake-agent/node_modules/@vitest/expect/dist/index.js:972:17)
    at Proxy.methodWrapper (file:///C:/Users/DELL/Desktop/a2a-dr.-gemini-i
ntake-agent/node_modules/chai/index.js:1686:25)
    at C:\Users\DELL\Desktop\a2a-dr.-gemini-intake-agent\__tests__\propert
ies\stream-token-generation.property.test.ts:62:41
    at processTicksAndRejections (node:internal/process/task_queues:103:5)
    at AsyncProperty.run (file:///C:/Users/DELL/Desktop/a2a-dr.-gemini-int
ake-agent/node_modules/fast-check/lib/esm/check/property/AsyncProperty.gen
eric.js:46:28)
    at asyncRunIt (file:///C:/Users/DELL/Desktop/a2a-dr.-gemini-intake-age
nt/node_modules/fast-check/lib/esm/check/runner/Runner.js:33:21)
    at C:\Users\DELL\Desktop\a2a-dr.-gemini-intake-agent\__tests__\propert
ies\stream-token-generation.property.test.ts:46:5
    at file:///C:/Users/DELL/Desktop/a2a-dr.-gemini-intake-agent/node_modu
les/@vitest/runner/dist/index.js:533:5
    at runTest (file:///C:/Users/DELL/Desktop/a2a-dr.-gemini-intake-agent/
node_modules/@vitest/runner/dist/index.js:1056:11)

Hint: Enable verbose mode in order to have the list of all failing values 
encountered during the run[39m
[36m [2mΓ¥»[22m __tests__/properties/stream-token-generation.property.t
est.ts:[2m62:41[22m[39m
    [90m 60| [39m          
    [90m 61| [39m          [90m// Should have called generateUserToken 
with correct paramet[39mΓÇª
    [90m 62| [39m          [34mexpect[39m(mockGenerateUserToken)[33m.
[39m[34mtoHaveBeenCalledWith[39m({
    [90m   | [39m                                        [31m^[39m
    [90m 63| [39m            user_id[33m:[39m userId[33m,[39m
    [90m 64| [39m            exp[33m:[39m 
expect[33m.[39m[34many[39m([33mNumber[39m)
[90m [2mΓ¥»[22m AsyncProperty.run node_modules/fast-check/lib/esm/check
/property/AsyncProperty.generic.js:[2m46:28[22m[39m
[90m [2mΓ¥»[22m asyncRunIt 
node_modules/fast-check/lib/esm/check/runner/Runner.js:[2m33:21[22m[39m
[90m [2mΓ¥»[22m __tests__/properties/stream-token-generation.property.t
est.ts:[2m46:5[22m[39m
[90m [2mΓ¥»[22m buildError node_modules/fast-check/lib/esm/check/runner
/utils/RunDetailsFormatter.js:[2m126:15[22m[39m
[90m [2mΓ¥»[22m asyncThrowIfFailed node_modules/fast-check/lib/esm/chec
k/runner/utils/RunDetailsFormatter.js:[2m143:11[22m[39m

[31m[2mΓÄ»ΓÄ»ΓÄ»ΓÄ»ΓÄ»ΓÄ»ΓÄ»ΓÄ»ΓÄ»ΓÄ»ΓÄ»ΓÄ»ΓÄ»ΓÄ»ΓÄ»ΓÄ»ΓÄ»ΓÄ»ΓÄ»ΓÄ»ΓÄ»ΓÄ
»[15/42]ΓÄ»[22m[39m

[31m[1m[7m FAIL [27m[22m[39m 
__tests__/properties/stream-token-generation.property.test.ts[2m > 
[22mProperty 2: User Identity Mapping[2m > [22muses Clerk user ID as 
Stream user identifier
[31m[1mError[22m: Property failed after 1 tests
{ seed: 1019189395, path: "0:0:0:0:0:0:0:0:0", endOnFailure: true }
Counterexample: ["!"]
Shrunk 8 time(s)
Got AssertionError: expected "spy" to be called with arguments: [ { 
user_id: '!', exp: Any<Number> } ][90m

Received: 

[1m  1st spy call:

[22m[2m  Array [[22m
[2m    Object {[22m
[32m-     "exp": Any<Number>,[90m
[32m-     "user_id": "!",[90m
[31m+     "exp": 1768834717,[90m
[31m+     "iat": 1768748257,[90m
[31m+     "user_id": "ref",[90m
[2m    },[22m
[2m  ][22m

[1m  2nd spy call:

[22m[2m  Array [[22m
[2m    Object {[22m
[32m-     "exp": Any<Number>,[90m
[32m-     "user_id": "!",[90m
[31m+     "exp": 1768834717,[90m
[31m+     "iat": 1768748257,[90m
[31m+     "user_id": "f",[90m
[2m    },[22m
[2m  ][22m

[1m  3rd spy call:

[22m[2m  Array [[22m
[2m    Object {[22m
[32m-     "exp": Any<Number>,[90m
[32m-     "user_id": "!",[90m
[31m+     "exp": 1768834717,[90m
[31m+     "iat": 1768748257,[90m
[31m+     "user_id": "C",[90m
[2m    },[22m
[2m  ][22m

[1m  4th spy call:

[22m[2m  Array [[22m
[2m    Object {[22m
[32m-     "exp": Any<Number>,[90m
[32m-     "user_id": "!",[90m
[31m+     "exp": 1768834717,[90m
[31m+     "iat": 1768748257,[90m
[31m+     "user_id": "2",[90m
[2m    },[22m
[2m  ][22m

[1m  5th spy call:

[22m[2m  Array [[22m
[2m    Object {[22m
[32m-     "exp": Any<Number>,[90m
[32m-     "user_id": "!",[90m
[31m+     "exp": 1768834717,[90m
[31m+     "iat": 1768748257,[90m
[31m+     "user_id": ")",[90m
[2m    },[22m
[2m  ][22m

[1m  6th spy call:

[22m[2m  Array [[22m
[2m    Object {[22m
[32m-     "exp": Any<Number>,[90m
[32m-     "user_id": "!",[90m
[31m+     "exp": 1768834717,[90m
[31m+     "iat": 1768748257,[90m
[31m+     "user_id": "%",[90m
[2m    },[22m
[2m  ][22m

[1m  7th spy call:

[22m[2m  Array [[22m
[2m    Object {[22m
[32m-     "exp": Any<Number>,[90m
[32m-     "user_id": "!",[90m
[31m+     "exp": 1768834717,[90m
[31m+     "iat": 1768748257,[90m
[31m+     "user_id": "#",[90m
[2m    },[22m
[2m  ][22m

[1m  8th spy call:

[22m[2m  Array [[22m
[2m    Object {[22m
[32m-     "exp": Any<Number>,[90m
[32m-     "user_id": "!",[90m
[31m+     "exp": 1768834717,[90m
[31m+     "iat": 1768748257,[90m
[31m+     "user_id": "\"",[90m
[2m    },[22m
[2m  ][22m

[1m  9th spy call:

[22m[2m  Array [[22m
[2m    Object {[22m
[32m-     "exp": Any<Number>,[90m
[31m+     "exp": 1768834717,[90m
[31m+     "iat": 1768748257,[90m
[2m      "user_id": "!",[22m
[2m    },[22m
[2m  ][22m
[31m[90m

Number of calls: [1m9[22m
[31m
    at Proxy.<anonymous> (file:///C:/Users/DELL/Desktop/a2a-dr.-gemini-int
ake-agent/node_modules/@vitest/expect/dist/index.js:1465:13)
    at Proxy.<anonymous> (file:///C:/Users/DELL/Desktop/a2a-dr.-gemini-int
ake-agent/node_modules/@vitest/expect/dist/index.js:972:17)
    at Proxy.methodWrapper (file:///C:/Users/DELL/Desktop/a2a-dr.-gemini-i
ntake-agent/node_modules/chai/index.js:1686:25)
    at C:\Users\DELL\Desktop\a2a-dr.-gemini-intake-agent\__tests__\propert
ies\stream-token-generation.property.test.ts:80:41
    at processTicksAndRejections (node:internal/process/task_queues:103:5)
    at AsyncProperty.run (file:///C:/Users/DELL/Desktop/a2a-dr.-gemini-int
ake-agent/node_modules/fast-check/lib/esm/check/property/AsyncProperty.gen
eric.js:46:28)
    at asyncRunIt (file:///C:/Users/DELL/Desktop/a2a-dr.-gemini-intake-age
nt/node_modules/fast-check/lib/esm/check/runner/Runner.js:33:21)
    at C:\Users\DELL\Desktop\a2a-dr.-gemini-intake-agent\__tests__\propert
ies\stream-token-generation.property.test.ts:73:5
    at file:///C:/Users/DELL/Desktop/a2a-dr.-gemini-intake-agent/node_modu
les/@vitest/runner/dist/index.js:533:5
    at runTest (file:///C:/Users/DELL/Desktop/a2a-dr.-gemini-intake-agent/
node_modules/@vitest/runner/dist/index.js:1056:11)

Hint: Enable verbose mode in order to have the list of all failing values 
encountered during the run[39m
[36m [2mΓ¥»[22m __tests__/properties/stream-token-generation.property.t
est.ts:[2m80:41[22m[39m
    [90m 78| [39m          
    [90m 79| [39m          [90m// Verify that the user ID passed to 
Stream matches the Cler[39mΓÇª
    [90m 80| [39m          [34mexpect[39m(mockGenerateUserToken)[33m.
[39m[34mtoHaveBeenCalledWith[39m({
    [90m   | [39m                                        [31m^[39m
    [90m 81| [39m            user_id[33m:[39m userId[33m,[39m
    [90m 82| [39m            exp[33m:[39m 
expect[33m.[39m[34many[39m([33mNumber[39m)
[90m [2mΓ¥»[22m AsyncProperty.run node_modules/fast-check/lib/esm/check
/property/AsyncProperty.generic.js:[2m46:28[22m[39m
[90m [2mΓ¥»[22m asyncRunIt 
node_modules/fast-check/lib/esm/check/runner/Runner.js:[2m33:21[22m[39m
[90m [2mΓ¥»[22m __tests__/properties/stream-token-generation.property.t
est.ts:[2m73:5[22m[39m
[90m [2mΓ¥»[22m buildError node_modules/fast-check/lib/esm/check/runner
/utils/RunDetailsFormatter.js:[2m126:15[22m[39m
[90m [2mΓ¥»[22m asyncThrowIfFailed node_modules/fast-check/lib/esm/chec
k/runner/utils/RunDetailsFormatter.js:[2m143:11[22m[39m

[31m[2mΓÄ»ΓÄ»ΓÄ»ΓÄ»ΓÄ»ΓÄ»ΓÄ»ΓÄ»ΓÄ»ΓÄ»ΓÄ»ΓÄ»ΓÄ»ΓÄ»ΓÄ»ΓÄ»ΓÄ»ΓÄ»ΓÄ»ΓÄ»ΓÄ»ΓÄ
»[16/42]ΓÄ»[22m[39m

[31m[1m[7m FAIL [27m[22m[39m 
__tests__/properties/stream-token-security.property.test.ts[2m > 
[22mProperty 8: Token Security[2m > [22mgenerates tokens with secure 
expiration times (24 hours)
[31m[1mError[22m: Property failed after 1 tests
{ seed: 1349798453, path: "0:0:0:0:0:0:0:0:0", endOnFailure: true }
Counterexample: ["!",undefined]
Shrunk 8 time(s)
Got AssertionError: expected "spy" to be called with arguments: [ { 
user_id: '!', exp: 1768834648 } ][90m

Received: 

[1m  1st spy call:

[22m[2m  Array [[22m
[2m    Object {[22m
[2m      "exp": 1768834648,[22m
[32m-     "user_id": "!",[90m
[31m+     "iat": 1768748188,[90m
[31m+     "user_id": "n",[90m
[2m    },[22m
[2m  ][22m

[1m  2nd spy call:

[22m[2m  Array [[22m
[2m    Object {[22m
[2m      "exp": 1768834648,[22m
[32m-     "user_id": "!",[90m
[31m+     "iat": 1768748188,[90m
[31m+     "user_id": "G",[90m
[2m    },[22m
[2m  ][22m

[1m  3rd spy call:

[22m[2m  Array [[22m
[2m    Object {[22m
[2m      "exp": 1768834648,[22m
[32m-     "user_id": "!",[90m
[31m+     "iat": 1768748188,[90m
[31m+     "user_id": "4",[90m
[2m    },[22m
[2m  ][22m

[1m  4th spy call:

[22m[2m  Array [[22m
[2m    Object {[22m
[2m      "exp": 1768834648,[22m
[32m-     "user_id": "!",[90m
[31m+     "iat": 1768748188,[90m
[31m+     "user_id": "*",[90m
[2m    },[22m
[2m  ][22m

[1m  5th spy call:

[22m[2m  Array [[22m
[2m    Object {[22m
[2m      "exp": 1768834648,[22m
[32m-     "user_id": "!",[90m
[31m+     "iat": 1768748188,[90m
[31m+     "user_id": "%",[90m
[2m    },[22m
[2m  ][22m

[1m  6th spy call:

[22m[2m  Array [[22m
[2m    Object {[22m
[2m      "exp": 1768834648,[22m
[32m-     "user_id": "!",[90m
[31m+     "iat": 1768748188,[90m
[31m+     "user_id": "#",[90m
[2m    },[22m
[2m  ][22m

[1m  7th spy call:

[22m[2m  Array [[22m
[2m    Object {[22m
[2m      "exp": 1768834648,[22m
[32m-     "user_id": "!",[90m
[31m+     "iat": 1768748188,[90m
[31m+     "user_id": "\"",[90m
[2m    },[22m
[2m  ][22m

[1m  8th spy call:

[22m[2m  Array [[22m
[2m    Object {[22m
[2m      "exp": 1768834648,[22m
[31m+     "iat": 1768748188,[90m
[2m      "user_id": "!",[22m
[2m    },[22m
[2m  ][22m

[1m  9th spy call:

[22m[2m  Array [[22m
[2m    Object {[22m
[2m      "exp": 1768834648,[22m
[31m+     "iat": 1768748188,[90m
[2m      "user_id": "!",[22m
[2m    },[22m
[2m  ][22m
[31m[90m

Number of calls: [1m9[22m
[31m
    at Proxy.<anonymous> (file:///C:/Users/DELL/Desktop/a2a-dr.-gemini-int
ake-agent/node_modules/@vitest/expect/dist/index.js:1465:13)
    at Proxy.<anonymous> (file:///C:/Users/DELL/Desktop/a2a-dr.-gemini-int
ake-agent/node_modules/@vitest/expect/dist/index.js:972:17)
    at Proxy.methodWrapper (file:///C:/Users/DELL/Desktop/a2a-dr.-gemini-i
ntake-agent/node_modules/chai/index.js:1686:25)
    at C:\Users\DELL\Desktop\a2a-dr.-gemini-intake-agent\__tests__\propert
ies\stream-token-security.property.test.ts:62:41
    at processTicksAndRejections (node:internal/process/task_queues:103:5)
    at AsyncProperty.run (file:///C:/Users/DELL/Desktop/a2a-dr.-gemini-int
ake-agent/node_modules/fast-check/lib/esm/check/property/AsyncProperty.gen
eric.js:46:28)
    at asyncRunIt (file:///C:/Users/DELL/Desktop/a2a-dr.-gemini-intake-age
nt/node_modules/fast-check/lib/esm/check/runner/Runner.js:33:21)
    at C:\Users\DELL\Desktop\a2a-dr.-gemini-intake-agent\__tests__\propert
ies\stream-token-security.property.test.ts:45:5
    at file:///C:/Users/DELL/Desktop/a2a-dr.-gemini-intake-agent/node_modu
les/@vitest/runner/dist/index.js:533:5
    at runTest (file:///C:/Users/DELL/Desktop/a2a-dr.-gemini-intake-agent/
node_modules/@vitest/runner/dist/index.js:1056:11)

Hint: Enable verbose mode in order to have the list of all failing values 
encountered during the run[39m
[36m [2mΓ¥»[22m __tests__/properties/stream-token-security.property.tes
t.ts:[2m62:41[22m[39m
    [90m 60| [39m          
    [90m 61| [39m          [90m// Verify the expiration was passed to 
the Stream SDK[39m
    [90m 62| [39m          [34mexpect[39m(mockGenerateUserToken)[33m.
[39m[34mtoHaveBeenCalledWith[39m({
    [90m   | [39m                                        [31m^[39m
    [90m 63| [39m            user_id[33m:[39m userId[33m,[39m
    [90m 64| [39m            exp[33m:[39m result[33m.[39mexpiresAt
[90m [2mΓ¥»[22m AsyncProperty.run node_modules/fast-check/lib/esm/check
/property/AsyncProperty.generic.js:[2m46:28[22m[39m
[90m [2mΓ¥»[22m asyncRunIt 
node_modules/fast-check/lib/esm/check/runner/Runner.js:[2m33:21[22m[39m
[90m [2mΓ¥»[22m __tests__/properties/stream-token-security.property.tes
t.ts:[2m45:5[22m[39m
[90m [2mΓ¥»[22m buildError node_modules/fast-check/lib/esm/check/runner
/utils/RunDetailsFormatter.js:[2m126:15[22m[39m
[90m [2mΓ¥»[22m asyncThrowIfFailed node_modules/fast-check/lib/esm/chec
k/runner/utils/RunDetailsFormatter.js:[2m143:11[22m[39m

[31m[2mΓÄ»ΓÄ»ΓÄ»ΓÄ»ΓÄ»ΓÄ»ΓÄ»ΓÄ»ΓÄ»ΓÄ»ΓÄ»ΓÄ»ΓÄ»ΓÄ»ΓÄ»ΓÄ»ΓÄ»ΓÄ»ΓÄ»ΓÄ»ΓÄ»ΓÄ
»[17/42]ΓÄ»[22m[39m

[31m[1m[7m FAIL [27m[22m[39m 
__tests__/properties/stream-token-security.property.test.ts[2m > 
[22mProperty 8: Token Security[2m > [22mtoken contains proper security 
metadata
[31m[1mError[22m: Property failed after 1 tests
{ seed: -1032419165, path: "0:0:0:0:0:0:0:0:0", endOnFailure: true }
Counterexample: ["!"]
Shrunk 8 time(s)
Got AssertionError: expected "spy" to be called with arguments: [ { 
user_id: '!', exp: Any<Number> } ][90m

Received: 

[1m  1st spy call:

[22m[2m  Array [[22m
[2m    Object {[22m
[32m-     "exp": Any<Number>,[90m
[32m-     "user_id": "!",[90m
[31m+     "exp": 1768834649,[90m
[31m+     "iat": 1768748189,[90m
[31m+     "user_id": "gbZwBCMSK1Fq",[90m
[2m    },[22m
[2m  ][22m

[1m  2nd spy call:

[22m[2m  Array [[22m
[2m    Object {[22m
[32m-     "exp": Any<Number>,[90m
[32m-     "user_id": "!",[90m
[31m+     "exp": 1768834649,[90m
[31m+     "iat": 1768748189,[90m
[31m+     "user_id": "q",[90m
[2m    },[22m
[2m  ][22m

[1m  3rd spy call:

[22m[2m  Array [[22m
[2m    Object {[22m
[32m-     "exp": Any<Number>,[90m
[32m-     "user_id": "!",[90m
[31m+     "exp": 1768834649,[90m
[31m+     "iat": 1768748189,[90m
[31m+     "user_id": "I",[90m
[2m    },[22m
[2m  ][22m

[1m  4th spy call:

[22m[2m  Array [[22m
[2m    Object {[22m
[32m-     "exp": Any<Number>,[90m
[32m-     "user_id": "!",[90m
[31m+     "exp": 1768834649,[90m
[31m+     "iat": 1768748189,[90m
[31m+     "user_id": "5",[90m
[2m    },[22m
[2m  ][22m

[1m  5th spy call:

[22m[2m  Array [[22m
[2m    Object {[22m
[32m-     "exp": Any<Number>,[90m
[32m-     "user_id": "!",[90m
[31m+     "exp": 1768834649,[90m
[31m+     "iat": 1768748189,[90m
[31m+     "user_id": "+",[90m
[2m    },[22m
[2m  ][22m

[1m  6th spy call:

[22m[2m  Array [[22m
[2m    Object {[22m
[32m-     "exp": Any<Number>,[90m
[32m-     "user_id": "!",[90m
[31m+     "exp": 1768834649,[90m
[31m+     "iat": 1768748189,[90m
[31m+     "user_id": "&",[90m
[2m    },[22m
[2m  ][22m

[1m  7th spy call:

[22m[2m  Array [[22m
[2m    Object {[22m
[32m-     "exp": Any<Number>,[90m
[32m-     "user_id": "!",[90m
[31m+     "exp": 1768834649,[90m
[31m+     "iat": 1768748189,[90m
[31m+     "user_id": "#",[90m
[2m    },[22m
[2m  ][22m

[1m  8th spy call:

[22m[2m  Array [[22m
[2m    Object {[22m
[32m-     "exp": Any<Number>,[90m
[32m-     "user_id": "!",[90m
[31m+     "exp": 1768834649,[90m
[31m+     "iat": 1768748189,[90m
[31m+     "user_id": "\"",[90m
[2m    },[22m
[2m  ][22m

[1m  9th spy call:

[22m[2m  Array [[22m
[2m    Object {[22m
[32m-     "exp": Any<Number>,[90m
[31m+     "exp": 1768834649,[90m
[31m+     "iat": 1768748189,[90m
[2m      "user_id": "!",[22m
[2m    },[22m
[2m  ][22m
[31m[90m

Number of calls: [1m9[22m
[31m
    at Proxy.<anonymous> (file:///C:/Users/DELL/Desktop/a2a-dr.-gemini-int
ake-agent/node_modules/@vitest/expect/dist/index.js:1465:13)
    at Proxy.<anonymous> (file:///C:/Users/DELL/Desktop/a2a-dr.-gemini-int
ake-agent/node_modules/@vitest/expect/dist/index.js:972:17)
    at Proxy.methodWrapper (file:///C:/Users/DELL/Desktop/a2a-dr.-gemini-i
ntake-agent/node_modules/chai/index.js:1686:25)
    at C:\Users\DELL\Desktop\a2a-dr.-gemini-intake-agent\__tests__\propert
ies\stream-token-security.property.test.ts:139:41
    at processTicksAndRejections (node:internal/process/task_queues:103:5)
    at AsyncProperty.run (file:///C:/Users/DELL/Desktop/a2a-dr.-gemini-int
ake-agent/node_modules/fast-check/lib/esm/check/property/AsyncProperty.gen
eric.js:46:28)
    at asyncRunIt (file:///C:/Users/DELL/Desktop/a2a-dr.-gemini-intake-age
nt/node_modules/fast-check/lib/esm/check/runner/Runner.js:33:21)
    at C:\Users\DELL\Desktop\a2a-dr.-gemini-intake-agent\__tests__\propert
ies\stream-token-security.property.test.ts:124:5
    at file:///C:/Users/DELL/Desktop/a2a-dr.-gemini-intake-agent/node_modu
les/@vitest/runner/dist/index.js:533:5
    at runTest (file:///C:/Users/DELL/Desktop/a2a-dr.-gemini-intake-agent/
node_modules/@vitest/runner/dist/index.js:1056:11)

Hint: Enable verbose mode in order to have the list of all failing values 
encountered during the run[39m
[36m [2mΓ¥»[22m __tests__/properties/stream-token-security.property.tes
t.ts:[2m139:41[22m[39m
    [90m137| [39m          
    [90m138| [39m          [90m// Verify the token generation was 
called with security para[39mΓÇª
    [90m139| [39m          [34mexpect[39m(mockGenerateUserToken)[33m.
[39m[34mtoHaveBeenCalledWith[39m({
    [90m   | [39m                                        [31m^[39m
    [90m140| [39m            user_id[33m:[39m userId[33m,[39m
    [90m141| [39m            exp[33m:[39m 
expect[33m.[39m[34many[39m([33mNumber[39m)
[90m [2mΓ¥»[22m AsyncProperty.run node_modules/fast-check/lib/esm/check
/property/AsyncProperty.generic.js:[2m46:28[22m[39m
[90m [2mΓ¥»[22m asyncRunIt 
node_modules/fast-check/lib/esm/check/runner/Runner.js:[2m33:21[22m[39m
[90m [2mΓ¥»[22m __tests__/properties/stream-token-security.property.tes
t.ts:[2m124:5[22m[39m
[90m [2mΓ¥»[22m buildError node_modules/fast-check/lib/esm/check/runner
/utils/RunDetailsFormatter.js:[2m126:15[22m[39m
[90m [2mΓ¥»[22m asyncThrowIfFailed node_modules/fast-check/lib/esm/chec
k/runner/utils/RunDetailsFormatter.js:[2m143:11[22m[39m

[31m[2mΓÄ»ΓÄ»ΓÄ»ΓÄ»ΓÄ»ΓÄ»ΓÄ»ΓÄ»ΓÄ»ΓÄ»ΓÄ»ΓÄ»ΓÄ»ΓÄ»ΓÄ»ΓÄ»ΓÄ»ΓÄ»ΓÄ»ΓÄ»ΓÄ»ΓÄ
»[18/42]ΓÄ»[22m[39m

[31m[1m[7m FAIL [27m[22m[39m __tests__/unit/BottomNav.test.tsx[2m 
> [22mBottomNav Component[2m > [22mshould render all navigation items
[31m[1mTestingLibraryElementError[22m[39m: Unable to find an element 
with the text: Home. This could be because the text is broken up by 
multiple elements. In this case, you can provide a function for your text 
matcher to make your matcher more flexible.

Ignored nodes: comments, script, style
[36m<body>[39m
  [36m<div>[39m
    [36m<nav[39m
      [33mclass[39m=[32m"bottom-nav"[39m
      [33mstyle[39m=[32m"position: fixed; bottom: 0px; left: 0px; 
right: 0px; height: 64px; background-color: rgb(255, 255, 255); 
border-top: 1px solid rgb(229, 231, 235); display: flex; justify-content: 
space-around; align-items: center; z-index: 40; box-shadow: 0 -2px 8px 
rgba(0, 0, 0, 0.05);"[39m
    [36m>[39m
      [36m<a[39m
        [33mclass[39m=[32m"bottom-nav-item btn-ripple"[39m
        [33mhref[39m=[32m"/patient"[39m
        [33mstyle[39m=[32m"display: flex; flex-direction: column; 
align-items: center; justify-content: center; gap: 4px; flex: 1 1 0%; 
height: 100%; text-decoration: none; position: relative; transition: all 
0.2s ease;"[39m
      [36m>[39m
        [36m<div[39m
          [33mstyle[39m=[32m"position: relative; color: rgb(37, 211, 
102);"[39m
        [36m>[39m
          [36m<svg[39m
            [33mclass[39m=[32m"lucide lucide-house w-6 h-6"[39m
            [33mfill[39m=[32m"none"[39m
            [33mheight[39m=[32m"24"[39m
            [33mstroke[39m=[32m"currentColor"[39m
            [33mstroke-linecap[39m=[32m"round"[39m
            [33mstroke-linejoin[39m=[32m"round"[39m
            [33mstroke-width[39m=[32m"2"[39m
            [33mviewBox[39m=[32m"0 0 24 24"[39m
            [33mwidth[39m=[32m"24"[39m
            [33mxmlns[39m=[32m"http://www.w3.org/2000/svg"[39m
          [36m>[39m
            [36m<path[39m
              [33md[39m=[32m"M15 21v-8a1 1 0 0 0-1-1h-4a1 1 0 0 0-1 
1v8"[39m
            [36m/>[39m
            [36m<path[39m
              [33md[39m=[32m"M3 10a2 2 0 0 1 .709-1.528l7-5.999a2 2 0 
0 1 2.582 0l7 5.999A2 2 0 0 1 21 10v9a2 2 0 0 1-2 2H5a2 2 0 0 1-2-2z"[39m
            [36m/>[39m
          [36m</svg>[39m
        [36m</div>[39m
        [36m<span[39m
          [33mclass[39m=[32m"bottom-nav-label"[39m
          [33mstyle[39m=[32m"font-size: 12px; font-weight: 600; color: 
rgb(37, 211, 102); user-select: none;"[39m
        [36m>[39m
          [0mnavigation.home[0m
        [36m</span>[39m
      [36m</a>[39m
      [36m<a[39m
        [33mclass[39m=[32m"bottom-nav-item btn-ripple"[39m
        [33mhref[39m=[32m"/patient/messages"[39m
        [33mstyle[39m=[32m"display: flex; flex-direction: column; 
align-items: center; justify-content: center; gap: 4px; flex: 1 1 0%; 
height: 100%; text-decoration: none; position: relative; transition: all 
0.2s ease;"[39m
      [36m>[39m
        [36m<div[39m
          [33mstyle[39m=[32m"position: relative; color: rgb(134, 150, 
160);"[39m
        [36m>[39m
          [36m<svg[39m
            [33mclass[39m=[32m"lucide lucide-message-square w-6 
h-6"[39m
            [33mfill[39m=[32m"none"[39m
            [33mheight[39m=[32m"24"[39m
            [33mstroke[39m=[32m"currentColor"[39m
            [33mstroke-linecap[39m=[32m"round"[39m
            [33mstroke-linejoin[39m=[32m"round"[39m
            [33mstroke-width[39m=[32m"2"[39m
            [33mviewBox[39m=[32m"0 0 24 24"[39m
            [33mwidth[39m=[32m"24"[39m
            [33mxmlns[39m=[32m"http://www.w3.org/2000/svg"[39m
          [36m>[39m
            [36m<path[39m
              [33md[39m=[32m"M21 15a2 2 0 0 1-2 2H7l-4 4V5a2 2 0 0 1 
2-2h14a2 2 0 0 1 2 2z"[39m
            [36m/>[39m
          [36m</svg>[39m
        [36m</div>[39m
        [36m<span[39m
          [33mclass[39m=[32m"bottom-nav-label"[39m
          [33mstyle[39m=[32m"font-size: 12px; font-weight: 400; color: 
rgb(134, 150, 160); user-select: none;"[39m
        [36m>[39m
          [0mnavigation.messages[0m
        [36m</span>[39m
      [36m</a>[39m
      [36m<a[39m
        [33mclass[39m=[32m"bottom-nav-item btn-ripple"[39m
        [33mhref[39m=[32m"/patient/profile"[39m
        [33mstyle[39m=[32m"display: flex; flex-direction: column; 
align-items: center; justify-content: center; gap: 4px; flex: 1 1 0%; 
height: 100%; text-decoration: none; position: relative; transition: all 
0.2s ease;"[39m
      [36m>[39m
        [36m<div[39m
          [33mstyle[39m=[32m"position: relative; color: rgb(134, 150, 
160);"[39m
        [36m>[39m
          [36m<svg[39m
            [33mclass[39m=[32m"lucide lucide-user w-6 h-6"[39m
            [33mfill[39m=[32m"none"[39m
            [33mheight[39m=[32m"24"[39m
            [33mstroke[39m=[32m"currentColor"[39m
            [33mstroke-linecap[39m=[32m"round"[39m
            [33mstroke-linejoin[39m=[32m"round"[39m
            [33mstroke-width[39m=[32m"2"[39m
            [33mviewBox[39m=[32m"0 0 24 24"[39m
            [33mwidth[39m=[32m"24"[39m
            [33mxmlns[39m=[32m"http://www.w3.org/2000/svg"[39m
          [36m>[39m
            [36m<path[39m
              [33md[39m=[32m"M19 21v-2a4 4 0 0 0-4-4H9a4 4 0 0 0-4 
4v2"[39m
            [36m/>[39m
            [36m<circle[39m
              [33mcx[39m=[32m"12"[39m
              [33mcy[39m=[32m"7"[39m
              [33mr[39m=[32m"4"[39m
            [36m/>[39m
          [36m</svg>[39m
        [36m</div>[39m
        [36m<span[39m
          [33mclass[39m=[32m"bottom-nav-label"[39m
          [33mstyle[39m=[32m"font-size: 12px; font-weight: 400; color: 
rgb(134, 150, 160); user-select: none;"[39m
        [36m>[39m
          [0mnavigation.profile[0m
        [36m</span>[39m
      [36m</a>[39m
    [36m</nav>[39m
  [36m</div>[39m
[36m</body>[39m
[90m [2mΓ¥»[22m Object.getElementError 
node_modules/@testing-library/dom/dist/config.js:[2m37:19[22m[39m
[90m [2mΓ¥»[22m node_modules/@testing-library/dom/dist/query-helpers.js
:[2m76:38[22m[39m
[90m [2mΓ¥»[22m node_modules/@testing-library/dom/dist/query-helpers.js
:[2m52:17[22m[39m
[90m [2mΓ¥»[22m node_modules/@testing-library/dom/dist/query-helpers.js
:[2m95:19[22m[39m
[36m [2mΓ¥»[22m __tests__/unit/BottomNav.test.tsx:[2m44:19[22m[39m
    [90m 42| [39m
    [90m 43| [39m    [90m// Check that all labels are rendered[39m
    [90m 44| [39m    [34mexpect[39m(screen[33m.[39m[34mgetByText[3
9m([32m'Home'[39m))[33m.[39m[34mtoBeInTheDocument[39m()[33m;[39m
    [90m   | [39m                  [31m^[39m
    [90m 45| [39m    [34mexpect[39m(screen[33m.[39m[34mgetByText[3
9m([32m'Messages'[39m))[33m.[39m[34mtoBeInTheDocument[39m()[33m;[3
9m
    [90m 46| [39m    [34mexpect[39m(screen[33m.[39m[34mgetByText[3
9m([32m'Profile'[39m))[33m.[39m[34mtoBeInTheDocument[39m()[33m;[39
m

[31m[2mΓÄ»ΓÄ»ΓÄ»ΓÄ»ΓÄ»ΓÄ»ΓÄ»ΓÄ»ΓÄ»ΓÄ»ΓÄ»ΓÄ»ΓÄ»ΓÄ»ΓÄ»ΓÄ»ΓÄ»ΓÄ»ΓÄ»ΓÄ»ΓÄ»ΓÄ
»[19/42]ΓÄ»[22m[39m

[31m[1m[7m FAIL [27m[22m[39m __tests__/unit/BottomNav.test.tsx[2m 
> [22mBottomNav Component[2m > [22mshould highlight active tab in green
[31m[1mTestingLibraryElementError[22m[39m: Unable to find an element 
with the text: Home. This could be because the text is broken up by 
multiple elements. In this case, you can provide a function for your text 
matcher to make your matcher more flexible.

Ignored nodes: comments, script, style
[36m<body>[39m
  [36m<div>[39m
    [36m<nav[39m
      [33mclass[39m=[32m"bottom-nav"[39m
      [33mstyle[39m=[32m"position: fixed; bottom: 0px; left: 0px; 
right: 0px; height: 64px; background-color: rgb(255, 255, 255); 
border-top: 1px solid rgb(229, 231, 235); display: flex; justify-content: 
space-around; align-items: center; z-index: 40; box-shadow: 0 -2px 8px 
rgba(0, 0, 0, 0.05);"[39m
    [36m>[39m
      [36m<a[39m
        [33mclass[39m=[32m"bottom-nav-item btn-ripple"[39m
        [33mhref[39m=[32m"/patient"[39m
        [33mstyle[39m=[32m"display: flex; flex-direction: column; 
align-items: center; justify-content: center; gap: 4px; flex: 1 1 0%; 
height: 100%; text-decoration: none; position: relative; transition: all 
0.2s ease;"[39m
      [36m>[39m
        [36m<div[39m
          [33mstyle[39m=[32m"position: relative; color: rgb(37, 211, 
102);"[39m
        [36m>[39m
          [36m<svg[39m
            [33mclass[39m=[32m"lucide lucide-house w-6 h-6"[39m
            [33mfill[39m=[32m"none"[39m
            [33mheight[39m=[32m"24"[39m
            [33mstroke[39m=[32m"currentColor"[39m
            [33mstroke-linecap[39m=[32m"round"[39m
            [33mstroke-linejoin[39m=[32m"round"[39m
            [33mstroke-width[39m=[32m"2"[39m
            [33mviewBox[39m=[32m"0 0 24 24"[39m
            [33mwidth[39m=[32m"24"[39m
            [33mxmlns[39m=[32m"http://www.w3.org/2000/svg"[39m
          [36m>[39m
            [36m<path[39m
              [33md[39m=[32m"M15 21v-8a1 1 0 0 0-1-1h-4a1 1 0 0 0-1 
1v8"[39m
            [36m/>[39m
            [36m<path[39m
              [33md[39m=[32m"M3 10a2 2 0 0 1 .709-1.528l7-5.999a2 2 0 
0 1 2.582 0l7 5.999A2 2 0 0 1 21 10v9a2 2 0 0 1-2 2H5a2 2 0 0 1-2-2z"[39m
            [36m/>[39m
          [36m</svg>[39m
        [36m</div>[39m
        [36m<span[39m
          [33mclass[39m=[32m"bottom-nav-label"[39m
          [33mstyle[39m=[32m"font-size: 12px; font-weight: 600; color: 
rgb(37, 211, 102); user-select: none;"[39m
        [36m>[39m
          [0mnavigation.home[0m
        [36m</span>[39m
      [36m</a>[39m
      [36m<a[39m
        [33mclass[39m=[32m"bottom-nav-item btn-ripple"[39m
        [33mhref[39m=[32m"/patient/messages"[39m
        [33mstyle[39m=[32m"display: flex; flex-direction: column; 
align-items: center; justify-content: center; gap: 4px; flex: 1 1 0%; 
height: 100%; text-decoration: none; position: relative; transition: all 
0.2s ease;"[39m
      [36m>[39m
        [36m<div[39m
          [33mstyle[39m=[32m"position: relative; color: rgb(134, 150, 
160);"[39m
        [36m>[39m
          [36m<svg[39m
            [33mclass[39m=[32m"lucide lucide-message-square w-6 
h-6"[39m
            [33mfill[39m=[32m"none"[39m
            [33mheight[39m=[32m"24"[39m
            [33mstroke[39m=[32m"currentColor"[39m
            [33mstroke-linecap[39m=[32m"round"[39m
            [33mstroke-linejoin[39m=[32m"round"[39m
            [33mstroke-width[39m=[32m"2"[39m
            [33mviewBox[39m=[32m"0 0 24 24"[39m
            [33mwidth[39m=[32m"24"[39m
            [33mxmlns[39m=[32m"http://www.w3.org/2000/svg"[39m
          [36m>[39m
            [36m<path[39m
              [33md[39m=[32m"M21 15a2 2 0 0 1-2 2H7l-4 4V5a2 2 0 0 1 
2-2h14a2 2 0 0 1 2 2z"[39m
            [36m/>[39m
          [36m</svg>[39m
        [36m</div>[39m
        [36m<span[39m
          [33mclass[39m=[32m"bottom-nav-label"[39m
          [33mstyle[39m=[32m"font-size: 12px; font-weight: 400; color: 
rgb(134, 150, 160); user-select: none;"[39m
        [36m>[39m
          [0mnavigation.messages[0m
        [36m</span>[39m
      [36m</a>[39m
      [36m<a[39m
        [33mclass[39m=[32m"bottom-nav-item btn-ripple"[39m
        [33mhref[39m=[32m"/patient/profile"[39m
        [33mstyle[39m=[32m"display: flex; flex-direction: column; 
align-items: center; justify-content: center; gap: 4px; flex: 1 1 0%; 
height: 100%; text-decoration: none; position: relative; transition: all 
0.2s ease;"[39m
      [36m>[39m
        [36m<div[39m
          [33mstyle[39m=[32m"position: relative; color: rgb(134, 150, 
160);"[39m
        [36m>[39m
          [36m<svg[39m
            [33mclass[39m=[32m"lucide lucide-user w-6 h-6"[39m
            [33mfill[39m=[32m"none"[39m
            [33mheight[39m=[32m"24"[39m
            [33mstroke[39m=[32m"currentColor"[39m
            [33mstroke-linecap[39m=[32m"round"[39m
            [33mstroke-linejoin[39m=[32m"round"[39m
            [33mstroke-width[39m=[32m"2"[39m
            [33mviewBox[39m=[32m"0 0 24 24"[39m
            [33mwidth[39m=[32m"24"[39m
            [33mxmlns[39m=[32m"http://www.w3.org/2000/svg"[39m
          [36m>[39m
            [36m<path[39m
              [33md[39m=[32m"M19 21v-2a4 4 0 0 0-4-4H9a4 4 0 0 0-4 
4v2"[39m
            [36m/>[39m
            [36m<circle[39m
              [33mcx[39m=[32m"12"[39m
              [33mcy[39m=[32m"7"[39m
              [33mr[39m=[32m"4"[39m
            [36m/>[39m
          [36m</svg>[39m
        [36m</div>[39m
        [36m<span[39m
          [33mclass[39m=[32m"bottom-nav-label"[39m
          [33mstyle[39m=[32m"font-size: 12px; font-weight: 400; color: 
rgb(134, 150, 160); user-select: none;"[39m
        [36m>[39m
          [0mnavigation.profile[0m
        [36m</span>[39m
      [36m</a>[39m
    [36m</nav>[39m
  [36m</div>[39m
[36m</body>[39m
[90m [2mΓ¥»[22m Object.getElementError 
node_modules/@testing-library/dom/dist/config.js:[2m37:19[22m[39m
[90m [2mΓ¥»[22m node_modules/@testing-library/dom/dist/query-helpers.js
:[2m76:38[22m[39m
[90m [2mΓ¥»[22m node_modules/@testing-library/dom/dist/query-helpers.js
:[2m52:17[22m[39m
[90m [2mΓ¥»[22m node_modules/@testing-library/dom/dist/query-helpers.js
:[2m95:19[22m[39m
[36m [2mΓ¥»[22m __tests__/unit/BottomNav.test.tsx:[2m73:29[22m[39m
    [90m 71| [39m
    [90m 72| [39m    [90m// Find the Home tab (should be active)[39m
    [90m 73| [39m    [35mconst[39m homeItem [33m=[39m screen[33m.[
39m[34mgetByText[39m([32m'Home'[39m)[33m.[39m[34mclosest[39m([32m
'.bottom-nav-ite[39mΓÇª
    [90m   | [39m                            [31m^[39m
    [90m 74| [39m    [35mconst[39m homeIcon [33m=[39m 
homeItem[33m?.[39m[34mquerySelector[39m([32m'div'[39m)[33m;[39m
    [90m 75| [39m    [35mconst[39m homeLabel [33m=[39m 
screen[33m.[39m[34mgetByText[39m([32m'Home'[39m)[33m;[39m

[31m[2mΓÄ»ΓÄ»ΓÄ»ΓÄ»ΓÄ»ΓÄ»ΓÄ»ΓÄ»ΓÄ»ΓÄ»ΓÄ»ΓÄ»ΓÄ»ΓÄ»ΓÄ»ΓÄ»ΓÄ»ΓÄ»ΓÄ»ΓÄ»ΓÄ»ΓÄ
»[20/42]ΓÄ»[22m[39m

[31m[1m[7m FAIL [27m[22m[39m __tests__/unit/BottomNav.test.tsx[2m 
> [22mBottomNav Component[2m > [22mshould show inactive tabs in gray
[31m[1mTestingLibraryElementError[22m[39m: Unable to find an element 
with the text: Messages. This could be because the text is broken up by 
multiple elements. In this case, you can provide a function for your text 
matcher to make your matcher more flexible.

Ignored nodes: comments, script, style
[36m<body>[39m
  [36m<div>[39m
    [36m<nav[39m
      [33mclass[39m=[32m"bottom-nav"[39m
      [33mstyle[39m=[32m"position: fixed; bottom: 0px; left: 0px; 
right: 0px; height: 64px; background-color: rgb(255, 255, 255); 
border-top: 1px solid rgb(229, 231, 235); display: flex; justify-content: 
space-around; align-items: center; z-index: 40; box-shadow: 0 -2px 8px 
rgba(0, 0, 0, 0.05);"[39m
    [36m>[39m
      [36m<a[39m
        [33mclass[39m=[32m"bottom-nav-item btn-ripple"[39m
        [33mhref[39m=[32m"/patient"[39m
        [33mstyle[39m=[32m"display: flex; flex-direction: column; 
align-items: center; justify-content: center; gap: 4px; flex: 1 1 0%; 
height: 100%; text-decoration: none; position: relative; transition: all 
0.2s ease;"[39m
      [36m>[39m
        [36m<div[39m
          [33mstyle[39m=[32m"position: relative; color: rgb(37, 211, 
102);"[39m
        [36m>[39m
          [36m<svg[39m
            [33mclass[39m=[32m"lucide lucide-house w-6 h-6"[39m
            [33mfill[39m=[32m"none"[39m
            [33mheight[39m=[32m"24"[39m
            [33mstroke[39m=[32m"currentColor"[39m
            [33mstroke-linecap[39m=[32m"round"[39m
            [33mstroke-linejoin[39m=[32m"round"[39m
            [33mstroke-width[39m=[32m"2"[39m
            [33mviewBox[39m=[32m"0 0 24 24"[39m
            [33mwidth[39m=[32m"24"[39m
            [33mxmlns[39m=[32m"http://www.w3.org/2000/svg"[39m
          [36m>[39m
            [36m<path[39m
              [33md[39m=[32m"M15 21v-8a1 1 0 0 0-1-1h-4a1 1 0 0 0-1 
1v8"[39m
            [36m/>[39m
            [36m<path[39m
              [33md[39m=[32m"M3 10a2 2 0 0 1 .709-1.528l7-5.999a2 2 0 
0 1 2.582 0l7 5.999A2 2 0 0 1 21 10v9a2 2 0 0 1-2 2H5a2 2 0 0 1-2-2z"[39m
            [36m/>[39m
          [36m</svg>[39m
        [36m</div>[39m
        [36m<span[39m
          [33mclass[39m=[32m"bottom-nav-label"[39m
          [33mstyle[39m=[32m"font-size: 12px; font-weight: 600; color: 
rgb(37, 211, 102); user-select: none;"[39m
        [36m>[39m
          [0mnavigation.home[0m
        [36m</span>[39m
      [36m</a>[39m
      [36m<a[39m
        [33mclass[39m=[32m"bottom-nav-item btn-ripple"[39m
        [33mhref[39m=[32m"/patient/messages"[39m
        [33mstyle[39m=[32m"display: flex; flex-direction: column; 
align-items: center; justify-content: center; gap: 4px; flex: 1 1 0%; 
height: 100%; text-decoration: none; position: relative; transition: all 
0.2s ease;"[39m
      [36m>[39m
        [36m<div[39m
          [33mstyle[39m=[32m"position: relative; color: rgb(134, 150, 
160);"[39m
        [36m>[39m
          [36m<svg[39m
            [33mclass[39m=[32m"lucide lucide-message-square w-6 
h-6"[39m
            [33mfill[39m=[32m"none"[39m
            [33mheight[39m=[32m"24"[39m
            [33mstroke[39m=[32m"currentColor"[39m
            [33mstroke-linecap[39m=[32m"round"[39m
            [33mstroke-linejoin[39m=[32m"round"[39m
            [33mstroke-width[39m=[32m"2"[39m
            [33mviewBox[39m=[32m"0 0 24 24"[39m
            [33mwidth[39m=[32m"24"[39m
            [33mxmlns[39m=[32m"http://www.w3.org/2000/svg"[39m
          [36m>[39m
            [36m<path[39m
              [33md[39m=[32m"M21 15a2 2 0 0 1-2 2H7l-4 4V5a2 2 0 0 1 
2-2h14a2 2 0 0 1 2 2z"[39m
            [36m/>[39m
          [36m</svg>[39m
        [36m</div>[39m
        [36m<span[39m
          [33mclass[39m=[32m"bottom-nav-label"[39m
          [33mstyle[39m=[32m"font-size: 12px; font-weight: 400; color: 
rgb(134, 150, 160); user-select: none;"[39m
        [36m>[39m
          [0mnavigation.messages[0m
        [36m</span>[39m
      [36m</a>[39m
      [36m<a[39m
        [33mclass[39m=[32m"bottom-nav-item btn-ripple"[39m
        [33mhref[39m=[32m"/patient/profile"[39m
        [33mstyle[39m=[32m"display: flex; flex-direction: column; 
align-items: center; justify-content: center; gap: 4px; flex: 1 1 0%; 
height: 100%; text-decoration: none; position: relative; transition: all 
0.2s ease;"[39m
      [36m>[39m
        [36m<div[39m
          [33mstyle[39m=[32m"position: relative; color: rgb(134, 150, 
160);"[39m
        [36m>[39m
          [36m<svg[39m
            [33mclass[39m=[32m"lucide lucide-user w-6 h-6"[39m
            [33mfill[39m=[32m"none"[39m
            [33mheight[39m=[32m"24"[39m
            [33mstroke[39m=[32m"currentColor"[39m
            [33mstroke-linecap[39m=[32m"round"[39m
            [33mstroke-linejoin[39m=[32m"round"[39m
            [33mstroke-width[39m=[32m"2"[39m
            [33mviewBox[39m=[32m"0 0 24 24"[39m
            [33mwidth[39m=[32m"24"[39m
            [33mxmlns[39m=[32m"http://www.w3.org/2000/svg"[39m
          [36m>[39m
            [36m<path[39m
              [33md[39m=[32m"M19 21v-2a4 4 0 0 0-4-4H9a4 4 0 0 0-4 
4v2"[39m
            [36m/>[39m
            [36m<circle[39m
              [33mcx[39m=[32m"12"[39m
              [33mcy[39m=[32m"7"[39m
              [33mr[39m=[32m"4"[39m
            [36m/>[39m
          [36m</svg>[39m
        [36m</div>[39m
        [36m<span[39m
          [33mclass[39m=[32m"bottom-nav-label"[39m
          [33mstyle[39m=[32m"font-size: 12px; font-weight: 400; color: 
rgb(134, 150, 160); user-select: none;"[39m
        [36m>[39m
          [0mnavigation.profile[0m
        [36m</span>[39m
      [36m</a>[39m
    [36m</nav>[39m
  [36m</div>[39m
[36m</body>[39m
[90m [2mΓ¥»[22m Object.getElementError 
node_modules/@testing-library/dom/dist/config.js:[2m37:19[22m[39m
[90m [2mΓ¥»[22m node_modules/@testing-library/dom/dist/query-helpers.js
:[2m76:38[22m[39m
[90m [2mΓ¥»[22m node_modules/@testing-library/dom/dist/query-helpers.js
:[2m52:17[22m[39m
[90m [2mΓ¥»[22m node_modules/@testing-library/dom/dist/query-helpers.js
:[2m95:19[22m[39m
[36m [2mΓ¥»[22m __tests__/unit/BottomNav.test.tsx:[2m86:34[22m[39m
    [90m 84| [39m
    [90m 85| [39m    [90m// Find the Messages tab (should be 
inactive)[39m
    [90m 86| [39m    [35mconst[39m messagesLabel [33m=[39m 
screen[33m.[39m[34mgetByText[39m([32m'Messages'[39m)[33m;[39m
    [90m   | [39m                                 [31m^[39m
    [90m 87| [39m
    [90m 88| [39m    [90m// Inactive tab should have gray color 
(#8696A0)[39m

[31m[2mΓÄ»ΓÄ»ΓÄ»ΓÄ»ΓÄ»ΓÄ»ΓÄ»ΓÄ»ΓÄ»ΓÄ»ΓÄ»ΓÄ»ΓÄ»ΓÄ»ΓÄ»ΓÄ»ΓÄ»ΓÄ»ΓÄ»ΓÄ»ΓÄ»ΓÄ
»[21/42]ΓÄ»[22m[39m

[31m[1m[7m FAIL [27m[22m[39m __tests__/unit/BottomNav.test.tsx[2m 
> [22mBottomNav Component[2m > [22mshould call onNavigate when provided
[31m[1mTestingLibraryElementError[22m[39m: Unable to find an element 
with the text: Messages. This could be because the text is broken up by 
multiple elements. In this case, you can provide a function for your text 
matcher to make your matcher more flexible.

Ignored nodes: comments, script, style
[36m<body>[39m
  [36m<div>[39m
    [36m<nav[39m
      [33mclass[39m=[32m"bottom-nav"[39m
      [33mstyle[39m=[32m"position: fixed; bottom: 0px; left: 0px; 
right: 0px; height: 64px; background-color: rgb(255, 255, 255); 
border-top: 1px solid rgb(229, 231, 235); display: flex; justify-content: 
space-around; align-items: center; z-index: 40; box-shadow: 0 -2px 8px 
rgba(0, 0, 0, 0.05);"[39m
    [36m>[39m
      [36m<a[39m
        [33mclass[39m=[32m"bottom-nav-item btn-ripple"[39m
        [33mhref[39m=[32m"/patient"[39m
        [33mstyle[39m=[32m"display: flex; flex-direction: column; 
align-items: center; justify-content: center; gap: 4px; flex: 1 1 0%; 
height: 100%; text-decoration: none; position: relative; transition: all 
0.2s ease;"[39m
      [36m>[39m
        [36m<div[39m
          [33mstyle[39m=[32m"position: relative; color: rgb(37, 211, 
102);"[39m
        [36m>[39m
          [36m<svg[39m
            [33mclass[39m=[32m"lucide lucide-house w-6 h-6"[39m
            [33mfill[39m=[32m"none"[39m
            [33mheight[39m=[32m"24"[39m
            [33mstroke[39m=[32m"currentColor"[39m
            [33mstroke-linecap[39m=[32m"round"[39m
            [33mstroke-linejoin[39m=[32m"round"[39m
            [33mstroke-width[39m=[32m"2"[39m
            [33mviewBox[39m=[32m"0 0 24 24"[39m
            [33mwidth[39m=[32m"24"[39m
            [33mxmlns[39m=[32m"http://www.w3.org/2000/svg"[39m
          [36m>[39m
            [36m<path[39m
              [33md[39m=[32m"M15 21v-8a1 1 0 0 0-1-1h-4a1 1 0 0 0-1 
1v8"[39m
            [36m/>[39m
            [36m<path[39m
              [33md[39m=[32m"M3 10a2 2 0 0 1 .709-1.528l7-5.999a2 2 0 
0 1 2.582 0l7 5.999A2 2 0 0 1 21 10v9a2 2 0 0 1-2 2H5a2 2 0 0 1-2-2z"[39m
            [36m/>[39m
          [36m</svg>[39m
        [36m</div>[39m
        [36m<span[39m
          [33mclass[39m=[32m"bottom-nav-label"[39m
          [33mstyle[39m=[32m"font-size: 12px; font-weight: 600; color: 
rgb(37, 211, 102); user-select: none;"[39m
        [36m>[39m
          [0mnavigation.home[0m
        [36m</span>[39m
      [36m</a>[39m
      [36m<a[39m
        [33mclass[39m=[32m"bottom-nav-item btn-ripple"[39m
        [33mhref[39m=[32m"/patient/messages"[39m
        [33mstyle[39m=[32m"display: flex; flex-direction: column; 
align-items: center; justify-content: center; gap: 4px; flex: 1 1 0%; 
height: 100%; text-decoration: none; position: relative; transition: all 
0.2s ease;"[39m
      [36m>[39m
        [36m<div[39m
          [33mstyle[39m=[32m"position: relative; color: rgb(134, 150, 
160);"[39m
        [36m>[39m
          [36m<svg[39m
            [33mclass[39m=[32m"lucide lucide-message-square w-6 
h-6"[39m
            [33mfill[39m=[32m"none"[39m
            [33mheight[39m=[32m"24"[39m
            [33mstroke[39m=[32m"currentColor"[39m
            [33mstroke-linecap[39m=[32m"round"[39m
            [33mstroke-linejoin[39m=[32m"round"[39m
            [33mstroke-width[39m=[32m"2"[39m
            [33mviewBox[39m=[32m"0 0 24 24"[39m
            [33mwidth[39m=[32m"24"[39m
            [33mxmlns[39m=[32m"http://www.w3.org/2000/svg"[39m
          [36m>[39m
            [36m<path[39m
              [33md[39m=[32m"M21 15a2 2 0 0 1-2 2H7l-4 4V5a2 2 0 0 1 
2-2h14a2 2 0 0 1 2 2z"[39m
            [36m/>[39m
          [36m</svg>[39m
        [36m</div>[39m
        [36m<span[39m
          [33mclass[39m=[32m"bottom-nav-label"[39m
          [33mstyle[39m=[32m"font-size: 12px; font-weight: 400; color: 
rgb(134, 150, 160); user-select: none;"[39m
        [36m>[39m
          [0mnavigation.messages[0m
        [36m</span>[39m
      [36m</a>[39m
      [36m<a[39m
        [33mclass[39m=[32m"bottom-nav-item btn-ripple"[39m
        [33mhref[39m=[32m"/patient/profile"[39m
        [33mstyle[39m=[32m"display: flex; flex-direction: column; 
align-items: center; justify-content: center; gap: 4px; flex: 1 1 0%; 
height: 100%; text-decoration: none; position: relative; transition: all 
0.2s ease;"[39m
      [36m>[39m
        [36m<div[39m
          [33mstyle[39m=[32m"position: relative; color: rgb(134, 150, 
160);"[39m
        [36m>[39m
          [36m<svg[39m
            [33mclass[39m=[32m"lucide lucide-user w-6 h-6"[39m
            [33mfill[39m=[32m"none"[39m
            [33mheight[39m=[32m"24"[39m
            [33mstroke[39m=[32m"currentColor"[39m
            [33mstroke-linecap[39m=[32m"round"[39m
            [33mstroke-linejoin[39m=[32m"round"[39m
            [33mstroke-width[39m=[32m"2"[39m
            [33mviewBox[39m=[32m"0 0 24 24"[39m
            [33mwidth[39m=[32m"24"[39m
            [33mxmlns[39m=[32m"http://www.w3.org/2000/svg"[39m
          [36m>[39m
            [36m<path[39m
              [33md[39m=[32m"M19 21v-2a4 4 0 0 0-4-4H9a4 4 0 0 0-4 
4v2"[39m
            [36m/>[39m
            [36m<circle[39m
              [33mcx[39m=[32m"12"[39m
              [33mcy[39m=[32m"7"[39m
              [33mr[39m=[32m"4"[39m
            [36m/>[39m
          [36m</svg>[39m
        [36m</div>[39m
        [36m<span[39m
          [33mclass[39m=[32m"bottom-nav-label"[39m
          [33mstyle[39m=[32m"font-size: 12px; font-weight: 400; color: 
rgb(134, 150, 160); user-select: none;"[39m
        [36m>[39m
          [0mnavigation.profile[0m
        [36m</span>[39m
      [36m</a>[39m
    [36m</nav>[39m
  [36m</div>[39m
[36m</body>[39m
[90m [2mΓ¥»[22m Object.getElementError 
node_modules/@testing-library/dom/dist/config.js:[2m37:19[22m[39m
[90m [2mΓ¥»[22m node_modules/@testing-library/dom/dist/query-helpers.js
:[2m76:38[22m[39m
[90m [2mΓ¥»[22m node_modules/@testing-library/dom/dist/query-helpers.js
:[2m52:17[22m[39m
[90m [2mΓ¥»[22m node_modules/@testing-library/dom/dist/query-helpers.js
:[2m95:19[22m[39m
[36m [2mΓ¥»[22m __tests__/unit/BottomNav.test.tsx:[2m167:33[22m[39m
    [90m165| [39m    [34mrender[39m([33m<[39m[33mBottomNav[39m 
[33mitems[39m[33m=[39m[33m{[39mdefaultItems[33m}[39m 
[33monNavigate[39m[33m=[39m[33m{[39monNavigate[33m}[39m 
[33m/[39m[33m>[39m)[33m;[39m
    [90m166| [39m
    [90m167| [39m    [35mconst[39m messagesLink [33m=[39m screen[33
m.[39m[34mgetByText[39m([32m'Messages'[39m)[33m.[39m[34mclosest[3
9m([32m'a'[39m)[33m;[39m
    [90m   | [39m                                [31m^[39m
    [90m168| [39m    
messagesLink[33m?.[39m[34mclick[39m()[33m;[39m
    [90m169| [39m

[31m[2mΓÄ»ΓÄ»ΓÄ»ΓÄ»ΓÄ»ΓÄ»ΓÄ»ΓÄ»ΓÄ»ΓÄ»ΓÄ»ΓÄ»ΓÄ»ΓÄ»ΓÄ»ΓÄ»ΓÄ»ΓÄ»ΓÄ»ΓÄ»ΓÄ»ΓÄ
»[22/42]ΓÄ»[22m[39m

[31m[1m[7m FAIL [27m[22m[39m 
__tests__/unit/ErrorComponents.test.tsx[2m > [22mLoadingErrorState[2m 
> [22mshould show loading state
[31m[1mTestingLibraryElementError[22m: Unable to find an element with 
the role "status"

There are no available roles.

Ignored nodes: comments, script, style
[36m<body>[31m
  [36m<div>[31m
    [36m<div[31m
      [33mclass[31m=[32m""[31m
    [36m>[31m
      [36m<div[31m
        [33mclass[31m=[32m"flex items-center justify-center p-8"[31m
      [36m>[31m
        [36m<div[31m
          [33mclass[31m=[32m"animate-spin rounded-full h-8 w-8 
border-b-2 border-whatsapp-green"[31m
        [36m/>[31m
      [36m</div>[31m
    [36m</div>[31m
  [36m</div>[31m
[36m</body>[31m[39m
[90m [2mΓ¥»[22m Object.getElementError 
node_modules/@testing-library/dom/dist/config.js:[2m37:19[22m[39m
[90m [2mΓ¥»[22m node_modules/@testing-library/dom/dist/query-helpers.js
:[2m76:38[22m[39m
[90m [2mΓ¥»[22m node_modules/@testing-library/dom/dist/query-helpers.js
:[2m52:17[22m[39m
[90m [2mΓ¥»[22m node_modules/@testing-library/dom/dist/query-helpers.js
:[2m95:19[22m[39m
[36m [2mΓ¥»[22m 
__tests__/unit/ErrorComponents.test.tsx:[2m341:19[22m[39m
    [90m339| [39m    )[33m;[39m
    [90m340| [39m
    [90m341| [39m    [34mexpect[39m(screen[33m.[39m[34mgetByRole[3
9m([32m'status'[39m[33m,[39m { hidden[33m:[39m [35mtrue[39m 
}))[33m.[39m[34mtoBeInTheDocu[39mΓÇª
    [90m   | [39m                  [31m^[39m
    [90m342| [39m    [34mexpect[39m(screen[33m.[39m[34mqueryByText
[39m([32m'Content'[39m))[33m.[39mnot[33m.[39m[34mtoBeInTheDocument
[39m()[33m;[39m
    [90m343| [39m  })[33m;[39m

[31m[2mΓÄ»ΓÄ»ΓÄ»ΓÄ»ΓÄ»ΓÄ»ΓÄ»ΓÄ»ΓÄ»ΓÄ»ΓÄ»ΓÄ»ΓÄ»ΓÄ»ΓÄ»ΓÄ»ΓÄ»ΓÄ»ΓÄ»ΓÄ»ΓÄ»ΓÄ
»[23/42]ΓÄ»[22m[39m

[31m[1m[7m FAIL [27m[22m[39m 
__tests__/unit/useFormValidation.test.tsx[2m > 
[22museFormValidation[2m > [22mInitialization[2m > [22mshould 
initialize with empty values
[31m[1mAssertionError[22m: expected true to be false // Object.is 
equality[39m

[32m- Expected[39m
[31m+ Received[39m

[32m- false[39m
[31m+ true[39m

[36m [2mΓ¥»[22m 
__tests__/unit/useFormValidation.test.tsx:[2m32:38[22m[39m
    [90m 30| [39m      [34mexpect[39m(result[33m.[39mcurrent[33m.[
39mfields[33m.[39mname[33m.[39mvalue)[33m.[39m[34mtoBe[39m([32m''
[39m)[33m;[39m
    [90m 31| [39m      [34mexpect[39m(result[33m.[39mcurrent[33m.[
39mfields[33m.[39memail[33m.[39mvalue)[33m.[39m[34mtoBe[39m([32m'
'[39m)[33m;[39m
    [90m 32| [39m      [34mexpect[39m(result[33m.[39mcurrent[33m.[
39misValid)[33m.[39m[34mtoBe[39m([35mfalse[39m)[33m;[39m
    [90m   | [39m                                     [31m^[39m
    [90m 33| [39m    })[33m;[39m
    [90m 34| [39m

[31m[2mΓÄ»ΓÄ»ΓÄ»ΓÄ»ΓÄ»ΓÄ»ΓÄ»ΓÄ»ΓÄ»ΓÄ»ΓÄ»ΓÄ»ΓÄ»ΓÄ»ΓÄ»ΓÄ»ΓÄ»ΓÄ»ΓÄ»ΓÄ»ΓÄ»ΓÄ
»[24/42]ΓÄ»[22m[39m

[31m[1m[7m FAIL [27m[22m[39m 
__tests__/unit/useFormValidation.test.tsx[2m > 
[22museFormValidation[2m > [22mField Blur and Validation[2m > 
[22mshould validate and format on blur
[31m[1mAssertionError[22m: expected '' to be '0712 345 678' // 
Object.is equality[39m

[32m- Expected[39m
[31m+ Received[39m

[32m- 0712 345 678[39m
[31mΓÄ»ΓÄ»ΓÄ»ΓÄ»ΓÄ»ΓÄ»[1m[7m Unhandled Errors [27m[22mΓÄ»ΓÄ»ΓÄ»ΓÄ»ΓÄ»ΓÄ»[39m
[31m[1m
Vitest caught 3 unhandled errors during the test run.
This might cause false positive tests. Resolve unhandled errors to make sure your tests are not affected.[22m[39m

[36m [2mΓ¥»[22m 
__tests__/unit/useFormValidation.test.tsx:[2m109:49[22m[39m
    [90m107| [39m      })[33m;[39m
    [90m108| [39m
    [90m109| [39m      [34mexpect[39m(result[33m.[39mcurrent[33m.[
39mfields[33m.[39mphone[33m.[39mvalue)[33m.[39m[34mtoBe[39m([32m'
0712 345 678'[39m)[33m;[39m
    [90m   | [39m                                                
[31m^[39m
    [90m110| [39m      [34mexpect[39m(result[33m.[39mcurrent[33m.[
39mfields[33m.[39mphone[33m.[39mtouched)[33m.[39m[34mtoBe[39m([35
mtrue[39m)[33m;[39m
    [90m111| [39m      [34mexpect[39m(result[33m.[39mcurrent[33m.[
39mfields[33m.[39mphone[33m.[39merror)[33m.[39m[34mtoBeUndefined[3
9m()[33m;[39m

[31m[2mΓÄ»ΓÄ»ΓÄ»ΓÄ»ΓÄ»ΓÄ»ΓÄ»ΓÄ»ΓÄ»ΓÄ»ΓÄ»ΓÄ»ΓÄ»ΓÄ»ΓÄ»ΓÄ»ΓÄ»ΓÄ»ΓÄ»ΓÄ»ΓÄ»ΓÄ
»[25/42]ΓÄ»[22m[39m

[31m[1m[7m FAIL [27m[22m[39m 
__tests__/unit/useFormValidation.test.tsx[2m > 
[22museFormValidation[2m > [22mField Blur and Validation[2m > 
[22mshould show error on blur with invalid value
[31m[1mAssertionError[22m: expected 'Please fill in all required 
fields Γ£Å∩╕Å' to contain 'email'[39m

Expected: [32m"email"[39m
Received: [31m"Please fill in all required fields Γ£Å∩╕Å"[39m

[36m [2mΓ¥»[22m 
__tests__/unit/useFormValidation.test.tsx:[2m127:58[22m[39m
    [90m125| [39m
    [90m126| [39m      [34mexpect[39m(result[33m.[39mcurrent[33m.[
39mfields[33m.[39memail[33m.[39merror)[33m.[39m[34mtoBeDefined[39m
()[33m;[39m
    [90m127| [39m      [34mexpect[39m(result[33m.[39mcurrent[33m.[
39mfields[33m.[39memail[33m.[39merror[33m?.[39mmessage)[33m.[39m[
34mtoContain[39m([32m'em[39mΓÇª
    [90m   | [39m                                                       
  [31m^[39m
    [90m128| [39m    })[33m;[39m
    [90m129| [39m

[31m[2mΓÄ»ΓÄ»ΓÄ»ΓÄ»ΓÄ»ΓÄ»ΓÄ»ΓÄ»ΓÄ»ΓÄ»ΓÄ»ΓÄ»ΓÄ»ΓÄ»ΓÄ»ΓÄ»ΓÄ»ΓÄ»ΓÄ»ΓÄ»ΓÄ»ΓÄ
»[26/42]ΓÄ»[22m[39m

[31m[1m[7m FAIL [27m[22m[39m 
__tests__/unit/useFormValidation.test.tsx[2m > 
[22museFormValidation[2m > [22mField Blur and Validation[2m > 
[22mshould format name on blur
[31m[1mAssertionError[22m: expected '' to be 'John Doe' // Object.is 
equality[39m

[32m- Expected[39m
[31m+ Received[39m

[32m- John Doe[39m

[36m [2mΓ¥»[22m 
__tests__/unit/useFormValidation.test.tsx:[2m143:48[22m[39m
    [90m141| [39m      })[33m;[39m
    [90m142| [39m
    [90m143| [39m      [34mexpect[39m(result[33m.[39mcurrent[33m.[
39mfields[33m.[39mname[33m.[39mvalue)[33m.[39m[34mtoBe[39m([32m'J
ohn Doe'[39m)[33m;[39m
    [90m   | [39m                                               
[31m^[39m
    [90m144| [39m    })[33m;[39m
    [90m145| [39m  })[33m;[39m

[31m[2mΓÄ»ΓÄ»ΓÄ»ΓÄ»ΓÄ»ΓÄ»ΓÄ»ΓÄ»ΓÄ»ΓÄ»ΓÄ»ΓÄ»ΓÄ»ΓÄ»ΓÄ»ΓÄ»ΓÄ»ΓÄ»ΓÄ»ΓÄ»ΓÄ»ΓÄ
»[27/42]ΓÄ»[22m[39m

[31m[1m[7m FAIL [27m[22m[39m 
__tests__/unit/useFormValidation.test.tsx[2m > 
[22museFormValidation[2m > [22mForm Validation[2m > [22mshould 
validate all fields
[31m[1mAssertionError[22m: expected true to be false // Object.is 
equality[39m

[32m- Expected[39m
[31m+ Received[39m

[32m- false[39m
[31m+ true[39m

[36m [2mΓ¥»[22m 
__tests__/unit/useFormValidation.test.tsx:[2m159:38[22m[39m
    [90m157| [39m
    [90m158| [39m      [90m// Initially invalid (all empty)[39m
    [90m159| [39m      [34mexpect[39m(result[33m.[39mcurrent[33m.[
39misValid)[33m.[39m[34mtoBe[39m([35mfalse[39m)[33m;[39m
    [90m   | [39m                                     [31m^[39m
    [90m160| [39m
    [90m161| [39m      [90m// Fill in valid values[39m

[31m[2mΓÄ»ΓÄ»ΓÄ»ΓÄ»ΓÄ»ΓÄ»ΓÄ»ΓÄ»ΓÄ»ΓÄ»ΓÄ»ΓÄ»ΓÄ»ΓÄ»ΓÄ»ΓÄ»ΓÄ»ΓÄ»ΓÄ»ΓÄ»ΓÄ»ΓÄ
»[28/42]ΓÄ»[22m[39m

[31m[1m[7m FAIL [27m[22m[39m 
__tests__/unit/useFormValidation.test.tsx[2m > 
[22museFormValidation[2m > [22mCustom Validators[2m > [22mshould use 
custom validator when provided
[31m[1mAssertionError[22m: expected "spy" to be called with arguments: 
[ 'test' ][90m

Received: 

[1m  1st spy call:
[31mΓÄ»ΓÄ»ΓÄ»ΓÄ»ΓÄ»ΓÄ»ΓÄ»ΓÄ»ΓÄ»ΓÄ»ΓÄ»ΓÄ»ΓÄ»ΓÄ»ΓÄ»ΓÄ»ΓÄ»ΓÄ»ΓÄ»ΓÄ»ΓÄ»ΓÄ»ΓÄ»ΓÄ»ΓÄ»ΓÄ»ΓÄ»ΓÄ»ΓÄ»ΓÄ»[39m

[22m[2m  Array [[22m
[32m-   "test",[90m
[31m+   "",[90m
[2m  ][22m
[31m[90m

Number of calls: [1m1[22m
[31m[39m
[36m [2mΓ¥»[22m 
__tests__/unit/useFormValidation.test.tsx:[2m356:31[22m[39m
    [90m354| [39m      })[33m;[39m
    [90m355| [39m
    [90m356| [39m      [34mexpect[39m(customValidator)[33m.[39m[34m
toHaveBeenCalledWith[39m([32m'test'[39m)[33m;[39m
    [90m   | [39m                              [31m^[39m
    [90m357| [39m      [34mexpect[39m(result[33m.[39mcurrent[33m.[
39mfields[33m.[39mcustom[33m.[39merror[33m?.[39mmessage)[33m.[39m
[34mtoBe[39m([32m'Custom[39mΓÇª
    [90m358| [39m    })[33m;[39m

[31m[2mΓÄ»ΓÄ»ΓÄ»ΓÄ»ΓÄ»ΓÄ»ΓÄ»ΓÄ»ΓÄ»ΓÄ»ΓÄ»ΓÄ»ΓÄ»ΓÄ»ΓÄ»ΓÄ»ΓÄ»ΓÄ»ΓÄ»ΓÄ»ΓÄ»ΓÄ
»[29/42]ΓÄ»[22m[39m

[31m[1m[7m FAIL [27m[22m[39m 
__tests__/unit/useFormValidation.test.tsx[2m > 
[22museFormValidation[2m > [22mReset[2m > [22mshould reset form to 
initial values
[31m[1mAssertionError[22m: expected 'Initial' to be 'Changed' // 
Object.is equality[39m

Expected: [32m"Changed"[39m
Received: [31m"Initial"[39m

[36m [2mΓ¥»[22m 
__tests__/unit/useFormValidation.test.tsx:[2m377:48[22m[39m
    [90m375| [39m      })[33m;[39m
    [90m376| [39m
    [90m377| [39m      [34mexpect[39m(result[33m.[39mcurrent[33m.[
39mfields[33m.[39mname[33m.[39mvalue)[33m.[39m[34mtoBe[39m([32m'C
hanged'[39m)[33m;[39m
    [90m   | [39m                                               
[31m^[39m
    [90m378| [39m      [34mexpect[39m(result[33m.[39mcurrent[33m.[
39mfields[33m.[39mname[33m.[39mtouched)[33m.[39m[34mtoBe[39m([35m
true[39m)[33m;[39m
    [90m379| [39m

[31m[2mΓÄ»ΓÄ»ΓÄ»ΓÄ»ΓÄ»ΓÄ»ΓÄ»ΓÄ»ΓÄ»ΓÄ»ΓÄ»ΓÄ»ΓÄ»ΓÄ»ΓÄ»ΓÄ»ΓÄ»ΓÄ»ΓÄ»ΓÄ»ΓÄ»ΓÄ
»[30/42]ΓÄ»[22m[39m


[2m Test Files [22m [1m[31m12 failed[39m[22m[2m | [22m[1m[32m157 passed[39m[22m[90m (169)[39m
[31mΓÄ»ΓÄ»ΓÄ»ΓÄ»[1m[7m Unhandled Rejection 
[27m[22mΓÄ»ΓÄ»ΓÄ»ΓÄ»ΓÄ»[39m
[31m[1mError[22m: persistent failure[39m
[36m [2mΓ¥»[22m 
__tests__/unit/error-handler.test.ts:[2m104:21[22m[39m
    [90m102| [39m    [34mit[39m([32m'should throw error after 
exhausting retries'[39m[33m,[39m [35masync[39m () [33m=>[39m {
    [90m103| [39m      [90m// Requirements: 10.4 - Retry 
exhaustion[39m
[2m      Tests [22m [1m[31m41 failed[39m[22m[2m | [22m[1m[32m1656 passed[39m[22m[90m (1697)[39m
[2m     Errors [22m [1m[31m3 errors[39m[22m
[2m   Start at [22m 17:41:54
    [90m104| [39m      [35mconst[39m error [33m=[39m [35mnew[39m 
[33mError[39m([32m'persistent failure'[39m)[33m;[39m
[2m   Duration [22m 1086.39s[2m (transform 135.43s, setup 234.67s, collect 508.50s, tests 859.34s, environment 968.57s, prepare 150.31s)[22m

    [90m   | [39m                    [31m^[39m
    [90m105| [39m      [35mconst[39m operation [33m=[39m vi[33m.[3
9m[34mfn[39m()[33m.[39m[34mmockRejectedValue[39m(error)[33m;[39m
    [90m106| [39m      
[90m [2mΓ¥»[22m 
node_modules/@vitest/runner/dist/index.js:[2m146:14[22m[39m
[90m [2mΓ¥»[22m 
node_modules/@vitest/runner/dist/index.js:[2m533:11[22m[39m
[90m [2mΓ¥»[22m runWithTimeout 
node_modules/@vitest/runner/dist/index.js:[2m39:7[22m[39m
[90m [2mΓ¥»[22m runTest 
node_modules/@vitest/runner/dist/index.js:[2m1056:17[22m[39m
[90m [2mΓ¥»[22m runSuite 
node_modules/@vitest/runner/dist/index.js:[2m1205:15[22m[39m
[90m [2mΓ¥»[22m runSuite 
node_modules/@vitest/runner/dist/index.js:[2m1205:15[22m[39m
[90m [2mΓ¥»[22m runSuite 
node_modules/@vitest/runner/dist/index.js:[2m1205:15[22m[39m
[90m [2mΓ¥»[22m runFiles 
node_modules/@vitest/runner/dist/index.js:[2m1262:5[22m[39m
[90m [2mΓ¥»[22m startTests 
node_modules/@vitest/runner/dist/index.js:[2m1271:3[22m[39m

[31mThis error originated in 
"[1m__tests__/unit/error-handler.test.ts[22m" test file. It doesn't 
mean the error was thrown inside the file itself, but while it was 
running.[39m
[31mThe latest test that might've caused the error is "[1mshould throw 
error after exhausting retries[22m". It might mean one of the following:
- The error was thrown, while Vitest was running this test.
- If the error occurred after the test had been completed, this was the 
last documented test before it was thrown.[39m

[31mΓÄ»ΓÄ»ΓÄ»ΓÄ»[1m[7m Unhandled Rejection 
[27m[22mΓÄ»ΓÄ»ΓÄ»ΓÄ»ΓÄ»[39m
[31m[1mError[22m: non-retryable[39m
[36m [2mΓ¥»[22m 
__tests__/unit/error-handler.test.ts:[2m135:51[22m[39m
    [90m133| [39m    [34mit[39m([32m'should respect shouldRetry 
predicate'[39m[33m,[39m [35masync[39m () [33m=>[39m {
    [90m134| [39m      [90m// Requirements: 10.4 - Conditional 
retry[39m
    [90m135| [39m      [35mconst[39m operation [33m=[39m vi[33m.[3
9m[34mfn[39m()[33m.[39m[34mmockRejectedValue[39m([35mnew[39m 
[33mError[39m([32m'non-retry[39mΓÇª
    [90m   | [39m                                                  
[31m^[39m
    [90m136| [39m      [35mconst[39m shouldRetry [33m=[39m vi[33m.
[39m[34mfn[39m()[33m.[39m[34mmockReturnValue[39m([35mfalse[39m)[3
3m;[39m
    [90m137| [39m      
[90m [2mΓ¥»[22m 
node_modules/@vitest/runner/dist/index.js:[2m146:14[22m[39m
[90m [2mΓ¥»[22m 
node_modules/@vitest/runner/dist/index.js:[2m533:11[22m[39m
[90m [2mΓ¥»[22m runWithTimeout 
node_modules/@vitest/runner/dist/index.js:[2m39:7[22m[39m
[90m [2mΓ¥»[22m runTest 
node_modules/@vitest/runner/dist/index.js:[2m1056:17[22m[39m
[90m [2mΓ¥»[22m runSuite 
node_modules/@vitest/runner/dist/index.js:[2m1205:15[22m[39m
[90m [2mΓ¥»[22m runSuite 
node_modules/@vitest/runner/dist/index.js:[2m1205:15[22m[39m
[90m [2mΓ¥»[22m runSuite 
node_modules/@vitest/runner/dist/index.js:[2m1205:15[22m[39m
[90m [2mΓ¥»[22m runFiles 
node_modules/@vitest/runner/dist/index.js:[2m1262:5[22m[39m
[90m [2mΓ¥»[22m startTests 
node_modules/@vitest/runner/dist/index.js:[2m1271:3[22m[39m

[31mThis error originated in 
"[1m__tests__/unit/error-handler.test.ts[22m" test file. It doesn't 
mean the error was thrown inside the file itself, but while it was 
running.[39m
[31mThe latest test that might've caused the error is "[1mshould 
respect shouldRetry predicate[22m". It might mean one of the following:
- The error was thrown, while Vitest was running this test.
- If the error occurred after the test had been completed, this was the 
last documented test before it was thrown.[39m

[31mΓÄ»ΓÄ»ΓÄ»ΓÄ»ΓÄ»ΓÄ»[1m[7m Unhandled Error 
[27m[22mΓÄ»ΓÄ»ΓÄ»ΓÄ»ΓÄ»ΓÄ»ΓÄ»[39m
[31m[1mError[22m: [vitest-worker]: Timeout calling "onTaskUpdate"[39m
[90m [2mΓ¥»[22m Object.onTimeoutError 
node_modules/vitest/dist/chunks/rpc.C3q9uwRX.js:[2m69:17[22m[39m
[90m [2mΓ¥»[22m Timeout._onTimeout 
node_modules/vitest/dist/chunks/index.68735LiX.js:[2m55:41[22m[39m
[90m [2mΓ¥»[22m listOnTimeout node:internal/timers:[2m605:17[22m[39m
[90m [2mΓ¥»[22m processTimers node:internal/timers:[2m541:7[22m[39m


